INFO: Seed: 3568525333
INFO: Loaded 1 modules   (26839 inline 8-bit counters): 26839 [0xfd1228, 0xfd7aff),
INFO: Loaded 1 PC tables (26839 PCs): 26839 [0xfd7b00,0x1040870),
/out/av1_dec_fuzzer: Running 1 inputs 1 time(s) each.
Running: /tmp/poc
=================================================================
==13==ERROR: AddressSanitizer: heap-use-after-free on address 0x77ed572f3a60 at pc 0x0000005f596a bp 0x7ffcf7fd3930 sp 0x7ffcf7fd3928
WRITE of size 2 at 0x77ed572f3a60 thread T0
SCARINESS: 43 (2-byte-write-heap-use-after-free)
    #0 0x5f5969 in set_planes_to_neutral_grey /src/aom/av1/decoder/decodeframe.c:99:57
    #1 0x5f5969 in reset_frame_buffers /src/aom/av1/decoder/decodeframe.c:4398
    #2 0x5f5969 in read_uncompressed_header /src/aom/av1/decoder/decodeframe.c:4489
    #3 0x5de30f in av1_decode_frame_headers_and_setup /src/aom/av1/decoder/decodeframe.c:5085:3
    #4 0x668329 in read_frame_header_obu /src/aom/av1/decoder/obu.c:291:10
    #5 0x668329 in aom_decode_frame_from_obus /src/aom/av1/decoder/obu.c:728
    #6 0x656354 in av1_receive_compressed_data /src/aom/av1/decoder/decoder.c:501:7
    #7 0x5d9da3 in frame_worker_hook /src/aom/av1/av1_dx_iface.c:346:16
    #8 0x83e381 in execute /src/aom/aom_util/aom_thread.c:135:27
    #9 0x5cd806 in decode_one /src/aom/av1/av1_dx_iface.c:503:3
    #10 0x5cd806 in decoder_decode /src/aom/av1/av1_dx_iface.c:587
    #11 0x5c5b83 in aom_codec_decode /src/aom/aom/src/aom_decoder.c:111:11
    #12 0x5c43e6 in LLVMFuzzerTestOneInput /src/av1_dec_fuzzer.cc:56:9
    #13 0x561258 in fuzzer::Fuzzer::ExecuteCallback(unsigned char const*, unsigned long) /src/libfuzzer/FuzzerLoop.cpp:570:15
    #14 0x53772a in fuzzer::RunOneTest(fuzzer::Fuzzer*, char const*, unsigned long) /src/libfuzzer/FuzzerDriver.cpp:280:6
    #15 0x542fa3 in fuzzer::FuzzerDriver(int*, char***, int (*)(unsigned char const*, unsigned long)) /src/libfuzzer/FuzzerDriver.cpp:713:9
    #16 0x536dac in main /src/libfuzzer/FuzzerMain.cpp:20:10
    #17 0x77ed5aa4483f in __libc_start_main (/lib/x86_64-linux-gnu/libc.so.6+0x2083f)
    #18 0x423b08 in _start (/out/av1_dec_fuzzer+0x423b08)

DEDUP_TOKEN: set_planes_to_neutral_grey--reset_frame_buffers--read_uncompressed_header
0x77ed572f3a60 is located 516704 bytes inside of 1612854-byte region [0x77ed57275800,0x77ed573ff436)
freed by thread T0 here:
    #0 0x4f2470 in __interceptor_free /src/llvm/projects/compiler-rt/lib/asan/asan_malloc_linux.cc:124
    #1 0x91596d in av1_get_frame_buffer /src/aom/av1/common/frame_buffers.c:56:5
    #2 0x83ed99 in aom_realloc_frame_buffer /src/aom/aom_scale/generic/yv12config.c:98:11
    #3 0x5fe4a8 in setup_buffer_pool /src/aom/av1/decoder/decodeframe.c:2093:7
    #4 0x5fd646 in setup_frame_size /src/aom/av1/decoder/decodeframe.c:2148:3
    #5 0x5e55a5 in read_uncompressed_header /src/aom/av1/decoder/decodeframe.c:4704:5
    #6 0x5de30f in av1_decode_frame_headers_and_setup /src/aom/av1/decoder/decodeframe.c:5085:3
    #7 0x668329 in read_frame_header_obu /src/aom/av1/decoder/obu.c:291:10
    #8 0x668329 in aom_decode_frame_from_obus /src/aom/av1/decoder/obu.c:728
    #9 0x656354 in av1_receive_compressed_data /src/aom/av1/decoder/decoder.c:501:7
    #10 0x5d9da3 in frame_worker_hook /src/aom/av1/av1_dx_iface.c:346:16
    #11 0x83e381 in execute /src/aom/aom_util/aom_thread.c:135:27
    #12 0x5cd806 in decode_one /src/aom/av1/av1_dx_iface.c:503:3
    #13 0x5cd806 in decoder_decode /src/aom/av1/av1_dx_iface.c:587
    #14 0x5c5b83 in aom_codec_decode /src/aom/aom/src/aom_decoder.c:111:11
    #15 0x5c43e6 in LLVMFuzzerTestOneInput /src/av1_dec_fuzzer.cc:56:9
    #16 0x561258 in fuzzer::Fuzzer::ExecuteCallback(unsigned char const*, unsigned long) /src/libfuzzer/FuzzerLoop.cpp:570:15
    #17 0x53772a in fuzzer::RunOneTest(fuzzer::Fuzzer*, char const*, unsigned long) /src/libfuzzer/FuzzerDriver.cpp:280:6
    #18 0x542fa3 in fuzzer::FuzzerDriver(int*, char***, int (*)(unsigned char const*, unsigned long)) /src/libfuzzer/FuzzerDriver.cpp:713:9
    #19 0x536dac in main /src/libfuzzer/FuzzerMain.cpp:20:10
    #20 0x77ed5aa4483f in __libc_start_main (/lib/x86_64-linux-gnu/libc.so.6+0x2083f)

DEDUP_TOKEN: __interceptor_free--av1_get_frame_buffer--aom_realloc_frame_buffer
previously allocated by thread T0 here:
    #0 0x4f283f in malloc /src/llvm/projects/compiler-rt/lib/asan/asan_malloc_linux.cc:146
    #1 0x5cb7c0 in aom_memalign /src/aom/aom_mem/aom_mem.c:55:22
    #2 0x5cb7c0 in aom_malloc /src/aom/aom_mem/aom_mem.c:63
    #3 0x5cb7c0 in aom_calloc /src/aom/aom_mem/aom_mem.c:67
    #4 0x91597a in av1_get_frame_buffer /src/aom/av1/common/frame_buffers.c:60:46
    #5 0x83ed99 in aom_realloc_frame_buffer /src/aom/aom_scale/generic/yv12config.c:98:11
    #6 0x5fe4a8 in setup_buffer_pool /src/aom/av1/decoder/decodeframe.c:2093:7
    #7 0x5fd646 in setup_frame_size /src/aom/av1/decoder/decodeframe.c:2148:3
    #8 0x5e55a5 in read_uncompressed_header /src/aom/av1/decoder/decodeframe.c:4704:5
    #9 0x5de30f in av1_decode_frame_headers_and_setup /src/aom/av1/decoder/decodeframe.c:5085:3
    #10 0x668329 in read_frame_header_obu /src/aom/av1/decoder/obu.c:291:10
    #11 0x668329 in aom_decode_frame_from_obus /src/aom/av1/decoder/obu.c:728
    #12 0x656354 in av1_receive_compressed_data /src/aom/av1/decoder/decoder.c:501:7
    #13 0x5d9da3 in frame_worker_hook /src/aom/av1/av1_dx_iface.c:346:16
    #14 0x83e381 in execute /src/aom/aom_util/aom_thread.c:135:27
    #15 0x5cd806 in decode_one /src/aom/av1/av1_dx_iface.c:503:3
    #16 0x5cd806 in decoder_decode /src/aom/av1/av1_dx_iface.c:587
    #17 0x5c5b83 in aom_codec_decode /src/aom/aom/src/aom_decoder.c:111:11
    #18 0x5c43e6 in LLVMFuzzerTestOneInput /src/av1_dec_fuzzer.cc:56:9
    #19 0x561258 in fuzzer::Fuzzer::ExecuteCallback(unsigned char const*, unsigned long) /src/libfuzzer/FuzzerLoop.cpp:570:15
    #20 0x53772a in fuzzer::RunOneTest(fuzzer::Fuzzer*, char const*, unsigned long) /src/libfuzzer/FuzzerDriver.cpp:280:6
    #21 0x542fa3 in fuzzer::FuzzerDriver(int*, char***, int (*)(unsigned char const*, unsigned long)) /src/libfuzzer/FuzzerDriver.cpp:713:9
    #22 0x536dac in main /src/libfuzzer/FuzzerMain.cpp:20:10
    #23 0x77ed5aa4483f in __libc_start_main (/lib/x86_64-linux-gnu/libc.so.6+0x2083f)

DEDUP_TOKEN: malloc--aom_memalign--aom_malloc
SUMMARY: AddressSanitizer: heap-use-after-free /src/aom/av1/decoder/decodeframe.c:99:57 in set_planes_to_neutral_grey
Shadow bytes around the buggy address:
  0x0efe2ae566f0: fd fd fd fd fd fd fd fd fd fd fd fd fd fd fd fd
  0x0efe2ae56700: fd fd fd fd fd fd fd fd fd fd fd fd fd fd fd fd
  0x0efe2ae56710: fd fd fd fd fd fd fd fd fd fd fd fd fd fd fd fd
  0x0efe2ae56720: fd fd fd fd fd fd fd fd fd fd fd fd fd fd fd fd
  0x0efe2ae56730: fd fd fd fd fd fd fd fd fd fd fd fd fd fd fd fd
=>0x0efe2ae56740: fd fd fd fd fd fd fd fd fd fd fd fd[fd]fd fd fd
  0x0efe2ae56750: fd fd fd fd fd fd fd fd fd fd fd fd fd fd fd fd
  0x0efe2ae56760: fd fd fd fd fd fd fd fd fd fd fd fd fd fd fd fd
  0x0efe2ae56770: fd fd fd fd fd fd fd fd fd fd fd fd fd fd fd fd
  0x0efe2ae56780: fd fd fd fd fd fd fd fd fd fd fd fd fd fd fd fd
  0x0efe2ae56790: fd fd fd fd fd fd fd fd fd fd fd fd fd fd fd fd
Shadow byte legend (one shadow byte represents 8 application bytes):
  Addressable:           00
  Partially addressable: 01 02 03 04 05 06 07
  Heap left redzone:       fa
  Freed heap region:       fd
  Stack left redzone:      f1
  Stack mid redzone:       f2
  Stack right redzone:     f3
  Stack after return:      f5
  Stack use after scope:   f8
  Global redzone:          f9
  Global init order:       f6
  Poisoned by user:        f7
  Container overflow:      fc
  Array cookie:            ac
  Intra object redzone:    bb
  ASan internal:           fe
  Left alloca redzone:     ca
  Right alloca redzone:    cb
  Shadow gap:              cc
==13==ABORTING