INFO: Seed: 4251367612
INFO: Loaded 1 modules   (44898 inline 8-bit counters): 44898 [0xd396a8, 0xd4460a), 
INFO: Loaded 1 PC tables (44898 PCs): 44898 [0x9bf460,0xa6ea80), 
/out/libxml2_xml_read_memory_fuzzer: Running 1 inputs 1 time(s) each.
Running: /tmp/poc
=================================================================
==7==ERROR: AddressSanitizer: heap-use-after-free on address 0x625000002a7d at pc 0x0000007b7ea5 bp 0x7ffc1d0d95b0 sp 0x7ffc1d0d95a8
READ of size 1 at 0x625000002a7d thread T0
SCARINESS: 40 (1-byte-read-heap-use-after-free)
    #0 0x7b7ea4 in xmlSAX2AttributeNs /src/libxml2/SAX2.c:2042:6
    #1 0x7b644e in xmlSAX2StartElementNs /src/libxml2/SAX2.c
    #2 0x603a30 in xmlParseStartTag2 /src/libxml2/parser.c:9583:6
    #3 0x5ff6a9 in xmlParseElement /src/libxml2/parser.c:9928:16
    #4 0x5fec97 in xmlParseContent /src/libxml2/parser.c:9846:6
    #5 0x5ffc7f in xmlParseElement /src/libxml2/parser.c:10014:5
    #6 0x5fec97 in xmlParseContent /src/libxml2/parser.c:9846:6
    #7 0x5ffc7f in xmlParseElement /src/libxml2/parser.c:10014:5
    #8 0x5fec97 in xmlParseContent /src/libxml2/parser.c:9846:6
    #9 0x5ffc7f in xmlParseElement /src/libxml2/parser.c:10014:5
    #10 0x5fec97 in xmlParseContent /src/libxml2/parser.c:9846:6
    #11 0x5ffc7f in xmlParseElement /src/libxml2/parser.c:10014:5
    #12 0x5fec97 in xmlParseContent /src/libxml2/parser.c:9846:6
    #13 0x5ffc7f in xmlParseElement /src/libxml2/parser.c:10014:5
    #14 0x5fec97 in xmlParseContent /src/libxml2/parser.c:9846:6
    #15 0x5ffc7f in xmlParseElement /src/libxml2/parser.c:10014:5
    #16 0x5fec97 in xmlParseContent /src/libxml2/parser.c:9846:6
    #17 0x5ffc7f in xmlParseElement /src/libxml2/parser.c:10014:5
    #18 0x5fec97 in xmlParseContent /src/libxml2/parser.c:9846:6
    #19 0x5ffc7f in xmlParseElement /src/libxml2/parser.c:10014:5
    #20 0x5fec97 in xmlParseContent /src/libxml2/parser.c:9846:6
    #21 0x5ffc7f in xmlParseElement /src/libxml2/parser.c:10014:5
    #22 0x5fec97 in xmlParseContent /src/libxml2/parser.c:9846:6
    #23 0x5ffc7f in xmlParseElement /src/libxml2/parser.c:10014:5
    #24 0x5fec97 in xmlParseContent /src/libxml2/parser.c:9846:6
    #25 0x5ffc7f in xmlParseElement /src/libxml2/parser.c:10014:5
    #26 0x5fec97 in xmlParseContent /src/libxml2/parser.c:9846:6
    #27 0x5ffc7f in xmlParseElement /src/libxml2/parser.c:10014:5
    #28 0x5fec97 in xmlParseContent /src/libxml2/parser.c:9846:6
    #29 0x5ffc7f in xmlParseElement /src/libxml2/parser.c:10014:5
    #30 0x5fec97 in xmlParseContent /src/libxml2/parser.c:9846:6
    #31 0x5ffc7f in xmlParseElement /src/libxml2/parser.c:10014:5
    #32 0x5fec97 in xmlParseContent /src/libxml2/parser.c:9846:6
    #33 0x5ffc7f in xmlParseElement /src/libxml2/parser.c:10014:5
    #34 0x5fec97 in xmlParseContent /src/libxml2/parser.c:9846:6
    #35 0x5ffc7f in xmlParseElement /src/libxml2/parser.c:10014:5
    #36 0x5fec97 in xmlParseContent /src/libxml2/parser.c:9846:6
    #37 0x5ffc7f in xmlParseElement /src/libxml2/parser.c:10014:5
    #38 0x5fec97 in xmlParseContent /src/libxml2/parser.c:9846:6
    #39 0x5ffc7f in xmlParseElement /src/libxml2/parser.c:10014:5
    #40 0x5fec97 in xmlParseContent /src/libxml2/parser.c:9846:6
    #41 0x5ffc7f in xmlParseElement /src/libxml2/parser.c:10014:5
    #42 0x5fec97 in xmlParseContent /src/libxml2/parser.c:9846:6
    #43 0x5ffc7f in xmlParseElement /src/libxml2/parser.c:10014:5
    #44 0x5fec97 in xmlParseContent /src/libxml2/parser.c:9846:6
    #45 0x5ffc7f in xmlParseElement /src/libxml2/parser.c:10014:5
    #46 0x5fec97 in xmlParseContent /src/libxml2/parser.c:9846:6
    #47 0x5ffc7f in xmlParseElement /src/libxml2/parser.c:10014:5
    #48 0x5fec97 in xmlParseContent /src/libxml2/parser.c:9846:6
    #49 0x5ffc7f in xmlParseElement /src/libxml2/parser.c:10014:5
    #50 0x5fec97 in xmlParseContent /src/libxml2/parser.c:9846:6
    #51 0x5ffc7f in xmlParseElement /src/libxml2/parser.c:10014:5
    #52 0x5fec97 in xmlParseContent /src/libxml2/parser.c:9846:6
    #53 0x5ffc7f in xmlParseElement /src/libxml2/parser.c:10014:5
    #54 0x5fec97 in xmlParseContent /src/libxml2/parser.c:9846:6
    #55 0x5ffc7f in xmlParseElement /src/libxml2/parser.c:10014:5
    #56 0x5fec97 in xmlParseContent /src/libxml2/parser.c:9846:6
    #57 0x5ffc7f in xmlParseElement /src/libxml2/parser.c:10014:5
    #58 0x5fec97 in xmlParseContent /src/libxml2/parser.c:9846:6
    #59 0x5ffc7f in xmlParseElement /src/libxml2/parser.c:10014:5
    #60 0x5fec97 in xmlParseContent /src/libxml2/parser.c:9846:6
    #61 0x5ffc7f in xmlParseElement /src/libxml2/parser.c:10014:5
    #62 0x5fec97 in xmlParseContent /src/libxml2/parser.c:9846:6
    #63 0x5ffc7f in xmlParseElement /src/libxml2/parser.c:10014:5
    #64 0x5fec97 in xmlParseContent /src/libxml2/parser.c:9846:6
    #65 0x5ffc7f in xmlParseElement /src/libxml2/parser.c:10014:5
    #66 0x5fec97 in xmlParseContent /src/libxml2/parser.c:9846:6
    #67 0x5ffc7f in xmlParseElement /src/libxml2/parser.c:10014:5
    #68 0x5fec97 in xmlParseContent /src/libxml2/parser.c:9846:6
    #69 0x5ffc7f in xmlParseElement /src/libxml2/parser.c:10014:5
    #70 0x5fec97 in xmlParseContent /src/libxml2/parser.c:9846:6
    #71 0x5ffc7f in xmlParseElement /src/libxml2/parser.c:10014:5
    #72 0x5fec97 in xmlParseContent /src/libxml2/parser.c:9846:6
    #73 0x5ffc7f in xmlParseElement /src/libxml2/parser.c:10014:5
    #74 0x5fec97 in xmlParseContent /src/libxml2/parser.c:9846:6
    #75 0x5ffc7f in xmlParseElement /src/libxml2/parser.c:10014:5
    #76 0x5fec97 in xmlParseContent /src/libxml2/parser.c:9846:6
    #77 0x5ffc7f in xmlParseElement /src/libxml2/parser.c:10014:5
    #78 0x5fec97 in xmlParseContent /src/libxml2/parser.c:9846:6
    #79 0x5ffc7f in xmlParseElement /src/libxml2/parser.c:10014:5
    #80 0x5fec97 in xmlParseContent /src/libxml2/parser.c:9846:6
    #81 0x5ffc7f in xmlParseElement /src/libxml2/parser.c:10014:5
    #82 0x5fec97 in xmlParseContent /src/libxml2/parser.c:9846:6
    #83 0x5ffc7f in xmlParseElement /src/libxml2/parser.c:10014:5
    #84 0x5fec97 in xmlParseContent /src/libxml2/parser.c:9846:6
    #85 0x5ffc7f in xmlParseElement /src/libxml2/parser.c:10014:5
    #86 0x5fec97 in xmlParseContent /src/libxml2/parser.c:9846:6
    #87 0x5ffc7f in xmlParseElement /src/libxml2/parser.c:10014:5
    #88 0x5fec97 in xmlParseContent /src/libxml2/parser.c:9846:6
    #89 0x5ffc7f in xmlParseElement /src/libxml2/parser.c:10014:5
    #90 0x5fec97 in xmlParseContent /src/libxml2/parser.c:9846:6
    #91 0x5ffc7f in xmlParseElement /src/libxml2/parser.c:10014:5
    #92 0x5fec97 in xmlParseContent /src/libxml2/parser.c:9846:6
    #93 0x5ffc7f in xmlParseElement /src/libxml2/parser.c:10014:5
    #94 0x5fec97 in xmlParseContent /src/libxml2/parser.c:9846:6
    #95 0x5ffc7f in xmlParseElement /src/libxml2/parser.c:10014:5
    #96 0x5fec97 in xmlParseContent /src/libxml2/parser.c:9846:6
    #97 0x5ffc7f in xmlParseElement /src/libxml2/parser.c:10014:5
    #98 0x5fec97 in xmlParseContent /src/libxml2/parser.c:9846:6
    #99 0x5ffc7f in xmlParseElement /src/libxml2/parser.c:10014:5
    #100 0x5fec97 in xmlParseContent /src/libxml2/parser.c:9846:6
    #101 0x5ffc7f in xmlParseElement /src/libxml2/parser.c:10014:5
    #102 0x5fec97 in xmlParseContent /src/libxml2/parser.c:9846:6
    #103 0x5ffc7f in xmlParseElement /src/libxml2/parser.c:10014:5
    #104 0x5fec97 in xmlParseContent /src/libxml2/parser.c:9846:6
    #105 0x5ffc7f in xmlParseElement /src/libxml2/parser.c:10014:5
    #106 0x5fec97 in xmlParseContent /src/libxml2/parser.c:9846:6
    #107 0x5ffc7f in xmlParseElement /src/libxml2/parser.c:10014:5
    #108 0x5fec97 in xmlParseContent /src/libxml2/parser.c:9846:6
    #109 0x5ffc7f in xmlParseElement /src/libxml2/parser.c:10014:5
    #110 0x5fec97 in xmlParseContent /src/libxml2/parser.c:9846:6
    #111 0x5ffc7f in xmlParseElement /src/libxml2/parser.c:10014:5
    #112 0x5fec97 in xmlParseContent /src/libxml2/parser.c:9846:6
    #113 0x5ffc7f in xmlParseElement /src/libxml2/parser.c:10014:5
    #114 0x5fec97 in xmlParseContent /src/libxml2/parser.c:9846:6
    #115 0x5ffc7f in xmlParseElement /src/libxml2/parser.c:10014:5
    #116 0x5fec97 in xmlParseContent /src/libxml2/parser.c:9846:6
    #117 0x5ffc7f in xmlParseElement /src/libxml2/parser.c:10014:5
    #118 0x5fec97 in xmlParseContent /src/libxml2/parser.c:9846:6
    #119 0x5ffc7f in xmlParseElement /src/libxml2/parser.c:10014:5
    #120 0x5fec97 in xmlParseContent /src/libxml2/parser.c:9846:6
    #121 0x5ffc7f in xmlParseElement /src/libxml2/parser.c:10014:5
    #122 0x5fec97 in xmlParseContent /src/libxml2/parser.c:9846:6
    #123 0x5ffc7f in xmlParseElement /src/libxml2/parser.c:10014:5
    #124 0x5fec97 in xmlParseContent /src/libxml2/parser.c:9846:6
    #125 0x5ffc7f in xmlParseElement /src/libxml2/parser.c:10014:5
    #126 0x5fec97 in xmlParseContent /src/libxml2/parser.c:9846:6
    #127 0x5ffc7f in xmlParseElement /src/libxml2/parser.c:10014:5
    #128 0x5fec97 in xmlParseContent /src/libxml2/parser.c:9846:6
    #129 0x5ffc7f in xmlParseElement /src/libxml2/parser.c:10014:5
    #130 0x5fec97 in xmlParseContent /src/libxml2/parser.c:9846:6
    #131 0x5ffc7f in xmlParseElement /src/libxml2/parser.c:10014:5
    #132 0x5fec97 in xmlParseContent /src/libxml2/parser.c:9846:6
    #133 0x5ffc7f in xmlParseElement /src/libxml2/parser.c:10014:5
    #134 0x5fec97 in xmlParseContent /src/libxml2/parser.c:9846:6
    #135 0x5ffc7f in xmlParseElement /src/libxml2/parser.c:10014:5
    #136 0x5fec97 in xmlParseContent /src/libxml2/parser.c:9846:6
    #137 0x5ffc7f in xmlParseElement /src/libxml2/parser.c:10014:5
    #138 0x5fec97 in xmlParseContent /src/libxml2/parser.c:9846:6
    #139 0x5ffc7f in xmlParseElement /src/libxml2/parser.c:10014:5
    #140 0x5fec97 in xmlParseContent /src/libxml2/parser.c:9846:6
    #141 0x5ffc7f in xmlParseElement /src/libxml2/parser.c:10014:5
    #142 0x5fec97 in xmlParseContent /src/libxml2/parser.c:9846:6
    #143 0x5ffc7f in xmlParseElement /src/libxml2/parser.c:10014:5
    #144 0x5fec97 in xmlParseContent /src/libxml2/parser.c:9846:6
    #145 0x5ffc7f in xmlParseElement /src/libxml2/parser.c:10014:5
    #146 0x5fec97 in xmlParseContent /src/libxml2/parser.c:9846:6
    #147 0x5ffc7f in xmlParseElement /src/libxml2/parser.c:10014:5
    #148 0x5fec97 in xmlParseContent /src/libxml2/parser.c:9846:6
    #149 0x5ffc7f in xmlParseElement /src/libxml2/parser.c:10014:5
    #150 0x5fec97 in xmlParseContent /src/libxml2/parser.c:9846:6
    #151 0x5ffc7f in xmlParseElement /src/libxml2/parser.c:10014:5
    #152 0x5fec97 in xmlParseContent /src/libxml2/parser.c:9846:6
    #153 0x5ffc7f in xmlParseElement /src/libxml2/parser.c:10014:5
    #154 0x5fec97 in xmlParseContent /src/libxml2/parser.c:9846:6
    #155 0x5ffc7f in xmlParseElement /src/libxml2/parser.c:10014:5
    #156 0x5fec97 in xmlParseContent /src/libxml2/parser.c:9846:6
    #157 0x5ffc7f in xmlParseElement /src/libxml2/parser.c:10014:5
    #158 0x5fec97 in xmlParseContent /src/libxml2/parser.c:9846:6
    #159 0x5ffc7f in xmlParseElement /src/libxml2/parser.c:10014:5
    #160 0x5fec97 in xmlParseContent /src/libxml2/parser.c:9846:6
    #161 0x5ffc7f in xmlParseElement /src/libxml2/parser.c:10014:5
    #162 0x5fec97 in xmlParseContent /src/libxml2/parser.c:9846:6
    #163 0x5ffc7f in xmlParseElement /src/libxml2/parser.c:10014:5
    #164 0x5fec97 in xmlParseContent /src/libxml2/parser.c:9846:6
    #165 0x5ffc7f in xmlParseElement /src/libxml2/parser.c:10014:5
    #166 0x5fec97 in xmlParseContent /src/libxml2/parser.c:9846:6
    #167 0x5ffc7f in xmlParseElement /src/libxml2/parser.c:10014:5
    #168 0x5fec97 in xmlParseContent /src/libxml2/parser.c:9846:6
    #169 0x5ffc7f in xmlParseElement /src/libxml2/parser.c:10014:5
    #170 0x5fec97 in xmlParseContent /src/libxml2/parser.c:9846:6
    #171 0x5ffc7f in xmlParseElement /src/libxml2/parser.c:10014:5
    #172 0x5fec97 in xmlParseContent /src/libxml2/parser.c:9846:6
    #173 0x5ffc7f in xmlParseElement /src/libxml2/parser.c:10014:5
    #174 0x5fec97 in xmlParseContent /src/libxml2/parser.c:9846:6
    #175 0x5ffc7f in xmlParseElement /src/libxml2/parser.c:10014:5
    #176 0x5fec97 in xmlParseContent /src/libxml2/parser.c:9846:6
    #177 0x5ffc7f in xmlParseElement /src/libxml2/parser.c:10014:5
    #178 0x5fec97 in xmlParseContent /src/libxml2/parser.c:9846:6
    #179 0x5ffc7f in xmlParseElement /src/libxml2/parser.c:10014:5
    #180 0x5fec97 in xmlParseContent /src/libxml2/parser.c:9846:6
    #181 0x5ffc7f in xmlParseElement /src/libxml2/parser.c:10014:5
    #182 0x5fec97 in xmlParseContent /src/libxml2/parser.c:9846:6
    #183 0x5ffc7f in xmlParseElement /src/libxml2/parser.c:10014:5
    #184 0x5fec97 in xmlParseContent /src/libxml2/parser.c:9846:6
    #185 0x5ffc7f in xmlParseElement /src/libxml2/parser.c:10014:5
    #186 0x5fec97 in xmlParseContent /src/libxml2/parser.c:9846:6
    #187 0x5ffc7f in xmlParseElement /src/libxml2/parser.c:10014:5
    #188 0x5fec97 in xmlParseContent /src/libxml2/parser.c:9846:6
    #189 0x5ffc7f in xmlParseElement /src/libxml2/parser.c:10014:5
    #190 0x5fec97 in xmlParseContent /src/libxml2/parser.c:9846:6
    #191 0x5ffc7f in xmlParseElement /src/libxml2/parser.c:10014:5
    #192 0x5fec97 in xmlParseContent /src/libxml2/parser.c:9846:6
    #193 0x5ffc7f in xmlParseElement /src/libxml2/parser.c:10014:5
    #194 0x5fec97 in xmlParseContent /src/libxml2/parser.c:9846:6
    #195 0x5ffc7f in xmlParseElement /src/libxml2/parser.c:10014:5
    #196 0x5fec97 in xmlParseContent /src/libxml2/parser.c:9846:6
    #197 0x5ffc7f in xmlParseElement /src/libxml2/parser.c:10014:5
    #198 0x5fec97 in xmlParseContent /src/libxml2/parser.c:9846:6
    #199 0x5ffc7f in xmlParseElement /src/libxml2/parser.c:10014:5
    #200 0x5fec97 in xmlParseContent /src/libxml2/parser.c:9846:6
    #201 0x5ffc7f in xmlParseElement /src/libxml2/parser.c:10014:5
    #202 0x5fec97 in xmlParseContent /src/libxml2/parser.c:9846:6
    #203 0x5ffc7f in xmlParseElement /src/libxml2/parser.c:10014:5
    #204 0x5fec97 in xmlParseContent /src/libxml2/parser.c:9846:6
    #205 0x5ffc7f in xmlParseElement /src/libxml2/parser.c:10014:5
    #206 0x5fec97 in xmlParseContent /src/libxml2/parser.c:9846:6
    #207 0x5ffc7f in xmlParseElement /src/libxml2/parser.c:10014:5
    #208 0x5fec97 in xmlParseContent /src/libxml2/parser.c:9846:6
    #209 0x5ffc7f in xmlParseElement /src/libxml2/parser.c:10014:5
    #210 0x5fec97 in xmlParseContent /src/libxml2/parser.c:9846:6
    #211 0x5ffc7f in xmlParseElement /src/libxml2/parser.c:10014:5
    #212 0x5fec97 in xmlParseContent /src/libxml2/parser.c:9846:6
    #213 0x5ffc7f in xmlParseElement /src/libxml2/parser.c:10014:5
    #214 0x5fec97 in xmlParseContent /src/libxml2/parser.c:9846:6
    #215 0x5ffc7f in xmlParseElement /src/libxml2/parser.c:10014:5
    #216 0x5fec97 in xmlParseContent /src/libxml2/parser.c:9846:6
    #217 0x5ffc7f in xmlParseElement /src/libxml2/parser.c:10014:5
    #218 0x5fec97 in xmlParseContent /src/libxml2/parser.c:9846:6
    #219 0x5ffc7f in xmlParseElement /src/libxml2/parser.c:10014:5
    #220 0x5fec97 in xmlParseContent /src/libxml2/parser.c:9846:6
    #221 0x5ffc7f in xmlParseElement /src/libxml2/parser.c:10014:5
    #222 0x5fec97 in xmlParseContent /src/libxml2/parser.c:9846:6
    #223 0x5ffc7f in xmlParseElement /src/libxml2/parser.c:10014:5
    #224 0x5fec97 in xmlParseContent /src/libxml2/parser.c:9846:6
    #225 0x5ffc7f in xmlParseElement /src/libxml2/parser.c:10014:5
    #226 0x5fec97 in xmlParseContent /src/libxml2/parser.c:9846:6
    #227 0x5ffc7f in xmlParseElement /src/libxml2/parser.c:10014:5
    #228 0x5fec97 in xmlParseContent /src/libxml2/parser.c:9846:6
    #229 0x5ffc7f in xmlParseElement /src/libxml2/parser.c:10014:5
    #230 0x5fec97 in xmlParseContent /src/libxml2/parser.c:9846:6
    #231 0x5ffc7f in xmlParseElement /src/libxml2/parser.c:10014:5
    #232 0x5fec97 in xmlParseContent /src/libxml2/parser.c:9846:6
    #233 0x5ffc7f in xmlParseElement /src/libxml2/parser.c:10014:5
    #234 0x5fec97 in xmlParseContent /src/libxml2/parser.c:9846:6
    #235 0x5ffc7f in xmlParseElement /src/libxml2/parser.c:10014:5
    #236 0x5fec97 in xmlParseContent /src/libxml2/parser.c:9846:6
    #237 0x5ffc7f in xmlParseElement /src/libxml2/parser.c:10014:5
    #238 0x5fec97 in xmlParseContent /src/libxml2/parser.c:9846:6
    #239 0x5ffc7f in xmlParseElement /src/libxml2/parser.c:10014:5
    #240 0x5fec97 in xmlParseContent /src/libxml2/parser.c:9846:6
    #241 0x5ffc7f in xmlParseElement /src/libxml2/parser.c:10014:5
    #242 0x5fec97 in xmlParseContent /src/libxml2/parser.c:9846:6
    #243 0x5ffc7f in xmlParseElement /src/libxml2/parser.c:10014:5
    #244 0x5fec97 in xmlParseContent /src/libxml2/parser.c:9846:6
    #245 0x5ffc7f in xmlParseElement /src/libxml2/parser.c:10014:5
    #246 0x5fec97 in xmlParseContent /src/libxml2/parser.c:9846:6
    #247 0x5ffc7f in xmlParseElement /src/libxml2/parser.c:10014:5
    #248 0x5fec97 in xmlParseContent /src/libxml2/parser.c:9846:6
    #249 0x5ffc7f in xmlParseElement /src/libxml2/parser.c:10014:5
    #250 0x5fec97 in xmlParseContent /src/libxml2/parser.c:9846:6
    #251 0x5ffc7f in xmlParseElement /src/libxml2/parser.c:10014:5

DEDUP_TOKEN: xmlSAX2AttributeNs--xmlSAX2StartElementNs--xmlParseStartTag2
0x625000002a7d is located 381 bytes inside of 8194-byte region [0x625000002900,0x625000004902)
freed by thread T0 here:
    #0 0x4ebd60 in __interceptor_free /src/llvm/projects/compiler-rt/lib/asan/asan_malloc_linux.cc:124
    #1 0x72857a in xmlBufFree /src/libxml2/buf.c
    #2 0x658775 in xmlFreeParserInputBuffer /src/libxml2/xmlIO.c:2479:9
    #3 0x5c5704 in xmlHaltParser /src/libxml2/parser.c:12466:13
    #4 0x5c50c9 in nodePush /src/libxml2/parser.c:1788:2
    #5 0x7b5ff8 in xmlSAX2StartElementNs /src/libxml2/SAX2.c:2339:5
    #6 0x603a30 in xmlParseStartTag2 /src/libxml2/parser.c:9583:6
    #7 0x5ff6a9 in xmlParseElement /src/libxml2/parser.c:9928:16
    #8 0x5fec97 in xmlParseContent /src/libxml2/parser.c:9846:6
    #9 0x5ffc7f in xmlParseElement /src/libxml2/parser.c:10014:5
    #10 0x5fec97 in xmlParseContent /src/libxml2/parser.c:9846:6
    #11 0x5ffc7f in xmlParseElement /src/libxml2/parser.c:10014:5
    #12 0x5fec97 in xmlParseContent /src/libxml2/parser.c:9846:6
    #13 0x5ffc7f in xmlParseElement /src/libxml2/parser.c:10014:5
    #14 0x5fec97 in xmlParseContent /src/libxml2/parser.c:9846:6
    #15 0x5ffc7f in xmlParseElement /src/libxml2/parser.c:10014:5
    #16 0x5fec97 in xmlParseContent /src/libxml2/parser.c:9846:6
    #17 0x5ffc7f in xmlParseElement /src/libxml2/parser.c:10014:5
    #18 0x5fec97 in xmlParseContent /src/libxml2/parser.c:9846:6
    #19 0x5ffc7f in xmlParseElement /src/libxml2/parser.c:10014:5
    #20 0x5fec97 in xmlParseContent /src/libxml2/parser.c:9846:6
    #21 0x5ffc7f in xmlParseElement /src/libxml2/parser.c:10014:5
    #22 0x5fec97 in xmlParseContent /src/libxml2/parser.c:9846:6
    #23 0x5ffc7f in xmlParseElement /src/libxml2/parser.c:10014:5
    #24 0x5fec97 in xmlParseContent /src/libxml2/parser.c:9846:6
    #25 0x5ffc7f in xmlParseElement /src/libxml2/parser.c:10014:5
    #26 0x5fec97 in xmlParseContent /src/libxml2/parser.c:9846:6
    #27 0x5ffc7f in xmlParseElement /src/libxml2/parser.c:10014:5
    #28 0x5fec97 in xmlParseContent /src/libxml2/parser.c:9846:6
    #29 0x5ffc7f in xmlParseElement /src/libxml2/parser.c:10014:5

DEDUP_TOKEN: __interceptor_free--xmlBufFree--xmlFreeParserInputBuffer
previously allocated by thread T0 here:
    #0 0x4ec12f in malloc /src/llvm/projects/compiler-rt/lib/asan/asan_malloc_linux.cc:146
    #1 0x727bbf in xmlBufCreateSize /src/libxml2/buf.c:172:36
    #2 0x658223 in xmlAllocParserInputBuffer /src/libxml2/xmlIO.c:2333:19
    #3 0x659e5c in xmlParserInputBufferCreateMem /src/libxml2/xmlIO.c:2932:11
    #4 0x619a31 in xmlCreateMemoryParserCtxt /src/libxml2/parser.c:14384:11
    #5 0x5f77f5 in xmlParseBalancedChunkMemoryInternal /src/libxml2/parser.c:13367:12
    #6 0x5f4d22 in xmlParseReference /src/libxml2/parser.c:7110:12
    #7 0x5fe9a1 in xmlParseContent /src/libxml2/parser.c:9855:6
    #8 0x5ffc7f in xmlParseElement /src/libxml2/parser.c:10014:5
    #9 0x609530 in xmlParseDocument /src/libxml2/parser.c:10711:2
    #10 0x61dd6f in xmlDoRead /src/libxml2/parser.c:15196:5
    #11 0x53086e in LLVMFuzzerTestOneInput /src/libxml2_xml_read_memory_fuzzer.cc:34:20
    #12 0x55c828 in fuzzer::Fuzzer::ExecuteCallback(unsigned char const*, unsigned long) /src/libfuzzer/FuzzerLoop.cpp:570:15
    #13 0x532d0a in fuzzer::RunOneTest(fuzzer::Fuzzer*, char const*, unsigned long) /src/libfuzzer/FuzzerDriver.cpp:280:6
    #14 0x53e583 in fuzzer::FuzzerDriver(int*, char***, int (*)(unsigned char const*, unsigned long)) /src/libfuzzer/FuzzerDriver.cpp:713:9
    #15 0x53238c in main /src/libfuzzer/FuzzerMain.cpp:20:10
    #16 0x7656cc5ff83f in __libc_start_main (/lib/x86_64-linux-gnu/libc.so.6+0x2083f)

DEDUP_TOKEN: malloc--xmlBufCreateSize--xmlAllocParserInputBuffer
SUMMARY: AddressSanitizer: heap-use-after-free /src/libxml2/SAX2.c:2042:6 in xmlSAX2AttributeNs
Shadow bytes around the buggy address:
  0x0c4a7fff84f0: fa fa fa fa fa fa fa fa fa fa fa fa fa fa fa fa
  0x0c4a7fff8500: fa fa fa fa fa fa fa fa fa fa fa fa fa fa fa fa
  0x0c4a7fff8510: fa fa fa fa fa fa fa fa fa fa fa fa fa fa fa fa
  0x0c4a7fff8520: fd fd fd fd fd fd fd fd fd fd fd fd fd fd fd fd
  0x0c4a7fff8530: fd fd fd fd fd fd fd fd fd fd fd fd fd fd fd fd
=>0x0c4a7fff8540: fd fd fd fd fd fd fd fd fd fd fd fd fd fd fd[fd]
  0x0c4a7fff8550: fd fd fd fd fd fd fd fd fd fd fd fd fd fd fd fd
  0x0c4a7fff8560: fd fd fd fd fd fd fd fd fd fd fd fd fd fd fd fd
  0x0c4a7fff8570: fd fd fd fd fd fd fd fd fd fd fd fd fd fd fd fd
  0x0c4a7fff8580: fd fd fd fd fd fd fd fd fd fd fd fd fd fd fd fd
  0x0c4a7fff8590: fd fd fd fd fd fd fd fd fd fd fd fd fd fd fd fd
Shadow byte legend (one shadow byte represents 8 application bytes):
  Addressable:           00
  Partially addressable: 01 02 03 04 05 06 07 
  Heap left redzone:       fa
  Freed heap region:       fd
  Stack left redzone:      f1
  Stack mid redzone:       f2
  Stack right redzone:     f3
  Stack after return:      f5
  Stack use after scope:   f8
  Global redzone:          f9
  Global init order:       f6
  Poisoned by user:        f7
  Container overflow:      fc
  Array cookie:            ac
  Intra object redzone:    bb
  ASan internal:           fe
  Left alloca redzone:     ca
  Right alloca redzone:    cb
  Shadow gap:              cc
==7==ABORTING
