Unable to find image 'n132/arvo:10306-vul' locally
10306-vul: Pulling from n132/arvo
3620e2d282dc: Already exists
ef22f5e4b3b2: Already exists
99f229f854da: Already exists
4fe433abe16a: Already exists
c9b72a16d85e: Already exists
de599d649ace: Already exists
b095926b8e5d: Already exists
2cb899c88361: Already exists
e3e971831feb: Already exists
2b6c6771b90f: Already exists
7d225808fe07: Already exists
9b379b826590: Already exists
b2a75a6e4d30: Already exists
3dd7d3726d39: Already exists
e060c62c016e: Already exists
0482579cc5a5: Already exists
e8b35572acfa: Pulling fs layer
19b3c90cca08: Pulling fs layer
96f6d341a373: Pulling fs layer
38d6dd49361f: Pulling fs layer
137e332d7074: Pulling fs layer
c057daa20488: Pulling fs layer
0689336a0ed7: Pulling fs layer
feb68d5f831d: Pulling fs layer
f66dde6c436f: Pulling fs layer
60acc72d3cc4: Pulling fs layer
c04d55a9b5b9: Pulling fs layer
840f09fb6ee9: Pulling fs layer
5bfc9348cd11: Pulling fs layer
766a97df3a97: Pulling fs layer
bd64a6f7c9e1: Pulling fs layer
94afa0f45fdb: Pulling fs layer
e96c8dd0585b: Pulling fs layer
c6ddf65fdd81: Pulling fs layer
ad7f64cb91e1: Pulling fs layer
0da033a9b9fc: Pulling fs layer
d67ecc2c8b24: Pulling fs layer
5b5d76180407: Pulling fs layer
4f4fb700ef54: Pulling fs layer
c5181dbb6f10: Pulling fs layer
c1e327c4f8c6: Pulling fs layer
f92be0d25e22: Pulling fs layer
4f4fb700ef54: Verifying Checksum
4f4fb700ef54: Download complete
f92be0d25e22: Verifying Checksum
f92be0d25e22: Download complete
bd64a6f7c9e1: Verifying Checksum
bd64a6f7c9e1: Download complete
19b3c90cca08: Verifying Checksum
19b3c90cca08: Download complete
f66dde6c436f: Verifying Checksum
f66dde6c436f: Download complete
c5181dbb6f10: Verifying Checksum
c5181dbb6f10: Download complete
e96c8dd0585b: Verifying Checksum
e96c8dd0585b: Download complete
ad7f64cb91e1: Verifying Checksum
ad7f64cb91e1: Download complete
5b5d76180407: Verifying Checksum
5b5d76180407: Download complete
5bfc9348cd11: Verifying Checksum
5bfc9348cd11: Download complete
c04d55a9b5b9: Verifying Checksum
c04d55a9b5b9: Download complete
0689336a0ed7: Verifying Checksum
0689336a0ed7: Download complete
840f09fb6ee9: Verifying Checksum
840f09fb6ee9: Download complete
feb68d5f831d: Verifying Checksum
feb68d5f831d: Download complete
c6ddf65fdd81: Verifying Checksum
c6ddf65fdd81: Download complete
d67ecc2c8b24: Verifying Checksum
d67ecc2c8b24: Download complete
60acc72d3cc4: Verifying Checksum
60acc72d3cc4: Download complete
c057daa20488: Verifying Checksum
c057daa20488: Download complete
137e332d7074: Verifying Checksum
137e332d7074: Download complete
766a97df3a97: Verifying Checksum
766a97df3a97: Download complete
94afa0f45fdb: Verifying Checksum
94afa0f45fdb: Download complete
e8b35572acfa: Verifying Checksum
e8b35572acfa: Download complete
e8b35572acfa: Pull complete
19b3c90cca08: Pull complete
0da033a9b9fc: Verifying Checksum
0da033a9b9fc: Download complete
96f6d341a373: Verifying Checksum
96f6d341a373: Download complete
96f6d341a373: Pull complete
38d6dd49361f: Verifying Checksum
38d6dd49361f: Download complete
38d6dd49361f: Pull complete
137e332d7074: Pull complete
c057daa20488: Pull complete
0689336a0ed7: Pull complete
feb68d5f831d: Pull complete
f66dde6c436f: Pull complete
60acc72d3cc4: Pull complete
c04d55a9b5b9: Pull complete
840f09fb6ee9: Pull complete
5bfc9348cd11: Pull complete
766a97df3a97: Pull complete
bd64a6f7c9e1: Pull complete
94afa0f45fdb: Pull complete
e96c8dd0585b: Pull complete
c6ddf65fdd81: Pull complete
ad7f64cb91e1: Pull complete
0da033a9b9fc: Pull complete
d67ecc2c8b24: Pull complete
5b5d76180407: Pull complete
4f4fb700ef54: Pull complete
c5181dbb6f10: Pull complete
c1e327c4f8c6: Verifying Checksum
c1e327c4f8c6: Download complete
c1e327c4f8c6: Pull complete
f92be0d25e22: Pull complete
Digest: sha256:deaf9ae198720ae02b70ef08c3e0aaf3ffe0c8f91b3b0e59dda84b5326967f53
Status: Downloaded newer image for n132/arvo:10306-vul
