Unable to find image 'n132/arvo:10312-vul' locally
10312-vul: Pulling from n132/arvo
3b37166ec614: Already exists
504facff238f: Already exists
ebbcacd28e10: Already exists
c7fb3351ecad: Already exists
2e3debadcbf7: Already exists
1ab067e9c1a2: Already exists
79b8bd49de23: Already exists
b2a767785bc0: Already exists
ccc66ab19ebd: Already exists
27281c6391f4: Already exists
5e5e2fe28dc2: Already exists
e9370cc0eb58: Already exists
9de42c6bd5c9: Already exists
42a58c5103dc: Already exists
eec2e2461287: Already exists
2b1e3794ec30: Already exists
2788f7e26a78: Pulling fs layer
14d15941bf3a: Pulling fs layer
efa5b471bf70: Pulling fs layer
83a44f45aee6: Pulling fs layer
2e425bdb6acf: Pulling fs layer
288364c6a8df: Pulling fs layer
887d7ee0df60: Pulling fs layer
0816af101a74: Pulling fs layer
925af222af8b: Pulling fs layer
b27e3ea195ba: Pulling fs layer
ea1002a0b54f: Pulling fs layer
bc11b29b7f57: Pulling fs layer
b27e3ea195ba: Waiting
ea1002a0b54f: Waiting
887d7ee0df60: Waiting
0816af101a74: Waiting
bc11b29b7f57: Waiting
925af222af8b: Waiting
83a44f45aee6: Waiting
2e425bdb6acf: Waiting
288364c6a8df: Waiting
14d15941bf3a: Verifying Checksum
14d15941bf3a: Download complete
83a44f45aee6: Verifying Checksum
83a44f45aee6: Download complete
2e425bdb6acf: Download complete
efa5b471bf70: Verifying Checksum
efa5b471bf70: Download complete
2788f7e26a78: Verifying Checksum
2788f7e26a78: Download complete
887d7ee0df60: Verifying Checksum
887d7ee0df60: Download complete
288364c6a8df: Verifying Checksum
288364c6a8df: Download complete
0816af101a74: Verifying Checksum
0816af101a74: Download complete
2788f7e26a78: Pull complete
925af222af8b: Verifying Checksum
925af222af8b: Download complete
b27e3ea195ba: Verifying Checksum
b27e3ea195ba: Download complete
14d15941bf3a: Pull complete
ea1002a0b54f: Verifying Checksum
ea1002a0b54f: Download complete
bc11b29b7f57: Verifying Checksum
bc11b29b7f57: Download complete
efa5b471bf70: Pull complete
83a44f45aee6: Pull complete
2e425bdb6acf: Pull complete
288364c6a8df: Pull complete
887d7ee0df60: Pull complete
0816af101a74: Pull complete
925af222af8b: Pull complete
b27e3ea195ba: Pull complete
ea1002a0b54f: Pull complete
bc11b29b7f57: Pull complete
Digest: sha256:2d726a6ac9cb03f9e818a80c869590c2ea87f48f76f5bd0f2ca7f0a86e1f60dc
Status: Downloaded newer image for n132/arvo:10312-vul
