INFO: Seed: 2713206066
INFO: Loaded 1 modules   (56276 inline 8-bit counters): 56276 [0xe948a8, 0xea247c), 
INFO: Loaded 1 PC tables (56276 PCs): 56276 [0xabb420,0xb97160), 
/out/xmlsec_fuzzer: Running 1 inputs 1 time(s) each.
Running: /tmp/poc
=================================================================
==7==ERROR: AddressSanitizer: heap-use-after-free on address 0x625000002992 at pc 0x0000004eb25d bp 0x7ffd43337130 sp 0x7ffd433368e0
READ of size 1 at 0x625000002992 thread T0
SCARINESS: 40 (1-byte-read-heap-use-after-free)
    #0 0x4eb25c in __asan_memcpy /src/llvm/projects/compiler-rt/lib/asan/asan_interceptors_memintrinsics.cc:23
    #1 0x80f92d in xmlStrndup /src/libxml2/xmlstring.c:50:5
    #2 0x8a50c3 in xmlSAX2TextNode /src/libxml2/SAX2.c:1902:17
    #3 0x8a29f4 in xmlSAX2AttributeNs /src/libxml2/SAX2.c:2065:8
    #4 0x8a1dee in xmlSAX2StartElementNs /src/libxml2/SAX2.c
    #5 0x6d3eb0 in xmlParseStartTag2 /src/libxml2/parser.c:9583:6
    #6 0x6cfb29 in xmlParseElement /src/libxml2/parser.c:9928:16
    #7 0x6cf117 in xmlParseContent /src/libxml2/parser.c:9846:6
    #8 0x6d00ff in xmlParseElement /src/libxml2/parser.c:10014:5
    #9 0x6cf117 in xmlParseContent /src/libxml2/parser.c:9846:6
    #10 0x6d00ff in xmlParseElement /src/libxml2/parser.c:10014:5
    #11 0x6cf117 in xmlParseContent /src/libxml2/parser.c:9846:6
    #12 0x6d00ff in xmlParseElement /src/libxml2/parser.c:10014:5
    #13 0x6cf117 in xmlParseContent /src/libxml2/parser.c:9846:6
    #14 0x6d00ff in xmlParseElement /src/libxml2/parser.c:10014:5
    #15 0x6cf117 in xmlParseContent /src/libxml2/parser.c:9846:6
    #16 0x6d00ff in xmlParseElement /src/libxml2/parser.c:10014:5
    #17 0x6cf117 in xmlParseContent /src/libxml2/parser.c:9846:6
    #18 0x6d00ff in xmlParseElement /src/libxml2/parser.c:10014:5
    #19 0x6cf117 in xmlParseContent /src/libxml2/parser.c:9846:6
    #20 0x6d00ff in xmlParseElement /src/libxml2/parser.c:10014:5
    #21 0x6cf117 in xmlParseContent /src/libxml2/parser.c:9846:6
    #22 0x6d00ff in xmlParseElement /src/libxml2/parser.c:10014:5
    #23 0x6cf117 in xmlParseContent /src/libxml2/parser.c:9846:6
    #24 0x6d00ff in xmlParseElement /src/libxml2/parser.c:10014:5
    #25 0x6cf117 in xmlParseContent /src/libxml2/parser.c:9846:6
    #26 0x6d00ff in xmlParseElement /src/libxml2/parser.c:10014:5
    #27 0x6cf117 in xmlParseContent /src/libxml2/parser.c:9846:6
    #28 0x6d00ff in xmlParseElement /src/libxml2/parser.c:10014:5
    #29 0x6cf117 in xmlParseContent /src/libxml2/parser.c:9846:6
    #30 0x6d00ff in xmlParseElement /src/libxml2/parser.c:10014:5
    #31 0x6cf117 in xmlParseContent /src/libxml2/parser.c:9846:6
    #32 0x6d00ff in xmlParseElement /src/libxml2/parser.c:10014:5
    #33 0x6cf117 in xmlParseContent /src/libxml2/parser.c:9846:6
    #34 0x6d00ff in xmlParseElement /src/libxml2/parser.c:10014:5
    #35 0x6cf117 in xmlParseContent /src/libxml2/parser.c:9846:6
    #36 0x6d00ff in xmlParseElement /src/libxml2/parser.c:10014:5
    #37 0x6cf117 in xmlParseContent /src/libxml2/parser.c:9846:6
    #38 0x6d00ff in xmlParseElement /src/libxml2/parser.c:10014:5
    #39 0x6cf117 in xmlParseContent /src/libxml2/parser.c:9846:6
    #40 0x6d00ff in xmlParseElement /src/libxml2/parser.c:10014:5
    #41 0x6cf117 in xmlParseContent /src/libxml2/parser.c:9846:6
    #42 0x6d00ff in xmlParseElement /src/libxml2/parser.c:10014:5
    #43 0x6cf117 in xmlParseContent /src/libxml2/parser.c:9846:6
    #44 0x6d00ff in xmlParseElement /src/libxml2/parser.c:10014:5
    #45 0x6cf117 in xmlParseContent /src/libxml2/parser.c:9846:6
    #46 0x6d00ff in xmlParseElement /src/libxml2/parser.c:10014:5
    #47 0x6cf117 in xmlParseContent /src/libxml2/parser.c:9846:6
    #48 0x6d00ff in xmlParseElement /src/libxml2/parser.c:10014:5
    #49 0x6cf117 in xmlParseContent /src/libxml2/parser.c:9846:6
    #50 0x6d00ff in xmlParseElement /src/libxml2/parser.c:10014:5
    #51 0x6cf117 in xmlParseContent /src/libxml2/parser.c:9846:6
    #52 0x6d00ff in xmlParseElement /src/libxml2/parser.c:10014:5
    #53 0x6cf117 in xmlParseContent /src/libxml2/parser.c:9846:6
    #54 0x6d00ff in xmlParseElement /src/libxml2/parser.c:10014:5
    #55 0x6cf117 in xmlParseContent /src/libxml2/parser.c:9846:6
    #56 0x6d00ff in xmlParseElement /src/libxml2/parser.c:10014:5
    #57 0x6cf117 in xmlParseContent /src/libxml2/parser.c:9846:6
    #58 0x6d00ff in xmlParseElement /src/libxml2/parser.c:10014:5
    #59 0x6cf117 in xmlParseContent /src/libxml2/parser.c:9846:6
    #60 0x6d00ff in xmlParseElement /src/libxml2/parser.c:10014:5
    #61 0x6cf117 in xmlParseContent /src/libxml2/parser.c:9846:6
    #62 0x6d00ff in xmlParseElement /src/libxml2/parser.c:10014:5
    #63 0x6cf117 in xmlParseContent /src/libxml2/parser.c:9846:6
    #64 0x6d00ff in xmlParseElement /src/libxml2/parser.c:10014:5
    #65 0x6cf117 in xmlParseContent /src/libxml2/parser.c:9846:6
    #66 0x6d00ff in xmlParseElement /src/libxml2/parser.c:10014:5
    #67 0x6cf117 in xmlParseContent /src/libxml2/parser.c:9846:6
    #68 0x6d00ff in xmlParseElement /src/libxml2/parser.c:10014:5
    #69 0x6cf117 in xmlParseContent /src/libxml2/parser.c:9846:6
    #70 0x6d00ff in xmlParseElement /src/libxml2/parser.c:10014:5
    #71 0x6cf117 in xmlParseContent /src/libxml2/parser.c:9846:6
    #72 0x6d00ff in xmlParseElement /src/libxml2/parser.c:10014:5
    #73 0x6cf117 in xmlParseContent /src/libxml2/parser.c:9846:6
    #74 0x6d00ff in xmlParseElement /src/libxml2/parser.c:10014:5
    #75 0x6cf117 in xmlParseContent /src/libxml2/parser.c:9846:6
    #76 0x6d00ff in xmlParseElement /src/libxml2/parser.c:10014:5
    #77 0x6cf117 in xmlParseContent /src/libxml2/parser.c:9846:6
    #78 0x6d00ff in xmlParseElement /src/libxml2/parser.c:10014:5
    #79 0x6cf117 in xmlParseContent /src/libxml2/parser.c:9846:6
    #80 0x6d00ff in xmlParseElement /src/libxml2/parser.c:10014:5
    #81 0x6cf117 in xmlParseContent /src/libxml2/parser.c:9846:6
    #82 0x6d00ff in xmlParseElement /src/libxml2/parser.c:10014:5
    #83 0x6cf117 in xmlParseContent /src/libxml2/parser.c:9846:6
    #84 0x6d00ff in xmlParseElement /src/libxml2/parser.c:10014:5
    #85 0x6cf117 in xmlParseContent /src/libxml2/parser.c:9846:6
    #86 0x6d00ff in xmlParseElement /src/libxml2/parser.c:10014:5
    #87 0x6cf117 in xmlParseContent /src/libxml2/parser.c:9846:6
    #88 0x6d00ff in xmlParseElement /src/libxml2/parser.c:10014:5
    #89 0x6cf117 in xmlParseContent /src/libxml2/parser.c:9846:6
    #90 0x6d00ff in xmlParseElement /src/libxml2/parser.c:10014:5
    #91 0x6cf117 in xmlParseContent /src/libxml2/parser.c:9846:6
    #92 0x6d00ff in xmlParseElement /src/libxml2/parser.c:10014:5
    #93 0x6cf117 in xmlParseContent /src/libxml2/parser.c:9846:6
    #94 0x6d00ff in xmlParseElement /src/libxml2/parser.c:10014:5
    #95 0x6cf117 in xmlParseContent /src/libxml2/parser.c:9846:6
    #96 0x6d00ff in xmlParseElement /src/libxml2/parser.c:10014:5
    #97 0x6cf117 in xmlParseContent /src/libxml2/parser.c:9846:6
    #98 0x6d00ff in xmlParseElement /src/libxml2/parser.c:10014:5
    #99 0x6cf117 in xmlParseContent /src/libxml2/parser.c:9846:6
    #100 0x6d00ff in xmlParseElement /src/libxml2/parser.c:10014:5
    #101 0x6cf117 in xmlParseContent /src/libxml2/parser.c:9846:6
    #102 0x6d00ff in xmlParseElement /src/libxml2/parser.c:10014:5
    #103 0x6cf117 in xmlParseContent /src/libxml2/parser.c:9846:6
    #104 0x6d00ff in xmlParseElement /src/libxml2/parser.c:10014:5
    #105 0x6cf117 in xmlParseContent /src/libxml2/parser.c:9846:6
    #106 0x6d00ff in xmlParseElement /src/libxml2/parser.c:10014:5
    #107 0x6cf117 in xmlParseContent /src/libxml2/parser.c:9846:6
    #108 0x6d00ff in xmlParseElement /src/libxml2/parser.c:10014:5
    #109 0x6cf117 in xmlParseContent /src/libxml2/parser.c:9846:6
    #110 0x6d00ff in xmlParseElement /src/libxml2/parser.c:10014:5
    #111 0x6cf117 in xmlParseContent /src/libxml2/parser.c:9846:6
    #112 0x6d00ff in xmlParseElement /src/libxml2/parser.c:10014:5
    #113 0x6cf117 in xmlParseContent /src/libxml2/parser.c:9846:6
    #114 0x6d00ff in xmlParseElement /src/libxml2/parser.c:10014:5
    #115 0x6cf117 in xmlParseContent /src/libxml2/parser.c:9846:6
    #116 0x6d00ff in xmlParseElement /src/libxml2/parser.c:10014:5
    #117 0x6cf117 in xmlParseContent /src/libxml2/parser.c:9846:6
    #118 0x6d00ff in xmlParseElement /src/libxml2/parser.c:10014:5
    #119 0x6cf117 in xmlParseContent /src/libxml2/parser.c:9846:6
    #120 0x6d00ff in xmlParseElement /src/libxml2/parser.c:10014:5
    #121 0x6cf117 in xmlParseContent /src/libxml2/parser.c:9846:6
    #122 0x6d00ff in xmlParseElement /src/libxml2/parser.c:10014:5
    #123 0x6cf117 in xmlParseContent /src/libxml2/parser.c:9846:6
    #124 0x6d00ff in xmlParseElement /src/libxml2/parser.c:10014:5
    #125 0x6cf117 in xmlParseContent /src/libxml2/parser.c:9846:6
    #126 0x6d00ff in xmlParseElement /src/libxml2/parser.c:10014:5
    #127 0x6cf117 in xmlParseContent /src/libxml2/parser.c:9846:6
    #128 0x6d00ff in xmlParseElement /src/libxml2/parser.c:10014:5
    #129 0x6cf117 in xmlParseContent /src/libxml2/parser.c:9846:6
    #130 0x6d00ff in xmlParseElement /src/libxml2/parser.c:10014:5
    #131 0x6cf117 in xmlParseContent /src/libxml2/parser.c:9846:6
    #132 0x6d00ff in xmlParseElement /src/libxml2/parser.c:10014:5
    #133 0x6cf117 in xmlParseContent /src/libxml2/parser.c:9846:6
    #134 0x6d00ff in xmlParseElement /src/libxml2/parser.c:10014:5
    #135 0x6cf117 in xmlParseContent /src/libxml2/parser.c:9846:6
    #136 0x6d00ff in xmlParseElement /src/libxml2/parser.c:10014:5
    #137 0x6cf117 in xmlParseContent /src/libxml2/parser.c:9846:6
    #138 0x6d00ff in xmlParseElement /src/libxml2/parser.c:10014:5
    #139 0x6cf117 in xmlParseContent /src/libxml2/parser.c:9846:6
    #140 0x6d00ff in xmlParseElement /src/libxml2/parser.c:10014:5
    #141 0x6cf117 in xmlParseContent /src/libxml2/parser.c:9846:6
    #142 0x6d00ff in xmlParseElement /src/libxml2/parser.c:10014:5
    #143 0x6cf117 in xmlParseContent /src/libxml2/parser.c:9846:6
    #144 0x6d00ff in xmlParseElement /src/libxml2/parser.c:10014:5
    #145 0x6cf117 in xmlParseContent /src/libxml2/parser.c:9846:6
    #146 0x6d00ff in xmlParseElement /src/libxml2/parser.c:10014:5
    #147 0x6cf117 in xmlParseContent /src/libxml2/parser.c:9846:6
    #148 0x6d00ff in xmlParseElement /src/libxml2/parser.c:10014:5
    #149 0x6cf117 in xmlParseContent /src/libxml2/parser.c:9846:6
    #150 0x6d00ff in xmlParseElement /src/libxml2/parser.c:10014:5
    #151 0x6cf117 in xmlParseContent /src/libxml2/parser.c:9846:6
    #152 0x6d00ff in xmlParseElement /src/libxml2/parser.c:10014:5
    #153 0x6cf117 in xmlParseContent /src/libxml2/parser.c:9846:6
    #154 0x6d00ff in xmlParseElement /src/libxml2/parser.c:10014:5
    #155 0x6cf117 in xmlParseContent /src/libxml2/parser.c:9846:6
    #156 0x6d00ff in xmlParseElement /src/libxml2/parser.c:10014:5
    #157 0x6cf117 in xmlParseContent /src/libxml2/parser.c:9846:6
    #158 0x6d00ff in xmlParseElement /src/libxml2/parser.c:10014:5
    #159 0x6cf117 in xmlParseContent /src/libxml2/parser.c:9846:6
    #160 0x6d00ff in xmlParseElement /src/libxml2/parser.c:10014:5
    #161 0x6cf117 in xmlParseContent /src/libxml2/parser.c:9846:6
    #162 0x6d00ff in xmlParseElement /src/libxml2/parser.c:10014:5
    #163 0x6cf117 in xmlParseContent /src/libxml2/parser.c:9846:6
    #164 0x6d00ff in xmlParseElement /src/libxml2/parser.c:10014:5
    #165 0x6cf117 in xmlParseContent /src/libxml2/parser.c:9846:6
    #166 0x6d00ff in xmlParseElement /src/libxml2/parser.c:10014:5
    #167 0x6cf117 in xmlParseContent /src/libxml2/parser.c:9846:6
    #168 0x6d00ff in xmlParseElement /src/libxml2/parser.c:10014:5
    #169 0x6cf117 in xmlParseContent /src/libxml2/parser.c:9846:6
    #170 0x6d00ff in xmlParseElement /src/libxml2/parser.c:10014:5
    #171 0x6cf117 in xmlParseContent /src/libxml2/parser.c:9846:6
    #172 0x6d00ff in xmlParseElement /src/libxml2/parser.c:10014:5
    #173 0x6cf117 in xmlParseContent /src/libxml2/parser.c:9846:6
    #174 0x6d00ff in xmlParseElement /src/libxml2/parser.c:10014:5
    #175 0x6cf117 in xmlParseContent /src/libxml2/parser.c:9846:6
    #176 0x6d00ff in xmlParseElement /src/libxml2/parser.c:10014:5
    #177 0x6cf117 in xmlParseContent /src/libxml2/parser.c:9846:6
    #178 0x6d00ff in xmlParseElement /src/libxml2/parser.c:10014:5
    #179 0x6cf117 in xmlParseContent /src/libxml2/parser.c:9846:6
    #180 0x6d00ff in xmlParseElement /src/libxml2/parser.c:10014:5
    #181 0x6cf117 in xmlParseContent /src/libxml2/parser.c:9846:6
    #182 0x6d00ff in xmlParseElement /src/libxml2/parser.c:10014:5
    #183 0x6cf117 in xmlParseContent /src/libxml2/parser.c:9846:6
    #184 0x6d00ff in xmlParseElement /src/libxml2/parser.c:10014:5
    #185 0x6cf117 in xmlParseContent /src/libxml2/parser.c:9846:6
    #186 0x6d00ff in xmlParseElement /src/libxml2/parser.c:10014:5
    #187 0x6cf117 in xmlParseContent /src/libxml2/parser.c:9846:6
    #188 0x6d00ff in xmlParseElement /src/libxml2/parser.c:10014:5
    #189 0x6cf117 in xmlParseContent /src/libxml2/parser.c:9846:6
    #190 0x6d00ff in xmlParseElement /src/libxml2/parser.c:10014:5
    #191 0x6cf117 in xmlParseContent /src/libxml2/parser.c:9846:6
    #192 0x6d00ff in xmlParseElement /src/libxml2/parser.c:10014:5
    #193 0x6cf117 in xmlParseContent /src/libxml2/parser.c:9846:6
    #194 0x6d00ff in xmlParseElement /src/libxml2/parser.c:10014:5
    #195 0x6cf117 in xmlParseContent /src/libxml2/parser.c:9846:6
    #196 0x6d00ff in xmlParseElement /src/libxml2/parser.c:10014:5
    #197 0x6cf117 in xmlParseContent /src/libxml2/parser.c:9846:6
    #198 0x6d00ff in xmlParseElement /src/libxml2/parser.c:10014:5
    #199 0x6cf117 in xmlParseContent /src/libxml2/parser.c:9846:6
    #200 0x6d00ff in xmlParseElement /src/libxml2/parser.c:10014:5
    #201 0x6cf117 in xmlParseContent /src/libxml2/parser.c:9846:6
    #202 0x6d00ff in xmlParseElement /src/libxml2/parser.c:10014:5
    #203 0x6cf117 in xmlParseContent /src/libxml2/parser.c:9846:6
    #204 0x6d00ff in xmlParseElement /src/libxml2/parser.c:10014:5
    #205 0x6cf117 in xmlParseContent /src/libxml2/parser.c:9846:6
    #206 0x6d00ff in xmlParseElement /src/libxml2/parser.c:10014:5
    #207 0x6cf117 in xmlParseContent /src/libxml2/parser.c:9846:6
    #208 0x6d00ff in xmlParseElement /src/libxml2/parser.c:10014:5
    #209 0x6cf117 in xmlParseContent /src/libxml2/parser.c:9846:6
    #210 0x6d00ff in xmlParseElement /src/libxml2/parser.c:10014:5
    #211 0x6cf117 in xmlParseContent /src/libxml2/parser.c:9846:6
    #212 0x6d00ff in xmlParseElement /src/libxml2/parser.c:10014:5
    #213 0x6cf117 in xmlParseContent /src/libxml2/parser.c:9846:6
    #214 0x6d00ff in xmlParseElement /src/libxml2/parser.c:10014:5
    #215 0x6cf117 in xmlParseContent /src/libxml2/parser.c:9846:6
    #216 0x6d00ff in xmlParseElement /src/libxml2/parser.c:10014:5
    #217 0x6cf117 in xmlParseContent /src/libxml2/parser.c:9846:6
    #218 0x6d00ff in xmlParseElement /src/libxml2/parser.c:10014:5
    #219 0x6cf117 in xmlParseContent /src/libxml2/parser.c:9846:6
    #220 0x6d00ff in xmlParseElement /src/libxml2/parser.c:10014:5
    #221 0x6cf117 in xmlParseContent /src/libxml2/parser.c:9846:6
    #222 0x6d00ff in xmlParseElement /src/libxml2/parser.c:10014:5
    #223 0x6cf117 in xmlParseContent /src/libxml2/parser.c:9846:6
    #224 0x6d00ff in xmlParseElement /src/libxml2/parser.c:10014:5
    #225 0x6cf117 in xmlParseContent /src/libxml2/parser.c:9846:6
    #226 0x6d00ff in xmlParseElement /src/libxml2/parser.c:10014:5
    #227 0x6cf117 in xmlParseContent /src/libxml2/parser.c:9846:6
    #228 0x6d00ff in xmlParseElement /src/libxml2/parser.c:10014:5
    #229 0x6cf117 in xmlParseContent /src/libxml2/parser.c:9846:6
    #230 0x6d00ff in xmlParseElement /src/libxml2/parser.c:10014:5
    #231 0x6cf117 in xmlParseContent /src/libxml2/parser.c:9846:6
    #232 0x6d00ff in xmlParseElement /src/libxml2/parser.c:10014:5
    #233 0x6cf117 in xmlParseContent /src/libxml2/parser.c:9846:6
    #234 0x6d00ff in xmlParseElement /src/libxml2/parser.c:10014:5
    #235 0x6cf117 in xmlParseContent /src/libxml2/parser.c:9846:6
    #236 0x6d00ff in xmlParseElement /src/libxml2/parser.c:10014:5
    #237 0x6cf117 in xmlParseContent /src/libxml2/parser.c:9846:6
    #238 0x6d00ff in xmlParseElement /src/libxml2/parser.c:10014:5
    #239 0x6cf117 in xmlParseContent /src/libxml2/parser.c:9846:6
    #240 0x6d00ff in xmlParseElement /src/libxml2/parser.c:10014:5
    #241 0x6cf117 in xmlParseContent /src/libxml2/parser.c:9846:6
    #242 0x6d00ff in xmlParseElement /src/libxml2/parser.c:10014:5
    #243 0x6cf117 in xmlParseContent /src/libxml2/parser.c:9846:6
    #244 0x6d00ff in xmlParseElement /src/libxml2/parser.c:10014:5
    #245 0x6cf117 in xmlParseContent /src/libxml2/parser.c:9846:6
    #246 0x6d00ff in xmlParseElement /src/libxml2/parser.c:10014:5
    #247 0x6cf117 in xmlParseContent /src/libxml2/parser.c:9846:6
    #248 0x6d00ff in xmlParseElement /src/libxml2/parser.c:10014:5
    #249 0x6cf117 in xmlParseContent /src/libxml2/parser.c:9846:6
    #250 0x6d00ff in xmlParseElement /src/libxml2/parser.c:10014:5
    #251 0x6cf117 in xmlParseContent /src/libxml2/parser.c:9846:6
    #252 0x6d00ff in xmlParseElement /src/libxml2/parser.c:10014:5

DEDUP_TOKEN: __asan_memcpy--xmlStrndup--xmlSAX2TextNode
0x625000002992 is located 146 bytes inside of 8194-byte region [0x625000002900,0x625000004902)
freed by thread T0 here:
    #0 0x4ec260 in __interceptor_free /src/llvm/projects/compiler-rt/lib/asan/asan_malloc_linux.cc:124
    #1 0x813f1a in xmlBufFree /src/libxml2/buf.c
    #2 0x72b265 in xmlFreeParserInputBuffer /src/libxml2/xmlIO.c:2479:9
    #3 0x695b84 in xmlHaltParser /src/libxml2/parser.c:12466:13
    #4 0x695549 in nodePush /src/libxml2/parser.c:1788:2
    #5 0x8a1998 in xmlSAX2StartElementNs /src/libxml2/SAX2.c:2339:5
    #6 0x6d3eb0 in xmlParseStartTag2 /src/libxml2/parser.c:9583:6
    #7 0x6cfb29 in xmlParseElement /src/libxml2/parser.c:9928:16
    #8 0x6cf117 in xmlParseContent /src/libxml2/parser.c:9846:6
    #9 0x6d00ff in xmlParseElement /src/libxml2/parser.c:10014:5
    #10 0x6cf117 in xmlParseContent /src/libxml2/parser.c:9846:6
    #11 0x6d00ff in xmlParseElement /src/libxml2/parser.c:10014:5
    #12 0x6cf117 in xmlParseContent /src/libxml2/parser.c:9846:6
    #13 0x6d00ff in xmlParseElement /src/libxml2/parser.c:10014:5
    #14 0x6cf117 in xmlParseContent /src/libxml2/parser.c:9846:6
    #15 0x6d00ff in xmlParseElement /src/libxml2/parser.c:10014:5
    #16 0x6cf117 in xmlParseContent /src/libxml2/parser.c:9846:6
    #17 0x6d00ff in xmlParseElement /src/libxml2/parser.c:10014:5
    #18 0x6cf117 in xmlParseContent /src/libxml2/parser.c:9846:6
    #19 0x6d00ff in xmlParseElement /src/libxml2/parser.c:10014:5
    #20 0x6cf117 in xmlParseContent /src/libxml2/parser.c:9846:6
    #21 0x6d00ff in xmlParseElement /src/libxml2/parser.c:10014:5
    #22 0x6cf117 in xmlParseContent /src/libxml2/parser.c:9846:6
    #23 0x6d00ff in xmlParseElement /src/libxml2/parser.c:10014:5
    #24 0x6cf117 in xmlParseContent /src/libxml2/parser.c:9846:6
    #25 0x6d00ff in xmlParseElement /src/libxml2/parser.c:10014:5
    #26 0x6cf117 in xmlParseContent /src/libxml2/parser.c:9846:6
    #27 0x6d00ff in xmlParseElement /src/libxml2/parser.c:10014:5
    #28 0x6cf117 in xmlParseContent /src/libxml2/parser.c:9846:6
    #29 0x6d00ff in xmlParseElement /src/libxml2/parser.c:10014:5

DEDUP_TOKEN: __interceptor_free--xmlBufFree--xmlFreeParserInputBuffer
previously allocated by thread T0 here:
    #0 0x4ec62f in malloc /src/llvm/projects/compiler-rt/lib/asan/asan_malloc_linux.cc:146
    #1 0x81355f in xmlBufCreateSize /src/libxml2/buf.c:172:36
    #2 0x72ad13 in xmlAllocParserInputBuffer /src/libxml2/xmlIO.c:2333:19
    #3 0x72d11c in xmlParserInputBufferCreateMem /src/libxml2/xmlIO.c:2932:11
    #4 0x6e9eb1 in xmlCreateMemoryParserCtxt /src/libxml2/parser.c:14384:11
    #5 0x6c7c75 in xmlParseBalancedChunkMemoryInternal /src/libxml2/parser.c:13367:12
    #6 0x6c51a2 in xmlParseReference /src/libxml2/parser.c:7110:12
    #7 0x6cee21 in xmlParseContent /src/libxml2/parser.c:9855:6
    #8 0x6d00ff in xmlParseElement /src/libxml2/parser.c:10014:5
    #9 0x6d99b0 in xmlParseDocument /src/libxml2/parser.c:10711:2
    #10 0x533f34 in xmlSecParseMemory /src/xmlsec/src/parser.c:556:11
    #11 0x530b4c in LLVMFuzzerTestOneInput /src/xmlsec/tests/oss-fuzz/xmlsec_target.c:12:21
    #12 0x598eb8 in fuzzer::Fuzzer::ExecuteCallback(unsigned char const*, unsigned long) /src/libfuzzer/FuzzerLoop.cpp:570:15
    #13 0x56f38a in fuzzer::RunOneTest(fuzzer::Fuzzer*, char const*, unsigned long) /src/libfuzzer/FuzzerDriver.cpp:280:6
    #14 0x57ac03 in fuzzer::FuzzerDriver(int*, char***, int (*)(unsigned char const*, unsigned long)) /src/libfuzzer/FuzzerDriver.cpp:713:9
    #15 0x56ea0c in main /src/libfuzzer/FuzzerMain.cpp:20:10
    #16 0x75562c63583f in __libc_start_main (/lib/x86_64-linux-gnu/libc.so.6+0x2083f)

DEDUP_TOKEN: malloc--xmlBufCreateSize--xmlAllocParserInputBuffer
SUMMARY: AddressSanitizer: heap-use-after-free /src/llvm/projects/compiler-rt/lib/asan/asan_interceptors_memintrinsics.cc:23 in __asan_memcpy
Shadow bytes around the buggy address:
  0x0c4a7fff84e0: fa fa fa fa fa fa fa fa fa fa fa fa fa fa fa fa
  0x0c4a7fff84f0: fa fa fa fa fa fa fa fa fa fa fa fa fa fa fa fa
  0x0c4a7fff8500: fa fa fa fa fa fa fa fa fa fa fa fa fa fa fa fa
  0x0c4a7fff8510: fa fa fa fa fa fa fa fa fa fa fa fa fa fa fa fa
  0x0c4a7fff8520: fd fd fd fd fd fd fd fd fd fd fd fd fd fd fd fd
=>0x0c4a7fff8530: fd fd[fd]fd fd fd fd fd fd fd fd fd fd fd fd fd
  0x0c4a7fff8540: fd fd fd fd fd fd fd fd fd fd fd fd fd fd fd fd
  0x0c4a7fff8550: fd fd fd fd fd fd fd fd fd fd fd fd fd fd fd fd
  0x0c4a7fff8560: fd fd fd fd fd fd fd fd fd fd fd fd fd fd fd fd
  0x0c4a7fff8570: fd fd fd fd fd fd fd fd fd fd fd fd fd fd fd fd
  0x0c4a7fff8580: fd fd fd fd fd fd fd fd fd fd fd fd fd fd fd fd
Shadow byte legend (one shadow byte represents 8 application bytes):
  Addressable:           00
  Partially addressable: 01 02 03 04 05 06 07 
  Heap left redzone:       fa
  Freed heap region:       fd
  Stack left redzone:      f1
  Stack mid redzone:       f2
  Stack right redzone:     f3
  Stack after return:      f5
  Stack use after scope:   f8
  Global redzone:          f9
  Global init order:       f6
  Poisoned by user:        f7
  Container overflow:      fc
  Array cookie:            ac
  Intra object redzone:    bb
  ASan internal:           fe
  Left alloca redzone:     ca
  Right alloca redzone:    cb
  Shadow gap:              cc
==7==ABORTING
