INFO: Seed: 3223674554
INFO: Loaded 1 modules   (32091 inline 8-bit counters): 32091 [0xae6308, 0xaee063), 
INFO: Loaded 1 PC tables (32091 PCs): 32091 [0xaee068,0xb6b618), 
/out/av1_dec_fuzzer: Running 1 inputs 1 time(s) each.
Running: /tmp/poc
/src/aom/av1/common/av1_loopfilter.c:1326:51: runtime error: index 255 out of bounds for type 'loop_filter_thresh const[64]'
    #0 0x5a6c8e in filter_selectively_horiz /src/aom/av1/common/av1_loopfilter.c:1326:51
    #1 0x5a5fbb in av1_filter_block_plane_bitmask_horz /src/aom/av1/common/av1_loopfilter.c:1766:7
    #2 0x5aa6a8 in loop_filter_rows /src/aom/av1/common/av1_loopfilter.c:2379:13
    #3 0x5aa6a8 in av1_loop_filter_frame /src/aom/av1/common/av1_loopfilter.c:2466
    #4 0x484cfe in av1_decode_tg_tiles_and_wrapup /src/aom/av1/decoder/decodeframe.c:5524:9
    #5 0x4bad54 in read_one_tile_group_obu /src/aom/av1/decoder/obu.c:342:3
    #6 0x4bad54 in aom_decode_frame_from_obus /src/aom/av1/decoder/obu.c:783
    #7 0x4b2666 in av1_receive_compressed_data /src/aom/av1/decoder/decoder.c:500:7
    #8 0x47518d in frame_worker_hook /src/aom/av1/av1_dx_iface.c:357:16
    #9 0x593f2d in execute /src/aom/aom_util/aom_thread.c:153:27
    #10 0x47169a in decode_one /src/aom/av1/av1_dx_iface.c:515:3
    #11 0x47169a in decoder_decode /src/aom/av1/av1_dx_iface.c:604
    #12 0x46c26b in aom_codec_decode /src/aom/aom/src/aom_decoder.c:109:11
    #13 0x46b6df in LLVMFuzzerTestOneInput /src/av1_dec_fuzzer.cc:53:9
    #14 0x4468b7 in fuzzer::Fuzzer::ExecuteCallback(unsigned char const*, unsigned long) /src/libfuzzer/FuzzerLoop.cpp:570:15
    #15 0x43720d in fuzzer::RunOneTest(fuzzer::Fuzzer*, char const*, unsigned long) /src/libfuzzer/FuzzerDriver.cpp:280:6
    #16 0x43b12b in fuzzer::FuzzerDriver(int*, char***, int (*)(unsigned char const*, unsigned long)) /src/libfuzzer/FuzzerDriver.cpp:713:9
    #17 0x436ef8 in main /src/libfuzzer/FuzzerMain.cpp:20:10
    #18 0x7804dfd4083f in __libc_start_main (/lib/x86_64-linux-gnu/libc.so.6+0x2083f)
    #19 0x40bf68 in _start (/out/av1_dec_fuzzer+0x40bf68)

DEDUP_TOKEN: filter_selectively_horiz--av1_filter_block_plane_bitmask_horz--loop_filter_rows
SUMMARY: UndefinedBehaviorSanitizer: undefined-behavior /src/aom/av1/common/av1_loopfilter.c:1326:51 in 
