INFO: Seed: 3224090584
INFO: Loaded 1 modules   (31865 inline 8-bit counters): 31865 [0xadaee8, 0xae2b61), 
INFO: Loaded 1 PC tables (31865 PCs): 31865 [0xae2b68,0xb5f2f8), 
/out/av1_dec_fuzzer: Running 1 inputs 1 time(s) each.
Running: /tmp/poc
Warning: Read invalid frame size (4280295456)
/src/aom/av1/decoder/decodeframe.c:4755:13: runtime error: index 7 out of bounds for type 'RefBuffer [7]'
    #0 0x47f9d7 in show_existing_frame_reset /src/aom/av1/decoder/decodeframe.c:4755:48
    #1 0x47f9d7 in read_uncompressed_header /src/aom/av1/decoder/decodeframe.c:4874
    #2 0x476c98 in av1_decode_frame_headers_and_setup /src/aom/av1/decoder/decodeframe.c:5465:3
    #3 0x4b7fe1 in read_frame_header_obu /src/aom/av1/decoder/obu.c:292:10
    #4 0x4b7fe1 in aom_decode_frame_from_obus /src/aom/av1/decoder/obu.c:769
    #5 0x4afa04 in av1_receive_compressed_data /src/aom/av1/decoder/decoder.c:516:7
    #6 0x47490d in frame_worker_hook /src/aom/av1/av1_dx_iface.c:353:16
    #7 0x594efd in execute /src/aom/aom_util/aom_thread.c:163:27
    #8 0x470f6a in decode_one /src/aom/av1/av1_dx_iface.c:491:3
    #9 0x470f6a in decoder_decode /src/aom/av1/av1_dx_iface.c:619
    #10 0x46b83b in aom_codec_decode /src/aom/aom/src/aom_decoder.c:106:11
    #11 0x46a997 in LLVMFuzzerTestOneInput /src/av1_dec_fuzzer.cc:58:9
    #12 0x4470c8 in fuzzer::Fuzzer::ExecuteCallback(unsigned char const*, unsigned long) /src/libfuzzer/FuzzerLoop.cpp:571:15
    #13 0x4376e2 in fuzzer::RunOneTest(fuzzer::Fuzzer*, char const*, unsigned long) /src/libfuzzer/FuzzerDriver.cpp:280:6
    #14 0x43b35b in fuzzer::FuzzerDriver(int*, char***, int (*)(unsigned char const*, unsigned long)) /src/libfuzzer/FuzzerDriver.cpp:713:9
    #15 0x437468 in main /src/libfuzzer/FuzzerMain.cpp:20:10
    #16 0x78316727a83f in __libc_start_main (/lib/x86_64-linux-gnu/libc.so.6+0x2083f)
    #17 0x40bee8 in _start (/out/av1_dec_fuzzer+0x40bee8)

DEDUP_TOKEN: show_existing_frame_reset--read_uncompressed_header--av1_decode_frame_headers_and_setup
SUMMARY: UndefinedBehaviorSanitizer: undefined-behavior /src/aom/av1/decoder/decodeframe.c:4755:13 in 
