Unable to find image 'n132/arvo:12419-vul' locally
12419-vul: Pulling from n132/arvo
b849b56b69e7: Already exists
42986ef25bcd: Already exists
d927c1b717ec: Already exists
15b86ea20233: Already exists
917bb8dc4d29: Pulling fs layer
9a790fec6cfb: Pulling fs layer
3300b1cfbfa3: Pulling fs layer
6c15efab4388: Pulling fs layer
602169467ce8: Pulling fs layer
ae90237c1692: Pulling fs layer
720cf4b3c6af: Pulling fs layer
684953596728: Pulling fs layer
af6d2b11e556: Pulling fs layer
1664d7053bd5: Pulling fs layer
098f22b122ec: Pulling fs layer
6b8b3025ccaa: Pulling fs layer
1086a7565688: Pulling fs layer
e6b80490a758: Pulling fs layer
720cf4b3c6af: Waiting
126562fd30d6: Pulling fs layer
684953596728: Waiting
4b1523473534: Pulling fs layer
6b8b3025ccaa: Waiting
e6b80490a758: Waiting
1086a7565688: Waiting
098f22b122ec: Waiting
126562fd30d6: Waiting
af6d2b11e556: Waiting
1664d7053bd5: Waiting
4f4fb700ef54: Pulling fs layer
6c15efab4388: Waiting
4b1523473534: Waiting
6488d4b0e49b: Pulling fs layer
602169467ce8: Waiting
4f4fb700ef54: Waiting
ae90237c1692: Waiting
f4652056c68f: Pulling fs layer
1bd4de8b1fe5: Pulling fs layer
6488d4b0e49b: Waiting
f4652056c68f: Waiting
bbe425fa1a21: Pulling fs layer
1bd4de8b1fe5: Waiting
bbe425fa1a21: Waiting
3300b1cfbfa3: Verifying Checksum
3300b1cfbfa3: Download complete
9a790fec6cfb: Verifying Checksum
9a790fec6cfb: Download complete
602169467ce8: Verifying Checksum
602169467ce8: Download complete
917bb8dc4d29: Verifying Checksum
917bb8dc4d29: Download complete
917bb8dc4d29: Pull complete
9a790fec6cfb: Pull complete
3300b1cfbfa3: Pull complete
720cf4b3c6af: Verifying Checksum
720cf4b3c6af: Download complete
ae90237c1692: Verifying Checksum
ae90237c1692: Download complete
684953596728: Verifying Checksum
684953596728: Download complete
af6d2b11e556: Verifying Checksum
af6d2b11e556: Download complete
1664d7053bd5: Verifying Checksum
1664d7053bd5: Download complete
098f22b122ec: Download complete
1086a7565688: Verifying Checksum
1086a7565688: Download complete
6b8b3025ccaa: Verifying Checksum
6b8b3025ccaa: Download complete
e6b80490a758: Verifying Checksum
e6b80490a758: Download complete
6c15efab4388: Verifying Checksum
6c15efab4388: Download complete
4f4fb700ef54: Verifying Checksum
4f4fb700ef54: Download complete
4b1523473534: Verifying Checksum
4b1523473534: Download complete
126562fd30d6: Verifying Checksum
126562fd30d6: Download complete
6488d4b0e49b: Verifying Checksum
6488d4b0e49b: Download complete
f4652056c68f: Download complete
1bd4de8b1fe5: Verifying Checksum
1bd4de8b1fe5: Download complete
bbe425fa1a21: Verifying Checksum
bbe425fa1a21: Download complete
6c15efab4388: Pull complete
602169467ce8: Pull complete
ae90237c1692: Pull complete
720cf4b3c6af: Pull complete
684953596728: Pull complete
af6d2b11e556: Pull complete
1664d7053bd5: Pull complete
098f22b122ec: Pull complete
6b8b3025ccaa: Pull complete
1086a7565688: Pull complete
e6b80490a758: Pull complete
126562fd30d6: Pull complete
4b1523473534: Pull complete
4f4fb700ef54: Pull complete
6488d4b0e49b: Pull complete
f4652056c68f: Pull complete
1bd4de8b1fe5: Pull complete
bbe425fa1a21: Pull complete
Digest: sha256:cd7d40daa3d76689802d66460c8a80bd5969c7813d7b9b4902c9d77e432a815e
Status: Downloaded newer image for n132/arvo:12419-vul
