Unable to find image 'n132/arvo:1337-vul' locally
1337-vul: Pulling from n132/arvo
d16fc20e681d: Already exists
63f1c4e4b781: Already exists
fb4d3bb1280c: Already exists
8038895a6c2e: Already exists
43fa392d948c: Already exists
269c60a1465b: Already exists
962cf29a2bb7: Already exists
48dcb286890a: Already exists
0cede67fb003: Already exists
3c826b7674fb: Already exists
8387efc1ffde: Already exists
911ca8932ada: Already exists
8e7f672d6b82: Already exists
9d1a80471d30: Already exists
331bc47ffa98: Already exists
4dd0ee41b4a3: Pulling fs layer
50aab5052064: Pulling fs layer
feff4e987f00: Pulling fs layer
8fd7d43c874c: Pulling fs layer
ac4300400e47: Pulling fs layer
b4f053f4ef83: Pulling fs layer
6a762446a780: Pulling fs layer
5c653f10fba1: Pulling fs layer
b070f739d7d5: Pulling fs layer
ac4300400e47: Waiting
b4f053f4ef83: Waiting
6a762446a780: Waiting
4dd0ee41b4a3: Waiting
feff4e987f00: Waiting
50aab5052064: Waiting
5c653f10fba1: Waiting
bb5c3c8a7a66: Pulling fs layer
8fd7d43c874c: Waiting
b070f739d7d5: Waiting
69cbf5126ba2: Pulling fs layer
e573b4c95c7d: Pulling fs layer
170727c3263a: Pulling fs layer
e4a47647f21b: Pulling fs layer
26ff35956597: Pulling fs layer
030ff5ef319f: Pulling fs layer
d915868e0c3b: Pulling fs layer
9fe0ecb2a35b: Pulling fs layer
cb0eaaefd60c: Pulling fs layer
bb5c3c8a7a66: Waiting
d915868e0c3b: Waiting
f5d73d1f88a9: Pulling fs layer
69cbf5126ba2: Waiting
170727c3263a: Waiting
832b504466da: Pulling fs layer
9fe0ecb2a35b: Waiting
e4a47647f21b: Waiting
e573b4c95c7d: Waiting
26ff35956597: Waiting
cb0eaaefd60c: Waiting
08e066f0dde1: Pulling fs layer
030ff5ef319f: Waiting
832b504466da: Waiting
68ef13e00a0f: Pulling fs layer
4fa6057fdd5a: Pulling fs layer
1fa9dbce3058: Pulling fs layer
1310648fd247: Pulling fs layer
c17147f22aa8: Pulling fs layer
b2c5239da612: Pulling fs layer
adb60d7ecfa3: Pulling fs layer
b0d009f81fa7: Pulling fs layer
7814b9e1dea4: Pulling fs layer
6a052ce7815d: Pulling fs layer
4fa6057fdd5a: Waiting
adb60d7ecfa3: Waiting
b0d009f81fa7: Waiting
08e066f0dde1: Waiting
c17147f22aa8: Waiting
6d87caecdb0f: Pulling fs layer
b2c5239da612: Waiting
1fa9dbce3058: Waiting
1310648fd247: Waiting
68ef13e00a0f: Waiting
7814b9e1dea4: Waiting
4eea527dd9f7: Pulling fs layer
6a052ce7815d: Waiting
6d87caecdb0f: Waiting
2bc0bc00657e: Pulling fs layer
62c92379100a: Pulling fs layer
4eea527dd9f7: Waiting
2bc0bc00657e: Waiting
62c92379100a: Waiting
4dd0ee41b4a3: Verifying Checksum
4dd0ee41b4a3: Download complete
50aab5052064: Verifying Checksum
50aab5052064: Download complete
4dd0ee41b4a3: Pull complete
50aab5052064: Pull complete
feff4e987f00: Verifying Checksum
feff4e987f00: Download complete
ac4300400e47: Verifying Checksum
ac4300400e47: Download complete
b4f053f4ef83: Verifying Checksum
b4f053f4ef83: Download complete
feff4e987f00: Pull complete
6a762446a780: Verifying Checksum
6a762446a780: Download complete
5c653f10fba1: Verifying Checksum
5c653f10fba1: Download complete
b070f739d7d5: Verifying Checksum
b070f739d7d5: Download complete
bb5c3c8a7a66: Verifying Checksum
bb5c3c8a7a66: Download complete
8fd7d43c874c: Verifying Checksum
8fd7d43c874c: Download complete
69cbf5126ba2: Verifying Checksum
69cbf5126ba2: Download complete
e573b4c95c7d: Verifying Checksum
e573b4c95c7d: Download complete
170727c3263a: Verifying Checksum
170727c3263a: Download complete
e4a47647f21b: Verifying Checksum
e4a47647f21b: Download complete
8fd7d43c874c: Pull complete
26ff35956597: Download complete
ac4300400e47: Pull complete
b4f053f4ef83: Pull complete
6a762446a780: Pull complete
5c653f10fba1: Pull complete
b070f739d7d5: Pull complete
bb5c3c8a7a66: Pull complete
d915868e0c3b: Verifying Checksum
d915868e0c3b: Download complete
69cbf5126ba2: Pull complete
030ff5ef319f: Verifying Checksum
030ff5ef319f: Download complete
e573b4c95c7d: Pull complete
170727c3263a: Pull complete
e4a47647f21b: Pull complete
26ff35956597: Pull complete
030ff5ef319f: Pull complete
d915868e0c3b: Pull complete
9fe0ecb2a35b: Verifying Checksum
9fe0ecb2a35b: Download complete
9fe0ecb2a35b: Pull complete
cb0eaaefd60c: Download complete
cb0eaaefd60c: Pull complete
832b504466da: Verifying Checksum
832b504466da: Download complete
08e066f0dde1: Verifying Checksum
08e066f0dde1: Download complete
68ef13e00a0f: Verifying Checksum
68ef13e00a0f: Download complete
f5d73d1f88a9: Verifying Checksum
f5d73d1f88a9: Download complete
f5d73d1f88a9: Pull complete
832b504466da: Pull complete
08e066f0dde1: Pull complete
68ef13e00a0f: Pull complete
1fa9dbce3058: Verifying Checksum
1fa9dbce3058: Download complete
4fa6057fdd5a: Download complete
4fa6057fdd5a: Pull complete
1fa9dbce3058: Pull complete
c17147f22aa8: Verifying Checksum
c17147f22aa8: Download complete
1310648fd247: Verifying Checksum
1310648fd247: Download complete
1310648fd247: Pull complete
c17147f22aa8: Pull complete
adb60d7ecfa3: Verifying Checksum
adb60d7ecfa3: Download complete
b2c5239da612: Verifying Checksum
b2c5239da612: Download complete
b2c5239da612: Pull complete
adb60d7ecfa3: Pull complete
b0d009f81fa7: Verifying Checksum
b0d009f81fa7: Download complete
b0d009f81fa7: Pull complete
7814b9e1dea4: Verifying Checksum
7814b9e1dea4: Download complete
7814b9e1dea4: Pull complete
6d87caecdb0f: Verifying Checksum
6d87caecdb0f: Download complete
4eea527dd9f7: Verifying Checksum
4eea527dd9f7: Download complete
62c92379100a: Verifying Checksum
62c92379100a: Download complete
6a052ce7815d: Verifying Checksum
6a052ce7815d: Pull complete
6d87caecdb0f: Pull complete
4eea527dd9f7: Pull complete
2bc0bc00657e: Verifying Checksum
2bc0bc00657e: Download complete
2bc0bc00657e: Pull complete
62c92379100a: Pull complete
Digest: sha256:ac1c1ce3563937a349cae51eb2d28a8f7e3d1471e37b5801fc07d18b98bf30dd
Status: Downloaded newer image for n132/arvo:1337-vul
