INFO: Seed: 3745107688
INFO: Loaded 1 modules (13987 guards): [0xc27df0, 0xc3587c), 
/out/ffmpeg_AV_CODEC_ID_TIERTEXSEQVIDEO_fuzzer: Running 1 inputs 1 time(s) each.
Running: /tmp/poc
=================================================================
==7==ERROR: AddressSanitizer: heap-buffer-overflow on address 0x7b2facca1838 at pc 0x000000550395 bp 0x7ffca0576330 sp 0x7ffca0576328
WRITE of size 8 at 0x7b2facca1838 thread T0
SCARINESS: 52 (8-byte-write-heap-buffer-overflow-far-from-bounds)
    #0 0x550394 in seq_decode_op2 /src/ffmpeg/libavcodec/tiertexseqv.c:138:9
    #1 0x54ec8c in seqvideo_decode /src/ffmpeg/libavcodec/tiertexseqv.c:200:28
    #2 0x54e17e in seqvideo_decode_frame /src/ffmpeg/libavcodec/tiertexseqv.c:240:9
    #3 0x53571c in decode_simple_internal /src/ffmpeg/libavcodec/decode.c:414:15
    #4 0x534f51 in decode_simple_receive_frame /src/ffmpeg/libavcodec/decode.c:617:15
    #5 0x525f72 in decode_receive_frame_internal /src/ffmpeg/libavcodec/decode.c:635:15
    #6 0x524a2d in avcodec_send_packet /src/ffmpeg/libavcodec/decode.c:675:15
    #7 0x5268d3 in compat_decode /src/ffmpeg/libavcodec/decode.c:730:15
    #8 0x5185e7 in LLVMFuzzerTestOneInput /src/ffmpeg/tools/target_dec_fuzzer.c:213:23
    #9 0x799d34 in fuzzer::Fuzzer::ExecuteCallback(unsigned char const*, unsigned long) /src/libfuzzer/FuzzerLoop.cpp:440:13
    #10 0x79a04e in fuzzer::Fuzzer::RunOne(unsigned char const*, unsigned long) /src/libfuzzer/FuzzerLoop.cpp:397:3
    #11 0x78c870 in fuzzer::RunOneTest(fuzzer::Fuzzer*, char const*, unsigned long) /src/libfuzzer/FuzzerDriver.cpp:268:6
    #12 0x790790 in fuzzer::FuzzerDriver(int*, char***, int (*)(unsigned char const*, unsigned long)) /src/libfuzzer/FuzzerDriver.cpp:682:9
    #13 0x78c56c in main /src/libfuzzer/FuzzerMain.cpp:20:10
    #14 0x7b2fabd1c83f in __libc_start_main (/lib/x86_64-linux-gnu/libc.so.6+0x2083f)
    #15 0x41c908 in _start (/out/ffmpeg_AV_CODEC_ID_TIERTEXSEQVIDEO_fuzzer+0x41c908)

DEDUP_TOKEN: seq_decode_op2--seqvideo_decode--seqvideo_decode_frame
0x7b2facca1838 is located 9 bytes to the right of 229423-byte region [0x7b2facc69800,0x7b2facca182f)
allocated by thread T0 here:
    #0 0x4dc070 in __interceptor_posix_memalign /src/llvm/projects/compiler-rt/lib/asan/asan_malloc_linux.cc:142
    #1 0x7352d4 in av_malloc /src/ffmpeg/libavutil/mem.c:87:9
    #2 0x6f5b89 in av_buffer_alloc /src/ffmpeg/libavutil/buffer.c:72:12
    #3 0x6f5c6e in av_buffer_allocz /src/ffmpeg/libavutil/buffer.c:85:24
    #4 0x6f8ccf in pool_alloc_buffer /src/ffmpeg/libavutil/buffer.c:313:26
    #5 0x6f86d8 in av_buffer_pool_get /src/ffmpeg/libavutil/buffer.c:349:15
    #6 0x52ec89 in video_get_buffer /src/ffmpeg/libavcodec/decode.c:1378:23
    #7 0x532b8b in get_buffer_internal /src/ffmpeg/libavcodec/decode.c:1604:11
    #8 0x532479 in ff_get_buffer /src/ffmpeg/libavcodec/decode.c:1619:15
    #9 0x533cc3 in reget_buffer_internal /src/ffmpeg/libavcodec/decode.c:1643:16
    #10 0x533641 in ff_reget_buffer /src/ffmpeg/libavcodec/decode.c:1668:15
    #11 0x54e159 in seqvideo_decode_frame /src/ffmpeg/libavcodec/tiertexseqv.c:237:16
    #12 0x53571c in decode_simple_internal /src/ffmpeg/libavcodec/decode.c:414:15
    #13 0x534f51 in decode_simple_receive_frame /src/ffmpeg/libavcodec/decode.c:617:15
    #14 0x525f72 in decode_receive_frame_internal /src/ffmpeg/libavcodec/decode.c:635:15
    #15 0x524a2d in avcodec_send_packet /src/ffmpeg/libavcodec/decode.c:675:15
    #16 0x5268d3 in compat_decode /src/ffmpeg/libavcodec/decode.c:730:15
    #17 0x5185e7 in LLVMFuzzerTestOneInput /src/ffmpeg/tools/target_dec_fuzzer.c:213:23
    #18 0x799d34 in fuzzer::Fuzzer::ExecuteCallback(unsigned char const*, unsigned long) /src/libfuzzer/FuzzerLoop.cpp:440:13
    #19 0x79a04e in fuzzer::Fuzzer::RunOne(unsigned char const*, unsigned long) /src/libfuzzer/FuzzerLoop.cpp:397:3
    #20 0x78c870 in fuzzer::RunOneTest(fuzzer::Fuzzer*, char const*, unsigned long) /src/libfuzzer/FuzzerDriver.cpp:268:6
    #21 0x790790 in fuzzer::FuzzerDriver(int*, char***, int (*)(unsigned char const*, unsigned long)) /src/libfuzzer/FuzzerDriver.cpp:682:9
    #22 0x78c56c in main /src/libfuzzer/FuzzerMain.cpp:20:10
    #23 0x7b2fabd1c83f in __libc_start_main (/lib/x86_64-linux-gnu/libc.so.6+0x2083f)

DEDUP_TOKEN: __interceptor_posix_memalign--av_malloc--av_buffer_alloc
SUMMARY: AddressSanitizer: heap-buffer-overflow /src/ffmpeg/libavcodec/tiertexseqv.c:138:9 in seq_decode_op2
Shadow bytes around the buggy address:
  0x0f667598c2b0: 00 00 00 00 00 00 00 00 00 00 00 00 00 00 00 00
  0x0f667598c2c0: 00 00 00 00 00 00 00 00 00 00 00 00 00 00 00 00
  0x0f667598c2d0: 00 00 00 00 00 00 00 00 00 00 00 00 00 00 00 00
  0x0f667598c2e0: 00 00 00 00 00 00 00 00 00 00 00 00 00 00 00 00
  0x0f667598c2f0: 00 00 00 00 00 00 00 00 00 00 00 00 00 00 00 00
=>0x0f667598c300: 00 00 00 00 00 07 fa[fa]fa fa fa fa fa fa fa fa
  0x0f667598c310: fa fa fa fa fa fa fa fa fa fa fa fa fa fa fa fa
  0x0f667598c320: fa fa fa fa fa fa fa fa fa fa fa fa fa fa fa fa
  0x0f667598c330: fa fa fa fa fa fa fa fa fa fa fa fa fa fa fa fa
  0x0f667598c340: fa fa fa fa fa fa fa fa fa fa fa fa fa fa fa fa
  0x0f667598c350: fa fa fa fa fa fa fa fa fa fa fa fa fa fa fa fa
Shadow byte legend (one shadow byte represents 8 application bytes):
  Addressable:           00
  Partially addressable: 01 02 03 04 05 06 07 
  Heap left redzone:       fa
  Freed heap region:       fd
  Stack left redzone:      f1
  Stack mid redzone:       f2
  Stack right redzone:     f3
  Stack after return:      f5
  Stack use after scope:   f8
  Global redzone:          f9
  Global init order:       f6
  Poisoned by user:        f7
  Container overflow:      fc
  Array cookie:            ac
  Intra object redzone:    bb
  ASan internal:           fe
  Left alloca redzone:     ca
  Right alloca redzone:    cb
==7==ABORTING
