Unable to find image 'n132/arvo:13730-vul' locally
13730-vul: Pulling from n132/arvo
34667c7e4631: Already exists
d18d76a881a4: Already exists
119c7358fbfc: Already exists
2aaf13f3eff0: Already exists
e1f245c345b9: Pulling fs layer
b30142315aee: Pulling fs layer
cc000de2746f: Pulling fs layer
d358a7e03ad4: Pulling fs layer
3c1de78ad4c1: Pulling fs layer
54de537a6786: Pulling fs layer
14f07e8dcc7a: Pulling fs layer
9cfdda7650f9: Pulling fs layer
7de0d47f6019: Pulling fs layer
b471c671e398: Pulling fs layer
0d033e078102: Pulling fs layer
9af3b8353acd: Pulling fs layer
bc567e2e00b1: Pulling fs layer
688c86f426d7: Pulling fs layer
c8364d2cdd9e: Pulling fs layer
5a07af7834af: Pulling fs layer
cbddcd1a4412: Pulling fs layer
14f07e8dcc7a: Waiting
7f82e918ddcd: Pulling fs layer
9cfdda7650f9: Waiting
2a650073c8e0: Pulling fs layer
7de0d47f6019: Waiting
d269bdbe5561: Pulling fs layer
9c594e9df27d: Pulling fs layer
b471c671e398: Waiting
4f4fb700ef54: Pulling fs layer
b74c63d0afd0: Pulling fs layer
1af726691046: Pulling fs layer
4b4e170fa01b: Pulling fs layer
0d033e078102: Waiting
8fc71220938b: Pulling fs layer
9af3b8353acd: Waiting
490b6b95d0a5: Pulling fs layer
688c86f426d7: Waiting
bc567e2e00b1: Waiting
54de537a6786: Waiting
cbddcd1a4412: Waiting
c8364d2cdd9e: Waiting
d358a7e03ad4: Waiting
b74c63d0afd0: Waiting
7f82e918ddcd: Waiting
2a650073c8e0: Waiting
3c1de78ad4c1: Waiting
1af726691046: Waiting
5a07af7834af: Waiting
d269bdbe5561: Waiting
4f4fb700ef54: Waiting
9c594e9df27d: Waiting
490b6b95d0a5: Waiting
8fc71220938b: Waiting
cc000de2746f: Verifying Checksum
cc000de2746f: Download complete
b30142315aee: Download complete
3c1de78ad4c1: Download complete
54de537a6786: Verifying Checksum
54de537a6786: Download complete
e1f245c345b9: Verifying Checksum
e1f245c345b9: Download complete
e1f245c345b9: Pull complete
b30142315aee: Pull complete
14f07e8dcc7a: Verifying Checksum
14f07e8dcc7a: Download complete
9cfdda7650f9: Verifying Checksum
9cfdda7650f9: Download complete
cc000de2746f: Pull complete
7de0d47f6019: Verifying Checksum
7de0d47f6019: Download complete
b471c671e398: Verifying Checksum
b471c671e398: Download complete
0d033e078102: Verifying Checksum
0d033e078102: Download complete
bc567e2e00b1: Verifying Checksum
bc567e2e00b1: Download complete
688c86f426d7: Verifying Checksum
688c86f426d7: Download complete
c8364d2cdd9e: Verifying Checksum
c8364d2cdd9e: Download complete
d358a7e03ad4: Verifying Checksum
d358a7e03ad4: Download complete
9af3b8353acd: Verifying Checksum
9af3b8353acd: Download complete
5a07af7834af: Verifying Checksum
5a07af7834af: Download complete
cbddcd1a4412: Verifying Checksum
cbddcd1a4412: Download complete
7f82e918ddcd: Verifying Checksum
7f82e918ddcd: Download complete
2a650073c8e0: Download complete
4f4fb700ef54: Verifying Checksum
4f4fb700ef54: Download complete
b74c63d0afd0: Verifying Checksum
b74c63d0afd0: Download complete
9c594e9df27d: Verifying Checksum
9c594e9df27d: Download complete
1af726691046: Verifying Checksum
1af726691046: Download complete
4b4e170fa01b: Verifying Checksum
4b4e170fa01b: Download complete
d358a7e03ad4: Pull complete
d269bdbe5561: Verifying Checksum
d269bdbe5561: Download complete
3c1de78ad4c1: Pull complete
490b6b95d0a5: Verifying Checksum
490b6b95d0a5: Download complete
54de537a6786: Pull complete
14f07e8dcc7a: Pull complete
9cfdda7650f9: Pull complete
8fc71220938b: Verifying Checksum
8fc71220938b: Download complete
7de0d47f6019: Pull complete
b471c671e398: Pull complete
0d033e078102: Pull complete
9af3b8353acd: Pull complete
bc567e2e00b1: Pull complete
688c86f426d7: Pull complete
c8364d2cdd9e: Pull complete
5a07af7834af: Pull complete
cbddcd1a4412: Pull complete
7f82e918ddcd: Pull complete
2a650073c8e0: Pull complete
d269bdbe5561: Pull complete
9c594e9df27d: Pull complete
4f4fb700ef54: Pull complete
b74c63d0afd0: Pull complete
1af726691046: Pull complete
4b4e170fa01b: Pull complete
8fc71220938b: Pull complete
490b6b95d0a5: Pull complete
Digest: sha256:2f572f6e50f22c200dbcb251eb200a3cbcc6a586c2e9ca474cdcdab9d724f9e6
Status: Downloaded newer image for n132/arvo:13730-vul
