INFO: Seed: 3887748033
INFO: Loaded 0 modules (0 guards): 
/out/ffmpeg_AV_CODEC_ID_MIMIC_fuzzer: Running 1 inputs 1 time(s) each.
Running: /tmp/poc
libavcodec/mimic.c:263:17: runtime error: index 96 out of bounds for type 'const int8_t [64]'
    #0 0x435bc1 in vlc_decode_block /src/ffmpeg/libavcodec/mimic.c:263:17
    #1 0x43549f in decode /src/ffmpeg/libavcodec/mimic.c:299:36
    #2 0x435026 in mimic_decode_frame /src/ffmpeg/libavcodec/mimic.c:432:11
    #3 0x433800 in decode_simple_internal /src/ffmpeg/libavcodec/decode.c:417:15
    #4 0x433654 in decode_simple_receive_frame /src/ffmpeg/libavcodec/decode.c:620:15
    #5 0x4308d2 in decode_receive_frame_internal /src/ffmpeg/libavcodec/decode.c:638:15
    #6 0x4303db in avcodec_send_packet /src/ffmpeg/libavcodec/decode.c:678:15
    #7 0x430db1 in compat_decode /src/ffmpeg/libavcodec/decode.c:847:15
    #8 0x42dff1 in LLVMFuzzerTestOneInput /src/ffmpeg/tools/target_dec_fuzzer.c:216:23
    #9 0x51234d in fuzzer::Fuzzer::ExecuteCallback(unsigned char const*, unsigned long) /src/libfuzzer/FuzzerLoop.cpp:458:13
    #10 0x512727 in fuzzer::Fuzzer::RunOne(unsigned char const*, unsigned long) /src/libfuzzer/FuzzerLoop.cpp:397:3
    #11 0x503858 in fuzzer::RunOneTest(fuzzer::Fuzzer*, char const*, unsigned long) /src/libfuzzer/FuzzerDriver.cpp:268:6
    #12 0x507cf8 in fuzzer::FuzzerDriver(int*, char***, int (*)(unsigned char const*, unsigned long)) /src/libfuzzer/FuzzerDriver.cpp:683:9
    #13 0x5034bc in main /src/libfuzzer/FuzzerMain.cpp:20:10
    #14 0x7f6269d3083f in __libc_start_main (/lib/x86_64-linux-gnu/libc.so.6+0x2083f)
    #15 0x406c68 in _start (/out/ffmpeg_AV_CODEC_ID_MIMIC_fuzzer+0x406c68)

DEDUP_TOKEN: vlc_decode_block--decode--mimic_decode_frame
SUMMARY: UndefinedBehaviorSanitizer: undefined-behavior libavcodec/mimic.c:263:17 in 
