Unable to find image 'n132/arvo:1513-vul' locally
1513-vul: Pulling from n132/arvo
d16fc20e681d: Already exists
63f1c4e4b781: Already exists
fb4d3bb1280c: Already exists
8038895a6c2e: Already exists
43fa392d948c: Already exists
acb324eaf143: Already exists
2d869ded115f: Already exists
33f51ca5dba0: Already exists
2e24ca0e8f73: Already exists
fcd73e9b9751: Already exists
240423bcfba4: Already exists
d5077c143141: Already exists
2d5a31a2dd25: Already exists
c655debf496a: Already exists
de9124ff0e0f: Already exists
a4b32c6bc543: Pulling fs layer
8b20f39a0e09: Pulling fs layer
fa66e2cf3f26: Pulling fs layer
b1a3c185e902: Pulling fs layer
1719a7c6d6d9: Pulling fs layer
b157c55e8bee: Pulling fs layer
dadebdb3bc15: Pulling fs layer
a4b32c6bc543: Waiting
a3c6fed1e9e9: Pulling fs layer
8b20f39a0e09: Waiting
0e01c7f2d5a6: Pulling fs layer
fa66e2cf3f26: Waiting
d6fa005dc4b7: Pulling fs layer
61d0249edef9: Pulling fs layer
31605dc67fd8: Pulling fs layer
dadebdb3bc15: Waiting
91d8f756c232: Pulling fs layer
a3c6fed1e9e9: Waiting
0e01c7f2d5a6: Waiting
1000acd15c60: Pulling fs layer
b1a3c185e902: Waiting
d6fa005dc4b7: Waiting
1719a7c6d6d9: Waiting
537a0ba62529: Pulling fs layer
b157c55e8bee: Waiting
1000acd15c60: Waiting
47e44a9e7160: Pulling fs layer
1bb050a93c1d: Pulling fs layer
537a0ba62529: Waiting
f9fed8c53203: Pulling fs layer
10640fe2a256: Pulling fs layer
47e44a9e7160: Waiting
1bb050a93c1d: Waiting
8e1c95bef313: Pulling fs layer
f9fed8c53203: Waiting
f94f21a5d1ad: Pulling fs layer
10640fe2a256: Waiting
65dab17d4aa9: Pulling fs layer
8e1c95bef313: Waiting
de4a1804547c: Pulling fs layer
f94f21a5d1ad: Waiting
a7e27f24cba5: Pulling fs layer
19e5a2543a90: Pulling fs layer
65dab17d4aa9: Waiting
de4a1804547c: Waiting
605202231a23: Pulling fs layer
a7e27f24cba5: Waiting
19e5a2543a90: Waiting
ef60b38d4eeb: Pulling fs layer
13928c65e79b: Pulling fs layer
6ca473fa5efa: Pulling fs layer
df4104988821: Pulling fs layer
0addcc04be6d: Pulling fs layer
b0a315d2a28d: Pulling fs layer
a0bad26b57af: Pulling fs layer
a1d3eef11c74: Pulling fs layer
a2b908cc404d: Pulling fs layer
605202231a23: Waiting
846eb35fda7c: Pulling fs layer
ef60b38d4eeb: Waiting
b0a315d2a28d: Waiting
0addcc04be6d: Waiting
13928c65e79b: Waiting
df4104988821: Waiting
846eb35fda7c: Waiting
a0bad26b57af: Waiting
a1d3eef11c74: Waiting
6ca473fa5efa: Waiting
a4b32c6bc543: Verifying Checksum
a4b32c6bc543: Download complete
8b20f39a0e09: Verifying Checksum
8b20f39a0e09: Download complete
a4b32c6bc543: Pull complete
8b20f39a0e09: Pull complete
fa66e2cf3f26: Verifying Checksum
fa66e2cf3f26: Download complete
1719a7c6d6d9: Verifying Checksum
1719a7c6d6d9: Download complete
fa66e2cf3f26: Pull complete
b1a3c185e902: Verifying Checksum
b1a3c185e902: Download complete
b157c55e8bee: Verifying Checksum
b157c55e8bee: Download complete
b1a3c185e902: Pull complete
dadebdb3bc15: Verifying Checksum
dadebdb3bc15: Download complete
a3c6fed1e9e9: Verifying Checksum
a3c6fed1e9e9: Download complete
1719a7c6d6d9: Pull complete
b157c55e8bee: Pull complete
dadebdb3bc15: Pull complete
a3c6fed1e9e9: Pull complete
d6fa005dc4b7: Verifying Checksum
d6fa005dc4b7: Download complete
0e01c7f2d5a6: Verifying Checksum
0e01c7f2d5a6: Download complete
0e01c7f2d5a6: Pull complete
d6fa005dc4b7: Pull complete
61d0249edef9: Verifying Checksum
61d0249edef9: Download complete
61d0249edef9: Pull complete
31605dc67fd8: Verifying Checksum
31605dc67fd8: Download complete
31605dc67fd8: Pull complete
91d8f756c232: Verifying Checksum
91d8f756c232: Download complete
91d8f756c232: Pull complete
1000acd15c60: Verifying Checksum
1000acd15c60: Download complete
1000acd15c60: Pull complete
537a0ba62529: Verifying Checksum
537a0ba62529: Download complete
537a0ba62529: Pull complete
47e44a9e7160: Verifying Checksum
47e44a9e7160: Download complete
47e44a9e7160: Pull complete
1bb050a93c1d: Download complete
1bb050a93c1d: Pull complete
f9fed8c53203: Verifying Checksum
f9fed8c53203: Download complete
f9fed8c53203: Pull complete
10640fe2a256: Verifying Checksum
10640fe2a256: Pull complete
65dab17d4aa9: Verifying Checksum
65dab17d4aa9: Download complete
f94f21a5d1ad: Verifying Checksum
f94f21a5d1ad: Download complete
de4a1804547c: Verifying Checksum
de4a1804547c: Download complete
19e5a2543a90: Verifying Checksum
19e5a2543a90: Download complete
a7e27f24cba5: Verifying Checksum
a7e27f24cba5: Download complete
8e1c95bef313: Verifying Checksum
8e1c95bef313: Download complete
8e1c95bef313: Pull complete
ef60b38d4eeb: Verifying Checksum
ef60b38d4eeb: Download complete
f94f21a5d1ad: Pull complete
65dab17d4aa9: Pull complete
605202231a23: Verifying Checksum
605202231a23: Download complete
de4a1804547c: Pull complete
a7e27f24cba5: Pull complete
19e5a2543a90: Pull complete
605202231a23: Pull complete
ef60b38d4eeb: Pull complete
6ca473fa5efa: Verifying Checksum
6ca473fa5efa: Download complete
0addcc04be6d: Verifying Checksum
0addcc04be6d: Download complete
df4104988821: Verifying Checksum
df4104988821: Download complete
13928c65e79b: Verifying Checksum
13928c65e79b: Download complete
13928c65e79b: Pull complete
6ca473fa5efa: Pull complete
df4104988821: Pull complete
0addcc04be6d: Pull complete
a1d3eef11c74: Verifying Checksum
a1d3eef11c74: Download complete
a0bad26b57af: Verifying Checksum
a0bad26b57af: Download complete
846eb35fda7c: Verifying Checksum
846eb35fda7c: Download complete
b0a315d2a28d: Download complete
b0a315d2a28d: Pull complete
a0bad26b57af: Pull complete
a1d3eef11c74: Pull complete
a2b908cc404d: Verifying Checksum
a2b908cc404d: Download complete
a2b908cc404d: Pull complete
846eb35fda7c: Pull complete
Digest: sha256:e3c719c85420a9355f76ec92ade07c530d3d62e82a741fcb111c9d606f4e30b2
Status: Downloaded newer image for n132/arvo:1513-vul
