Unable to find image 'n132/arvo:1570-vul' locally
1570-vul: Pulling from n132/arvo
d16fc20e681d: Already exists
63f1c4e4b781: Already exists
fb4d3bb1280c: Already exists
8038895a6c2e: Already exists
43fa392d948c: Already exists
acb324eaf143: Already exists
2d869ded115f: Already exists
33f51ca5dba0: Already exists
2e24ca0e8f73: Already exists
fcd73e9b9751: Already exists
240423bcfba4: Already exists
d5077c143141: Already exists
2d5a31a2dd25: Already exists
c655debf496a: Already exists
de9124ff0e0f: Already exists
954d74b055cf: Pulling fs layer
49bc5395dee3: Pulling fs layer
6550fd9e9822: Pulling fs layer
67c975d864c3: Pulling fs layer
e4525528ce66: Pulling fs layer
cfd6b9e86b66: Pulling fs layer
a67d3463c07f: Pulling fs layer
b80338229b91: Pulling fs layer
1aa77b8aa4c7: Pulling fs layer
fa04ed851d87: Pulling fs layer
d11d78a4ea3e: Pulling fs layer
1a103de33873: Pulling fs layer
954d74b055cf: Waiting
cfd6b9e86b66: Waiting
1947a633f6bd: Pulling fs layer
49bc5395dee3: Waiting
a54fb132e879: Pulling fs layer
6550fd9e9822: Waiting
67c975d864c3: Waiting
d50a6e1573c2: Pulling fs layer
a67d3463c07f: Waiting
b80338229b91: Waiting
6ef344a06b9b: Pulling fs layer
e4525528ce66: Waiting
c58cd9247d6a: Pulling fs layer
1a103de33873: Waiting
1947a633f6bd: Waiting
1aa77b8aa4c7: Waiting
a54fb132e879: Waiting
47b0fc0f83e8: Pulling fs layer
fa04ed851d87: Waiting
d11d78a4ea3e: Waiting
6ef344a06b9b: Waiting
a87864a1a82b: Pulling fs layer
d50a6e1573c2: Waiting
b6e1a6767245: Pulling fs layer
c58cd9247d6a: Waiting
47b0fc0f83e8: Waiting
a87864a1a82b: Waiting
6a5a7a601595: Pulling fs layer
0f46892a9c14: Pulling fs layer
623ec4b8739c: Pulling fs layer
32004ab53901: Pulling fs layer
8327fbbc82f8: Pulling fs layer
f3bb9fc6b4c7: Pulling fs layer
67e1d4939488: Pulling fs layer
6b1dc8cee7ca: Pulling fs layer
713e1aae18aa: Pulling fs layer
5f7cadd946de: Pulling fs layer
b6e1a6767245: Waiting
6a0280fc4397: Pulling fs layer
0f46892a9c14: Waiting
6a5a7a601595: Waiting
3a370a3146d7: Pulling fs layer
f3bb9fc6b4c7: Waiting
713e1aae18aa: Waiting
623ec4b8739c: Waiting
6b1dc8cee7ca: Waiting
16bbaa799d71: Pulling fs layer
5f7cadd946de: Waiting
8327fbbc82f8: Waiting
32004ab53901: Waiting
d404ff47278f: Pulling fs layer
6a0280fc4397: Waiting
3a370a3146d7: Waiting
104ebb87d8ee: Pulling fs layer
2f1761cc3a50: Pulling fs layer
d404ff47278f: Waiting
104ebb87d8ee: Waiting
2f1761cc3a50: Waiting
49bc5395dee3: Verifying Checksum
49bc5395dee3: Download complete
954d74b055cf: Verifying Checksum
954d74b055cf: Download complete
954d74b055cf: Pull complete
49bc5395dee3: Pull complete
e4525528ce66: Verifying Checksum
e4525528ce66: Download complete
6550fd9e9822: Verifying Checksum
6550fd9e9822: Download complete
cfd6b9e86b66: Verifying Checksum
cfd6b9e86b66: Download complete
b80338229b91: Verifying Checksum
b80338229b91: Download complete
a67d3463c07f: Verifying Checksum
a67d3463c07f: Download complete
6550fd9e9822: Pull complete
1aa77b8aa4c7: Verifying Checksum
1aa77b8aa4c7: Download complete
67c975d864c3: Verifying Checksum
67c975d864c3: Download complete
fa04ed851d87: Download complete
d11d78a4ea3e: Verifying Checksum
d11d78a4ea3e: Download complete
1a103de33873: Verifying Checksum
1a103de33873: Download complete
1947a633f6bd: Verifying Checksum
1947a633f6bd: Download complete
67c975d864c3: Pull complete
d50a6e1573c2: Verifying Checksum
d50a6e1573c2: Download complete
a54fb132e879: Verifying Checksum
a54fb132e879: Download complete
e4525528ce66: Pull complete
cfd6b9e86b66: Pull complete
a67d3463c07f: Pull complete
b80338229b91: Pull complete
1aa77b8aa4c7: Pull complete
6ef344a06b9b: Verifying Checksum
6ef344a06b9b: Download complete
fa04ed851d87: Pull complete
c58cd9247d6a: Verifying Checksum
c58cd9247d6a: Download complete
d11d78a4ea3e: Pull complete
47b0fc0f83e8: Download complete
1a103de33873: Pull complete
1947a633f6bd: Pull complete
a54fb132e879: Pull complete
d50a6e1573c2: Pull complete
6ef344a06b9b: Pull complete
c58cd9247d6a: Pull complete
47b0fc0f83e8: Pull complete
a87864a1a82b: Download complete
a87864a1a82b: Pull complete
6a5a7a601595: Verifying Checksum
6a5a7a601595: Download complete
0f46892a9c14: Verifying Checksum
0f46892a9c14: Download complete
623ec4b8739c: Verifying Checksum
623ec4b8739c: Download complete
8327fbbc82f8: Verifying Checksum
8327fbbc82f8: Download complete
32004ab53901: Verifying Checksum
32004ab53901: Download complete
67e1d4939488: Verifying Checksum
67e1d4939488: Download complete
f3bb9fc6b4c7: Verifying Checksum
f3bb9fc6b4c7: Download complete
b6e1a6767245: Verifying Checksum
b6e1a6767245: Download complete
713e1aae18aa: Verifying Checksum
713e1aae18aa: Download complete
b6e1a6767245: Pull complete
6a5a7a601595: Pull complete
6b1dc8cee7ca: Verifying Checksum
6b1dc8cee7ca: Download complete
0f46892a9c14: Pull complete
623ec4b8739c: Pull complete
32004ab53901: Pull complete
8327fbbc82f8: Pull complete
f3bb9fc6b4c7: Pull complete
67e1d4939488: Pull complete
5f7cadd946de: Verifying Checksum
5f7cadd946de: Download complete
6a0280fc4397: Verifying Checksum
6a0280fc4397: Download complete
6b1dc8cee7ca: Pull complete
713e1aae18aa: Pull complete
5f7cadd946de: Pull complete
6a0280fc4397: Pull complete
d404ff47278f: Verifying Checksum
d404ff47278f: Download complete
16bbaa799d71: Verifying Checksum
16bbaa799d71: Download complete
2f1761cc3a50: Verifying Checksum
2f1761cc3a50: Download complete
3a370a3146d7: Download complete
3a370a3146d7: Pull complete
16bbaa799d71: Pull complete
d404ff47278f: Pull complete
104ebb87d8ee: Verifying Checksum
104ebb87d8ee: Download complete
104ebb87d8ee: Pull complete
2f1761cc3a50: Pull complete
Digest: sha256:089f8d1d3a721fc42ce068e2b4477c434d9baa1c3a40459ddbe52df33a3d599f
Status: Downloaded newer image for n132/arvo:1570-vul
