INFO: Seed: 4284801535
INFO: Loaded 1 modules   (2639 inline 8-bit counters): 2639 [0x8aa0b8, 0x8aab07), 
INFO: Loaded 1 PC tables (2639 PCs): 2639 [0x8aab08,0x8b4ff8), 
/out/fuzzer_decoder: Running 1 inputs 1 time(s) each.
Running: /tmp/poc
MemorySanitizer:DEADLYSIGNAL
==7==ERROR: MemorySanitizer: SEGV on unknown address 0x724000010000 (pc 0x00000057b950 bp 0x7fff5b14e360 sp 0x7fff5b14e2b0 T7)
==7==The signal is caused by a READ memory access.
    #0 0x57b94f in FLAC__crc16_update_words32 /src/flac/src/libFLAC/crc.c:404:57
    #1 0x57339f in crc16_update_block_ /src/flac/src/libFLAC/bitreader.c:135:19
    #2 0x574599 in bitreader_read_from_client_ /src/flac/src/libFLAC/bitreader.c:156:3
    #3 0x573904 in FLAC__bitreader_read_raw_uint32 /src/flac/src/libFLAC/bitreader.c:392:7
    #4 0x556baf in frame_sync_ /src/flac/src/libFLAC/stream_decoder.c:1985:8
    #5 0x5595d4 in FLAC__stream_decoder_skip_single_frame /src/flac/src/libFLAC/stream_decoder.c:1114:9
    #6 0x54c236 in FLAC::Decoder::Stream::skip_single_frame() /src/flac/src/libFLAC++/stream_decoder.cpp:224:17
    #7 0x540745 in LLVMFuzzerTestOneInput /src/flac-fuzzers/fuzzer_decoder.cpp:278:50
    #8 0x473b51 in fuzzer::Fuzzer::ExecuteCallback(unsigned char const*, unsigned long) /src/llvm/projects/compiler-rt/lib/fuzzer/FuzzerLoop.cpp:553:15
    #9 0x45e491 in fuzzer::RunOneTest(fuzzer::Fuzzer*, char const*, unsigned long) /src/llvm/projects/compiler-rt/lib/fuzzer/FuzzerDriver.cpp:292:6
    #10 0x46401e in fuzzer::FuzzerDriver(int*, char***, int (*)(unsigned char const*, unsigned long)) /src/llvm/projects/compiler-rt/lib/fuzzer/FuzzerDriver.cpp:775:9
    #11 0x48d5c2 in main /src/llvm/projects/compiler-rt/lib/fuzzer/FuzzerMain.cpp:19:10
    #12 0x76271f5ca83f in __libc_start_main (/lib/x86_64-linux-gnu/libc.so.6+0x2083f)
    #13 0x41e1c8 in _start (/out/fuzzer_decoder+0x41e1c8)

DEDUP_TOKEN: FLAC__crc16_update_words32--crc16_update_block_--bitreader_read_from_client_
MemorySanitizer can not provide additional info.
SUMMARY: MemorySanitizer: SEGV /src/flac/src/libFLAC/crc.c:404:57 in FLAC__crc16_update_words32
==7==ABORTING
