Unable to find image 'n132/arvo:1699-vul' locally
1699-vul: Pulling from n132/arvo
d16fc20e681d: Already exists
63f1c4e4b781: Already exists
fb4d3bb1280c: Already exists
8038895a6c2e: Already exists
43fa392d948c: Already exists
00a12abc4815: Pulling fs layer
de6495c468db: Pulling fs layer
7f2e6a2744c5: Pulling fs layer
cfa7b6cb1481: Pulling fs layer
687d9192b2d4: Pulling fs layer
00a12abc4815: Waiting
cfab8922be75: Pulling fs layer
de6495c468db: Waiting
a666f6c45300: Pulling fs layer
3416e26cbba1: Pulling fs layer
7f2e6a2744c5: Waiting
ebe7e23b692f: Pulling fs layer
cfa7b6cb1481: Waiting
687d9192b2d4: Waiting
f89e3fb74e21: Pulling fs layer
cfab8922be75: Waiting
a666f6c45300: Waiting
987abc897404: Pulling fs layer
3416e26cbba1: Waiting
9b114ef3c4f9: Pulling fs layer
ebe7e23b692f: Waiting
f89e3fb74e21: Waiting
987abc897404: Waiting
825efac3ad7f: Pulling fs layer
d8b4172f3c93: Pulling fs layer
1d81840182be: Pulling fs layer
9b114ef3c4f9: Waiting
d214ecd9f66b: Pulling fs layer
0e8f7bb7a5ad: Pulling fs layer
d33e5daef5cc: Pulling fs layer
4a42650dcc0b: Pulling fs layer
b89ddd063809: Pulling fs layer
3cb92be04511: Pulling fs layer
bdbc24a70c22: Pulling fs layer
1750b2e9dd1c: Pulling fs layer
b89ddd063809: Waiting
d33e5daef5cc: Waiting
3ad7b29b521f: Pulling fs layer
825efac3ad7f: Waiting
bdbc24a70c22: Waiting
4a42650dcc0b: Waiting
3cb92be04511: Waiting
1750b2e9dd1c: Waiting
1c382f79f51e: Pulling fs layer
0e8f7bb7a5ad: Waiting
d8b4172f3c93: Waiting
d214ecd9f66b: Waiting
1d81840182be: Waiting
fa05e7e2573e: Pulling fs layer
3ad7b29b521f: Waiting
1c382f79f51e: Waiting
0f5437b4f0f8: Pulling fs layer
fa05e7e2573e: Waiting
2282aa72a11a: Pulling fs layer
5e9678eb6f75: Pulling fs layer
414e2cb683c3: Pulling fs layer
8b39378e4f10: Pulling fs layer
daa7ddadc730: Pulling fs layer
a6cda13f0589: Pulling fs layer
57a2524be719: Pulling fs layer
a18e6981fe64: Pulling fs layer
0f5437b4f0f8: Waiting
c3a5ac6f2da0: Pulling fs layer
a6cda13f0589: Waiting
2282aa72a11a: Waiting
8b39378e4f10: Waiting
572066ad2aa0: Pulling fs layer
5e9678eb6f75: Waiting
414e2cb683c3: Waiting
59d8727cd542: Pulling fs layer
daa7ddadc730: Waiting
c3a5ac6f2da0: Waiting
aaadf8ae0714: Pulling fs layer
57a2524be719: Waiting
4da23629a178: Pulling fs layer
59d8727cd542: Waiting
a18e6981fe64: Waiting
4227975785ed: Pulling fs layer
572066ad2aa0: Waiting
322ae81055ff: Pulling fs layer
4da23629a178: Waiting
aaadf8ae0714: Waiting
4227975785ed: Waiting
60654d4cf911: Pulling fs layer
322ae81055ff: Waiting
28ac3e273008: Pulling fs layer
60654d4cf911: Waiting
ede5954e1855: Pulling fs layer
ccb6d7ad9f3e: Pulling fs layer
28ac3e273008: Waiting
ede5954e1855: Waiting
ccb6d7ad9f3e: Waiting
de6495c468db: Verifying Checksum
de6495c468db: Download complete
00a12abc4815: Verifying Checksum
00a12abc4815: Download complete
7f2e6a2744c5: Verifying Checksum
7f2e6a2744c5: Download complete
cfa7b6cb1481: Verifying Checksum
cfa7b6cb1481: Download complete
00a12abc4815: Pull complete
de6495c468db: Pull complete
cfab8922be75: Verifying Checksum
cfab8922be75: Download complete
7f2e6a2744c5: Pull complete
cfa7b6cb1481: Pull complete
3416e26cbba1: Verifying Checksum
3416e26cbba1: Download complete
a666f6c45300: Verifying Checksum
a666f6c45300: Download complete
ebe7e23b692f: Verifying Checksum
ebe7e23b692f: Download complete
f89e3fb74e21: Verifying Checksum
f89e3fb74e21: Download complete
9b114ef3c4f9: Verifying Checksum
9b114ef3c4f9: Download complete
987abc897404: Verifying Checksum
987abc897404: Download complete
825efac3ad7f: Verifying Checksum
825efac3ad7f: Download complete
1d81840182be: Verifying Checksum
1d81840182be: Download complete
687d9192b2d4: Verifying Checksum
687d9192b2d4: Download complete
d214ecd9f66b: Download complete
d33e5daef5cc: Verifying Checksum
d33e5daef5cc: Download complete
0e8f7bb7a5ad: Verifying Checksum
0e8f7bb7a5ad: Download complete
d8b4172f3c93: Verifying Checksum
d8b4172f3c93: Download complete
b89ddd063809: Verifying Checksum
b89ddd063809: Download complete
4a42650dcc0b: Download complete
687d9192b2d4: Pull complete
cfab8922be75: Pull complete
bdbc24a70c22: Verifying Checksum
bdbc24a70c22: Download complete
3cb92be04511: Verifying Checksum
3cb92be04511: Download complete
1750b2e9dd1c: Verifying Checksum
1750b2e9dd1c: Download complete
3ad7b29b521f: Verifying Checksum
3ad7b29b521f: Download complete
a666f6c45300: Pull complete
3416e26cbba1: Pull complete
ebe7e23b692f: Pull complete
1c382f79f51e: Verifying Checksum
1c382f79f51e: Download complete
f89e3fb74e21: Pull complete
0f5437b4f0f8: Verifying Checksum
0f5437b4f0f8: Download complete
fa05e7e2573e: Verifying Checksum
fa05e7e2573e: Download complete
2282aa72a11a: Verifying Checksum
2282aa72a11a: Download complete
5e9678eb6f75: Verifying Checksum
5e9678eb6f75: Download complete
987abc897404: Pull complete
9b114ef3c4f9: Pull complete
8b39378e4f10: Verifying Checksum
8b39378e4f10: Download complete
daa7ddadc730: Verifying Checksum
daa7ddadc730: Download complete
a6cda13f0589: Verifying Checksum
a6cda13f0589: Download complete
a18e6981fe64: Verifying Checksum
a18e6981fe64: Download complete
825efac3ad7f: Pull complete
57a2524be719: Verifying Checksum
57a2524be719: Download complete
572066ad2aa0: Verifying Checksum
572066ad2aa0: Download complete
c3a5ac6f2da0: Verifying Checksum
c3a5ac6f2da0: Download complete
d8b4172f3c93: Pull complete
1d81840182be: Pull complete
aaadf8ae0714: Verifying Checksum
aaadf8ae0714: Download complete
d214ecd9f66b: Pull complete
0e8f7bb7a5ad: Pull complete
d33e5daef5cc: Pull complete
4a42650dcc0b: Pull complete
b89ddd063809: Pull complete
59d8727cd542: Verifying Checksum
59d8727cd542: Download complete
3cb92be04511: Pull complete
bdbc24a70c22: Pull complete
1750b2e9dd1c: Pull complete
3ad7b29b521f: Pull complete
1c382f79f51e: Pull complete
fa05e7e2573e: Pull complete
0f5437b4f0f8: Pull complete
2282aa72a11a: Pull complete
5e9678eb6f75: Pull complete
4da23629a178: Verifying Checksum
4da23629a178: Download complete
4227975785ed: Verifying Checksum
4227975785ed: Download complete
414e2cb683c3: Verifying Checksum
414e2cb683c3: Download complete
414e2cb683c3: Pull complete
8b39378e4f10: Pull complete
28ac3e273008: Download complete
daa7ddadc730: Pull complete
a6cda13f0589: Pull complete
60654d4cf911: Verifying Checksum
60654d4cf911: Download complete
57a2524be719: Pull complete
a18e6981fe64: Pull complete
c3a5ac6f2da0: Pull complete
572066ad2aa0: Pull complete
59d8727cd542: Pull complete
ccb6d7ad9f3e: Verifying Checksum
ccb6d7ad9f3e: Download complete
aaadf8ae0714: Pull complete
4da23629a178: Pull complete
4227975785ed: Pull complete
322ae81055ff: Verifying Checksum
322ae81055ff: Download complete
322ae81055ff: Pull complete
60654d4cf911: Pull complete
28ac3e273008: Pull complete
ede5954e1855: Verifying Checksum
ede5954e1855: Download complete
ede5954e1855: Pull complete
ccb6d7ad9f3e: Pull complete
Digest: sha256:9b8ea95cf6e6c3d83bd7a99627d6b90e0f092d24392d02e884a65fe14ce88fb9
Status: Downloaded newer image for n132/arvo:1699-vul
