Unable to find image 'n132/arvo:17737-vul' locally
17737-vul: Pulling from n132/arvo
16c48d79e9cc: Already exists
3c654ad3ed7d: Already exists
6276f4f9c29d: Already exists
a4bd43ad48ce: Already exists
dfc130ffd9a4: Pulling fs layer
09ac6c54886f: Pulling fs layer
b464f87085e1: Pulling fs layer
2168cb1d1255: Pulling fs layer
aefc5d3a9d20: Pulling fs layer
08b1dee500d7: Pulling fs layer
264d22a02a98: Pulling fs layer
99e7edb8563f: Pulling fs layer
2168cb1d1255: Waiting
adfe7de24271: Pulling fs layer
d4cbce436c45: Pulling fs layer
aefc5d3a9d20: Waiting
264d22a02a98: Waiting
08b1dee500d7: Waiting
adfe7de24271: Waiting
99e7edb8563f: Waiting
6cccf6fa257d: Pulling fs layer
d4cbce436c45: Waiting
477d5681eb99: Pulling fs layer
f3de1aa14d65: Pulling fs layer
477d5681eb99: Waiting
6cccf6fa257d: Waiting
b986777a1611: Pulling fs layer
34871b7ea52c: Pulling fs layer
1cf40e615a43: Pulling fs layer
e01b37fa955d: Pulling fs layer
b986777a1611: Waiting
794a557e950c: Pulling fs layer
1cf40e615a43: Waiting
e01b37fa955d: Waiting
c66be2a3b08c: Pulling fs layer
4f4fb700ef54: Pulling fs layer
794a557e950c: Waiting
c66be2a3b08c: Waiting
8ac2981da7b2: Pulling fs layer
646ca29713ee: Pulling fs layer
3fc95703701b: Pulling fs layer
d136a9a9a022: Pulling fs layer
4f4fb700ef54: Waiting
3fc95703701b: Waiting
8ac2981da7b2: Waiting
d136a9a9a022: Waiting
646ca29713ee: Waiting
09ac6c54886f: Verifying Checksum
09ac6c54886f: Download complete
b464f87085e1: Verifying Checksum
aefc5d3a9d20: Verifying Checksum
aefc5d3a9d20: Download complete
dfc130ffd9a4: Verifying Checksum
dfc130ffd9a4: Download complete
dfc130ffd9a4: Pull complete
09ac6c54886f: Pull complete
b464f87085e1: Pull complete
264d22a02a98: Verifying Checksum
264d22a02a98: Download complete
08b1dee500d7: Verifying Checksum
08b1dee500d7: Download complete
99e7edb8563f: Verifying Checksum
99e7edb8563f: Download complete
adfe7de24271: Verifying Checksum
adfe7de24271: Download complete
d4cbce436c45: Verifying Checksum
d4cbce436c45: Download complete
6cccf6fa257d: Verifying Checksum
6cccf6fa257d: Download complete
477d5681eb99: Verifying Checksum
477d5681eb99: Download complete
b986777a1611: Verifying Checksum
b986777a1611: Download complete
f3de1aa14d65: Verifying Checksum
f3de1aa14d65: Download complete
1cf40e615a43: Verifying Checksum
1cf40e615a43: Download complete
e01b37fa955d: Verifying Checksum
e01b37fa955d: Download complete
794a557e950c: Verifying Checksum
794a557e950c: Download complete
c66be2a3b08c: Verifying Checksum
c66be2a3b08c: Download complete
4f4fb700ef54: Verifying Checksum
4f4fb700ef54: Download complete
8ac2981da7b2: Verifying Checksum
8ac2981da7b2: Download complete
34871b7ea52c: Verifying Checksum
34871b7ea52c: Download complete
646ca29713ee: Verifying Checksum
646ca29713ee: Download complete
3fc95703701b: Verifying Checksum
3fc95703701b: Download complete
d136a9a9a022: Verifying Checksum
d136a9a9a022: Download complete
2168cb1d1255: Verifying Checksum
2168cb1d1255: Download complete
2168cb1d1255: Pull complete
aefc5d3a9d20: Pull complete
08b1dee500d7: Pull complete
264d22a02a98: Pull complete
99e7edb8563f: Pull complete
adfe7de24271: Pull complete
d4cbce436c45: Pull complete
6cccf6fa257d: Pull complete
477d5681eb99: Pull complete
f3de1aa14d65: Pull complete
b986777a1611: Pull complete
34871b7ea52c: Pull complete
1cf40e615a43: Pull complete
e01b37fa955d: Pull complete
794a557e950c: Pull complete
c66be2a3b08c: Pull complete
4f4fb700ef54: Pull complete
8ac2981da7b2: Pull complete
646ca29713ee: Pull complete
3fc95703701b: Pull complete
d136a9a9a022: Pull complete
Digest: sha256:0ab2fa6aaa5d3dfb4bb014286862c5d11ec806efc9ddc7b9131f240bf72c926d
Status: Downloaded newer image for n132/arvo:17737-vul
