Unable to find image 'n132/arvo:17986-vul' locally
17986-vul: Pulling from n132/arvo
16c48d79e9cc: Already exists
3c654ad3ed7d: Already exists
6276f4f9c29d: Already exists
a4bd43ad48ce: Already exists
382d4938cda9: Pulling fs layer
d4209fecdd39: Pulling fs layer
9e26543fa9c6: Pulling fs layer
f6497a251ae9: Pulling fs layer
82a56921fb15: Pulling fs layer
d6d91e32db40: Pulling fs layer
289019faed73: Pulling fs layer
b8fd801ad858: Pulling fs layer
4c2de37ac061: Pulling fs layer
277d15438afd: Pulling fs layer
55532a0f3a10: Pulling fs layer
0c0e2cc08e42: Pulling fs layer
c2bace161998: Pulling fs layer
6e1ac268e5d6: Pulling fs layer
fb790b21155c: Pulling fs layer
262d129cc272: Pulling fs layer
cfa31cee41f1: Pulling fs layer
0a51ac2177ab: Pulling fs layer
42a9b224ccc3: Pulling fs layer
8845d4eeee10: Pulling fs layer
d36376ca650a: Pulling fs layer
3add1b025a20: Pulling fs layer
bc32744f8d53: Pulling fs layer
500493149cf9: Pulling fs layer
3a0340da05cb: Pulling fs layer
2883c308ca7e: Pulling fs layer
952d4ab76ad5: Pulling fs layer
35904c836643: Pulling fs layer
739331a83856: Pulling fs layer
bd20fcc36417: Pulling fs layer
aa95994f3e7e: Pulling fs layer
1040eda2e869: Pulling fs layer
5b8936a8cd9f: Pulling fs layer
b0b133ee80d3: Pulling fs layer
6ff3c529d949: Pulling fs layer
a445f9f51e42: Pulling fs layer
277c936d6510: Pulling fs layer
2d4692b3b029: Pulling fs layer
41cf9b1594b5: Pulling fs layer
83ef26c8a016: Pulling fs layer
5f872c48c885: Pulling fs layer
4f4fb700ef54: Pulling fs layer
75f45f7b98ec: Pulling fs layer
a29984222df0: Pulling fs layer
102e12169e21: Pulling fs layer
5b8936a8cd9f: Waiting
2d4692b3b029: Waiting
83ef26c8a016: Waiting
41cf9b1594b5: Waiting
75f45f7b98ec: Waiting
5f872c48c885: Waiting
b0b133ee80d3: Waiting
277c936d6510: Waiting
102e12169e21: Waiting
a445f9f51e42: Waiting
a29984222df0: Waiting
6ff3c529d949: Waiting
4f4fb700ef54: Waiting
3a0340da05cb: Verifying Checksum
3a0340da05cb: Download complete
9e26543fa9c6: Verifying Checksum
9e26543fa9c6: Download complete
d4209fecdd39: Verifying Checksum
d4209fecdd39: Download complete
55532a0f3a10: Verifying Checksum
55532a0f3a10: Download complete
952d4ab76ad5: Verifying Checksum
952d4ab76ad5: Download complete
82a56921fb15: Verifying Checksum
82a56921fb15: Download complete
262d129cc272: Verifying Checksum
262d129cc272: Download complete
aa95994f3e7e: Verifying Checksum
aa95994f3e7e: Download complete
6e1ac268e5d6: Verifying Checksum
6e1ac268e5d6: Download complete
289019faed73: Verifying Checksum
289019faed73: Download complete
739331a83856: Verifying Checksum
739331a83856: Download complete
2883c308ca7e: Download complete
bc32744f8d53: Verifying Checksum
bc32744f8d53: Download complete
5b8936a8cd9f: Verifying Checksum
5b8936a8cd9f: Download complete
4f4fb700ef54: Verifying Checksum
4f4fb700ef54: Download complete
d36376ca650a: Verifying Checksum
d36376ca650a: Download complete
5f872c48c885: Verifying Checksum
5f872c48c885: Download complete
75f45f7b98ec: Verifying Checksum
75f45f7b98ec: Download complete
83ef26c8a016: Verifying Checksum
83ef26c8a016: Download complete
102e12169e21: Verifying Checksum
102e12169e21: Download complete
500493149cf9: Verifying Checksum
500493149cf9: Download complete
6ff3c529d949: Verifying Checksum
6ff3c529d949: Download complete
277c936d6510: Verifying Checksum
277c936d6510: Download complete
41cf9b1594b5: Verifying Checksum
41cf9b1594b5: Download complete
277d15438afd: Verifying Checksum
277d15438afd: Download complete
b0b133ee80d3: Verifying Checksum
b0b133ee80d3: Download complete
3add1b025a20: Verifying Checksum
3add1b025a20: Download complete
8845d4eeee10: Verifying Checksum
8845d4eeee10: Download complete
42a9b224ccc3: Verifying Checksum
42a9b224ccc3: Download complete
a445f9f51e42: Verifying Checksum
a445f9f51e42: Download complete
bd20fcc36417: Verifying Checksum
bd20fcc36417: Download complete
4c2de37ac061: Verifying Checksum
4c2de37ac061: Download complete
382d4938cda9: Verifying Checksum
382d4938cda9: Download complete
1040eda2e869: Verifying Checksum
1040eda2e869: Download complete
382d4938cda9: Pull complete
d4209fecdd39: Pull complete
9e26543fa9c6: Pull complete
35904c836643: Verifying Checksum
35904c836643: Download complete
2d4692b3b029: Verifying Checksum
2d4692b3b029: Download complete
cfa31cee41f1: Verifying Checksum
cfa31cee41f1: Download complete
0c0e2cc08e42: Verifying Checksum
0c0e2cc08e42: Download complete
fb790b21155c: Verifying Checksum
fb790b21155c: Download complete
d6d91e32db40: Verifying Checksum
d6d91e32db40: Download complete
c2bace161998: Verifying Checksum
c2bace161998: Download complete
b8fd801ad858: Verifying Checksum
b8fd801ad858: Download complete
0a51ac2177ab: Verifying Checksum
0a51ac2177ab: Download complete
f6497a251ae9: Verifying Checksum
f6497a251ae9: Download complete
f6497a251ae9: Pull complete
82a56921fb15: Pull complete
d6d91e32db40: Pull complete
289019faed73: Pull complete
b8fd801ad858: Pull complete
4c2de37ac061: Pull complete
277d15438afd: Pull complete
55532a0f3a10: Pull complete
0c0e2cc08e42: Pull complete
c2bace161998: Pull complete
6e1ac268e5d6: Pull complete
fb790b21155c: Pull complete
262d129cc272: Pull complete
cfa31cee41f1: Pull complete
0a51ac2177ab: Pull complete
42a9b224ccc3: Pull complete
8845d4eeee10: Pull complete
d36376ca650a: Pull complete
3add1b025a20: Pull complete
bc32744f8d53: Pull complete
500493149cf9: Pull complete
3a0340da05cb: Pull complete
2883c308ca7e: Pull complete
952d4ab76ad5: Pull complete
35904c836643: Pull complete
739331a83856: Pull complete
bd20fcc36417: Pull complete
aa95994f3e7e: Pull complete
1040eda2e869: Pull complete
5b8936a8cd9f: Pull complete
b0b133ee80d3: Pull complete
6ff3c529d949: Pull complete
a445f9f51e42: Pull complete
277c936d6510: Pull complete
2d4692b3b029: Pull complete
41cf9b1594b5: Pull complete
83ef26c8a016: Pull complete
5f872c48c885: Pull complete
4f4fb700ef54: Pull complete
75f45f7b98ec: Pull complete
a29984222df0: Download complete
a29984222df0: Pull complete
102e12169e21: Pull complete
Digest: sha256:632283531a426f75270e58ea15fb7d901921dbf1a263ca11dcd73facb0b8f583
Status: Downloaded newer image for n132/arvo:17986-vul
