INFO: Seed: 253673221
INFO: Loaded 1 modules   (121880 inline 8-bit counters): 121880 [0x105fa30, 0x107d648), 
INFO: Loaded 1 PC tables (121880 PCs): 121880 [0xafdda0,0xcd9f20), 
/out/ffmpeg_DEMUXER_fuzzer: Running 1 inputs 1 time(s) each.
Running: /tmp/poc
libavcodec/cbs_av1_syntax_template.c:885:24: runtime error: index -1 out of bounds for type 'AV1ReferenceFrameState [8]'
    #0 0x69fc3c in cbs_av1_read_skip_mode_params /src/ffmpeg/libavcodec/cbs_av1_syntax_template.c:885:61
    #1 0x69c15a in cbs_av1_read_uncompressed_header /src/ffmpeg/libavcodec/cbs_av1_syntax_template.c:1421:5
    #2 0x6981a4 in cbs_av1_read_frame_header_obu /src/ffmpeg/libavcodec/cbs_av1_syntax_template.c:1511:9
    #3 0x69889e in cbs_av1_read_frame_obu /src/ffmpeg/libavcodec/cbs_av1_syntax_template.c:1599:5
    #4 0x695c78 in cbs_av1_read_unit /src/ffmpeg/libavcodec/cbs_av1.c:993:19
    #5 0x692a58 in cbs_read_fragment_content /src/ffmpeg/libavcodec/cbs.c:185:15
    #6 0x68ec1c in av1_parser_parse /src/ffmpeg/libavcodec/av1_parser.c:77:11
    #7 0x6707c3 in av_parser_parse2 /src/ffmpeg/libavcodec/parser.c:166:13
    #8 0x5fca32 in parse_packet /src/ffmpeg/libavformat/utils.c:1468:15
    #9 0x5ec7ae in read_frame_internal /src/ffmpeg/libavformat/utils.c:1682:24
    #10 0x5f2c27 in avformat_find_stream_info /src/ffmpeg/libavformat/utils.c:3809:15
    #11 0x4b5b67 in LLVMFuzzerTestOneInput /src/ffmpeg/tools/target_dem_fuzzer.c:143:11
    #12 0x444c31 in fuzzer::Fuzzer::ExecuteCallback(unsigned char const*, unsigned long) /src/llvm/projects/compiler-rt/lib/fuzzer/FuzzerLoop.cpp:556:15
    #13 0x42f851 in fuzzer::RunOneTest(fuzzer::Fuzzer*, char const*, unsigned long) /src/llvm/projects/compiler-rt/lib/fuzzer/FuzzerDriver.cpp:292:6
    #14 0x43550e in fuzzer::FuzzerDriver(int*, char***, int (*)(unsigned char const*, unsigned long)) /src/llvm/projects/compiler-rt/lib/fuzzer/FuzzerDriver.cpp:774:9
    #15 0x45f682 in main /src/llvm/projects/compiler-rt/lib/fuzzer/FuzzerMain.cpp:19:10
    #16 0x7f829ace183f in __libc_start_main (/lib/x86_64-linux-gnu/libc.so.6+0x2083f)
    #17 0x408c08 in _start (/out/ffmpeg_DEMUXER_fuzzer+0x408c08)

DEDUP_TOKEN: cbs_av1_read_skip_mode_params--cbs_av1_read_uncompressed_header--cbs_av1_read_frame_header_obu
SUMMARY: UndefinedBehaviorSanitizer: undefined-behavior libavcodec/cbs_av1_syntax_template.c:885:24 in 
