Unable to find image 'n132/arvo:19002-vul' locally
19002-vul: Pulling from n132/arvo
e80174c8b43b: Already exists
d1072db285cc: Already exists
858453671e67: Already exists
3d07b1124f98: Already exists
d7efd72e543e: Pulling fs layer
ba7c7a0418bc: Pulling fs layer
7da31aeedd31: Pulling fs layer
d7efd72e543e: Waiting
b06e8243d1e9: Pulling fs layer
7fff943d3b6e: Pulling fs layer
ba7c7a0418bc: Waiting
72e666449ac4: Pulling fs layer
b06e8243d1e9: Waiting
7da31aeedd31: Waiting
7fff943d3b6e: Waiting
3a00154900ce: Pulling fs layer
ff3f74036fbb: Pulling fs layer
981dccf46070: Pulling fs layer
5253587e8457: Pulling fs layer
bd409d39c49c: Pulling fs layer
48dc0b398f21: Pulling fs layer
ce9c5a303c26: Pulling fs layer
3b031d6b521c: Pulling fs layer
72e666449ac4: Waiting
bd409d39c49c: Waiting
5253587e8457: Waiting
193db2e27ede: Pulling fs layer
981dccf46070: Waiting
48dc0b398f21: Waiting
bb612bbfbefb: Pulling fs layer
ff3f74036fbb: Waiting
3a00154900ce: Waiting
6cb8a8449a75: Pulling fs layer
3b031d6b521c: Waiting
193db2e27ede: Waiting
b6ad55f12364: Pulling fs layer
bb612bbfbefb: Waiting
4faede76f89f: Pulling fs layer
6cb8a8449a75: Waiting
b7fdef15cbb1: Pulling fs layer
a7a324417169: Pulling fs layer
4faede76f89f: Waiting
71d7fdbfce27: Pulling fs layer
b6ad55f12364: Waiting
73be45d01b21: Pulling fs layer
b7fdef15cbb1: Waiting
a7a324417169: Waiting
99d2fc3d5986: Pulling fs layer
22af53db8ae1: Pulling fs layer
937302a92220: Pulling fs layer
49691a8c10dc: Pulling fs layer
71d7fdbfce27: Waiting
fcc1f3d00f3f: Pulling fs layer
99d2fc3d5986: Waiting
48ce9be2f527: Pulling fs layer
73be45d01b21: Waiting
b9000586faa9: Pulling fs layer
49691a8c10dc: Waiting
fcc1f3d00f3f: Waiting
22af53db8ae1: Waiting
937302a92220: Waiting
9c89e61f621c: Pulling fs layer
48ce9be2f527: Waiting
b9000586faa9: Waiting
003a7bf09a0b: Pulling fs layer
0aa8d0a877d8: Pulling fs layer
9c89e61f621c: Waiting
df2672cbd847: Pulling fs layer
2bd37561d9e4: Pulling fs layer
003a7bf09a0b: Waiting
a2c4d1482abc: Pulling fs layer
df2672cbd847: Waiting
0aa8d0a877d8: Waiting
0d9159e6f14d: Pulling fs layer
2bd37561d9e4: Waiting
a2c4d1482abc: Waiting
ef0251c04f15: Pulling fs layer
0d9159e6f14d: Waiting
1bcc852a375c: Pulling fs layer
a95c776974a7: Pulling fs layer
595211ceb3bc: Pulling fs layer
32a0e6f803e8: Pulling fs layer
ed473538dc8c: Pulling fs layer
0177d292889a: Pulling fs layer
5ae062691bc9: Pulling fs layer
ef0251c04f15: Waiting
595211ceb3bc: Waiting
1bcc852a375c: Waiting
ed473538dc8c: Waiting
32a0e6f803e8: Waiting
0177d292889a: Waiting
a95c776974a7: Waiting
5ae062691bc9: Waiting
ba7c7a0418bc: Verifying Checksum
ba7c7a0418bc: Download complete
d7efd72e543e: Verifying Checksum
d7efd72e543e: Download complete
7da31aeedd31: Verifying Checksum
7da31aeedd31: Download complete
d7efd72e543e: Pull complete
ba7c7a0418bc: Pull complete
7da31aeedd31: Pull complete
7fff943d3b6e: Verifying Checksum
7fff943d3b6e: Download complete
3a00154900ce: Verifying Checksum
3a00154900ce: Download complete
72e666449ac4: Verifying Checksum
72e666449ac4: Download complete
981dccf46070: Verifying Checksum
981dccf46070: Download complete
ff3f74036fbb: Verifying Checksum
ff3f74036fbb: Download complete
bd409d39c49c: Verifying Checksum
bd409d39c49c: Download complete
5253587e8457: Verifying Checksum
5253587e8457: Download complete
48dc0b398f21: Verifying Checksum
48dc0b398f21: Download complete
ce9c5a303c26: Verifying Checksum
ce9c5a303c26: Download complete
3b031d6b521c: Verifying Checksum
3b031d6b521c: Download complete
bb612bbfbefb: Verifying Checksum
bb612bbfbefb: Download complete
6cb8a8449a75: Verifying Checksum
6cb8a8449a75: Download complete
b6ad55f12364: Verifying Checksum
b6ad55f12364: Download complete
193db2e27ede: Verifying Checksum
193db2e27ede: Download complete
b06e8243d1e9: Verifying Checksum
b06e8243d1e9: Download complete
a7a324417169: Verifying Checksum
a7a324417169: Download complete
71d7fdbfce27: Verifying Checksum
71d7fdbfce27: Download complete
4faede76f89f: Verifying Checksum
4faede76f89f: Download complete
b06e8243d1e9: Pull complete
7fff943d3b6e: Pull complete
73be45d01b21: Verifying Checksum
73be45d01b21: Download complete
99d2fc3d5986: Verifying Checksum
99d2fc3d5986: Download complete
b7fdef15cbb1: Download complete
937302a92220: Verifying Checksum
937302a92220: Download complete
72e666449ac4: Pull complete
49691a8c10dc: Verifying Checksum
49691a8c10dc: Download complete
3a00154900ce: Pull complete
22af53db8ae1: Download complete
fcc1f3d00f3f: Verifying Checksum
fcc1f3d00f3f: Download complete
48ce9be2f527: Verifying Checksum
48ce9be2f527: Download complete
b9000586faa9: Verifying Checksum
b9000586faa9: Download complete
9c89e61f621c: Verifying Checksum
9c89e61f621c: Download complete
ff3f74036fbb: Pull complete
981dccf46070: Pull complete
5253587e8457: Pull complete
003a7bf09a0b: Verifying Checksum
003a7bf09a0b: Download complete
bd409d39c49c: Pull complete
48dc0b398f21: Pull complete
df2672cbd847: Verifying Checksum
df2672cbd847: Download complete
2bd37561d9e4: Verifying Checksum
2bd37561d9e4: Download complete
a2c4d1482abc: Verifying Checksum
a2c4d1482abc: Download complete
ce9c5a303c26: Pull complete
3b031d6b521c: Pull complete
ef0251c04f15: Verifying Checksum
ef0251c04f15: Download complete
0d9159e6f14d: Verifying Checksum
0d9159e6f14d: Download complete
0aa8d0a877d8: Verifying Checksum
0aa8d0a877d8: Download complete
193db2e27ede: Pull complete
bb612bbfbefb: Pull complete
6cb8a8449a75: Pull complete
b6ad55f12364: Pull complete
a95c776974a7: Verifying Checksum
a95c776974a7: Download complete
1bcc852a375c: Verifying Checksum
1bcc852a375c: Download complete
595211ceb3bc: Verifying Checksum
595211ceb3bc: Download complete
32a0e6f803e8: Verifying Checksum
32a0e6f803e8: Download complete
ed473538dc8c: Verifying Checksum
ed473538dc8c: Download complete
4faede76f89f: Pull complete
5ae062691bc9: Verifying Checksum
5ae062691bc9: Download complete
b7fdef15cbb1: Pull complete
a7a324417169: Pull complete
71d7fdbfce27: Pull complete
73be45d01b21: Pull complete
99d2fc3d5986: Pull complete
22af53db8ae1: Pull complete
937302a92220: Pull complete
49691a8c10dc: Pull complete
fcc1f3d00f3f: Pull complete
48ce9be2f527: Pull complete
b9000586faa9: Pull complete
9c89e61f621c: Pull complete
003a7bf09a0b: Pull complete
0aa8d0a877d8: Pull complete
df2672cbd847: Pull complete
2bd37561d9e4: Pull complete
a2c4d1482abc: Pull complete
0d9159e6f14d: Pull complete
ef0251c04f15: Pull complete
1bcc852a375c: Pull complete
a95c776974a7: Pull complete
595211ceb3bc: Pull complete
32a0e6f803e8: Pull complete
ed473538dc8c: Pull complete
0177d292889a: Verifying Checksum
0177d292889a: Download complete
0177d292889a: Pull complete
5ae062691bc9: Pull complete
Digest: sha256:fd374ad25791a38f0df999cefbc3800a516aa543482eeb7bdcd216ebe07391e6
Status: Downloaded newer image for n132/arvo:19002-vul
