Unable to find image 'n132/arvo:19282-vul' locally
19282-vul: Pulling from n132/arvo
976a760c94fc: Already exists
c58992f3c37b: Already exists
0ca0e5e7f12e: Already exists
f2a274cc00ca: Already exists
2c6cb06664e2: Pulling fs layer
92244a88aa5d: Pulling fs layer
d54474ddf167: Pulling fs layer
5d5272dbb165: Pulling fs layer
b41136897a71: Pulling fs layer
c3cb3be2c3ef: Pulling fs layer
2eca2ccbfce9: Pulling fs layer
6a0b3dc6c789: Pulling fs layer
74484be39dac: Pulling fs layer
3be48a4935d6: Pulling fs layer
01ce10ffc8e1: Pulling fs layer
3266dd1d8303: Pulling fs layer
a3f97d4424ed: Pulling fs layer
dbaff53db0ca: Pulling fs layer
5d5272dbb165: Waiting
6a0b3dc6c789: Waiting
c3cb3be2c3ef: Waiting
74484be39dac: Waiting
6647ec4e8a2f: Pulling fs layer
3266dd1d8303: Waiting
01ce10ffc8e1: Waiting
3be48a4935d6: Waiting
a3f97d4424ed: Waiting
69cfd75c46d3: Pulling fs layer
b41136897a71: Waiting
6647ec4e8a2f: Waiting
69cfd75c46d3: Waiting
f0767406f026: Pulling fs layer
7415840244e1: Pulling fs layer
69638b6c2a69: Pulling fs layer
024cacde6df6: Pulling fs layer
ff738c5d583f: Pulling fs layer
5a10dd11fb7f: Pulling fs layer
dfc2f3dab4cf: Pulling fs layer
617b0ce8363a: Pulling fs layer
e43a2ac3322d: Pulling fs layer
4ce6d32f1ca7: Pulling fs layer
a98f269ac917: Pulling fs layer
0ddbfe32d1b4: Pulling fs layer
f0767406f026: Waiting
e43a2ac3322d: Waiting
4ce6d32f1ca7: Waiting
024cacde6df6: Waiting
9e4f5281fcc5: Pulling fs layer
7415840244e1: Waiting
5a10dd11fb7f: Waiting
617b0ce8363a: Waiting
c1e1217a5488: Pulling fs layer
69638b6c2a69: Waiting
9e4f5281fcc5: Waiting
ff738c5d583f: Waiting
dfc2f3dab4cf: Waiting
0ddbfe32d1b4: Waiting
290c94445bac: Pulling fs layer
0e2ca6659140: Pulling fs layer
c1e1217a5488: Waiting
290c94445bac: Waiting
d3c9ecb97def: Pulling fs layer
fffc134b8b4b: Pulling fs layer
a7ba4c1839c3: Pulling fs layer
94d1aca4a427: Pulling fs layer
ad89c5776fee: Pulling fs layer
47097f222fbc: Pulling fs layer
cc971ef08171: Pulling fs layer
bcac19fcf9e0: Pulling fs layer
49d8f63e5a65: Pulling fs layer
0e2ca6659140: Waiting
530ad6b497bb: Pulling fs layer
cc971ef08171: Waiting
47097f222fbc: Waiting
99716ecbbcc7: Pulling fs layer
a7ba4c1839c3: Waiting
49d8f63e5a65: Waiting
ad89c5776fee: Waiting
f4acb5c7e597: Pulling fs layer
fffc134b8b4b: Waiting
530ad6b497bb: Waiting
7fcc5a72b790: Pulling fs layer
18f02e90ecbf: Pulling fs layer
d3c9ecb97def: Waiting
7fcc5a72b790: Waiting
7d1863dd37bb: Pulling fs layer
18f02e90ecbf: Waiting
7d1863dd37bb: Waiting
92244a88aa5d: Verifying Checksum
92244a88aa5d: Download complete
d54474ddf167: Verifying Checksum
d54474ddf167: Download complete
2c6cb06664e2: Verifying Checksum
2c6cb06664e2: Download complete
b41136897a71: Download complete
2c6cb06664e2: Pull complete
92244a88aa5d: Pull complete
d54474ddf167: Pull complete
2eca2ccbfce9: Verifying Checksum
2eca2ccbfce9: Download complete
c3cb3be2c3ef: Verifying Checksum
c3cb3be2c3ef: Download complete
6a0b3dc6c789: Verifying Checksum
6a0b3dc6c789: Download complete
74484be39dac: Verifying Checksum
74484be39dac: Download complete
3be48a4935d6: Verifying Checksum
3be48a4935d6: Download complete
01ce10ffc8e1: Verifying Checksum
01ce10ffc8e1: Download complete
3266dd1d8303: Verifying Checksum
3266dd1d8303: Download complete
dbaff53db0ca: Verifying Checksum
dbaff53db0ca: Download complete
a3f97d4424ed: Verifying Checksum
a3f97d4424ed: Download complete
6647ec4e8a2f: Verifying Checksum
6647ec4e8a2f: Download complete
5d5272dbb165: Verifying Checksum
5d5272dbb165: Download complete
7415840244e1: Verifying Checksum
7415840244e1: Download complete
69cfd75c46d3: Verifying Checksum
69cfd75c46d3: Download complete
024cacde6df6: Verifying Checksum
024cacde6df6: Download complete
69638b6c2a69: Verifying Checksum
69638b6c2a69: Download complete
f0767406f026: Verifying Checksum
f0767406f026: Download complete
5d5272dbb165: Pull complete
b41136897a71: Pull complete
c3cb3be2c3ef: Pull complete
2eca2ccbfce9: Pull complete
ff738c5d583f: Verifying Checksum
ff738c5d583f: Download complete
dfc2f3dab4cf: Verifying Checksum
dfc2f3dab4cf: Download complete
617b0ce8363a: Verifying Checksum
617b0ce8363a: Download complete
e43a2ac3322d: Verifying Checksum
e43a2ac3322d: Download complete
6a0b3dc6c789: Pull complete
74484be39dac: Pull complete
4ce6d32f1ca7: Verifying Checksum
4ce6d32f1ca7: Download complete
a98f269ac917: Verifying Checksum
a98f269ac917: Download complete
3be48a4935d6: Pull complete
01ce10ffc8e1: Pull complete
3266dd1d8303: Pull complete
a3f97d4424ed: Pull complete
0ddbfe32d1b4: Verifying Checksum
0ddbfe32d1b4: Download complete
9e4f5281fcc5: Verifying Checksum
9e4f5281fcc5: Download complete
c1e1217a5488: Download complete
dbaff53db0ca: Pull complete
6647ec4e8a2f: Pull complete
5a10dd11fb7f: Verifying Checksum
5a10dd11fb7f: Download complete
0e2ca6659140: Verifying Checksum
0e2ca6659140: Download complete
69cfd75c46d3: Pull complete
290c94445bac: Verifying Checksum
290c94445bac: Download complete
d3c9ecb97def: Verifying Checksum
d3c9ecb97def: Download complete
fffc134b8b4b: Verifying Checksum
fffc134b8b4b: Download complete
94d1aca4a427: Verifying Checksum
94d1aca4a427: Download complete
f0767406f026: Pull complete
7415840244e1: Pull complete
69638b6c2a69: Pull complete
024cacde6df6: Pull complete
ad89c5776fee: Verifying Checksum
ad89c5776fee: Download complete
47097f222fbc: Verifying Checksum
47097f222fbc: Download complete
bcac19fcf9e0: Verifying Checksum
bcac19fcf9e0: Download complete
ff738c5d583f: Pull complete
5a10dd11fb7f: Pull complete
a7ba4c1839c3: Verifying Checksum
a7ba4c1839c3: Download complete
cc971ef08171: Verifying Checksum
cc971ef08171: Download complete
dfc2f3dab4cf: Pull complete
49d8f63e5a65: Verifying Checksum
49d8f63e5a65: Download complete
617b0ce8363a: Pull complete
e43a2ac3322d: Pull complete
4ce6d32f1ca7: Pull complete
a98f269ac917: Pull complete
0ddbfe32d1b4: Pull complete
530ad6b497bb: Verifying Checksum
530ad6b497bb: Download complete
9e4f5281fcc5: Pull complete
c1e1217a5488: Pull complete
290c94445bac: Pull complete
0e2ca6659140: Pull complete
d3c9ecb97def: Pull complete
fffc134b8b4b: Pull complete
f4acb5c7e597: Verifying Checksum
f4acb5c7e597: Download complete
7fcc5a72b790: Verifying Checksum
7fcc5a72b790: Download complete
a7ba4c1839c3: Pull complete
94d1aca4a427: Pull complete
ad89c5776fee: Pull complete
99716ecbbcc7: Verifying Checksum
99716ecbbcc7: Download complete
47097f222fbc: Pull complete
cc971ef08171: Pull complete
bcac19fcf9e0: Pull complete
49d8f63e5a65: Pull complete
530ad6b497bb: Pull complete
99716ecbbcc7: Pull complete
f4acb5c7e597: Pull complete
7fcc5a72b790: Pull complete
7d1863dd37bb: Verifying Checksum
7d1863dd37bb: Download complete
18f02e90ecbf: Verifying Checksum
18f02e90ecbf: Download complete
18f02e90ecbf: Pull complete
7d1863dd37bb: Pull complete
Digest: sha256:4ef9c58e4ae03fd969b55d4a4fd18a3133dd6fa897962cc6246ca78c53cb07c3
Status: Downloaded newer image for n132/arvo:19282-vul
