Unable to find image 'n132/arvo:1941-vul' locally
1941-vul: Pulling from n132/arvo
594cf71eb8ba: Already exists
3b5244e3179b: Already exists
37a19d5c10ab: Already exists
d9e6649d6df2: Already exists
5d01611bd83b: Already exists
930cabbe7110: Pulling fs layer
796d468c634b: Pulling fs layer
951984a1fdc7: Pulling fs layer
b853ea7a7aeb: Pulling fs layer
147c29d7d496: Pulling fs layer
bd2fd9663328: Pulling fs layer
e25b754f67ba: Pulling fs layer
98fee31dcd62: Pulling fs layer
ccdcb0b49633: Pulling fs layer
ea1107c8a642: Pulling fs layer
a83c25774e31: Pulling fs layer
653710d8bd83: Pulling fs layer
e25b754f67ba: Waiting
bd2fd9663328: Waiting
98fee31dcd62: Waiting
4c7cc9051254: Pulling fs layer
ccdcb0b49633: Waiting
4c37c6364b47: Pulling fs layer
ea1107c8a642: Waiting
86b2b4facbe4: Pulling fs layer
a83c25774e31: Waiting
951984a1fdc7: Waiting
b853ea7a7aeb: Waiting
7473467e72d9: Pulling fs layer
54987ad3036b: Pulling fs layer
653710d8bd83: Waiting
4c37c6364b47: Waiting
147c29d7d496: Waiting
677077d576c4: Pulling fs layer
86b2b4facbe4: Waiting
e1738a589be4: Pulling fs layer
7473467e72d9: Waiting
54987ad3036b: Waiting
677077d576c4: Waiting
5eb4c6b8ac6f: Pulling fs layer
35f356d03ce0: Pulling fs layer
90e8bde239e6: Pulling fs layer
84a7a300cc5e: Pulling fs layer
3cf12177fd21: Pulling fs layer
758e3148cb96: Pulling fs layer
f59384b35747: Pulling fs layer
dd7074fbae70: Pulling fs layer
c58c67db8173: Pulling fs layer
fa269515a10d: Pulling fs layer
cacf86634a73: Pulling fs layer
7e11c6049596: Pulling fs layer
3cf12177fd21: Waiting
e1738a589be4: Waiting
dd7074fbae70: Waiting
3a7ea579cad1: Pulling fs layer
90e8bde239e6: Waiting
c58c67db8173: Waiting
fa269515a10d: Waiting
758e3148cb96: Waiting
f555d4f7dad9: Pulling fs layer
35f356d03ce0: Waiting
84a7a300cc5e: Waiting
cacf86634a73: Waiting
f280266b4816: Pulling fs layer
3a7ea579cad1: Waiting
f59384b35747: Waiting
e7ce56da01c9: Pulling fs layer
a92e68a0a908: Pulling fs layer
ea193c2d6328: Pulling fs layer
26310e0b65a4: Pulling fs layer
64054ded7e7f: Pulling fs layer
2c66111ffa05: Pulling fs layer
86b4e0816290: Pulling fs layer
41e2107de50e: Pulling fs layer
643f0093873e: Pulling fs layer
f280266b4816: Waiting
de9474c960fc: Pulling fs layer
86b4e0816290: Waiting
64054ded7e7f: Waiting
ea193c2d6328: Waiting
e7ce56da01c9: Waiting
88dbcd845398: Pulling fs layer
41e2107de50e: Waiting
2c66111ffa05: Waiting
26310e0b65a4: Waiting
a92e68a0a908: Waiting
f436e6bf0a52: Pulling fs layer
643f0093873e: Waiting
88dbcd845398: Waiting
ec2d4eb65fba: Pulling fs layer
de9474c960fc: Waiting
f436e6bf0a52: Waiting
ec2d4eb65fba: Waiting
796d468c634b: Verifying Checksum
796d468c634b: Download complete
930cabbe7110: Verifying Checksum
930cabbe7110: Download complete
930cabbe7110: Pull complete
796d468c634b: Pull complete
b853ea7a7aeb: Verifying Checksum
b853ea7a7aeb: Download complete
951984a1fdc7: Verifying Checksum
951984a1fdc7: Download complete
951984a1fdc7: Pull complete
b853ea7a7aeb: Pull complete
bd2fd9663328: Download complete
e25b754f67ba: Verifying Checksum
e25b754f67ba: Download complete
98fee31dcd62: Verifying Checksum
98fee31dcd62: Download complete
ccdcb0b49633: Verifying Checksum
ea1107c8a642: Verifying Checksum
ea1107c8a642: Download complete
147c29d7d496: Verifying Checksum
147c29d7d496: Download complete
653710d8bd83: Verifying Checksum
653710d8bd83: Download complete
a83c25774e31: Verifying Checksum
a83c25774e31: Download complete
147c29d7d496: Pull complete
bd2fd9663328: Pull complete
e25b754f67ba: Pull complete
98fee31dcd62: Pull complete
ccdcb0b49633: Pull complete
ea1107c8a642: Pull complete
a83c25774e31: Pull complete
653710d8bd83: Pull complete
4c7cc9051254: Verifying Checksum
4c7cc9051254: Download complete
86b2b4facbe4: Verifying Checksum
86b2b4facbe4: Download complete
4c7cc9051254: Pull complete
4c37c6364b47: Verifying Checksum
4c37c6364b47: Download complete
7473467e72d9: Verifying Checksum
7473467e72d9: Download complete
54987ad3036b: Verifying Checksum
54987ad3036b: Download complete
4c37c6364b47: Pull complete
677077d576c4: Verifying Checksum
677077d576c4: Download complete
86b2b4facbe4: Pull complete
7473467e72d9: Pull complete
e1738a589be4: Verifying Checksum
e1738a589be4: Download complete
54987ad3036b: Pull complete
677077d576c4: Pull complete
e1738a589be4: Pull complete
5eb4c6b8ac6f: Verifying Checksum
5eb4c6b8ac6f: Download complete
5eb4c6b8ac6f: Pull complete
35f356d03ce0: Verifying Checksum
35f356d03ce0: Download complete
35f356d03ce0: Pull complete
90e8bde239e6: Verifying Checksum
90e8bde239e6: Download complete
90e8bde239e6: Pull complete
84a7a300cc5e: Verifying Checksum
84a7a300cc5e: Download complete
84a7a300cc5e: Pull complete
3cf12177fd21: Verifying Checksum
3cf12177fd21: Download complete
3cf12177fd21: Pull complete
758e3148cb96: Verifying Checksum
758e3148cb96: Download complete
758e3148cb96: Pull complete
f59384b35747: Verifying Checksum
f59384b35747: Download complete
f59384b35747: Pull complete
dd7074fbae70: Verifying Checksum
dd7074fbae70: Download complete
dd7074fbae70: Pull complete
c58c67db8173: Verifying Checksum
c58c67db8173: Download complete
c58c67db8173: Pull complete
fa269515a10d: Verifying Checksum
fa269515a10d: Download complete
cacf86634a73: Download complete
fa269515a10d: Pull complete
cacf86634a73: Pull complete
3a7ea579cad1: Verifying Checksum
3a7ea579cad1: Download complete
f555d4f7dad9: Verifying Checksum
f555d4f7dad9: Download complete
f280266b4816: Download complete
7e11c6049596: Verifying Checksum
7e11c6049596: Download complete
e7ce56da01c9: Verifying Checksum
e7ce56da01c9: Download complete
7e11c6049596: Pull complete
3a7ea579cad1: Pull complete
f555d4f7dad9: Pull complete
f280266b4816: Pull complete
a92e68a0a908: Verifying Checksum
a92e68a0a908: Download complete
e7ce56da01c9: Pull complete
a92e68a0a908: Pull complete
ea193c2d6328: Verifying Checksum
ea193c2d6328: Download complete
26310e0b65a4: Verifying Checksum
26310e0b65a4: Download complete
ea193c2d6328: Pull complete
26310e0b65a4: Pull complete
2c66111ffa05: Verifying Checksum
2c66111ffa05: Download complete
64054ded7e7f: Verifying Checksum
64054ded7e7f: Download complete
64054ded7e7f: Pull complete
2c66111ffa05: Pull complete
86b4e0816290: Verifying Checksum
86b4e0816290: Download complete
86b4e0816290: Pull complete
41e2107de50e: Verifying Checksum
41e2107de50e: Download complete
41e2107de50e: Pull complete
de9474c960fc: Verifying Checksum
de9474c960fc: Download complete
88dbcd845398: Verifying Checksum
88dbcd845398: Download complete
ec2d4eb65fba: Verifying Checksum
ec2d4eb65fba: Download complete
643f0093873e: Download complete
643f0093873e: Pull complete
de9474c960fc: Pull complete
88dbcd845398: Pull complete
f436e6bf0a52: Verifying Checksum
f436e6bf0a52: Download complete
f436e6bf0a52: Pull complete
ec2d4eb65fba: Pull complete
Digest: sha256:4489a2097bd1a48a48f3298fea6c06844fbef01ef190d7d52ab1ec011e35b3c0
Status: Downloaded newer image for n132/arvo:1941-vul
