INFO: Seed: 865419340
INFO: Loaded 1 modules (25324 guards): [0xdc0e10, 0xdd99c0), 
/out/ffmpeg_AV_CODEC_ID_H264_fuzzer: Running 1 inputs 1 time(s) each.
Running: /tmp/poc
=================================================================
==7==ERROR: AddressSanitizer: stack-use-after-return on address 0x7fad8c8b90e0 at pc 0x00000074837a bp 0x7ffed691dea0 sp 0x7ffed691de98
READ of size 2 at 0x7fad8c8b90e0 thread T0
SCARINESS: 52 (2-byte-read-stack-use-after-return)
    #0 0x748379 in put_h264_qpel8_hv_lowpass_9 /src/ffmpeg/libavcodec/h264qpel_template.c:539:1
    #1 0x710df6 in avg_h264_qpel8_mc23_9_c /src/ffmpeg/libavcodec/h264qpel_template.c:546:1
    #2 0x5fcd78 in mc_dir_part /src/ffmpeg/libavcodec/h264_mb.c:249:5
    #3 0x5fcd78 in mc_part_std /src/ffmpeg/libavcodec/h264_mb.c:363
    #4 0x5fcd78 in mc_part_422_simple_16 /src/ffmpeg/libavcodec/h264_mc_template.c:59
    #5 0x5f98d2 in hl_motion_422_simple_16 /src/ffmpeg/libavcodec/h264_mc_template.c:102:9
    #6 0x5dd616 in hl_decode_mb_simple_16 /src/ffmpeg/libavcodec/h264_mb_template.c:172:17
    #7 0x633094 in decode_slice /src/ffmpeg/libavcodec/h264_slice.c:2571:17
    #8 0x62ca0c in ff_h264_execute_decode_slices /src/ffmpeg/libavcodec/h264_slice.c:2746:15
    #9 0x534464 in decode_nal_units /src/ffmpeg/libavcodec/h264dec.c:718:27
    #10 0x5315cd in h264_decode_frame /src/ffmpeg/libavcodec/h264dec.c:1008:17
    #11 0x529e93 in decode_simple_internal /src/ffmpeg/libavcodec/decode.c:417:15
    #12 0x529984 in decode_simple_receive_frame /src/ffmpeg/libavcodec/decode.c:620:15
    #13 0x520a8e in decode_receive_frame_internal /src/ffmpeg/libavcodec/decode.c:638:15
    #14 0x52000d in avcodec_send_packet /src/ffmpeg/libavcodec/decode.c:678:15
    #15 0x52193d in compat_decode /src/ffmpeg/libavcodec/decode.c:853:15
    #16 0x518dc7 in LLVMFuzzerTestOneInput /src/ffmpeg/tools/target_dec_fuzzer.c:216:23
    #17 0x94b909 in fuzzer::Fuzzer::ExecuteCallback(unsigned char const*, unsigned long) /src/libfuzzer/FuzzerLoop.cpp:458:13
    #18 0x94c13a in fuzzer::Fuzzer::RunOne(unsigned char const*, unsigned long) /src/libfuzzer/FuzzerLoop.cpp:397:3
    #19 0x923046 in fuzzer::RunOneTest(fuzzer::Fuzzer*, char const*, unsigned long) /src/libfuzzer/FuzzerDriver.cpp:268:6
    #20 0x92e5d0 in fuzzer::FuzzerDriver(int*, char***, int (*)(unsigned char const*, unsigned long)) /src/libfuzzer/FuzzerDriver.cpp:683:9
    #21 0x922658 in main /src/libfuzzer/FuzzerMain.cpp:20:10
    #22 0x7fad8c94983f in __libc_start_main (/lib/x86_64-linux-gnu/libc.so.6+0x2083f)
    #23 0x41d658 in _start (/out/ffmpeg_AV_CODEC_ID_H264_fuzzer+0x41d658)

DEDUP_TOKEN: put_h264_qpel8_hv_lowpass_9--avg_h264_qpel8_mc23_9_c--mc_dir_part
Address 0x7fad8c8b90e0 is located in stack of thread T0 at offset 224 in frame
    #0 0x70874f in put_h264_qpel8_mc11_9_c /src/ffmpeg/libavcodec/h264qpel_template.c:543

DEDUP_TOKEN: put_h264_qpel8_mc11_9_c
  This frame has 3 object(s):
    [32, 240) 'full' (line 543) <== Memory access at offset 224 is inside this variable
    [304, 432) 'halfH' (line 543)
    [464, 592) 'halfV' (line 543)
HINT: this may be a false positive if your program uses some custom stack unwind mechanism or swapcontext
      (longjmp and C++ exceptions *are* supported)
SUMMARY: AddressSanitizer: stack-use-after-return /src/ffmpeg/libavcodec/h264qpel_template.c:539:1 in put_h264_qpel8_hv_lowpass_9
Shadow bytes around the buggy address:
  0x0ff63190f1c0: f5 f5 f5 f5 f5 f5 f5 f5 f5 f5 f5 f5 f5 f5 f5 f5
  0x0ff63190f1d0: f5 f5 f5 f5 f5 f5 f5 f5 f5 f5 f5 f5 f5 f5 f5 f5
  0x0ff63190f1e0: f5 f5 f5 f5 f5 f5 f5 f5 f5 f5 f5 f5 f5 f5 f5 f5
  0x0ff63190f1f0: f5 f5 f5 f5 f5 f5 f5 f5 f5 f5 f5 f5 f5 f5 f5 f5
  0x0ff63190f200: f5 f5 f5 f5 f5 f5 f5 f5 f5 f5 f5 f5 f5 f5 f5 f5
=>0x0ff63190f210: f5 f5 f5 f5 f5 f5 f5 f5 f5 f5 f5 f5[f5]f5 f5 f5
  0x0ff63190f220: f5 f5 f5 f5 f5 f5 f5 f5 f5 f5 f5 f5 f5 f5 f5 f5
  0x0ff63190f230: f5 f5 f5 f5 f5 f5 f5 f5 f5 f5 f5 f5 f5 f5 f5 f5
  0x0ff63190f240: f5 f5 f5 f5 f5 f5 f5 f5 f5 f5 f5 f5 f5 f5 f5 f5
  0x0ff63190f250: f5 f5 f5 f5 f5 f5 f5 f5 f5 f5 f5 f5 f5 f5 f5 f5
  0x0ff63190f260: f5 f5 f5 f5 f5 f5 f5 f5 f5 f5 f5 f5 f5 f5 f5 f5
Shadow byte legend (one shadow byte represents 8 application bytes):
  Addressable:           00
  Partially addressable: 01 02 03 04 05 06 07 
  Heap left redzone:       fa
  Freed heap region:       fd
  Stack left redzone:      f1
  Stack mid redzone:       f2
  Stack right redzone:     f3
  Stack after return:      f5
  Stack use after scope:   f8
  Global redzone:          f9
  Global init order:       f6
  Poisoned by user:        f7
  Container overflow:      fc
  Array cookie:            ac
  Intra object redzone:    bb
  ASan internal:           fe
  Left alloca redzone:     ca
  Right alloca redzone:    cb
==7==ABORTING
