INFO: Seed: 936399742
INFO: Loaded 1 modules (25324 guards): [0xdc0e10, 0xdd99c0), 
/out/ffmpeg_AV_CODEC_ID_H264_fuzzer: Running 1 inputs 1 time(s) each.
Running: /tmp/poc
=================================================================
==7==ERROR: AddressSanitizer: stack-use-after-return on address 0x7a86d71c81a0 at pc 0x00000074837a bp 0x7ffc3db80f10 sp 0x7ffc3db80f08
READ of size 2 at 0x7a86d71c81a0 thread T0
SCARINESS: 52 (2-byte-read-stack-use-after-return)
    #0 0x748379 in put_h264_qpel8_hv_lowpass_9 /src/ffmpeg/libavcodec/h264qpel_template.c:539:1
    #1 0x747243 in put_h264_qpel16_hv_lowpass_9 /src/ffmpeg/libavcodec/h264qpel_template.c:539:1
    #2 0x706ef7 in put_h264_qpel16_mc21_9_c /src/ffmpeg/libavcodec/h264qpel_template.c:544:1
    #3 0x5e5965 in mc_dir_part /src/ffmpeg/libavcodec/h264_mb.c:249:5
    #4 0x5e5965 in mc_part_std /src/ffmpeg/libavcodec/h264_mb.c:353
    #5 0x5e5965 in mc_part_444_complex /src/ffmpeg/libavcodec/h264_mc_template.c:59
    #6 0x5e3287 in hl_motion_444_complex /src/ffmpeg/libavcodec/h264_mc_template.c:84:9
    #7 0x5cfd9f in hl_decode_mb_444_complex /src/ffmpeg/libavcodec/h264_mb_template.c:339:13
    #8 0x633094 in decode_slice /src/ffmpeg/libavcodec/h264_slice.c:2571:17
    #9 0x62ca0c in ff_h264_execute_decode_slices /src/ffmpeg/libavcodec/h264_slice.c:2746:15
    #10 0x534464 in decode_nal_units /src/ffmpeg/libavcodec/h264dec.c:718:27
    #11 0x5315cd in h264_decode_frame /src/ffmpeg/libavcodec/h264dec.c:1008:17
    #12 0x529e93 in decode_simple_internal /src/ffmpeg/libavcodec/decode.c:417:15
    #13 0x529984 in decode_simple_receive_frame /src/ffmpeg/libavcodec/decode.c:620:15
    #14 0x520a8e in decode_receive_frame_internal /src/ffmpeg/libavcodec/decode.c:638:15
    #15 0x52000d in avcodec_send_packet /src/ffmpeg/libavcodec/decode.c:678:15
    #16 0x52193d in compat_decode /src/ffmpeg/libavcodec/decode.c:853:15
    #17 0x518dc7 in LLVMFuzzerTestOneInput /src/ffmpeg/tools/target_dec_fuzzer.c:216:23
    #18 0x94b909 in fuzzer::Fuzzer::ExecuteCallback(unsigned char const*, unsigned long) /src/libfuzzer/FuzzerLoop.cpp:458:13
    #19 0x94c13a in fuzzer::Fuzzer::RunOne(unsigned char const*, unsigned long) /src/libfuzzer/FuzzerLoop.cpp:397:3
    #20 0x923046 in fuzzer::RunOneTest(fuzzer::Fuzzer*, char const*, unsigned long) /src/libfuzzer/FuzzerDriver.cpp:268:6
    #21 0x92e5d0 in fuzzer::FuzzerDriver(int*, char***, int (*)(unsigned char const*, unsigned long)) /src/libfuzzer/FuzzerDriver.cpp:683:9
    #22 0x922658 in main /src/libfuzzer/FuzzerMain.cpp:20:10
    #23 0x7a86d723883f in __libc_start_main (/lib/x86_64-linux-gnu/libc.so.6+0x2083f)
    #24 0x41d658 in _start (/out/ffmpeg_AV_CODEC_ID_H264_fuzzer+0x41d658)

DEDUP_TOKEN: put_h264_qpel8_hv_lowpass_9--put_h264_qpel16_hv_lowpass_9--put_h264_qpel16_mc21_9_c
Address 0x7a86d71c81a0 is located in stack of thread T0 at offset 2464 in frame
    #0 0x57484f in avcodec_open2 /src/ffmpeg/libavcodec/utils.c:628

DEDUP_TOKEN: avcodec_open2
  This frame has 6 object(s):
    [32, 40) 'tmp' (line 630)
    [64, 192) 'buf' (line 872)
    [224, 352) 'buf334' (line 887)
    [384, 896) 'buf423' (line 926)
    [960, 1472) 'buf439' (line 937)
    [1536, 2048) 'buf571' (line 1042) <== Memory access at offset 2464 overflows this variable
HINT: this may be a false positive if your program uses some custom stack unwind mechanism or swapcontext
      (longjmp and C++ exceptions *are* supported)
SUMMARY: AddressSanitizer: stack-use-after-return /src/ffmpeg/libavcodec/h264qpel_template.c:539:1 in put_h264_qpel8_hv_lowpass_9
Shadow bytes around the buggy address:
  0x0f515ae30fe0: f5 f5 f5 f5 f5 f5 f5 f5 f5 f5 f5 f5 f5 f5 f5 f5
  0x0f515ae30ff0: f5 f5 f5 f5 f5 f5 f5 f5 f5 f5 f5 f5 f5 f5 f5 f5
  0x0f515ae31000: f5 f5 f5 f5 f5 f5 f5 f5 f5 f5 f5 f5 f5 f5 f5 f5
  0x0f515ae31010: f5 f5 f5 f5 f5 f5 f5 f5 f5 f5 f5 f5 f5 f5 f5 f5
  0x0f515ae31020: f5 f5 f5 f5 f5 f5 f5 f5 f5 f5 f5 f5 f5 f5 f5 f5
=>0x0f515ae31030: f5 f5 f5 f5[f5]f5 f5 f5 f5 f5 f5 f5 f5 f5 f5 f5
  0x0f515ae31040: f5 f5 f5 f5 f5 f5 f5 f5 f5 f5 f5 f5 f5 f5 f5 f5
  0x0f515ae31050: f5 f5 f5 f5 f5 f5 f5 f5 f5 f5 f5 f5 f5 f5 f5 f5
  0x0f515ae31060: f5 f5 f5 f5 f5 f5 f5 f5 f5 f5 f5 f5 f5 f5 f5 f5
  0x0f515ae31070: f5 f5 f5 f5 f5 f5 f5 f5 f5 f5 f5 f5 f5 f5 f5 f5
  0x0f515ae31080: f5 f5 f5 f5 f5 f5 f5 f5 f5 f5 f5 f5 f5 f5 f5 f5
Shadow byte legend (one shadow byte represents 8 application bytes):
  Addressable:           00
  Partially addressable: 01 02 03 04 05 06 07 
  Heap left redzone:       fa
  Freed heap region:       fd
  Stack left redzone:      f1
  Stack mid redzone:       f2
  Stack right redzone:     f3
  Stack after return:      f5
  Stack use after scope:   f8
  Global redzone:          f9
  Global init order:       f6
  Poisoned by user:        f7
  Container overflow:      fc
  Array cookie:            ac
  Intra object redzone:    bb
  ASan internal:           fe
  Left alloca redzone:     ca
  Right alloca redzone:    cb
==7==ABORTING
