Unable to find image 'n132/arvo:20494-vul' locally
20494-vul: Pulling from n132/arvo
976a760c94fc: Pulling fs layer
c58992f3c37b: Pulling fs layer
0ca0e5e7f12e: Pulling fs layer
f2a274cc00ca: Pulling fs layer
83c6bf4b1c5f: Pulling fs layer
9f230f35933d: Pulling fs layer
baf582d60b08: Pulling fs layer
9eaab8426191: Pulling fs layer
770e07e2ce17: Pulling fs layer
1ef347714d9b: Pulling fs layer
cc56f96b89af: Pulling fs layer
9f230f35933d: Waiting
90bd73e37ce9: Pulling fs layer
e997c26a4b48: Pulling fs layer
baf582d60b08: Waiting
9eaab8426191: Waiting
e831c9ea1a1f: Pulling fs layer
ac6bee57b99a: Pulling fs layer
a5dd1c7d467c: Pulling fs layer
1ef347714d9b: Waiting
92b08ab2bc39: Pulling fs layer
cc56f96b89af: Waiting
68ce65f34552: Pulling fs layer
0785a8e3c382: Pulling fs layer
90bd73e37ce9: Waiting
0d5b6a1e2551: Pulling fs layer
0a39f6b3f017: Pulling fs layer
e831c9ea1a1f: Waiting
ac6bee57b99a: Waiting
e997c26a4b48: Waiting
50548114fc68: Pulling fs layer
a5dd1c7d467c: Waiting
7360a3e57315: Pulling fs layer
32f9797937b5: Pulling fs layer
f2a274cc00ca: Waiting
fba7765c1909: Pulling fs layer
92b08ab2bc39: Waiting
0785a8e3c382: Waiting
16490a6dbda2: Pulling fs layer
68ce65f34552: Waiting
baa5fcfb11be: Pulling fs layer
770e07e2ce17: Waiting
7360a3e57315: Waiting
83c6bf4b1c5f: Waiting
0d5b6a1e2551: Waiting
69c93efbee41: Pulling fs layer
32f9797937b5: Waiting
fcd47ee5324f: Pulling fs layer
b2477fb595f7: Pulling fs layer
fba7765c1909: Waiting
c6aff58d21df: Pulling fs layer
50548114fc68: Waiting
baa5fcfb11be: Waiting
0a39f6b3f017: Waiting
5d6b62849ad7: Pulling fs layer
69c93efbee41: Waiting
465b89741802: Pulling fs layer
b2477fb595f7: Waiting
c6aff58d21df: Waiting
fcd47ee5324f: Waiting
86902216fbb6: Pulling fs layer
e121835471c3: Pulling fs layer
465b89741802: Waiting
86902216fbb6: Waiting
fec907782fbb: Pulling fs layer
da2d123fc250: Pulling fs layer
78271b5566e6: Pulling fs layer
fec907782fbb: Waiting
bab328397021: Pulling fs layer
da2d123fc250: Waiting
a9b1a1b3c578: Pulling fs layer
925e77679c85: Pulling fs layer
e09c4d76149d: Pulling fs layer
495d18f17260: Pulling fs layer
343dff1a647c: Pulling fs layer
372468e9a5f8: Pulling fs layer
0d52f34fe402: Pulling fs layer
a108cae86b3d: Pulling fs layer
bab328397021: Waiting
f687adcb61b0: Pulling fs layer
0d52f34fe402: Waiting
a9b1a1b3c578: Waiting
765498b382fb: Pulling fs layer
e09c4d76149d: Waiting
495d18f17260: Waiting
89fade931446: Pulling fs layer
372468e9a5f8: Waiting
925e77679c85: Waiting
a0e0068ef29f: Pulling fs layer
343dff1a647c: Waiting
a108cae86b3d: Waiting
765498b382fb: Waiting
f687adcb61b0: Waiting
89fade931446: Waiting
a0e0068ef29f: Waiting
0ca0e5e7f12e: Download complete
c58992f3c37b: Verifying Checksum
c58992f3c37b: Download complete
f2a274cc00ca: Verifying Checksum
f2a274cc00ca: Download complete
976a760c94fc: Verifying Checksum
976a760c94fc: Download complete
9f230f35933d: Verifying Checksum
9f230f35933d: Download complete
83c6bf4b1c5f: Verifying Checksum
83c6bf4b1c5f: Download complete
976a760c94fc: Pull complete
baf582d60b08: Verifying Checksum
baf582d60b08: Download complete
c58992f3c37b: Pull complete
0ca0e5e7f12e: Pull complete
f2a274cc00ca: Pull complete
770e07e2ce17: Verifying Checksum
770e07e2ce17: Download complete
83c6bf4b1c5f: Pull complete
9f230f35933d: Pull complete
baf582d60b08: Pull complete
cc56f96b89af: Verifying Checksum
cc56f96b89af: Download complete
1ef347714d9b: Verifying Checksum
1ef347714d9b: Download complete
e997c26a4b48: Verifying Checksum
e997c26a4b48: Download complete
90bd73e37ce9: Verifying Checksum
90bd73e37ce9: Download complete
e831c9ea1a1f: Verifying Checksum
e831c9ea1a1f: Download complete
ac6bee57b99a: Verifying Checksum
ac6bee57b99a: Download complete
a5dd1c7d467c: Verifying Checksum
a5dd1c7d467c: Download complete
9eaab8426191: Verifying Checksum
9eaab8426191: Download complete
0785a8e3c382: Download complete
68ce65f34552: Verifying Checksum
68ce65f34552: Download complete
0d5b6a1e2551: Verifying Checksum
0d5b6a1e2551: Download complete
50548114fc68: Verifying Checksum
50548114fc68: Download complete
92b08ab2bc39: Verifying Checksum
92b08ab2bc39: Download complete
9eaab8426191: Pull complete
770e07e2ce17: Pull complete
7360a3e57315: Verifying Checksum
7360a3e57315: Download complete
32f9797937b5: Verifying Checksum
32f9797937b5: Download complete
0a39f6b3f017: Verifying Checksum
0a39f6b3f017: Download complete
1ef347714d9b: Pull complete
cc56f96b89af: Pull complete
baa5fcfb11be: Verifying Checksum
baa5fcfb11be: Download complete
90bd73e37ce9: Pull complete
e997c26a4b48: Pull complete
e831c9ea1a1f: Pull complete
ac6bee57b99a: Pull complete
a5dd1c7d467c: Pull complete
69c93efbee41: Verifying Checksum
69c93efbee41: Download complete
92b08ab2bc39: Pull complete
fba7765c1909: Verifying Checksum
fba7765c1909: Download complete
fcd47ee5324f: Download complete
b2477fb595f7: Verifying Checksum
b2477fb595f7: Download complete
68ce65f34552: Pull complete
0785a8e3c382: Pull complete
5d6b62849ad7: Verifying Checksum
5d6b62849ad7: Download complete
c6aff58d21df: Verifying Checksum
c6aff58d21df: Download complete
16490a6dbda2: Verifying Checksum
16490a6dbda2: Download complete
0d5b6a1e2551: Pull complete
86902216fbb6: Verifying Checksum
86902216fbb6: Download complete
465b89741802: Verifying Checksum
465b89741802: Download complete
e121835471c3: Verifying Checksum
e121835471c3: Download complete
fec907782fbb: Download complete
0a39f6b3f017: Pull complete
50548114fc68: Pull complete
7360a3e57315: Pull complete
32f9797937b5: Pull complete
78271b5566e6: Verifying Checksum
78271b5566e6: Download complete
da2d123fc250: Download complete
a9b1a1b3c578: Verifying Checksum
a9b1a1b3c578: Download complete
925e77679c85: Verifying Checksum
925e77679c85: Download complete
fba7765c1909: Pull complete
e09c4d76149d: Verifying Checksum
e09c4d76149d: Download complete
bab328397021: Verifying Checksum
bab328397021: Download complete
343dff1a647c: Download complete
495d18f17260: Verifying Checksum
495d18f17260: Download complete
16490a6dbda2: Pull complete
0d52f34fe402: Verifying Checksum
0d52f34fe402: Download complete
baa5fcfb11be: Pull complete
372468e9a5f8: Verifying Checksum
372468e9a5f8: Download complete
69c93efbee41: Pull complete
fcd47ee5324f: Pull complete
f687adcb61b0: Verifying Checksum
f687adcb61b0: Download complete
b2477fb595f7: Pull complete
c6aff58d21df: Pull complete
5d6b62849ad7: Pull complete
465b89741802: Pull complete
86902216fbb6: Pull complete
765498b382fb: Verifying Checksum
765498b382fb: Download complete
e121835471c3: Pull complete
fec907782fbb: Pull complete
da2d123fc250: Pull complete
78271b5566e6: Pull complete
a0e0068ef29f: Verifying Checksum
a0e0068ef29f: Download complete
bab328397021: Pull complete
a108cae86b3d: Verifying Checksum
a108cae86b3d: Download complete
a9b1a1b3c578: Pull complete
925e77679c85: Pull complete
e09c4d76149d: Pull complete
495d18f17260: Pull complete
343dff1a647c: Pull complete
372468e9a5f8: Pull complete
0d52f34fe402: Pull complete
a108cae86b3d: Pull complete
f687adcb61b0: Pull complete
765498b382fb: Pull complete
89fade931446: Verifying Checksum
89fade931446: Download complete
89fade931446: Pull complete
a0e0068ef29f: Pull complete
Digest: sha256:40963d69a4e4a2849c6c3ff96bef304469f885b16bf8169e43ceb6eb3b0fa95b
Status: Downloaded newer image for n132/arvo:20494-vul
