INFO: Seed: 2891610556
INFO: Loaded 1 modules   (60028 inline 8-bit counters): 60028 [0x1060780, 0x106f1fc), 
INFO: Loaded 1 PC tables (60028 PCs): 60028 [0x106f200,0x11599c0), 
/out/client: Running 1 inputs 1 time(s) each.
Running: /tmp/poc
=================================================================
==7==ERROR: AddressSanitizer: heap-use-after-free on address 0x60f00002d560 at pc 0x0000006b5972 bp 0x7fff06aece70 sp 0x7fff06aece68
WRITE of size 4 at 0x60f00002d560 thread T0
SCARINESS: 46 (4-byte-write-heap-use-after-free)
    #0 0x6b5971 in CRYPTO_DOWN_REF /src/openssl/include/internal/refcount.h:51:12
    #1 0x6b56cd in DH_free /src/openssl/crypto/dh/dh_lib.c:128:5
    #2 0x763914 in evp_pkey_free_it /src/openssl/crypto/evp/p_lib.c:878:9
    #3 0x760e63 in EVP_PKEY_free /src/openssl/crypto/evp/p_lib.c:901:5
    #4 0x619a66 in tls_process_ske_dhe /src/openssl/ssl/statem/statem_clnt.c:2180:5
    #5 0x6137ef in tls_process_key_exchange /src/openssl/ssl/statem/statem_clnt.c:2288:14
    #6 0x608965 in read_state_machine /src/openssl/ssl/statem/statem.c:637:19
    #7 0x607128 in state_machine /src/openssl/ssl/statem/statem.c:435:21
    #8 0x59a364 in SSL_do_handshake /src/openssl/ssl/ssl_lib.c:3812:19
    #9 0x4cb38a in FuzzerTestOneInput /src/openssl/fuzz/client.c:84:9
    #10 0x51b8c6 in fuzzer::Fuzzer::ExecuteCallback(unsigned char const*, unsigned long) /src/libfuzzer/FuzzerLoop.cpp:556:15
    #11 0x4cc0af in fuzzer::RunOneTest(fuzzer::Fuzzer*, char const*, unsigned long) /src/libfuzzer/FuzzerDriver.cpp:292:6
    #12 0x4d9d12 in fuzzer::FuzzerDriver(int*, char***, int (*)(unsigned char const*, unsigned long)) /src/libfuzzer/FuzzerDriver.cpp:774:9
    #13 0x4cb6f7 in main /src/libfuzzer/FuzzerMain.cpp:19:10
    #14 0x7e7d27bc983f in __libc_start_main (/lib/x86_64-linux-gnu/libc.so.6+0x2083f)
    #15 0x41fd58 in _start (/out/client+0x41fd58)

DEDUP_TOKEN: CRYPTO_DOWN_REF--DH_free--evp_pkey_free_it
0x60f00002d560 is located 112 bytes inside of 176-byte region [0x60f00002d4f0,0x60f00002d5a0)
freed by thread T0 here:
    #0 0x4986bd in free /src/llvm-project/compiler-rt/lib/asan/asan_malloc_linux.cpp:123:3
    #1 0x6b5848 in DH_free /src/openssl/crypto/dh/dh_lib.c:148:5
    #2 0x619a5e in tls_process_ske_dhe /src/openssl/ssl/statem/statem_clnt.c:2179:5
    #3 0x6137ef in tls_process_key_exchange /src/openssl/ssl/statem/statem_clnt.c:2288:14
    #4 0x608965 in read_state_machine /src/openssl/ssl/statem/statem.c:637:19
    #5 0x607128 in state_machine /src/openssl/ssl/statem/statem.c:435:21
    #6 0x59a364 in SSL_do_handshake /src/openssl/ssl/ssl_lib.c:3812:19
    #7 0x4cb38a in FuzzerTestOneInput /src/openssl/fuzz/client.c:84:9
    #8 0x51b8c6 in fuzzer::Fuzzer::ExecuteCallback(unsigned char const*, unsigned long) /src/libfuzzer/FuzzerLoop.cpp:556:15
    #9 0x4cc0af in fuzzer::RunOneTest(fuzzer::Fuzzer*, char const*, unsigned long) /src/libfuzzer/FuzzerDriver.cpp:292:6
    #10 0x4d9d12 in fuzzer::FuzzerDriver(int*, char***, int (*)(unsigned char const*, unsigned long)) /src/libfuzzer/FuzzerDriver.cpp:774:9
    #11 0x4cb6f7 in main /src/libfuzzer/FuzzerMain.cpp:19:10
    #12 0x7e7d27bc983f in __libc_start_main (/lib/x86_64-linux-gnu/libc.so.6+0x2083f)

DEDUP_TOKEN: free--DH_free--tls_process_ske_dhe
previously allocated by thread T0 here:
    #0 0x49893d in malloc /src/llvm-project/compiler-rt/lib/asan/asan_malloc_linux.cpp:145:3
    #1 0x787b29 in CRYPTO_zalloc /src/openssl/crypto/mem.c:191:11
    #2 0x6b5194 in dh_new_intern /src/openssl/crypto/dh/dh_lib.c:66:15
    #3 0x619872 in tls_process_ske_dhe /src/openssl/ssl/statem/statem_clnt.c:2103:10
    #4 0x6137ef in tls_process_key_exchange /src/openssl/ssl/statem/statem_clnt.c:2288:14
    #5 0x608965 in read_state_machine /src/openssl/ssl/statem/statem.c:637:19
    #6 0x607128 in state_machine /src/openssl/ssl/statem/statem.c:435:21
    #7 0x59a364 in SSL_do_handshake /src/openssl/ssl/ssl_lib.c:3812:19
    #8 0x4cb38a in FuzzerTestOneInput /src/openssl/fuzz/client.c:84:9
    #9 0x51b8c6 in fuzzer::Fuzzer::ExecuteCallback(unsigned char const*, unsigned long) /src/libfuzzer/FuzzerLoop.cpp:556:15
    #10 0x4cc0af in fuzzer::RunOneTest(fuzzer::Fuzzer*, char const*, unsigned long) /src/libfuzzer/FuzzerDriver.cpp:292:6
    #11 0x4d9d12 in fuzzer::FuzzerDriver(int*, char***, int (*)(unsigned char const*, unsigned long)) /src/libfuzzer/FuzzerDriver.cpp:774:9
    #12 0x4cb6f7 in main /src/libfuzzer/FuzzerMain.cpp:19:10
    #13 0x7e7d27bc983f in __libc_start_main (/lib/x86_64-linux-gnu/libc.so.6+0x2083f)

DEDUP_TOKEN: malloc--CRYPTO_zalloc--dh_new_intern
SUMMARY: AddressSanitizer: heap-use-after-free /src/openssl/include/internal/refcount.h:51:12 in CRYPTO_DOWN_REF
Shadow bytes around the buggy address:
  0x0c1e7fffda50: fd fd fd fd fd fd fd fd fd fd fa fa fa fa fa fa
  0x0c1e7fffda60: fa fa fd fd fd fd fd fd fd fd fd fd fd fd fd fd
  0x0c1e7fffda70: fd fd fd fd fd fd fd fd fa fa fa fa fa fa fa fa
  0x0c1e7fffda80: fd fd fd fd fd fd fd fd fd fd fd fd fd fd fd fd
  0x0c1e7fffda90: fd fd fd fd fd fd fa fa fa fa fa fa fa fa fd fd
=>0x0c1e7fffdaa0: fd fd fd fd fd fd fd fd fd fd fd fd[fd]fd fd fd
  0x0c1e7fffdab0: fd fd fd fd fa fa fa fa fa fa fa fa fa fa fa fa
  0x0c1e7fffdac0: fa fa fa fa fa fa fa fa fa fa fa fa fa fa fa fa
  0x0c1e7fffdad0: fa fa fa fa fa fa fa fa fa fa fa fa fa fa fa fa
  0x0c1e7fffdae0: fa fa fa fa fa fa fa fa fa fa fa fa fa fa fa fa
  0x0c1e7fffdaf0: fa fa fa fa fa fa fa fa fa fa fa fa fa fa fa fa
Shadow byte legend (one shadow byte represents 8 application bytes):
  Addressable:           00
  Partially addressable: 01 02 03 04 05 06 07 
  Heap left redzone:       fa
  Freed heap region:       fd
  Stack left redzone:      f1
  Stack mid redzone:       f2
  Stack right redzone:     f3
  Stack after return:      f5
  Stack use after scope:   f8
  Global redzone:          f9
  Global init order:       f6
  Poisoned by user:        f7
  Container overflow:      fc
  Array cookie:            ac
  Intra object redzone:    bb
  ASan internal:           fe
  Left alloca redzone:     ca
  Right alloca redzone:    cb
  Shadow gap:              cc
==7==ABORTING
