Unable to find image 'n132/arvo:22046-vul' locally
22046-vul: Pulling from n132/arvo
3386e6af03b0: Pulling fs layer
49ac0bbe6c8e: Pulling fs layer
d1983a67e104: Pulling fs layer
1a0f3a523f04: Pulling fs layer
73c5426d06aa: Pulling fs layer
fa7611375f71: Pulling fs layer
cfbeaae4f211: Pulling fs layer
42371f50a4fa: Pulling fs layer
d03027ec3c94: Pulling fs layer
c7d96356120a: Pulling fs layer
6c28d33bde9b: Pulling fs layer
f52300c66b5f: Pulling fs layer
df8ecd39b0e7: Pulling fs layer
9454a074fc30: Pulling fs layer
47fed183f2ed: Pulling fs layer
e96eecbbb562: Pulling fs layer
0b0cc7417213: Pulling fs layer
8e81c9530cd8: Pulling fs layer
4445fbb6820d: Pulling fs layer
8f1a3969422b: Pulling fs layer
3e6f87cba13b: Pulling fs layer
295dd3f2bf9c: Pulling fs layer
30db0635f2e7: Pulling fs layer
cfbeaae4f211: Waiting
64b2ac942635: Pulling fs layer
40b52b3ac769: Pulling fs layer
42371f50a4fa: Waiting
716acdfe1ad7: Pulling fs layer
d03027ec3c94: Waiting
2f5d90b3ba3b: Pulling fs layer
c7d96356120a: Waiting
df3e9d7df5d0: Pulling fs layer
6c28d33bde9b: Waiting
38b00e0ac35d: Pulling fs layer
f52300c66b5f: Waiting
1fd9329c47bd: Pulling fs layer
df8ecd39b0e7: Waiting
ab94b317e9de: Pulling fs layer
1a0f3a523f04: Waiting
78a0a40898b2: Pulling fs layer
8eeef8ce831c: Pulling fs layer
1c35e91d52a1: Pulling fs layer
ad4a7e7bf826: Pulling fs layer
9454a074fc30: Waiting
d563fb518540: Pulling fs layer
f052fabe5f77: Pulling fs layer
47fed183f2ed: Waiting
f7cb234eec4f: Pulling fs layer
e96eecbbb562: Waiting
64b2ac942635: Waiting
3c1b31b8a172: Pulling fs layer
0b0cc7417213: Waiting
40b52b3ac769: Waiting
f20062f156e1: Pulling fs layer
00b44c0edb60: Pulling fs layer
8e81c9530cd8: Waiting
716acdfe1ad7: Waiting
4445fbb6820d: Waiting
2f5d90b3ba3b: Waiting
dc0e78e2ef0b: Pulling fs layer
8f1a3969422b: Waiting
df3e9d7df5d0: Waiting
0d271cb992fd: Pulling fs layer
38b00e0ac35d: Waiting
295dd3f2bf9c: Waiting
3e6f87cba13b: Waiting
8ceaac2a779b: Pulling fs layer
1fd9329c47bd: Waiting
73c5426d06aa: Waiting
d563fb518540: Waiting
d2c612032070: Pulling fs layer
fa7611375f71: Waiting
30db0635f2e7: Waiting
71599c9d5513: Pulling fs layer
00b44c0edb60: Waiting
8eeef8ce831c: Waiting
f20062f156e1: Waiting
066a7520eaa3: Pulling fs layer
1c35e91d52a1: Waiting
dc0e78e2ef0b: Waiting
f052fabe5f77: Waiting
0d271cb992fd: Waiting
ad4a7e7bf826: Waiting
d0b4f5c3d3d5: Pulling fs layer
ab94b317e9de: Waiting
3c1b31b8a172: Waiting
f7cb234eec4f: Waiting
8ceaac2a779b: Waiting
78a0a40898b2: Waiting
066a7520eaa3: Waiting
4f4fb700ef54: Pulling fs layer
71599c9d5513: Waiting
d0b4f5c3d3d5: Waiting
1802e23befc6: Pulling fs layer
a52c850396f5: Pulling fs layer
34b1c386b1f3: Pulling fs layer
4f4fb700ef54: Waiting
1802e23befc6: Waiting
a52c850396f5: Waiting
34b1c386b1f3: Waiting
d1983a67e104: Verifying Checksum
d1983a67e104: Download complete
49ac0bbe6c8e: Verifying Checksum
49ac0bbe6c8e: Download complete
1a0f3a523f04: Verifying Checksum
3386e6af03b0: Verifying Checksum
3386e6af03b0: Download complete
fa7611375f71: Verifying Checksum
fa7611375f71: Download complete
3386e6af03b0: Pull complete
49ac0bbe6c8e: Pull complete
d1983a67e104: Pull complete
cfbeaae4f211: Verifying Checksum
cfbeaae4f211: Download complete
1a0f3a523f04: Pull complete
d03027ec3c94: Verifying Checksum
d03027ec3c94: Download complete
73c5426d06aa: Verifying Checksum
73c5426d06aa: Download complete
73c5426d06aa: Pull complete
fa7611375f71: Pull complete
cfbeaae4f211: Pull complete
6c28d33bde9b: Verifying Checksum
6c28d33bde9b: Download complete
c7d96356120a: Verifying Checksum
c7d96356120a: Download complete
f52300c66b5f: Verifying Checksum
f52300c66b5f: Download complete
df8ecd39b0e7: Verifying Checksum
df8ecd39b0e7: Download complete
47fed183f2ed: Download complete
9454a074fc30: Verifying Checksum
9454a074fc30: Download complete
e96eecbbb562: Verifying Checksum
e96eecbbb562: Download complete
8e81c9530cd8: Verifying Checksum
8e81c9530cd8: Download complete
42371f50a4fa: Verifying Checksum
42371f50a4fa: Download complete
0b0cc7417213: Verifying Checksum
0b0cc7417213: Download complete
4445fbb6820d: Verifying Checksum
4445fbb6820d: Download complete
8f1a3969422b: Verifying Checksum
8f1a3969422b: Download complete
3e6f87cba13b: Verifying Checksum
3e6f87cba13b: Download complete
30db0635f2e7: Verifying Checksum
30db0635f2e7: Download complete
295dd3f2bf9c: Verifying Checksum
295dd3f2bf9c: Download complete
42371f50a4fa: Pull complete
d03027ec3c94: Pull complete
716acdfe1ad7: Verifying Checksum
716acdfe1ad7: Download complete
c7d96356120a: Pull complete
6c28d33bde9b: Pull complete
2f5d90b3ba3b: Verifying Checksum
2f5d90b3ba3b: Download complete
df3e9d7df5d0: Verifying Checksum
df3e9d7df5d0: Download complete
f52300c66b5f: Pull complete
df8ecd39b0e7: Pull complete
9454a074fc30: Pull complete
40b52b3ac769: Verifying Checksum
40b52b3ac769: Download complete
47fed183f2ed: Pull complete
e96eecbbb562: Pull complete
64b2ac942635: Verifying Checksum
64b2ac942635: Download complete
0b0cc7417213: Pull complete
1fd9329c47bd: Verifying Checksum
1fd9329c47bd: Download complete
ab94b317e9de: Verifying Checksum
ab94b317e9de: Download complete
38b00e0ac35d: Verifying Checksum
8e81c9530cd8: Pull complete
4445fbb6820d: Pull complete
78a0a40898b2: Download complete
8f1a3969422b: Pull complete
3e6f87cba13b: Pull complete
1c35e91d52a1: Verifying Checksum
1c35e91d52a1: Download complete
8eeef8ce831c: Verifying Checksum
8eeef8ce831c: Download complete
d563fb518540: Verifying Checksum
d563fb518540: Download complete
295dd3f2bf9c: Pull complete
ad4a7e7bf826: Verifying Checksum
ad4a7e7bf826: Download complete
30db0635f2e7: Pull complete
64b2ac942635: Pull complete
f052fabe5f77: Verifying Checksum
f052fabe5f77: Download complete
3c1b31b8a172: Verifying Checksum
3c1b31b8a172: Download complete
f20062f156e1: Download complete
f7cb234eec4f: Verifying Checksum
f7cb234eec4f: Download complete
dc0e78e2ef0b: Verifying Checksum
dc0e78e2ef0b: Download complete
40b52b3ac769: Pull complete
716acdfe1ad7: Pull complete
8ceaac2a779b: Verifying Checksum
8ceaac2a779b: Download complete
2f5d90b3ba3b: Pull complete
df3e9d7df5d0: Pull complete
00b44c0edb60: Verifying Checksum
00b44c0edb60: Download complete
38b00e0ac35d: Pull complete
1fd9329c47bd: Pull complete
ab94b317e9de: Pull complete
78a0a40898b2: Pull complete
8eeef8ce831c: Pull complete
1c35e91d52a1: Pull complete
ad4a7e7bf826: Pull complete
d563fb518540: Pull complete
f052fabe5f77: Pull complete
0d271cb992fd: Verifying Checksum
0d271cb992fd: Download complete
f7cb234eec4f: Pull complete
3c1b31b8a172: Pull complete
f20062f156e1: Pull complete
71599c9d5513: Verifying Checksum
71599c9d5513: Download complete
00b44c0edb60: Pull complete
dc0e78e2ef0b: Pull complete
066a7520eaa3: Verifying Checksum
066a7520eaa3: Download complete
0d271cb992fd: Pull complete
d0b4f5c3d3d5: Verifying Checksum
d0b4f5c3d3d5: Download complete
8ceaac2a779b: Pull complete
4f4fb700ef54: Verifying Checksum
4f4fb700ef54: Download complete
1802e23befc6: Download complete
34b1c386b1f3: Verifying Checksum
34b1c386b1f3: Download complete
d2c612032070: Verifying Checksum
d2c612032070: Download complete
d2c612032070: Pull complete
71599c9d5513: Pull complete
066a7520eaa3: Pull complete
d0b4f5c3d3d5: Pull complete
4f4fb700ef54: Pull complete
1802e23befc6: Pull complete
a52c850396f5: Verifying Checksum
a52c850396f5: Download complete
a52c850396f5: Pull complete
34b1c386b1f3: Pull complete
Digest: sha256:2bdad25479d1c62034d05c79aafed4bcadf98a5ffe68bc10297153441b7f50d5
Status: Downloaded newer image for n132/arvo:22046-vul
