Unable to find image 'n132/arvo:2209-vul' locally
2209-vul: Pulling from n132/arvo
d16fc20e681d: Already exists
63f1c4e4b781: Already exists
fb4d3bb1280c: Already exists
8038895a6c2e: Already exists
43fa392d948c: Already exists
acb324eaf143: Already exists
2d869ded115f: Already exists
33f51ca5dba0: Already exists
2e24ca0e8f73: Already exists
fcd73e9b9751: Already exists
240423bcfba4: Already exists
d5077c143141: Already exists
2d5a31a2dd25: Already exists
c655debf496a: Already exists
de9124ff0e0f: Already exists
0a32c2c85bf1: Pulling fs layer
dd077f79ce93: Pulling fs layer
1f56c1384502: Pulling fs layer
2b0919133c09: Pulling fs layer
173a409e2e4c: Pulling fs layer
38f28c771c82: Pulling fs layer
6386d11c9c70: Pulling fs layer
8b5f6c3586ae: Pulling fs layer
a28194c6f5e5: Pulling fs layer
5ae3ba7f6e1f: Pulling fs layer
5e2cebf64713: Pulling fs layer
c3cc0a1a37d0: Pulling fs layer
1f56c1384502: Waiting
c0eeabfc6f99: Pulling fs layer
2b0919133c09: Waiting
f3aeff8cb067: Pulling fs layer
173a409e2e4c: Waiting
38f28c771c82: Waiting
2f8e51e6d52c: Pulling fs layer
6386d11c9c70: Waiting
8b5f6c3586ae: Waiting
a28194c6f5e5: Waiting
2e352d785977: Pulling fs layer
c3cc0a1a37d0: Waiting
5ae3ba7f6e1f: Waiting
c0eeabfc6f99: Waiting
3aa4465791a3: Pulling fs layer
f3aeff8cb067: Waiting
0a32c2c85bf1: Waiting
818e741fb302: Pulling fs layer
5e2cebf64713: Waiting
dd077f79ce93: Waiting
2e352d785977: Waiting
3aa4465791a3: Waiting
1184410a8f02: Pulling fs layer
2f8e51e6d52c: Waiting
818e741fb302: Waiting
734ef2cfa140: Pulling fs layer
1184410a8f02: Waiting
3a367f6d4700: Pulling fs layer
734ef2cfa140: Waiting
08898eacf5ef: Pulling fs layer
48f770e52061: Pulling fs layer
3a367f6d4700: Waiting
cd6740e9a497: Pulling fs layer
755da75b7a3a: Pulling fs layer
a823f9511166: Pulling fs layer
b7d4fec07965: Pulling fs layer
dca3a36bd329: Pulling fs layer
5b6624e9efdd: Pulling fs layer
3399bbb5ff9b: Pulling fs layer
08898eacf5ef: Waiting
73a5bb43b5f5: Pulling fs layer
755da75b7a3a: Waiting
a823f9511166: Waiting
48f770e52061: Waiting
178642be3c34: Pulling fs layer
cd6740e9a497: Waiting
508a6a4985b2: Pulling fs layer
dca3a36bd329: Waiting
b7d4fec07965: Waiting
3b9ebb1e4c61: Pulling fs layer
73a5bb43b5f5: Waiting
5b6624e9efdd: Waiting
3cbdc8085b57: Pulling fs layer
178642be3c34: Waiting
508a6a4985b2: Waiting
3cbdc8085b57: Waiting
8594ac6eafcb: Pulling fs layer
3b9ebb1e4c61: Waiting
8594ac6eafcb: Waiting
dd077f79ce93: Verifying Checksum
dd077f79ce93: Download complete
0a32c2c85bf1: Verifying Checksum
0a32c2c85bf1: Download complete
173a409e2e4c: Verifying Checksum
1f56c1384502: Verifying Checksum
1f56c1384502: Download complete
0a32c2c85bf1: Pull complete
dd077f79ce93: Pull complete
38f28c771c82: Verifying Checksum
38f28c771c82: Download complete
2b0919133c09: Verifying Checksum
2b0919133c09: Download complete
6386d11c9c70: Verifying Checksum
6386d11c9c70: Download complete
8b5f6c3586ae: Verifying Checksum
8b5f6c3586ae: Download complete
1f56c1384502: Pull complete
5ae3ba7f6e1f: Verifying Checksum
5ae3ba7f6e1f: Download complete
5e2cebf64713: Verifying Checksum
5e2cebf64713: Download complete
a28194c6f5e5: Verifying Checksum
a28194c6f5e5: Download complete
c3cc0a1a37d0: Verifying Checksum
c3cc0a1a37d0: Download complete
c0eeabfc6f99: Verifying Checksum
c0eeabfc6f99: Download complete
2b0919133c09: Pull complete
f3aeff8cb067: Verifying Checksum
f3aeff8cb067: Download complete
2f8e51e6d52c: Verifying Checksum
2f8e51e6d52c: Download complete
173a409e2e4c: Pull complete
38f28c771c82: Pull complete
6386d11c9c70: Pull complete
3aa4465791a3: Verifying Checksum
3aa4465791a3: Download complete
8b5f6c3586ae: Pull complete
a28194c6f5e5: Pull complete
5ae3ba7f6e1f: Pull complete
5e2cebf64713: Pull complete
c3cc0a1a37d0: Pull complete
c0eeabfc6f99: Pull complete
f3aeff8cb067: Pull complete
2f8e51e6d52c: Pull complete
818e741fb302: Verifying Checksum
818e741fb302: Download complete
1184410a8f02: Verifying Checksum
1184410a8f02: Download complete
2e352d785977: Verifying Checksum
2e352d785977: Download complete
2e352d785977: Pull complete
3aa4465791a3: Pull complete
818e741fb302: Pull complete
1184410a8f02: Pull complete
3a367f6d4700: Download complete
48f770e52061: Download complete
08898eacf5ef: Verifying Checksum
08898eacf5ef: Download complete
755da75b7a3a: Verifying Checksum
755da75b7a3a: Download complete
cd6740e9a497: Verifying Checksum
cd6740e9a497: Download complete
b7d4fec07965: Verifying Checksum
b7d4fec07965: Download complete
a823f9511166: Verifying Checksum
a823f9511166: Download complete
5b6624e9efdd: Verifying Checksum
5b6624e9efdd: Download complete
dca3a36bd329: Verifying Checksum
dca3a36bd329: Download complete
3399bbb5ff9b: Verifying Checksum
3399bbb5ff9b: Download complete
73a5bb43b5f5: Verifying Checksum
73a5bb43b5f5: Download complete
734ef2cfa140: Verifying Checksum
734ef2cfa140: Download complete
734ef2cfa140: Pull complete
3a367f6d4700: Pull complete
3b9ebb1e4c61: Verifying Checksum
3b9ebb1e4c61: Download complete
08898eacf5ef: Pull complete
48f770e52061: Pull complete
508a6a4985b2: Verifying Checksum
508a6a4985b2: Download complete
cd6740e9a497: Pull complete
755da75b7a3a: Pull complete
a823f9511166: Pull complete
b7d4fec07965: Pull complete
dca3a36bd329: Pull complete
5b6624e9efdd: Pull complete
3399bbb5ff9b: Pull complete
8594ac6eafcb: Verifying Checksum
8594ac6eafcb: Download complete
73a5bb43b5f5: Pull complete
178642be3c34: Verifying Checksum
178642be3c34: Download complete
178642be3c34: Pull complete
508a6a4985b2: Pull complete
3b9ebb1e4c61: Pull complete
3cbdc8085b57: Verifying Checksum
3cbdc8085b57: Download complete
3cbdc8085b57: Pull complete
8594ac6eafcb: Pull complete
Digest: sha256:165dd93494a74d1713d9975982fba17cd7fe26b5256c7de89df3d028c5136d37
Status: Downloaded newer image for n132/arvo:2209-vul
