Accepting input from '/tmp/poc'
Usage for fuzzing: honggfuzz -P [flags] -- /out/html
=================================================================
==7==ERROR: AddressSanitizer: heap-use-after-free on address 0x621000005100 at pc 0x0000004d2979 bp 0x7ffe40a0bb90 sp 0x7ffe40a0bb88
READ of size 1 at 0x621000005100 thread T0
SCARINESS: 40 (1-byte-read-heap-use-after-free)
    #0 0x4d2978 in xmlParserPrintFileContextInternal /src/libxml2/error.c:194:10
    #1 0x4d6acf in xmlReportError /src/libxml2/error.c:406:9
    #2 0x4d3913 in __xmlRaiseError /src/libxml2/error.c:633:2
    #3 0x5a822d in htmlParseErr /src/libxml2/HTMLparser.c:117:5
    #4 0x5b3a79 in htmlParseChunk /src/libxml2/HTMLparser.c
    #5 0x4c6fc2 in LLVMFuzzerTestOneInput /src/libxml2/fuzz/html.c:60:5
    #6 0x4c866d in main (/out/html+0x4c866d)
    #7 0x71e96d10383f in __libc_start_main (/lib/x86_64-linux-gnu/libc.so.6+0x2083f)
    #8 0x41c718 in _start (/out/html+0x41c718)

DEDUP_TOKEN: xmlParserPrintFileContextInternal--xmlReportError--__xmlRaiseError
0x621000005100 is located 0 bytes inside of 4096-byte region [0x621000005100,0x621000006100)
freed by thread T0 here:
    #0 0x494d39 in realloc /src/llvm-project/compiler-rt/lib/asan/asan_malloc_linux.cpp:164:3
    #1 0x634fd3 in xmlBufGrowInternal /src/libxml2/buf.c:486:23
    #2 0x634b1f in xmlBufGrow /src/libxml2/buf.c:515:11
    #3 0x6e7021 in xmlCharEncInput /src/libxml2/encoding.c:2233:9
    #4 0x575a9e in xmlParserInputBufferPush /src/libxml2/xmlIO.c:3189:12
    #5 0x5b39c5 in htmlParseChunk /src/libxml2/HTMLparser.c:6138:8
    #6 0x4c6f64 in LLVMFuzzerTestOneInput /src/libxml2/fuzz/html.c:57:9
    #7 0x4c866d in main (/out/html+0x4c866d)

DEDUP_TOKEN: realloc--xmlBufGrowInternal--xmlBufGrow
previously allocated by thread T0 here:
    #0 0x494a1d in malloc /src/llvm-project/compiler-rt/lib/asan/asan_malloc_linux.cpp:145:3
    #1 0x63316d in xmlBufCreate /src/libxml2/buf.c:137:32
    #2 0x4dcb46 in xmlSwitchInputEncodingInt /src/libxml2/parserInternals.c:1209:34
    #3 0x4dc47d in xmlSwitchToEncodingInt /src/libxml2/parserInternals.c:1295:12
    #4 0x4dceb6 in xmlSwitchToEncoding /src/libxml2/parserInternals.c:1323:13
    #5 0x5c3150 in htmlCheckEncodingDirect /src/libxml2/HTMLparser.c:3630:3
    #6 0x5c0dc5 in htmlCheckMeta /src/libxml2/HTMLparser.c:3719:6
    #7 0x5ab229 in htmlParseStartTag /src/libxml2/HTMLparser.c:3928:2
    #8 0x5b6371 in htmlParseTryOrFinish /src/libxml2/HTMLparser.c:5703:12
    #9 0x5b3ce4 in htmlParseChunk /src/libxml2/HTMLparser.c:6172:5
    #10 0x4c6f64 in LLVMFuzzerTestOneInput /src/libxml2/fuzz/html.c:57:9
    #11 0x4c866d in main (/out/html+0x4c866d)

DEDUP_TOKEN: malloc--xmlBufCreate--xmlSwitchInputEncodingInt
SUMMARY: AddressSanitizer: heap-use-after-free /src/libxml2/error.c:194:10 in xmlParserPrintFileContextInternal
Shadow bytes around the buggy address:
  0x0c427fff89d0: fa fa fa fa fa fa fa fa fa fa fa fa fa fa fa fa
  0x0c427fff89e0: fa fa fa fa fa fa fa fa fa fa fa fa fa fa fa fa
  0x0c427fff89f0: fa fa fa fa fa fa fa fa fa fa fa fa fa fa fa fa
  0x0c427fff8a00: fa fa fa fa fa fa fa fa fa fa fa fa fa fa fa fa
  0x0c427fff8a10: fa fa fa fa fa fa fa fa fa fa fa fa fa fa fa fa
=>0x0c427fff8a20:[fd]fd fd fd fd fd fd fd fd fd fd fd fd fd fd fd
  0x0c427fff8a30: fd fd fd fd fd fd fd fd fd fd fd fd fd fd fd fd
  0x0c427fff8a40: fd fd fd fd fd fd fd fd fd fd fd fd fd fd fd fd
  0x0c427fff8a50: fd fd fd fd fd fd fd fd fd fd fd fd fd fd fd fd
  0x0c427fff8a60: fd fd fd fd fd fd fd fd fd fd fd fd fd fd fd fd
  0x0c427fff8a70: fd fd fd fd fd fd fd fd fd fd fd fd fd fd fd fd
Shadow byte legend (one shadow byte represents 8 application bytes):
  Addressable:           00
  Partially addressable: 01 02 03 04 05 06 07 
  Heap left redzone:       fa
  Freed heap region:       fd
  Stack left redzone:      f1
  Stack mid redzone:       f2
  Stack right redzone:     f3
  Stack after return:      f5
  Stack use after scope:   f8
  Global redzone:          f9
  Global init order:       f6
  Poisoned by user:        f7
  Container overflow:      fc
  Array cookie:            ac
  Intra object redzone:    bb
  ASan internal:           fe
  Left alloca redzone:     ca
  Right alloca redzone:    cb
  Shadow gap:              cc
==7==ABORTING
