INFO: Seed: 4069232643
INFO: Loaded 1 modules   (66138 inline 8-bit counters): 66138 [0xe715d8, 0xe81832), 
INFO: Loaded 1 PC tables (66138 PCs): 66138 [0x9161f8,0xa18798), 
/out/libraw_cr2_fuzzer: Running 1 inputs 1 time(s) each.
Running: /tmp/poc
src/demosaic/dht_demosaic.cpp:100:21: runtime error: index 3 out of bounds for type 'float [3]'
    #0 0x68e568 in DHT::get_hv_rbg(int, int, int) /src/libraw/src/demosaic/dht_demosaic.cpp:100:21
    #1 0x68c3bf in DHT::make_hv_dline(int) /src/libraw/src/demosaic/dht_demosaic.cpp:569:11
    #2 0x68bf05 in DHT::make_hv_dirs() /src/libraw/src/demosaic/dht_demosaic.cpp:460:5
    #3 0x692d60 in LibRaw::dht_interpolate() /src/libraw/src/demosaic/dht_demosaic.cpp:1016:7
    #4 0x4bbb2e in LibRaw::dcraw_process() /src/libraw/src/postprocessing/dcraw_process.cpp:171:9
    #5 0x4b07a6 in LLVMFuzzerTestOneInput /src/libraw_fuzzer.cc:57:22
    #6 0x442501 in fuzzer::Fuzzer::ExecuteCallback(unsigned char const*, unsigned long) /src/llvm-project/compiler-rt/lib/fuzzer/FuzzerLoop.cpp:558:15
    #7 0x42dc82 in fuzzer::RunOneTest(fuzzer::Fuzzer*, char const*, unsigned long) /src/llvm-project/compiler-rt/lib/fuzzer/FuzzerDriver.cpp:296:6
    #8 0x433cde in fuzzer::FuzzerDriver(int*, char***, int (*)(unsigned char const*, unsigned long)) /src/llvm-project/compiler-rt/lib/fuzzer/FuzzerDriver.cpp:796:9
    #9 0x45b652 in main /src/llvm-project/compiler-rt/lib/fuzzer/FuzzerMain.cpp:19:10
    #10 0x73c96f52883f in __libc_start_main (/lib/x86_64-linux-gnu/libc.so.6+0x2083f)
    #11 0x408318 in _start (/out/libraw_cr2_fuzzer+0x408318)

DEDUP_TOKEN: DHT::get_hv_rbg(int, int, int)--DHT::make_hv_dline(int)--DHT::make_hv_dirs()
SUMMARY: UndefinedBehaviorSanitizer: undefined-behavior src/demosaic/dht_demosaic.cpp:100:21 in 
