Unable to find image 'n132/arvo:24055-vul' locally
24055-vul: Pulling from n132/arvo
b5e173e44934: Already exists
29047100b040: Already exists
15743a713c2a: Already exists
4b6bc9e29877: Already exists
08b5d3e2d319: Already exists
0e6f4e8d269c: Already exists
550f59ac7ced: Already exists
ab5b67e039a1: Already exists
c51f3546ae07: Already exists
9109bdabbe95: Already exists
2ba11adf0671: Already exists
47f3fdd3cc99: Already exists
b26f70295e9d: Already exists
eb3fe4084156: Already exists
3b62bb67b7c1: Already exists
e0102dfb4baa: Already exists
9e53cc3b3777: Already exists
4d5dd516ff53: Already exists
52e9291691e2: Already exists
39d53315dc54: Already exists
458c1b445ab8: Already exists
6bea36ac0dd9: Already exists
1dc2b13ba996: Already exists
5fdabe000684: Already exists
3ac76a744ccf: Pulling fs layer
505365a66d36: Pulling fs layer
ca8655d48693: Pulling fs layer
0bed00d711d9: Pulling fs layer
e650978ace34: Pulling fs layer
4f4fb700ef54: Pulling fs layer
07796dec45de: Pulling fs layer
7c27d6a61d86: Pulling fs layer
eeb9b90fa5f6: Pulling fs layer
4f4fb700ef54: Waiting
7c27d6a61d86: Waiting
eeb9b90fa5f6: Waiting
0bed00d711d9: Waiting
07796dec45de: Waiting
e650978ace34: Waiting
505365a66d36: Verifying Checksum
505365a66d36: Download complete
ca8655d48693: Verifying Checksum
ca8655d48693: Download complete
e650978ace34: Verifying Checksum
e650978ace34: Download complete
0bed00d711d9: Verifying Checksum
0bed00d711d9: Download complete
4f4fb700ef54: Verifying Checksum
4f4fb700ef54: Download complete
07796dec45de: Verifying Checksum
07796dec45de: Download complete
3ac76a744ccf: Verifying Checksum
3ac76a744ccf: Download complete
eeb9b90fa5f6: Verifying Checksum
eeb9b90fa5f6: Download complete
7c27d6a61d86: Verifying Checksum
7c27d6a61d86: Download complete
3ac76a744ccf: Pull complete
505365a66d36: Pull complete
ca8655d48693: Pull complete
0bed00d711d9: Pull complete
e650978ace34: Pull complete
4f4fb700ef54: Pull complete
07796dec45de: Pull complete
7c27d6a61d86: Pull complete
eeb9b90fa5f6: Pull complete
Digest: sha256:7476bd096788abb504b8f8f2bf3212df9f941fa988bfab5928a2e64765f4ca3e
Status: Downloaded newer image for n132/arvo:24055-vul
