======================= INFO =========================
This binary is built for AFL-fuzz.
To run the target function on individual input(s) execute this:
  /out/html < INPUT_FILE
or
  /out/html INPUT_FILE1 [INPUT_FILE2 ... ]
To fuzz with afl-fuzz execute this:
  afl-fuzz [afl-flags] /out/html [-N]
afl-fuzz will run N iterations before re-spawning the process (default: 1000)
======================================================
Reading 2060 bytes from /tmp/poc
=================================================================
==7==ERROR: AddressSanitizer: heap-use-after-free on address 0x621000008d00 at pc 0x0000004cc465 bp 0x7ffc1d6d3110 sp 0x7ffc1d6d3108
READ of size 1 at 0x621000008d00 thread T0
SCARINESS: 40 (1-byte-read-heap-use-after-free)
    #0 0x4cc464 in xmlParserPrintFileContextInternal /src/libxml2/error.c:194:10
    #1 0x4cffe7 in xmlReportError /src/libxml2/error.c:406:9
    #2 0x4cd3b6 in __xmlRaiseError /src/libxml2/error.c:633:2
    #3 0x58e3af in htmlParseErr /src/libxml2/HTMLparser.c:117:5
    #4 0x5987d8 in htmlParseChunk /src/libxml2/HTMLparser.c
    #5 0x4c8c46 in LLVMFuzzerTestOneInput /src/libxml2/fuzz/html.c:60:5
    #6 0x4c9ffe in ExecuteFilesOnyByOne /src/libfuzzer/afl/afl_driver.cpp:217:5
    #7 0x4c9ffe in main /src/libfuzzer/afl/afl_driver.cpp:254:12
    #8 0x7be281dbf83f in __libc_start_main (/lib/x86_64-linux-gnu/libc.so.6+0x2083f)
    #9 0x41e3d8 in _start (/out/html+0x41e3d8)

DEDUP_TOKEN: xmlParserPrintFileContextInternal--xmlReportError--__xmlRaiseError
0x621000008d00 is located 0 bytes inside of 4096-byte region [0x621000008d00,0x621000009d00)
freed by thread T0 here:
    #0 0x4969f9 in realloc /src/llvm-project/compiler-rt/lib/asan/asan_malloc_linux.cpp:164:3
    #1 0x60e3a0 in xmlBufGrowInternal /src/libxml2/buf.c:486:23
    #2 0x60dfe7 in xmlBufGrow /src/libxml2/buf.c:515:11
    #3 0x6b129e in xmlCharEncInput /src/libxml2/encoding.c:2233:9
    #4 0x55ff0e in xmlParserInputBufferPush /src/libxml2/xmlIO.c:3189:12
    #5 0x598740 in htmlParseChunk /src/libxml2/HTMLparser.c:6138:8
    #6 0x4c8be7 in LLVMFuzzerTestOneInput /src/libxml2/fuzz/html.c:57:9
    #7 0x4c9ffe in ExecuteFilesOnyByOne /src/libfuzzer/afl/afl_driver.cpp:217:5
    #8 0x4c9ffe in main /src/libfuzzer/afl/afl_driver.cpp:254:12
    #9 0x7be281dbf83f in __libc_start_main (/lib/x86_64-linux-gnu/libc.so.6+0x2083f)

DEDUP_TOKEN: realloc--xmlBufGrowInternal--xmlBufGrow
previously allocated by thread T0 here:
    #0 0x4966dd in malloc /src/llvm-project/compiler-rt/lib/asan/asan_malloc_linux.cpp:145:3
    #1 0x60c874 in xmlBufCreate /src/libxml2/buf.c:137:32
    #2 0x4d5789 in xmlSwitchInputEncodingInt /src/libxml2/parserInternals.c:1209:34
    #3 0x4d51ad in xmlSwitchToEncodingInt /src/libxml2/parserInternals.c:1295:12
    #4 0x4d5af6 in xmlSwitchToEncoding /src/libxml2/parserInternals.c:1323:13
    #5 0x5a1e75 in htmlCurrentChar /src/libxml2/HTMLparser.c:526:17
    #6 0x5953d2 in htmlParseComment /src/libxml2/HTMLparser.c:3323:9
    #7 0x59bd71 in htmlParseTryOrFinish /src/libxml2/HTMLparser.c:5882:4
    #8 0x598a1b in htmlParseChunk /src/libxml2/HTMLparser.c:6172:5
    #9 0x4c8be7 in LLVMFuzzerTestOneInput /src/libxml2/fuzz/html.c:57:9
    #10 0x4c9ffe in ExecuteFilesOnyByOne /src/libfuzzer/afl/afl_driver.cpp:217:5
    #11 0x4c9ffe in main /src/libfuzzer/afl/afl_driver.cpp:254:12
    #12 0x7be281dbf83f in __libc_start_main (/lib/x86_64-linux-gnu/libc.so.6+0x2083f)

DEDUP_TOKEN: malloc--xmlBufCreate--xmlSwitchInputEncodingInt
SUMMARY: AddressSanitizer: heap-use-after-free /src/libxml2/error.c:194:10 in xmlParserPrintFileContextInternal
Shadow bytes around the buggy address:
  0x0c427fff9150: fa fa fa fa fa fa fa fa fa fa fa fa fa fa fa fa
  0x0c427fff9160: fa fa fa fa fa fa fa fa fa fa fa fa fa fa fa fa
  0x0c427fff9170: fa fa fa fa fa fa fa fa fa fa fa fa fa fa fa fa
  0x0c427fff9180: fa fa fa fa fa fa fa fa fa fa fa fa fa fa fa fa
  0x0c427fff9190: fa fa fa fa fa fa fa fa fa fa fa fa fa fa fa fa
=>0x0c427fff91a0:[fd]fd fd fd fd fd fd fd fd fd fd fd fd fd fd fd
  0x0c427fff91b0: fd fd fd fd fd fd fd fd fd fd fd fd fd fd fd fd
  0x0c427fff91c0: fd fd fd fd fd fd fd fd fd fd fd fd fd fd fd fd
  0x0c427fff91d0: fd fd fd fd fd fd fd fd fd fd fd fd fd fd fd fd
  0x0c427fff91e0: fd fd fd fd fd fd fd fd fd fd fd fd fd fd fd fd
  0x0c427fff91f0: fd fd fd fd fd fd fd fd fd fd fd fd fd fd fd fd
Shadow byte legend (one shadow byte represents 8 application bytes):
  Addressable:           00
  Partially addressable: 01 02 03 04 05 06 07 
  Heap left redzone:       fa
  Freed heap region:       fd
  Stack left redzone:      f1
  Stack mid redzone:       f2
  Stack right redzone:     f3
  Stack after return:      f5
  Stack use after scope:   f8
  Global redzone:          f9
  Global init order:       f6
  Poisoned by user:        f7
  Container overflow:      fc
  Array cookie:            ac
  Intra object redzone:    bb
  ASan internal:           fe
  Left alloca redzone:     ca
  Right alloca redzone:    cb
  Shadow gap:              cc
==7==ABORTING
