Unable to find image 'n132/arvo:24925-vul' locally
24925-vul: Pulling from n132/arvo
7b378fa0f908: Already exists
4d77b1b29f2e: Already exists
7c793be88bae: Already exists
ecc05c8a19c0: Already exists
0f8f9ded502c: Already exists
b6f3bcbfc6ae: Already exists
94707635307e: Already exists
746c67679e47: Already exists
6d641893a221: Already exists
b2b7869d756a: Already exists
161d04369c39: Already exists
3dca45b9afdf: Already exists
775853853699: Already exists
f9085b10fe4b: Already exists
99a0fd16b3b3: Already exists
91018a50671d: Already exists
2f629eaf8213: Already exists
6e29c74b95b2: Already exists
6e9f7d063e5b: Already exists
40dd04eef0ad: Already exists
d1b831fef183: Already exists
66f99fcf401b: Already exists
ab203c033d2a: Already exists
ba3c418020e6: Already exists
0716991699d9: Pulling fs layer
bd3e320167da: Pulling fs layer
f415c6d262ef: Pulling fs layer
c5882e88c08a: Pulling fs layer
10778dc9822c: Pulling fs layer
4f4fb700ef54: Pulling fs layer
5aaa2c81245d: Pulling fs layer
f9ace1ec61a1: Pulling fs layer
8bbda72699e8: Pulling fs layer
f9ace1ec61a1: Waiting
4f4fb700ef54: Waiting
5aaa2c81245d: Waiting
8bbda72699e8: Waiting
c5882e88c08a: Waiting
10778dc9822c: Waiting
bd3e320167da: Verifying Checksum
bd3e320167da: Download complete
f415c6d262ef: Verifying Checksum
f415c6d262ef: Download complete
c5882e88c08a: Verifying Checksum
c5882e88c08a: Download complete
4f4fb700ef54: Verifying Checksum
4f4fb700ef54: Download complete
10778dc9822c: Verifying Checksum
10778dc9822c: Download complete
0716991699d9: Verifying Checksum
0716991699d9: Download complete
5aaa2c81245d: Verifying Checksum
5aaa2c81245d: Download complete
f9ace1ec61a1: Verifying Checksum
f9ace1ec61a1: Download complete
8bbda72699e8: Verifying Checksum
8bbda72699e8: Download complete
0716991699d9: Pull complete
bd3e320167da: Pull complete
f415c6d262ef: Pull complete
c5882e88c08a: Pull complete
10778dc9822c: Pull complete
4f4fb700ef54: Pull complete
5aaa2c81245d: Pull complete
f9ace1ec61a1: Pull complete
8bbda72699e8: Pull complete
Digest: sha256:44055ded143201cdf71b57f260ac2c98d6cfe1a124c198378379fcb91278322c
Status: Downloaded newer image for n132/arvo:24925-vul
