INFO: Seed: 4254323743
INFO: Loaded 1 modules   (46041 inline 8-bit counters): 46041 [0xc20c00, 0xc2bfd9), 
INFO: Loaded 1 PC tables (46041 PCs): 46041 [0x8be2b0,0x972040), 
/out/xml: Running 1 inputs 1 time(s) each.
Running: /tmp/poc
=================================================================
==7==ERROR: AddressSanitizer: heap-use-after-free on address 0x60c000000708 at pc 0x0000006a3afc bp 0x7fff45432340 sp 0x7fff45432338
READ of size 4 at 0x60c000000708 thread T0
SCARINESS: 45 (4-byte-read-heap-use-after-free)
    #0 0x6a3afb in xmlXIncludeIncludeNode /src/libxml2/xinclude.c:2216:32
    #1 0x6a16ea in xmlXIncludeDoProcess /src/libxml2/xinclude.c:2471:6
    #2 0x6a7d9a in xmlXIncludeLoadFallback /src/libxml2/xinclude.c:2002:10
    #3 0x6a2f06 in xmlXIncludeLoadNode /src/libxml2/xinclude.c:2170:9
    #4 0x6a155d in xmlXIncludeDoProcess /src/libxml2/xinclude.c:2452:9
    #5 0x6a10ba in xmlXIncludeProcessTreeFlagsData /src/libxml2/xinclude.c:2524:11
    #6 0x6a18e6 in xmlXIncludeProcessFlagsData /src/libxml2/xinclude.c:2553:12
    #7 0x6a1932 in xmlXIncludeProcessFlags /src/libxml2/xinclude.c:2568:12
    #8 0x553a37 in LLVMFuzzerTestOneInput /src/libxml2/fuzz/xml.c:71:9
    #9 0x458ab1 in fuzzer::Fuzzer::ExecuteCallback(unsigned char const*, unsigned long) /src/llvm-project/compiler-rt/lib/fuzzer/FuzzerLoop.cpp:559:15
    #10 0x444252 in fuzzer::RunOneTest(fuzzer::Fuzzer*, char const*, unsigned long) /src/llvm-project/compiler-rt/lib/fuzzer/FuzzerDriver.cpp:301:6
    #11 0x44a1ed in fuzzer::FuzzerDriver(int*, char***, int (*)(unsigned char const*, unsigned long)) /src/llvm-project/compiler-rt/lib/fuzzer/FuzzerDriver.cpp:801:9
    #12 0x471ad2 in main /src/llvm-project/compiler-rt/lib/fuzzer/FuzzerMain.cpp:20:10
    #13 0x7067efd3283f in __libc_start_main (/lib/x86_64-linux-gnu/libc.so.6+0x2083f)
    #14 0x41e9f8 in _start (/out/xml+0x41e9f8)

DEDUP_TOKEN: xmlXIncludeIncludeNode--xmlXIncludeDoProcess--xmlXIncludeLoadFallback
0x60c000000708 is located 8 bytes inside of 120-byte region [0x60c000000700,0x60c000000778)
freed by thread T0 here:
    #0 0x520c3d in free /src/llvm-project/compiler-rt/lib/asan/asan_malloc_linux.cpp:123:3
    #1 0x5ccf4a in xmlFreeNode /src/libxml2/tree.c:3819:5
    #2 0x6a3ac2 in xmlXIncludeIncludeNode /src/libxml2/xinclude.c:2267:2
    #3 0x6a16ea in xmlXIncludeDoProcess /src/libxml2/xinclude.c:2471:6
    #4 0x6a7d9a in xmlXIncludeLoadFallback /src/libxml2/xinclude.c:2002:10
    #5 0x6a2f06 in xmlXIncludeLoadNode /src/libxml2/xinclude.c:2170:9
    #6 0x6a155d in xmlXIncludeDoProcess /src/libxml2/xinclude.c:2452:9
    #7 0x6a10ba in xmlXIncludeProcessTreeFlagsData /src/libxml2/xinclude.c:2524:11
    #8 0x6a18e6 in xmlXIncludeProcessFlagsData /src/libxml2/xinclude.c:2553:12
    #9 0x6a1932 in xmlXIncludeProcessFlags /src/libxml2/xinclude.c:2568:12
    #10 0x553a37 in LLVMFuzzerTestOneInput /src/libxml2/fuzz/xml.c:71:9
    #11 0x458ab1 in fuzzer::Fuzzer::ExecuteCallback(unsigned char const*, unsigned long) /src/llvm-project/compiler-rt/lib/fuzzer/FuzzerLoop.cpp:559:15
    #12 0x444252 in fuzzer::RunOneTest(fuzzer::Fuzzer*, char const*, unsigned long) /src/llvm-project/compiler-rt/lib/fuzzer/FuzzerDriver.cpp:301:6
    #13 0x44a1ed in fuzzer::FuzzerDriver(int*, char***, int (*)(unsigned char const*, unsigned long)) /src/llvm-project/compiler-rt/lib/fuzzer/FuzzerDriver.cpp:801:9
    #14 0x471ad2 in main /src/llvm-project/compiler-rt/lib/fuzzer/FuzzerMain.cpp:20:10
    #15 0x7067efd3283f in __libc_start_main (/lib/x86_64-linux-gnu/libc.so.6+0x2083f)

DEDUP_TOKEN: free--xmlFreeNode--xmlXIncludeIncludeNode
previously allocated by thread T0 here:
    #0 0x520ebd in malloc /src/llvm-project/compiler-rt/lib/asan/asan_malloc_linux.cpp:145:3
    #1 0x5d2c9c in xmlNewNodeEatName /src/libxml2/tree.c:2283:24
    #2 0x5d3056 in xmlNewDocNodeEatName /src/libxml2/tree.c:2358:11
    #3 0x7598f8 in xmlSAX2StartElement /src/libxml2/SAX2.c:1607:11
    #4 0x59bfb5 in xmlParseStartTag /src/libxml2/parser.c
    #5 0x5ab4d2 in xmlParseTryOrFinish /src/libxml2/parser.c:11385:14
    #6 0x5a79d7 in xmlParseChunk /src/libxml2/parser.c
    #7 0x5539ab in LLVMFuzzerTestOneInput /src/libxml2/fuzz/xml.c:66:9
    #8 0x458ab1 in fuzzer::Fuzzer::ExecuteCallback(unsigned char const*, unsigned long) /src/llvm-project/compiler-rt/lib/fuzzer/FuzzerLoop.cpp:559:15
    #9 0x444252 in fuzzer::RunOneTest(fuzzer::Fuzzer*, char const*, unsigned long) /src/llvm-project/compiler-rt/lib/fuzzer/FuzzerDriver.cpp:301:6
    #10 0x44a1ed in fuzzer::FuzzerDriver(int*, char***, int (*)(unsigned char const*, unsigned long)) /src/llvm-project/compiler-rt/lib/fuzzer/FuzzerDriver.cpp:801:9
    #11 0x471ad2 in main /src/llvm-project/compiler-rt/lib/fuzzer/FuzzerMain.cpp:20:10
    #12 0x7067efd3283f in __libc_start_main (/lib/x86_64-linux-gnu/libc.so.6+0x2083f)

DEDUP_TOKEN: malloc--xmlNewNodeEatName--xmlNewDocNodeEatName
SUMMARY: AddressSanitizer: heap-use-after-free /src/libxml2/xinclude.c:2216:32 in xmlXIncludeIncludeNode
Shadow bytes around the buggy address:
  0x0c187fff8090: fa fa fa fa fa fa fa fa 00 00 00 00 00 00 00 00
  0x0c187fff80a0: 00 00 00 00 00 00 00 fa fa fa fa fa fa fa fa fa
  0x0c187fff80b0: 00 00 00 00 00 00 00 00 00 00 00 00 00 00 00 fa
  0x0c187fff80c0: fa fa fa fa fa fa fa fa 00 00 00 00 00 00 00 00
  0x0c187fff80d0: 00 00 00 00 00 00 00 fa fa fa fa fa fa fa fa fa
=>0x0c187fff80e0: fd[fd]fd fd fd fd fd fd fd fd fd fd fd fd fd fa
  0x0c187fff80f0: fa fa fa fa fa fa fa fa fd fd fd fd fd fd fd fd
  0x0c187fff8100: fd fd fd fd fd fd fd fa fa fa fa fa fa fa fa fa
  0x0c187fff8110: fd fd fd fd fd fd fd fd fd fd fd fd fd fd fd fa
  0x0c187fff8120: fa fa fa fa fa fa fa fa 00 00 00 00 00 00 00 00
  0x0c187fff8130: 00 00 00 00 00 00 00 fa fa fa fa fa fa fa fa fa
Shadow byte legend (one shadow byte represents 8 application bytes):
  Addressable:           00
  Partially addressable: 01 02 03 04 05 06 07 
  Heap left redzone:       fa
  Freed heap region:       fd
  Stack left redzone:      f1
  Stack mid redzone:       f2
  Stack right redzone:     f3
  Stack after return:      f5
  Stack use after scope:   f8
  Global redzone:          f9
  Global init order:       f6
  Poisoned by user:        f7
  Container overflow:      fc
  Array cookie:            ac
  Intra object redzone:    bb
  ASan internal:           fe
  Left alloca redzone:     ca
  Right alloca redzone:    cb
  Shadow gap:              cc
==7==ABORTING
