Unable to find image 'n132/arvo:25014-vul' locally
25014-vul: Pulling from n132/arvo
7b378fa0f908: Already exists
4d77b1b29f2e: Already exists
7c793be88bae: Already exists
ecc05c8a19c0: Already exists
06146dca236e: Pulling fs layer
017eaa9cce94: Pulling fs layer
fba106401e18: Pulling fs layer
3f892edda1a3: Pulling fs layer
bc79ec67dd5a: Pulling fs layer
84e613a7e9ba: Pulling fs layer
bd2bf00521d7: Pulling fs layer
857374cce1db: Pulling fs layer
4361aaf848f3: Pulling fs layer
48f428e2b22b: Pulling fs layer
84e613a7e9ba: Waiting
5f91fe4f8a9d: Pulling fs layer
bd2bf00521d7: Waiting
1496f6a2015a: Pulling fs layer
3f892edda1a3: Waiting
4361aaf848f3: Waiting
a40e8c8bcec7: Pulling fs layer
857374cce1db: Waiting
7e368e948904: Pulling fs layer
48f428e2b22b: Waiting
8ad164f252e2: Pulling fs layer
5f91fe4f8a9d: Waiting
1496f6a2015a: Waiting
7e368e948904: Waiting
bc79ec67dd5a: Waiting
a40e8c8bcec7: Waiting
29fae4b6b71c: Pulling fs layer
1366da04e47e: Pulling fs layer
d391070c3b32: Pulling fs layer
8f0caa97630a: Pulling fs layer
7bd2d91fb7a8: Pulling fs layer
3d8201a28cd7: Pulling fs layer
0045d0caab8f: Pulling fs layer
f31a4e1c8537: Pulling fs layer
3d33fb57bad4: Pulling fs layer
02a57065d523: Pulling fs layer
4f4fb700ef54: Pulling fs layer
23774c67bb8a: Pulling fs layer
2245f0f384b6: Pulling fs layer
29fae4b6b71c: Waiting
1366da04e47e: Waiting
0045d0caab8f: Waiting
6da261fbd118: Pulling fs layer
02a57065d523: Waiting
f31a4e1c8537: Waiting
d391070c3b32: Waiting
4f4fb700ef54: Waiting
3d33fb57bad4: Waiting
2245f0f384b6: Waiting
23774c67bb8a: Waiting
3d8201a28cd7: Waiting
8f0caa97630a: Waiting
6da261fbd118: Waiting
7bd2d91fb7a8: Waiting
017eaa9cce94: Verifying Checksum
3f892edda1a3: Verifying Checksum
3f892edda1a3: Download complete
fba106401e18: Verifying Checksum
fba106401e18: Download complete
06146dca236e: Verifying Checksum
06146dca236e: Download complete
06146dca236e: Pull complete
84e613a7e9ba: Verifying Checksum
84e613a7e9ba: Download complete
017eaa9cce94: Pull complete
fba106401e18: Pull complete
3f892edda1a3: Pull complete
857374cce1db: Verifying Checksum
857374cce1db: Download complete
4361aaf848f3: Verifying Checksum
4361aaf848f3: Download complete
48f428e2b22b: Verifying Checksum
48f428e2b22b: Download complete
bd2bf00521d7: Verifying Checksum
bd2bf00521d7: Download complete
5f91fe4f8a9d: Verifying Checksum
5f91fe4f8a9d: Download complete
a40e8c8bcec7: Verifying Checksum
a40e8c8bcec7: Download complete
bc79ec67dd5a: Verifying Checksum
bc79ec67dd5a: Download complete
7e368e948904: Verifying Checksum
7e368e948904: Download complete
8ad164f252e2: Download complete
1366da04e47e: Verifying Checksum
1366da04e47e: Download complete
1496f6a2015a: Verifying Checksum
1496f6a2015a: Download complete
29fae4b6b71c: Verifying Checksum
29fae4b6b71c: Download complete
bc79ec67dd5a: Pull complete
84e613a7e9ba: Pull complete
8f0caa97630a: Verifying Checksum
8f0caa97630a: Download complete
d391070c3b32: Download complete
7bd2d91fb7a8: Verifying Checksum
7bd2d91fb7a8: Download complete
0045d0caab8f: Verifying Checksum
0045d0caab8f: Download complete
f31a4e1c8537: Verifying Checksum
f31a4e1c8537: Download complete
bd2bf00521d7: Pull complete
3d8201a28cd7: Verifying Checksum
3d8201a28cd7: Download complete
3d33fb57bad4: Verifying Checksum
3d33fb57bad4: Download complete
02a57065d523: Verifying Checksum
02a57065d523: Download complete
857374cce1db: Pull complete
4361aaf848f3: Pull complete
4f4fb700ef54: Verifying Checksum
4f4fb700ef54: Download complete
23774c67bb8a: Verifying Checksum
23774c67bb8a: Download complete
6da261fbd118: Verifying Checksum
6da261fbd118: Download complete
2245f0f384b6: Verifying Checksum
2245f0f384b6: Download complete
48f428e2b22b: Pull complete
5f91fe4f8a9d: Pull complete
1496f6a2015a: Pull complete
a40e8c8bcec7: Pull complete
7e368e948904: Pull complete
8ad164f252e2: Pull complete
29fae4b6b71c: Pull complete
1366da04e47e: Pull complete
d391070c3b32: Pull complete
8f0caa97630a: Pull complete
7bd2d91fb7a8: Pull complete
3d8201a28cd7: Pull complete
0045d0caab8f: Pull complete
f31a4e1c8537: Pull complete
3d33fb57bad4: Pull complete
02a57065d523: Pull complete
4f4fb700ef54: Pull complete
23774c67bb8a: Pull complete
2245f0f384b6: Pull complete
6da261fbd118: Pull complete
Digest: sha256:937462cca3cc370f1e8ba0e031f1fa4f7f2c77fc006ec6903210895b2edea092
Status: Downloaded newer image for n132/arvo:25014-vul
