INFO: Seed: 3089311047
INFO: Loaded 1 modules   (46011 inline 8-bit counters): 46011 [0xc1eb00, 0xc29ebb), 
INFO: Loaded 1 PC tables (46011 PCs): 46011 [0x8bc910,0x9704c0), 
/out/xml: Running 1 inputs 1 time(s) each.
Running: /tmp/poc
=================================================================
==7==ERROR: AddressSanitizer: heap-use-after-free on address 0x604000000468 at pc 0x000000776be1 bp 0x7ffe9c26c810 sp 0x7ffe9c26c808
READ of size 8 at 0x604000000468 thread T0
SCARINESS: 51 (8-byte-read-heap-use-after-free)
    #0 0x776be0 in xmlNodeDumpOutputInternal /src/libxml2/xmlsave.c:897:48
    #1 0x772a52 in xmlDocContentDumpOutput /src/libxml2/xmlsave.c:1228:7
    #2 0x778abf in xmlDocDumpFormatMemoryEnc /src/libxml2/xmlsave.c:2392:5
    #3 0x778e25 in xmlDocDumpMemory /src/libxml2/xmlsave.c:2424:5
    #4 0x5538be in LLVMFuzzerTestOneInput /src/libxml2/fuzz/xml.c:53:5
    #5 0x458ab1 in fuzzer::Fuzzer::ExecuteCallback(unsigned char const*, unsigned long) /src/llvm-project/compiler-rt/lib/fuzzer/FuzzerLoop.cpp:559:15
    #6 0x444252 in fuzzer::RunOneTest(fuzzer::Fuzzer*, char const*, unsigned long) /src/llvm-project/compiler-rt/lib/fuzzer/FuzzerDriver.cpp:301:6
    #7 0x44a1ed in fuzzer::FuzzerDriver(int*, char***, int (*)(unsigned char const*, unsigned long)) /src/llvm-project/compiler-rt/lib/fuzzer/FuzzerDriver.cpp:801:9
    #8 0x471ad2 in main /src/llvm-project/compiler-rt/lib/fuzzer/FuzzerMain.cpp:20:10
    #9 0x743e966b583f in __libc_start_main (/lib/x86_64-linux-gnu/libc.so.6+0x2083f)
    #10 0x41e9f8 in _start (/out/xml+0x41e9f8)

DEDUP_TOKEN: xmlNodeDumpOutputInternal--xmlDocContentDumpOutput--xmlDocDumpFormatMemoryEnc
0x604000000468 is located 24 bytes inside of 48-byte region [0x604000000450,0x604000000480)
freed by thread T0 here:
    #0 0x520c3d in free /src/llvm-project/compiler-rt/lib/asan/asan_malloc_linux.cpp:123:3
    #1 0x5ca0d9 in xmlFreeNs /src/libxml2/tree.c:837:5
    #2 0x5ca217 in xmlFreeNsList /src/libxml2/tree.c:858:9
    #3 0x5cc37e in xmlFreeNode /src/libxml2/tree.c:3818:2
    #4 0x6a2635 in xmlXIncludeIncludeNode /src/libxml2/xinclude.c:2232:2
    #5 0x6a0352 in xmlXIncludeDoProcess /src/libxml2/xinclude.c:2460:6
    #6 0x69fcbc in xmlXIncludeProcessTreeFlagsData /src/libxml2/xinclude.c:2513:11
    #7 0x6a0516 in xmlXIncludeProcessFlagsData /src/libxml2/xinclude.c:2542:12
    #8 0x6a0562 in xmlXIncludeProcessFlags /src/libxml2/xinclude.c:2557:12
    #9 0x5538a8 in LLVMFuzzerTestOneInput /src/libxml2/fuzz/xml.c:51:9
    #10 0x458ab1 in fuzzer::Fuzzer::ExecuteCallback(unsigned char const*, unsigned long) /src/llvm-project/compiler-rt/lib/fuzzer/FuzzerLoop.cpp:559:15
    #11 0x444252 in fuzzer::RunOneTest(fuzzer::Fuzzer*, char const*, unsigned long) /src/llvm-project/compiler-rt/lib/fuzzer/FuzzerDriver.cpp:301:6
    #12 0x44a1ed in fuzzer::FuzzerDriver(int*, char***, int (*)(unsigned char const*, unsigned long)) /src/llvm-project/compiler-rt/lib/fuzzer/FuzzerDriver.cpp:801:9
    #13 0x471ad2 in main /src/llvm-project/compiler-rt/lib/fuzzer/FuzzerMain.cpp:20:10
    #14 0x743e966b583f in __libc_start_main (/lib/x86_64-linux-gnu/libc.so.6+0x2083f)

DEDUP_TOKEN: free--xmlFreeNs--xmlFreeNsList
previously allocated by thread T0 here:
    #0 0x520ebd in malloc /src/llvm-project/compiler-rt/lib/asan/asan_malloc_linux.cpp:145:3
    #1 0x5c9c6c in xmlNewNs /src/libxml2/tree.c:757:22
    #2 0x75bd9f in xmlSAX2AttributeInternal /src/libxml2/SAX2.c:1247:10
    #3 0x758c3c in xmlSAX2StartElement /src/libxml2/SAX2.c:1686:7
    #4 0x59b725 in xmlParseStartTag /src/libxml2/parser.c
    #5 0x59f400 in xmlParseElementStart /src/libxml2/parser.c:9967:9
    #6 0x5a0269 in xmlParseElement /src/libxml2/parser.c:9912:9
    #7 0x5a42e9 in xmlParseDocument /src/libxml2/parser.c:10750:2
    #8 0x5b798f in xmlDoRead /src/libxml2/parser.c:15104:5
    #9 0x5b7bd4 in xmlReadMemory /src/libxml2/parser.c:15190:13
    #10 0x553854 in LLVMFuzzerTestOneInput /src/libxml2/fuzz/xml.c:49:11
    #11 0x458ab1 in fuzzer::Fuzzer::ExecuteCallback(unsigned char const*, unsigned long) /src/llvm-project/compiler-rt/lib/fuzzer/FuzzerLoop.cpp:559:15
    #12 0x444252 in fuzzer::RunOneTest(fuzzer::Fuzzer*, char const*, unsigned long) /src/llvm-project/compiler-rt/lib/fuzzer/FuzzerDriver.cpp:301:6
    #13 0x44a1ed in fuzzer::FuzzerDriver(int*, char***, int (*)(unsigned char const*, unsigned long)) /src/llvm-project/compiler-rt/lib/fuzzer/FuzzerDriver.cpp:801:9
    #14 0x471ad2 in main /src/llvm-project/compiler-rt/lib/fuzzer/FuzzerMain.cpp:20:10
    #15 0x743e966b583f in __libc_start_main (/lib/x86_64-linux-gnu/libc.so.6+0x2083f)

DEDUP_TOKEN: malloc--xmlNewNs--xmlSAX2AttributeInternal
SUMMARY: AddressSanitizer: heap-use-after-free /src/libxml2/xmlsave.c:897:48 in xmlNodeDumpOutputInternal
Shadow bytes around the buggy address:
  0x0c087fff8030: fa fa 00 00 00 00 00 fa fa fa 00 00 00 00 00 fa
  0x0c087fff8040: fa fa 00 00 00 00 00 fa fa fa 00 00 00 00 00 fa
  0x0c087fff8050: fa fa 00 00 00 00 00 fa fa fa 00 00 00 00 00 fa
  0x0c087fff8060: fa fa 00 00 00 00 00 00 fa fa 00 00 00 00 00 00
  0x0c087fff8070: fa fa fd fd fd fd fd fa fa fa fd fd fd fd fd fa
=>0x0c087fff8080: fa fa fd fd fd fd fd fa fa fa fd fd fd[fd]fd fd
  0x0c087fff8090: fa fa fd fd fd fd fd fd fa fa fd fd fd fd fd fa
  0x0c087fff80a0: fa fa fd fd fd fd fd fa fa fa fa fa fa fa fa fa
  0x0c087fff80b0: fa fa fa fa fa fa fa fa fa fa fa fa fa fa fa fa
  0x0c087fff80c0: fa fa fa fa fa fa fa fa fa fa fa fa fa fa fa fa
  0x0c087fff80d0: fa fa fa fa fa fa fa fa fa fa fa fa fa fa fa fa
Shadow byte legend (one shadow byte represents 8 application bytes):
  Addressable:           00
  Partially addressable: 01 02 03 04 05 06 07 
  Heap left redzone:       fa
  Freed heap region:       fd
  Stack left redzone:      f1
  Stack mid redzone:       f2
  Stack right redzone:     f3
  Stack after return:      f5
  Stack use after scope:   f8
  Global redzone:          f9
  Global init order:       f6
  Poisoned by user:        f7
  Container overflow:      fc
  Array cookie:            ac
  Intra object redzone:    bb
  ASan internal:           fe
  Left alloca redzone:     ca
  Right alloca redzone:    cb
  Shadow gap:              cc
==7==ABORTING
