Unable to find image 'n132/arvo:25210-vul' locally
25210-vul: Pulling from n132/arvo
e92ed755c008: Already exists
b9fd7cb1ff8f: Already exists
ee690f2d57a1: Already exists
53e3366ec435: Already exists
7e332d28a3b4: Already exists
30f82643034b: Already exists
a9294e5ddbae: Already exists
f42a233796dd: Already exists
d79cb5d87148: Already exists
8cdc5041a47b: Already exists
67b473b9231a: Already exists
132bfde1436c: Already exists
914b27c3feb0: Already exists
1d5d4a9b23dc: Already exists
960adb42f264: Already exists
2fce188d321d: Already exists
b85e6cddf872: Already exists
bbcc037a28bd: Already exists
d47a03ec420f: Already exists
799d72cecb32: Already exists
d3178d7e2ba7: Already exists
cf3faa4c363e: Already exists
bd10e56bb08a: Already exists
04092efe8a0f: Pulling fs layer
ce7b9224963c: Pulling fs layer
2178badf5539: Pulling fs layer
720d017870d0: Pulling fs layer
8958154d14d7: Pulling fs layer
4f4fb700ef54: Pulling fs layer
3beccb1c44df: Pulling fs layer
519363369893: Pulling fs layer
f5525e3f1e66: Pulling fs layer
4f4fb700ef54: Waiting
3beccb1c44df: Waiting
720d017870d0: Waiting
f5525e3f1e66: Waiting
519363369893: Waiting
8958154d14d7: Waiting
ce7b9224963c: Verifying Checksum
ce7b9224963c: Download complete
2178badf5539: Verifying Checksum
2178badf5539: Download complete
720d017870d0: Verifying Checksum
720d017870d0: Download complete
04092efe8a0f: Verifying Checksum
04092efe8a0f: Download complete
8958154d14d7: Verifying Checksum
8958154d14d7: Download complete
4f4fb700ef54: Download complete
3beccb1c44df: Verifying Checksum
3beccb1c44df: Download complete
f5525e3f1e66: Verifying Checksum
f5525e3f1e66: Download complete
519363369893: Verifying Checksum
519363369893: Download complete
04092efe8a0f: Pull complete
ce7b9224963c: Pull complete
2178badf5539: Pull complete
720d017870d0: Pull complete
8958154d14d7: Pull complete
4f4fb700ef54: Pull complete
3beccb1c44df: Pull complete
519363369893: Pull complete
f5525e3f1e66: Pull complete
Digest: sha256:919c2658a8897fbcd96dd72bb4890d68252cd8635df69a7fd5aabcea6f60e2d6
Status: Downloaded newer image for n132/arvo:25210-vul
