INFO: Seed: 3095897052
INFO: Loaded 1 modules   (47165 inline 8-bit counters): 47165 [0xc401c0, 0xc4b9fd), 
INFO: Loaded 1 PC tables (47165 PCs): 47165 [0x8d4070,0x98c440), 
/out/xml: Running 1 inputs 1 time(s) each.
Running: /tmp/poc
=================================================================
==7==ERROR: AddressSanitizer: heap-use-after-free on address 0x60c000000708 at pc 0x0000006fcdf2 bp 0x7fffae0555d0 sp 0x7fffae0555c8
READ of size 4 at 0x60c000000708 thread T0
SCARINESS: 45 (4-byte-read-heap-use-after-free)
    #0 0x6fcdf1 in xmlTextReaderRead /src/libxml2/xmlreader.c:1484:16
    #1 0x54f657 in LLVMFuzzerTestOneInput /src/libxml2/fuzz/xml.c:73:12
    #2 0x4586a1 in fuzzer::Fuzzer::ExecuteCallback(unsigned char const*, unsigned long) /src/llvm-project/compiler-rt/lib/fuzzer/FuzzerLoop.cpp:558:15
    #3 0x443e22 in fuzzer::RunOneTest(fuzzer::Fuzzer*, char const*, unsigned long) /src/llvm-project/compiler-rt/lib/fuzzer/FuzzerDriver.cpp:296:6
    #4 0x449e7e in fuzzer::FuzzerDriver(int*, char***, int (*)(unsigned char const*, unsigned long)) /src/llvm-project/compiler-rt/lib/fuzzer/FuzzerDriver.cpp:796:9
    #5 0x4717f2 in main /src/llvm-project/compiler-rt/lib/fuzzer/FuzzerMain.cpp:19:10
    #6 0x73786398083f in __libc_start_main (/lib/x86_64-linux-gnu/libc.so.6+0x2083f)
    #7 0x41e4b8 in _start (/out/xml+0x41e4b8)

DEDUP_TOKEN: xmlTextReaderRead--LLVMFuzzerTestOneInput--fuzzer::Fuzzer::ExecuteCallback(unsigned char const*, unsigned long)
0x60c000000708 is located 8 bytes inside of 120-byte region [0x60c000000700,0x60c000000778)
freed by thread T0 here:
    #0 0x51cd7d in free /src/llvm-project/compiler-rt/lib/asan/asan_malloc_linux.cpp:123:3
    #1 0x6fee80 in xmlTextReaderFreeNode /src/libxml2/xmlreader.c:507:2
    #2 0x6fc3b0 in xmlTextReaderRead /src/libxml2/xmlreader.c:1440:3
    #3 0x54f657 in LLVMFuzzerTestOneInput /src/libxml2/fuzz/xml.c:73:12
    #4 0x4586a1 in fuzzer::Fuzzer::ExecuteCallback(unsigned char const*, unsigned long) /src/llvm-project/compiler-rt/lib/fuzzer/FuzzerLoop.cpp:558:15
    #5 0x443e22 in fuzzer::RunOneTest(fuzzer::Fuzzer*, char const*, unsigned long) /src/llvm-project/compiler-rt/lib/fuzzer/FuzzerDriver.cpp:296:6
    #6 0x449e7e in fuzzer::FuzzerDriver(int*, char***, int (*)(unsigned char const*, unsigned long)) /src/llvm-project/compiler-rt/lib/fuzzer/FuzzerDriver.cpp:796:9
    #7 0x4717f2 in main /src/llvm-project/compiler-rt/lib/fuzzer/FuzzerMain.cpp:19:10
    #8 0x73786398083f in __libc_start_main (/lib/x86_64-linux-gnu/libc.so.6+0x2083f)

DEDUP_TOKEN: free--xmlTextReaderFreeNode--xmlTextReaderRead
previously allocated by thread T0 here:
    #0 0x51cffd in malloc /src/llvm-project/compiler-rt/lib/asan/asan_malloc_linux.cpp:145:3
    #1 0x5cdf23 in xmlNewDocPI /src/libxml2/tree.c:2179:24
    #2 0x75631f in xmlSAX2ProcessingInstruction /src/libxml2/SAX2.c:2664:11
    #3 0x57d6e9 in xmlParsePI /src/libxml2/parser.c:5157:7
    #4 0x5a6cbb in xmlParseTryOrFinish /src/libxml2/parser.c:11680:7
    #5 0x5a30e7 in xmlParseChunk /src/libxml2/parser.c
    #6 0x6fdb72 in xmlTextReaderPushData /src/libxml2/xmlreader.c:903:12
    #7 0x6fa6c8 in xmlTextReaderRead /src/libxml2/xmlreader.c:1321:12
    #8 0x54f583 in LLVMFuzzerTestOneInput /src/libxml2/fuzz/xml.c:73:12
    #9 0x4586a1 in fuzzer::Fuzzer::ExecuteCallback(unsigned char const*, unsigned long) /src/llvm-project/compiler-rt/lib/fuzzer/FuzzerLoop.cpp:558:15
    #10 0x443e22 in fuzzer::RunOneTest(fuzzer::Fuzzer*, char const*, unsigned long) /src/llvm-project/compiler-rt/lib/fuzzer/FuzzerDriver.cpp:296:6
    #11 0x449e7e in fuzzer::FuzzerDriver(int*, char***, int (*)(unsigned char const*, unsigned long)) /src/llvm-project/compiler-rt/lib/fuzzer/FuzzerDriver.cpp:796:9
    #12 0x4717f2 in main /src/llvm-project/compiler-rt/lib/fuzzer/FuzzerMain.cpp:19:10
    #13 0x73786398083f in __libc_start_main (/lib/x86_64-linux-gnu/libc.so.6+0x2083f)

DEDUP_TOKEN: malloc--xmlNewDocPI--xmlSAX2ProcessingInstruction
SUMMARY: AddressSanitizer: heap-use-after-free /src/libxml2/xmlreader.c:1484:16 in xmlTextReaderRead
Shadow bytes around the buggy address:
  0x0c187fff8090: fa fa fa fa fa fa fa fa fd fd fd fd fd fd fd fd
  0x0c187fff80a0: fd fd fd fd fd fd fd fa fa fa fa fa fa fa fa fa
  0x0c187fff80b0: fd fd fd fd fd fd fd fd fd fd fd fd fd fd fd fa
  0x0c187fff80c0: fa fa fa fa fa fa fa fa fd fd fd fd fd fd fd fd
  0x0c187fff80d0: fd fd fd fd fd fd fd fa fa fa fa fa fa fa fa fa
=>0x0c187fff80e0: fd[fd]fd fd fd fd fd fd fd fd fd fd fd fd fd fa
  0x0c187fff80f0: fa fa fa fa fa fa fa fa 00 00 00 00 00 00 00 00
  0x0c187fff8100: 00 00 00 00 00 00 00 fa fa fa fa fa fa fa fa fa
  0x0c187fff8110: 00 00 00 00 00 00 00 00 00 00 00 00 00 00 00 fa
  0x0c187fff8120: fa fa fa fa fa fa fa fa 00 00 00 00 00 00 00 00
  0x0c187fff8130: 00 00 00 00 00 00 00 fa fa fa fa fa fa fa fa fa
Shadow byte legend (one shadow byte represents 8 application bytes):
  Addressable:           00
  Partially addressable: 01 02 03 04 05 06 07 
  Heap left redzone:       fa
  Freed heap region:       fd
  Stack left redzone:      f1
  Stack mid redzone:       f2
  Stack right redzone:     f3
  Stack after return:      f5
  Stack use after scope:   f8
  Global redzone:          f9
  Global init order:       f6
  Poisoned by user:        f7
  Container overflow:      fc
  Array cookie:            ac
  Intra object redzone:    bb
  ASan internal:           fe
  Left alloca redzone:     ca
  Right alloca redzone:    cb
  Shadow gap:              cc
==7==ABORTING
