Accepting input from '/tmp/poc'
Usage for fuzzing: honggfuzz -P [flags] -- /out/xml
=================================================================
==7==ERROR: AddressSanitizer: heap-use-after-free on address 0x60c000001cc8 at pc 0x000000557c5b bp 0x7ffc6e8983a0 sp 0x7ffc6e898398
READ of size 4 at 0x60c000001cc8 thread T0
SCARINESS: 45 (4-byte-read-heap-use-after-free)
    #0 0x557c5a in xmlStaticCopyNode /src/libxml2/tree.c:4197:19
    #1 0x557095 in xmlCopyNode /src/libxml2/tree.c:4400:11
    #2 0x621558 in xmlXIncludeLoadTxt /src/libxml2/xinclude.c:1848:13
    #3 0x61d03a in xmlXIncludeLoadNode /src/libxml2/xinclude.c:2128:8
    #4 0x61b9eb in xmlXIncludeDoProcess /src/libxml2/xinclude.c:2449:9
    #5 0x61c0b4 in xmlXIncludeProcessNode /src/libxml2/xinclude.c:2644:11
    #6 0x67e8e2 in xmlTextReaderRead /src/libxml2/xmlreader.c:1603:2
    #7 0x4cadb7 in LLVMFuzzerTestOneInput /src/libxml2/fuzz/xml.c:79:12
    #8 0x4cc60b in main (/out/xml+0x4cc60b)
    #9 0x7a4eddb1983f in __libc_start_main (/lib/x86_64-linux-gnu/libc.so.6+0x2083f)
    #10 0x41cc08 in _start (/out/xml+0x41cc08)

DEDUP_TOKEN: xmlStaticCopyNode--xmlCopyNode--xmlXIncludeLoadTxt
0x60c000001cc8 is located 8 bytes inside of 120-byte region [0x60c000001cc0,0x60c000001d38)
freed by thread T0 here:
    #0 0x497e6d in free /src/llvm-project/compiler-rt/lib/asan/asan_malloc_linux.cpp:123:3
    #1 0x6949a4 in xmlTextReaderFreeNodeList /src/libxml2/xmlreader.c:481:3
    #2 0x6817a9 in xmlTextReaderFreeNode /src/libxml2/xmlreader.c:529:6
    #3 0x67ed20 in xmlTextReaderRead /src/libxml2/xmlreader.c:1504:3
    #4 0x4cadb7 in LLVMFuzzerTestOneInput /src/libxml2/fuzz/xml.c:79:12
    #5 0x4cc60b in main (/out/xml+0x4cc60b)

DEDUP_TOKEN: free--xmlTextReaderFreeNodeList--xmlTextReaderFreeNode
previously allocated by thread T0 here:
    #0 0x4980ed in malloc /src/llvm-project/compiler-rt/lib/asan/asan_malloc_linux.cpp:145:3
    #1 0x551f12 in xmlNewText /src/libxml2/tree.c:2447:24
    #2 0x621894 in xmlXIncludeLoadTxt /src/libxml2/xinclude.c:1897:12
    #3 0x61d03a in xmlXIncludeLoadNode /src/libxml2/xinclude.c:2128:8
    #4 0x61b9eb in xmlXIncludeDoProcess /src/libxml2/xinclude.c:2449:9
    #5 0x61c0b4 in xmlXIncludeProcessNode /src/libxml2/xinclude.c:2644:11
    #6 0x67e8e2 in xmlTextReaderRead /src/libxml2/xmlreader.c:1603:2
    #7 0x4cadb7 in LLVMFuzzerTestOneInput /src/libxml2/fuzz/xml.c:79:12
    #8 0x4cc60b in main (/out/xml+0x4cc60b)

DEDUP_TOKEN: malloc--xmlNewText--xmlXIncludeLoadTxt
SUMMARY: AddressSanitizer: heap-use-after-free /src/libxml2/tree.c:4197:19 in xmlStaticCopyNode
Shadow bytes around the buggy address:
  0x0c187fff8340: 00 00 00 00 00 00 00 fa fa fa fa fa fa fa fa fa
  0x0c187fff8350: 00 00 00 00 00 00 00 00 00 00 00 00 00 00 00 fa
  0x0c187fff8360: fa fa fa fa fa fa fa fa 00 00 00 00 00 00 00 00
  0x0c187fff8370: 00 00 00 00 00 00 00 fa fa fa fa fa fa fa fa fa
  0x0c187fff8380: 00 00 00 00 00 00 00 00 00 00 00 00 00 00 00 fa
=>0x0c187fff8390: fa fa fa fa fa fa fa fa fd[fd]fd fd fd fd fd fd
  0x0c187fff83a0: fd fd fd fd fd fd fd fa fa fa fa fa fa fa fa fa
  0x0c187fff83b0: fd fd fd fd fd fd fd fd fd fd fd fd fd fd fd fa
  0x0c187fff83c0: fa fa fa fa fa fa fa fa fa fa fa fa fa fa fa fa
  0x0c187fff83d0: fa fa fa fa fa fa fa fa fa fa fa fa fa fa fa fa
  0x0c187fff83e0: fa fa fa fa fa fa fa fa fa fa fa fa fa fa fa fa
Shadow byte legend (one shadow byte represents 8 application bytes):
  Addressable:           00
  Partially addressable: 01 02 03 04 05 06 07 
  Heap left redzone:       fa
  Freed heap region:       fd
  Stack left redzone:      f1
  Stack mid redzone:       f2
  Stack right redzone:     f3
  Stack after return:      f5
  Stack use after scope:   f8
  Global redzone:          f9
  Global init order:       f6
  Poisoned by user:        f7
  Container overflow:      fc
  Array cookie:            ac
  Intra object redzone:    bb
  ASan internal:           fe
  Left alloca redzone:     ca
  Right alloca redzone:    cb
  Shadow gap:              cc
==7==ABORTING
