INFO: Running with entropic power schedule (0xFF, 100).
INFO: Seed: 3452713171
INFO: Loaded 1 modules   (43817 inline 8-bit counters): 43817 [0x87c6ec0, 0x87d19e9), 
INFO: Loaded 1 PC tables (43817 PCs): 43817 [0x8724b7c,0x877a4c4), 
/out/decompress_frame_fuzzer: Running 1 inputs 1 time(s) each.
Running: /tmp/poc
=================================================================
==7==ERROR: AddressSanitizer: heap-buffer-overflow on address 0xf0301dbd at pc 0x0820f88e bp 0xffb5fb28 sp 0xffb5fb20
READ of size 1 at 0xf0301dbd thread T0
SCARINESS: 22 (1-byte-read-heap-buffer-overflow-far-from-bounds)
    #0 0x820f88d in blosc_getitem /src/c-blosc2/blosc/blosc2.c:2404:21
    #1 0x823e05c in get_coffset /src/c-blosc2/blosc/frame.c:1300:12
    #2 0x823eb3b in frame_get_lazychunk /src/c-blosc2/blosc/frame.c:1409:20
    #3 0x824172d in frame_decompress_chunk /src/c-blosc2/blosc/frame.c:1656:22
    #4 0x822e9b7 in blosc2_schunk_decompress_chunk /src/c-blosc2/blosc/schunk.c:540:17
    #5 0x81ac6c2 in LLVMFuzzerTestOneInput /src/c-blosc2/tests/fuzz/fuzz_decompress_frame.c:33:15
    #6 0x80a7eb1 in fuzzer::Fuzzer::ExecuteCallback(unsigned char const*, unsigned int) /src/llvm-project/compiler-rt/lib/fuzzer/FuzzerLoop.cpp:599:15
    #7 0x809252e in fuzzer::RunOneTest(fuzzer::Fuzzer*, char const*, unsigned int) /src/llvm-project/compiler-rt/lib/fuzzer/FuzzerDriver.cpp:323:6
    #8 0x809845b in fuzzer::FuzzerDriver(int*, char***, int (*)(unsigned char const*, unsigned int)) /src/llvm-project/compiler-rt/lib/fuzzer/FuzzerDriver.cpp:856:9
    #9 0x80c1b67 in main /src/llvm-project/compiler-rt/lib/fuzzer/FuzzerMain.cpp:20:10
    #10 0xf52c2646 in __libc_start_main (/lib32/libc.so.6+0x18646)
    #11 0x806cfd8 in _start (/out/decompress_frame_fuzzer+0x806cfd8)

DEDUP_TOKEN: blosc_getitem--get_coffset--frame_get_lazychunk
Address 0xf0301dbd is a wild pointer.
SUMMARY: AddressSanitizer: heap-buffer-overflow /src/c-blosc2/blosc/blosc2.c:2404:21 in blosc_getitem
Shadow bytes around the buggy address:
  0x3e060360: fa fa fa fa fa fa fa fa fa fa fa fa fa fa fa fa
  0x3e060370: fa fa fa fa fa fa fa fa fa fa fa fa fa fa fa fa
  0x3e060380: fa fa fa fa fa fa fa fa fa fa fa fa fa fa fa fa
  0x3e060390: fa fa fa fa fa fa fa fa fa fa fa fa fa fa fa fa
  0x3e0603a0: fa fa fa fa fa fa fa fa fa fa fa fa fa fa fa fa
=>0x3e0603b0: fa fa fa fa fa fa fa[fa]fa fa fa fa fa fa fa fa
  0x3e0603c0: fa fa fa fa 00 00 00 00 00 00 00 00 00 00 00 01
  0x3e0603d0: fa fa fa fa 00 00 00 00 00 00 00 00 00 00 00 01
  0x3e0603e0: fa fa fa fa fa fa fa fa fa fa fa fa fa fa fa fa
  0x3e0603f0: fa fa fa fa fa fa fa fa fa fa fa fa fa fa fa fa
  0x3e060400: fa fa fa fa fa fa fa fa fa fa fa fa fa fa fa fa
Shadow byte legend (one shadow byte represents 8 application bytes):
  Addressable:           00
  Partially addressable: 01 02 03 04 05 06 07 
  Heap left redzone:       fa
  Freed heap region:       fd
  Stack left redzone:      f1
  Stack mid redzone:       f2
  Stack right redzone:     f3
  Stack after return:      f5
  Stack use after scope:   f8
  Global redzone:          f9
  Global init order:       f6
  Poisoned by user:        f7
  Container overflow:      fc
  Array cookie:            ac
  Intra object redzone:    bb
  ASan internal:           fe
  Left alloca redzone:     ca
  Right alloca redzone:    cb
  Shadow gap:              cc
==7==ABORTING
