INFO: Running with entropic power schedule (0xFF, 100).
INFO: Seed: 1496068621
INFO: Loaded 1 modules   (47385 inline 8-bit counters): 47385 [0xe372e0, 0xe42bf9), 
INFO: Loaded 1 PC tables (47385 PCs): 47385 [0xb277c8,0xbe0958), 
/out/decompress_frame_fuzzer: Running 1 inputs 1 time(s) each.
Running: /tmp/poc
Decompression error.  Error code: -10
=================================================================
==7==ERROR: AddressSanitizer: heap-use-after-free on address 0x62b000006a48 at pc 0x000000528307 bp 0x7ffc12069f90 sp 0x7ffc12069758
READ of size 24 at 0x62b000006a48 thread T0
SCARINESS: 54 (multi-byte-read-heap-use-after-free)
    #0 0x528306 in __asan_memcpy /src/llvm-project/compiler-rt/lib/asan/asan_interceptors_memintrinsics.cpp:22:3
    #1 0xa5f28e in ZSTD_freeDDict /src/c-blosc2/internal-complibs/zstd-1.4.5/decompress/zstd_ddict.c:215:44
    #2 0x5b1829 in blosc2_free_ctx /src/c-blosc2/blosc/blosc2.c:3216:5
    #3 0x5d324d in blosc2_schunk_free /src/c-blosc2/blosc/schunk.c:250:3
    #4 0x55bd90 in LLVMFuzzerTestOneInput /src/c-blosc2/tests/fuzz/fuzz_decompress_frame.c:44:3
    #5 0x4608b1 in fuzzer::Fuzzer::ExecuteCallback(unsigned char const*, unsigned long) /src/llvm-project/compiler-rt/lib/fuzzer/FuzzerLoop.cpp:599:15
    #6 0x44a642 in fuzzer::RunOneTest(fuzzer::Fuzzer*, char const*, unsigned long) /src/llvm-project/compiler-rt/lib/fuzzer/FuzzerDriver.cpp:323:6
    #7 0x450985 in fuzzer::FuzzerDriver(int*, char***, int (*)(unsigned char const*, unsigned long)) /src/llvm-project/compiler-rt/lib/fuzzer/FuzzerDriver.cpp:856:9
    #8 0x47a832 in main /src/llvm-project/compiler-rt/lib/fuzzer/FuzzerMain.cpp:20:10
    #9 0x7cd458ab483f in __libc_start_main (/lib/x86_64-linux-gnu/libc.so.6+0x2083f)
    #10 0x425558 in _start (/out/decompress_frame_fuzzer+0x425558)

DEDUP_TOKEN: __asan_memcpy--ZSTD_freeDDict--blosc2_free_ctx
0x62b000006a48 is located 26696 bytes inside of 26720-byte region [0x62b000000200,0x62b000006a60)
freed by thread T0 here:
    #0 0x528cf2 in free /src/llvm-project/compiler-rt/lib/asan/asan_malloc_linux.cpp:127:3
    #1 0x79cc8c in ZSTD_free /src/c-blosc2/internal-complibs/zstd-1.4.5/common/zstd_common.c:81:13
    #2 0xa5f34a in ZSTD_freeDDict /src/c-blosc2/internal-complibs/zstd-1.4.5/decompress/zstd_ddict.c:217:9
    #3 0x5b2427 in initialize_context_decompression /src/c-blosc2/blosc/blosc2.c:1690:7
    #4 0x5b2427 in blosc_run_decompression_with_context /src/c-blosc2/blosc/blosc2.c:2214:11
    #5 0x5b2a75 in blosc2_decompress_ctx /src/c-blosc2/blosc/blosc2.c:2240:12
    #6 0x5ea1b1 in frame_decompress_chunk /src/c-blosc2/blosc/frame.c:2205:23
    #7 0x5d548a in blosc2_schunk_decompress_chunk /src/c-blosc2/blosc/schunk.c:556:17
    #8 0x55bcd6 in LLVMFuzzerTestOneInput /src/c-blosc2/tests/fuzz/fuzz_decompress_frame.c:33:15
    #9 0x4608b1 in fuzzer::Fuzzer::ExecuteCallback(unsigned char const*, unsigned long) /src/llvm-project/compiler-rt/lib/fuzzer/FuzzerLoop.cpp:599:15
    #10 0x44a642 in fuzzer::RunOneTest(fuzzer::Fuzzer*, char const*, unsigned long) /src/llvm-project/compiler-rt/lib/fuzzer/FuzzerDriver.cpp:323:6
    #11 0x450985 in fuzzer::FuzzerDriver(int*, char***, int (*)(unsigned char const*, unsigned long)) /src/llvm-project/compiler-rt/lib/fuzzer/FuzzerDriver.cpp:856:9
    #12 0x47a832 in main /src/llvm-project/compiler-rt/lib/fuzzer/FuzzerMain.cpp:20:10
    #13 0x7cd458ab483f in __libc_start_main (/lib/x86_64-linux-gnu/libc.so.6+0x2083f)

DEDUP_TOKEN: free--ZSTD_free--ZSTD_freeDDict
previously allocated by thread T0 here:
    #0 0x528f5d in malloc /src/llvm-project/compiler-rt/lib/asan/asan_malloc_linux.cpp:145:3
    #1 0x79c8ea in ZSTD_malloc /src/c-blosc2/internal-complibs/zstd-1.4.5/common/zstd_common.c:60:12
    #2 0xa5ea57 in ZSTD_createDDict_advanced /src/c-blosc2/internal-complibs/zstd-1.4.5/decompress/zstd_ddict.c:152:49
    #3 0xa5f56f in ZSTD_createDDict /src/c-blosc2/internal-complibs/zstd-1.4.5/decompress/zstd_ddict.c:173:12
    #4 0x5b2533 in initialize_context_decompression /src/c-blosc2/blosc/blosc2.c:1709:27
    #5 0x5b2533 in blosc_run_decompression_with_context /src/c-blosc2/blosc/blosc2.c:2214:11
    #6 0x5b2a75 in blosc2_decompress_ctx /src/c-blosc2/blosc/blosc2.c:2240:12
    #7 0x5ea1b1 in frame_decompress_chunk /src/c-blosc2/blosc/frame.c:2205:23
    #8 0x5d548a in blosc2_schunk_decompress_chunk /src/c-blosc2/blosc/schunk.c:556:17
    #9 0x55bcd6 in LLVMFuzzerTestOneInput /src/c-blosc2/tests/fuzz/fuzz_decompress_frame.c:33:15
    #10 0x4608b1 in fuzzer::Fuzzer::ExecuteCallback(unsigned char const*, unsigned long) /src/llvm-project/compiler-rt/lib/fuzzer/FuzzerLoop.cpp:599:15
    #11 0x44a642 in fuzzer::RunOneTest(fuzzer::Fuzzer*, char const*, unsigned long) /src/llvm-project/compiler-rt/lib/fuzzer/FuzzerDriver.cpp:323:6
    #12 0x450985 in fuzzer::FuzzerDriver(int*, char***, int (*)(unsigned char const*, unsigned long)) /src/llvm-project/compiler-rt/lib/fuzzer/FuzzerDriver.cpp:856:9
    #13 0x47a832 in main /src/llvm-project/compiler-rt/lib/fuzzer/FuzzerMain.cpp:20:10
    #14 0x7cd458ab483f in __libc_start_main (/lib/x86_64-linux-gnu/libc.so.6+0x2083f)

DEDUP_TOKEN: malloc--ZSTD_malloc--ZSTD_createDDict_advanced
SUMMARY: AddressSanitizer: heap-use-after-free /src/llvm-project/compiler-rt/lib/asan/asan_interceptors_memintrinsics.cpp:22:3 in __asan_memcpy
Shadow bytes around the buggy address:
  0x0c567fff8cf0: fd fd fd fd fd fd fd fd fd fd fd fd fd fd fd fd
  0x0c567fff8d00: fd fd fd fd fd fd fd fd fd fd fd fd fd fd fd fd
  0x0c567fff8d10: fd fd fd fd fd fd fd fd fd fd fd fd fd fd fd fd
  0x0c567fff8d20: fd fd fd fd fd fd fd fd fd fd fd fd fd fd fd fd
  0x0c567fff8d30: fd fd fd fd fd fd fd fd fd fd fd fd fd fd fd fd
=>0x0c567fff8d40: fd fd fd fd fd fd fd fd fd[fd]fd fd fa fa fa fa
  0x0c567fff8d50: fa fa fa fa fa fa fa fa fa fa fa fa fa fa fa fa
  0x0c567fff8d60: fa fa fa fa fa fa fa fa fa fa fa fa fa fa fa fa
  0x0c567fff8d70: fa fa fa fa fa fa fa fa fa fa fa fa fa fa fa fa
  0x0c567fff8d80: fa fa fa fa fa fa fa fa fa fa fa fa fa fa fa fa
  0x0c567fff8d90: fa fa fa fa fa fa fa fa fa fa fa fa fa fa fa fa
Shadow byte legend (one shadow byte represents 8 application bytes):
  Addressable:           00
  Partially addressable: 01 02 03 04 05 06 07 
  Heap left redzone:       fa
  Freed heap region:       fd
  Stack left redzone:      f1
  Stack mid redzone:       f2
  Stack right redzone:     f3
  Stack after return:      f5
  Stack use after scope:   f8
  Global redzone:          f9
  Global init order:       f6
  Poisoned by user:        f7
  Container overflow:      fc
  Array cookie:            ac
  Intra object redzone:    bb
  ASan internal:           fe
  Left alloca redzone:     ca
  Right alloca redzone:    cb
  Shadow gap:              cc
==7==ABORTING
