======================= INFO =========================
This binary is built for afl++.
To run the target function on individual input(s) execute this:
  /out/decompress_frame_fuzzer INPUT_FILE1 [INPUT_FILE2 ... ]
To fuzz with afl-fuzz execute this:
  afl-fuzz [afl-flags] -- /out/decompress_frame_fuzzer [-N]
afl-fuzz will run N iterations before re-spawning the process (default: 1000)
======================================================
Reading 167 bytes from /tmp/poc
AddressSanitizer:DEADLYSIGNAL
=================================================================
==7==ERROR: AddressSanitizer: SEGV on unknown address 0x7552705d9986 (pc 0x000000586a1d bp 0x7ffef4acb4a0 sp 0x7ffef4acb300 T0)
==7==The signal is caused by a READ memory access.
SCARINESS: 20 (wild-addr-read)
    #0 0x586a1d in sw32_ /src/c-blosc2/blosc/blosc-private.h:90:13
    #1 0x586a1d in blosc_d /src/c-blosc2/blosc/blosc2.c:1346:14
    #2 0x5840b8 in _blosc_getitem /src/c-blosc2/blosc/blosc2.c:2540:14
    #3 0x589e0d in blosc2_getitem_ctx /src/c-blosc2/blosc/blosc2.c:2607:12
    #4 0x589240 in blosc_getitem /src/c-blosc2/blosc/blosc2.c:2572:12
    #5 0x5f0f02 in get_coffset /src/c-blosc2/blosc/frame.c:1677:12
    #6 0x5ee116 in frame_get_lazychunk /src/c-blosc2/blosc/frame.c:1855:9
    #7 0x5fcc94 in frame_decompress_chunk /src/c-blosc2/blosc/frame.c:2648:18
    #8 0x4d2bf6 in LLVMFuzzerTestOneInput /src/c-blosc2/tests/fuzz/fuzz_decompress_frame.c:38:15
    #9 0x4d3303 in ExecuteFilesOnyByOne /src/aflplusplus/utils/aflpp_driver/aflpp_driver.c:185:7
    #10 0x4d3303 in main /src/aflplusplus/utils/aflpp_driver/aflpp_driver.c:237:12
    #11 0x75524f4b983f in __libc_start_main (/lib/x86_64-linux-gnu/libc.so.6+0x2083f)
    #12 0x423e48 in _start (/out/decompress_frame_fuzzer+0x423e48)

DEDUP_TOKEN: sw32_--blosc_d--_blosc_getitem
AddressSanitizer can not provide additional info.
SUMMARY: AddressSanitizer: SEGV /src/c-blosc2/blosc/blosc-private.h:90:13 in sw32_
==7==ABORTING
