INFO: Running with entropic power schedule (0xFF, 100).
INFO: Seed: 3456169074
INFO: Loaded 1 modules   (40891 inline 8-bit counters): 40891 [0x8745260, 0x874f21b), 
INFO: Loaded 1 PC tables (40891 PCs): 40891 [0x86a7924,0x86f76fc), 
/out/decompress_frame_fuzzer: Running 1 inputs 1 time(s) each.
Running: /tmp/poc
=================================================================
==7==ERROR: AddressSanitizer: heap-buffer-overflow on address 0xf2e5e56e at pc 0x08247a5e bp 0xff999ae8 sp 0xff999ae0
READ of size 4 at 0xf2e5e56e thread T0
SCARINESS: 27 (4-byte-read-heap-buffer-overflow-far-from-bounds)
    #0 0x8247a5d in sw32_ /src/c-blosc2/blosc/blosc-private.h:90:13
    #1 0x8247a5d in frame_get_lazychunk /src/c-blosc2/blosc/frame.c:1969:24
    #2 0x824f29b in frame_decompress_chunk /src/c-blosc2/blosc/frame.c:2648:18
    #3 0x822f80d in blosc2_schunk_decompress_chunk /src/c-blosc2/blosc/schunk.c:768:17
    #4 0x81a94a6 in LLVMFuzzerTestOneInput /src/c-blosc2/tests/fuzz/fuzz_decompress_frame.c:38:15
    #5 0x80a37f1 in fuzzer::Fuzzer::ExecuteCallback(unsigned char const*, unsigned int) /src/llvm-project/compiler-rt/lib/fuzzer/FuzzerLoop.cpp:599:15
    #6 0x808dd8e in fuzzer::RunOneTest(fuzzer::Fuzzer*, char const*, unsigned int) /src/llvm-project/compiler-rt/lib/fuzzer/FuzzerDriver.cpp:323:6
    #7 0x8093cb4 in fuzzer::FuzzerDriver(int*, char***, int (*)(unsigned char const*, unsigned int)) /src/llvm-project/compiler-rt/lib/fuzzer/FuzzerDriver.cpp:856:9
    #8 0x80bd497 in main /src/llvm-project/compiler-rt/lib/fuzzer/FuzzerMain.cpp:20:10
    #9 0xf47fc646 in __libc_start_main (/lib32/libc.so.6+0x18646)
    #10 0x8068238 in _start (/out/decompress_frame_fuzzer+0x8068238)

DEDUP_TOKEN: sw32_--frame_get_lazychunk--frame_decompress_chunk
0xf2e5e56e is located 115 bytes to the right of 187-byte region [0xf2e5e440,0xf2e5e4fb)
allocated by thread T0 here:
    #0 0x8171c65 in malloc /src/llvm-project/compiler-rt/lib/asan/asan_malloc_linux.cpp:145:3
    #1 0x8082544 in operator new(unsigned int) (/out/decompress_frame_fuzzer+0x8082544)
    #2 0x808dd8e in fuzzer::RunOneTest(fuzzer::Fuzzer*, char const*, unsigned int) /src/llvm-project/compiler-rt/lib/fuzzer/FuzzerDriver.cpp:323:6
    #3 0x8093cb4 in fuzzer::FuzzerDriver(int*, char***, int (*)(unsigned char const*, unsigned int)) /src/llvm-project/compiler-rt/lib/fuzzer/FuzzerDriver.cpp:856:9
    #4 0x80bd497 in main /src/llvm-project/compiler-rt/lib/fuzzer/FuzzerMain.cpp:20:10
    #5 0xf47fc646 in __libc_start_main (/lib32/libc.so.6+0x18646)

DEDUP_TOKEN: malloc--operator new(unsigned int)--fuzzer::RunOneTest(fuzzer::Fuzzer*, char const*, unsigned int)
SUMMARY: AddressSanitizer: heap-buffer-overflow /src/c-blosc2/blosc/blosc-private.h:90:13 in sw32_
Shadow bytes around the buggy address:
  0x3e5cbc50: fa fa fa fa fa fa fa fa fa fa fa fa fa fa fa fa
  0x3e5cbc60: fa fa fa fa fa fa fa fa fa fa fa fa fa fa fa fa
  0x3e5cbc70: fa fa fa fa fa fa fa fa fa fa fa fa fa fa fa fa
  0x3e5cbc80: fa fa fa fa fa fa fa fa 00 00 00 00 00 00 00 00
  0x3e5cbc90: 00 00 00 00 00 00 00 00 00 00 00 00 00 00 00 03
=>0x3e5cbca0: fa fa fa fa fa fa fa fa fa fa fa fa fa[fa]fa fa
  0x3e5cbcb0: fa fa fa fa fa fa fa fa fa fa fa fa fa fa fa fa
  0x3e5cbcc0: fa fa fa fa fa fa fa fa fa fa fa fa fa fa fa fa
  0x3e5cbcd0: fa fa fa fa fa fa fa fa fa fa fa fa fa fa fa fa
  0x3e5cbce0: fa fa fa fa fa fa fa fa fa fa fa fa fa fa fa fa
  0x3e5cbcf0: fa fa fa fa fa fa fa fa fa fa fa fa fa fa fa fa
Shadow byte legend (one shadow byte represents 8 application bytes):
  Addressable:           00
  Partially addressable: 01 02 03 04 05 06 07 
  Heap left redzone:       fa
  Freed heap region:       fd
  Stack left redzone:      f1
  Stack mid redzone:       f2
  Stack right redzone:     f3
  Stack after return:      f5
  Stack use after scope:   f8
  Global redzone:          f9
  Global init order:       f6
  Poisoned by user:        f7
  Container overflow:      fc
  Array cookie:            ac
  Intra object redzone:    bb
  ASan internal:           fe
  Left alloca redzone:     ca
  Right alloca redzone:    cb
  Shadow gap:              cc
==7==ABORTING
