======================= INFO =========================
This binary is built for afl++.
To run the target function on individual input(s) execute this:
  /out/decompress_frame_fuzzer INPUT_FILE1 [INPUT_FILE2 ... ]
To fuzz with afl-fuzz execute this:
  afl-fuzz [afl-flags] -- /out/decompress_frame_fuzzer [-N]
afl-fuzz will run N iterations before re-spawning the process (default: 1000)
======================================================
Reading 186 bytes from /tmp/poc
Decompression error.  Error code: -9
=================================================================
==7==ERROR: AddressSanitizer: heap-use-after-free on address 0x62b000006cc0 at pc 0x00000049e0d7 bp 0x7ffc4e456530 sp 0x7ffc4e455cf8
READ of size 24 at 0x62b000006cc0 thread T0
SCARINESS: 54 (multi-byte-read-heap-use-after-free)
    #0 0x49e0d6 in __asan_memcpy /src/llvm-project/compiler-rt/lib/asan/asan_interceptors_memintrinsics.cpp:22:3
    #1 0xd85d55 in ZSTD_freeDDict /src/c-blosc2/internal-complibs/zstd-1.4.8/decompress/zstd_ddict.c:215:44
    #2 0x57cacf in blosc2_free_ctx /src/c-blosc2/blosc/blosc2.c:3299:5
    #3 0x5cbab4 in blosc2_schunk_free /src/c-blosc2/blosc/schunk.c:394:5
    #4 0x4d2e4c in LLVMFuzzerTestOneInput /src/c-blosc2/tests/fuzz/fuzz_decompress_frame.c
    #5 0x4d3303 in ExecuteFilesOnyByOne /src/aflplusplus/utils/aflpp_driver/aflpp_driver.c:185:7
    #6 0x4d3303 in main /src/aflplusplus/utils/aflpp_driver/aflpp_driver.c:237:12
    #7 0x7e1b9777583f in __libc_start_main (/lib/x86_64-linux-gnu/libc.so.6+0x2083f)
    #8 0x423e48 in _start (/out/decompress_frame_fuzzer+0x423e48)

DEDUP_TOKEN: __asan_memcpy--ZSTD_freeDDict--blosc2_free_ctx
0x62b000006cc0 is located 27328 bytes inside of 27352-byte region [0x62b000000200,0x62b000006cd8)
freed by thread T0 here:
    #0 0x49eac2 in free /src/llvm-project/compiler-rt/lib/asan/asan_malloc_linux.cpp:127:3
    #1 0x789290 in ZSTD_customFree /src/c-blosc2/internal-complibs/zstd-1.4.8/common/zstd_common.c:81:13
    #2 0xd85e11 in ZSTD_freeDDict /src/c-blosc2/internal-complibs/zstd-1.4.8/decompress/zstd_ddict.c:217:9
    #3 0x580c6d in initialize_context_decompression /src/c-blosc2/blosc/blosc2.c:1794:7
    #4 0x580c6d in blosc_run_decompression_with_context /src/c-blosc2/blosc/blosc2.c:2350:8
    #5 0x5819e5 in blosc2_decompress_ctx /src/c-blosc2/blosc/blosc2.c:2376:12
    #6 0x5fce93 in frame_decompress_chunk /src/c-blosc2/blosc/frame.c:2666:23
    #7 0x4d2bf6 in LLVMFuzzerTestOneInput /src/c-blosc2/tests/fuzz/fuzz_decompress_frame.c:38:15
    #8 0x4d3303 in ExecuteFilesOnyByOne /src/aflplusplus/utils/aflpp_driver/aflpp_driver.c:185:7
    #9 0x4d3303 in main /src/aflplusplus/utils/aflpp_driver/aflpp_driver.c:237:12

DEDUP_TOKEN: free--ZSTD_customFree--ZSTD_freeDDict
previously allocated by thread T0 here:
    #0 0x49ed2d in malloc /src/llvm-project/compiler-rt/lib/asan/asan_malloc_linux.cpp:145:3
    #1 0x788c1b in ZSTD_customMalloc /src/c-blosc2/internal-complibs/zstd-1.4.8/common/zstd_common.c:60:12
    #2 0xd84f7b in ZSTD_createDDict_advanced /src/c-blosc2/internal-complibs/zstd-1.4.8/decompress/zstd_ddict.c:152:49
    #3 0xd8614f in ZSTD_createDDict /src/c-blosc2/internal-complibs/zstd-1.4.8/decompress/zstd_ddict.c:173:12
    #4 0x580f0c in initialize_context_decompression /src/c-blosc2/blosc/blosc2.c:1815:27
    #5 0x580f0c in blosc_run_decompression_with_context /src/c-blosc2/blosc/blosc2.c:2350:8
    #6 0x5819e5 in blosc2_decompress_ctx /src/c-blosc2/blosc/blosc2.c:2376:12
    #7 0x5fce93 in frame_decompress_chunk /src/c-blosc2/blosc/frame.c:2666:23
    #8 0x4d2bf6 in LLVMFuzzerTestOneInput /src/c-blosc2/tests/fuzz/fuzz_decompress_frame.c:38:15
    #9 0x4d3303 in ExecuteFilesOnyByOne /src/aflplusplus/utils/aflpp_driver/aflpp_driver.c:185:7
    #10 0x4d3303 in main /src/aflplusplus/utils/aflpp_driver/aflpp_driver.c:237:12

DEDUP_TOKEN: malloc--ZSTD_customMalloc--ZSTD_createDDict_advanced
SUMMARY: AddressSanitizer: heap-use-after-free /src/llvm-project/compiler-rt/lib/asan/asan_interceptors_memintrinsics.cpp:22:3 in __asan_memcpy
Shadow bytes around the buggy address:
  0x0c567fff8d40: fd fd fd fd fd fd fd fd fd fd fd fd fd fd fd fd
  0x0c567fff8d50: fd fd fd fd fd fd fd fd fd fd fd fd fd fd fd fd
  0x0c567fff8d60: fd fd fd fd fd fd fd fd fd fd fd fd fd fd fd fd
  0x0c567fff8d70: fd fd fd fd fd fd fd fd fd fd fd fd fd fd fd fd
  0x0c567fff8d80: fd fd fd fd fd fd fd fd fd fd fd fd fd fd fd fd
=>0x0c567fff8d90: fd fd fd fd fd fd fd fd[fd]fd fd fa fa fa fa fa
  0x0c567fff8da0: fa fa fa fa fa fa fa fa fa fa fa fa fa fa fa fa
  0x0c567fff8db0: fa fa fa fa fa fa fa fa fa fa fa fa fa fa fa fa
  0x0c567fff8dc0: fa fa fa fa fa fa fa fa fa fa fa fa fa fa fa fa
  0x0c567fff8dd0: fa fa fa fa fa fa fa fa fa fa fa fa fa fa fa fa
  0x0c567fff8de0: fa fa fa fa fa fa fa fa fa fa fa fa fa fa fa fa
Shadow byte legend (one shadow byte represents 8 application bytes):
  Addressable:           00
  Partially addressable: 01 02 03 04 05 06 07 
  Heap left redzone:       fa
  Freed heap region:       fd
  Stack left redzone:      f1
  Stack mid redzone:       f2
  Stack right redzone:     f3
  Stack after return:      f5
  Stack use after scope:   f8
  Global redzone:          f9
  Global init order:       f6
  Poisoned by user:        f7
  Container overflow:      fc
  Array cookie:            ac
  Intra object redzone:    bb
  ASan internal:           fe
  Left alloca redzone:     ca
  Right alloca redzone:    cb
  Shadow gap:              cc
==7==ABORTING
