INFO: Running with entropic power schedule (0xFF, 100).
INFO: Seed: 2887196842
INFO: Loaded 1 modules   (40928 inline 8-bit counters): 40928 [0x8747260, 0x8751240), 
INFO: Loaded 1 PC tables (40928 PCs): 40928 [0x86a9aa4,0x86f99a4), 
/out/decompress_frame_fuzzer: Running 1 inputs 1 time(s) each.
Running: /tmp/poc
=================================================================
==7==ERROR: AddressSanitizer: negative-size-param: (size=605032464)
SCARINESS: 10 (negative-size-param)
    #0 0x8171251 in __asan_memset /src/llvm-project/compiler-rt/lib/asan/asan_interceptors_memintrinsics.cpp:26:3
    #1 0x820de54 in blosc_d /src/c-blosc2/blosc/blosc2.c:1363:7
    #2 0x820c7f0 in _blosc_getitem /src/c-blosc2/blosc/blosc2.c:2543:14
    #3 0x820f1eb in blosc2_getitem_ctx /src/c-blosc2/blosc/blosc2.c:2613:12
    #4 0x820eb08 in blosc2_getitem /src/c-blosc2/blosc/blosc2.c:2572:12
    #5 0x8249836 in get_coffset /src/c-blosc2/blosc/frame.c:1716:12
    #6 0x824749d in frame_get_lazychunk /src/c-blosc2/blosc/frame.c:1905:8
    #7 0x825103d in frame_decompress_chunk /src/c-blosc2/blosc/frame.c:2750:8
    #8 0x822fff5 in blosc2_schunk_decompress_chunk /src/c-blosc2/blosc/schunk.c:804:17
    #9 0x81a94a6 in LLVMFuzzerTestOneInput /src/c-blosc2/tests/fuzz/fuzz_decompress_frame.c:38:15
    #10 0x80a37f1 in fuzzer::Fuzzer::ExecuteCallback(unsigned char const*, unsigned int) /src/llvm-project/compiler-rt/lib/fuzzer/FuzzerLoop.cpp:599:15
    #11 0x808dd8e in fuzzer::RunOneTest(fuzzer::Fuzzer*, char const*, unsigned int) /src/llvm-project/compiler-rt/lib/fuzzer/FuzzerDriver.cpp:323:6
    #12 0x8093cb4 in fuzzer::FuzzerDriver(int*, char***, int (*)(unsigned char const*, unsigned int)) /src/llvm-project/compiler-rt/lib/fuzzer/FuzzerDriver.cpp:856:9
    #13 0x80bd497 in main /src/llvm-project/compiler-rt/lib/fuzzer/FuzzerMain.cpp:20:10
    #14 0xf1970646 in __libc_start_main (/lib32/libc.so.6+0x18646)
    #15 0x8068238 in _start (/out/decompress_frame_fuzzer+0x8068238)

DEDUP_TOKEN: __asan_memset--blosc_d--_blosc_getitem
Address 0xf3cf3828 is a wild pointer.
SUMMARY: AddressSanitizer: negative-size-param /src/llvm-project/compiler-rt/lib/asan/asan_interceptors_memintrinsics.cpp:26:3 in __asan_memset
==7==ABORTING
