Unable to find image 'n132/arvo:32263-vul' locally
32263-vul: Pulling from n132/arvo
4007a89234b4: Already exists
5dfa26c6b9c9: Already exists
0ba7bf18aa40: Already exists
4c6ec688ebe3: Already exists
c525e0d97d3c: Pulling fs layer
f18d34245b89: Pulling fs layer
ae80e72a9d4a: Pulling fs layer
6b102e0afe14: Pulling fs layer
4999f7676e65: Pulling fs layer
2fef20791739: Pulling fs layer
b84491b13e23: Pulling fs layer
c8957ee90d80: Pulling fs layer
ef6465012521: Pulling fs layer
cf915a563099: Pulling fs layer
40950fed92bf: Pulling fs layer
5d6a3c357079: Pulling fs layer
73b161913788: Pulling fs layer
7462fa0f6819: Pulling fs layer
6b102e0afe14: Waiting
08e8aacbbf43: Pulling fs layer
12024d5d330d: Pulling fs layer
4999f7676e65: Waiting
e7af64d10299: Pulling fs layer
2fef20791739: Waiting
05f1b1fdcf46: Pulling fs layer
b84491b13e23: Waiting
cf915a563099: Waiting
40950fed92bf: Waiting
cd5e3cb909bc: Pulling fs layer
c8957ee90d80: Waiting
e9d74ea70a9f: Pulling fs layer
ef6465012521: Waiting
5d6a3c357079: Waiting
31a405688162: Pulling fs layer
73b161913788: Waiting
7462fa0f6819: Waiting
e7af64d10299: Waiting
08e8aacbbf43: Waiting
05f1b1fdcf46: Waiting
12024d5d330d: Waiting
cd5e3cb909bc: Waiting
31a405688162: Waiting
e9d74ea70a9f: Waiting
d904474a8bbe: Pulling fs layer
df9b3cc1ec67: Pulling fs layer
9a4cb545e723: Pulling fs layer
bb760feedefd: Pulling fs layer
ccd4c59a4dee: Pulling fs layer
1a291824f846: Pulling fs layer
9a4cb545e723: Waiting
cfae579fe744: Pulling fs layer
d2555313516f: Pulling fs layer
df9b3cc1ec67: Waiting
bb760feedefd: Waiting
64b7c13ff320: Pulling fs layer
1a291824f846: Waiting
7faa8a528fb4: Pulling fs layer
0b751c1483bc: Pulling fs layer
ccd4c59a4dee: Waiting
d2555313516f: Waiting
64b7c13ff320: Waiting
cfae579fe744: Waiting
7faa8a528fb4: Waiting
d904474a8bbe: Waiting
8efb30f5eeda: Pulling fs layer
0b751c1483bc: Waiting
6c5647cc315c: Pulling fs layer
8efb30f5eeda: Waiting
8c354e6cc021: Pulling fs layer
b8e6cecb13dc: Pulling fs layer
6b9f55aee74f: Pulling fs layer
00a81c5159e1: Pulling fs layer
036d738217c2: Pulling fs layer
6b9f55aee74f: Waiting
1b4583053d77: Pulling fs layer
6c5647cc315c: Waiting
8c354e6cc021: Waiting
999dcf2f3bb6: Pulling fs layer
036d738217c2: Waiting
00a81c5159e1: Waiting
2d1349ace6d5: Pulling fs layer
999dcf2f3bb6: Waiting
f917e0b6b649: Pulling fs layer
3ddde5bbbbd4: Pulling fs layer
f917e0b6b649: Waiting
1241999eac26: Pulling fs layer
89b15f9d75d4: Pulling fs layer
1241999eac26: Waiting
2eaa41235dbf: Pulling fs layer
3ddde5bbbbd4: Waiting
990d9a69a8b6: Pulling fs layer
89b15f9d75d4: Waiting
7f39dec07c4b: Pulling fs layer
2eaa41235dbf: Waiting
c1a214e2ea7b: Pulling fs layer
990d9a69a8b6: Waiting
7375c43af2d8: Pulling fs layer
c1a214e2ea7b: Waiting
2b4c30e70a9d: Pulling fs layer
7a72076eb03a: Pulling fs layer
7375c43af2d8: Waiting
2b4c30e70a9d: Waiting
c065fd688118: Pulling fs layer
7a72076eb03a: Waiting
b74b499dccb0: Pulling fs layer
c065fd688118: Waiting
4f4fb700ef54: Pulling fs layer
b74b499dccb0: Waiting
a73cb3414644: Pulling fs layer
4f4fb700ef54: Waiting
2605d0e4d74e: Pulling fs layer
a73cb3414644: Waiting
8571b3080bf7: Pulling fs layer
2605d0e4d74e: Waiting
8571b3080bf7: Waiting
f18d34245b89: Download complete
6b102e0afe14: Verifying Checksum
6b102e0afe14: Download complete
ae80e72a9d4a: Verifying Checksum
ae80e72a9d4a: Download complete
c525e0d97d3c: Verifying Checksum
c525e0d97d3c: Download complete
2fef20791739: Verifying Checksum
2fef20791739: Download complete
c525e0d97d3c: Pull complete
f18d34245b89: Pull complete
ae80e72a9d4a: Pull complete
6b102e0afe14: Pull complete
c8957ee90d80: Verifying Checksum
c8957ee90d80: Download complete
ef6465012521: Verifying Checksum
ef6465012521: Download complete
4999f7676e65: Download complete
40950fed92bf: Verifying Checksum
40950fed92bf: Download complete
b84491b13e23: Verifying Checksum
b84491b13e23: Download complete
4999f7676e65: Pull complete
2fef20791739: Pull complete
b84491b13e23: Pull complete
c8957ee90d80: Pull complete
ef6465012521: Pull complete
cf915a563099: Verifying Checksum
cf915a563099: Download complete
7462fa0f6819: Verifying Checksum
7462fa0f6819: Download complete
73b161913788: Verifying Checksum
73b161913788: Download complete
5d6a3c357079: Verifying Checksum
5d6a3c357079: Download complete
cf915a563099: Pull complete
08e8aacbbf43: Verifying Checksum
08e8aacbbf43: Download complete
40950fed92bf: Pull complete
e7af64d10299: Verifying Checksum
e7af64d10299: Download complete
05f1b1fdcf46: Verifying Checksum
05f1b1fdcf46: Download complete
12024d5d330d: Verifying Checksum
12024d5d330d: Download complete
5d6a3c357079: Pull complete
cd5e3cb909bc: Verifying Checksum
cd5e3cb909bc: Download complete
e9d74ea70a9f: Verifying Checksum
e9d74ea70a9f: Download complete
73b161913788: Pull complete
31a405688162: Verifying Checksum
31a405688162: Download complete
7462fa0f6819: Pull complete
d904474a8bbe: Verifying Checksum
d904474a8bbe: Download complete
08e8aacbbf43: Pull complete
df9b3cc1ec67: Verifying Checksum
df9b3cc1ec67: Download complete
12024d5d330d: Pull complete
e7af64d10299: Pull complete
05f1b1fdcf46: Pull complete
cd5e3cb909bc: Pull complete
e9d74ea70a9f: Pull complete
9a4cb545e723: Verifying Checksum
9a4cb545e723: Download complete
31a405688162: Pull complete
d904474a8bbe: Pull complete
df9b3cc1ec67: Pull complete
9a4cb545e723: Pull complete
ccd4c59a4dee: Verifying Checksum
ccd4c59a4dee: Download complete
bb760feedefd: Verifying Checksum
bb760feedefd: Download complete
1a291824f846: Verifying Checksum
1a291824f846: Download complete
bb760feedefd: Pull complete
ccd4c59a4dee: Pull complete
d2555313516f: Verifying Checksum
d2555313516f: Download complete
1a291824f846: Pull complete
64b7c13ff320: Verifying Checksum
64b7c13ff320: Download complete
7faa8a528fb4: Verifying Checksum
7faa8a528fb4: Download complete
8efb30f5eeda: Verifying Checksum
8efb30f5eeda: Download complete
0b751c1483bc: Verifying Checksum
0b751c1483bc: Download complete
8c354e6cc021: Download complete
6c5647cc315c: Verifying Checksum
6c5647cc315c: Download complete
6b9f55aee74f: Verifying Checksum
6b9f55aee74f: Download complete
b8e6cecb13dc: Verifying Checksum
b8e6cecb13dc: Download complete
cfae579fe744: Verifying Checksum
cfae579fe744: Download complete
00a81c5159e1: Verifying Checksum
00a81c5159e1: Download complete
1b4583053d77: Verifying Checksum
1b4583053d77: Download complete
036d738217c2: Verifying Checksum
036d738217c2: Download complete
999dcf2f3bb6: Verifying Checksum
999dcf2f3bb6: Download complete
2d1349ace6d5: Verifying Checksum
2d1349ace6d5: Download complete
cfae579fe744: Pull complete
f917e0b6b649: Verifying Checksum
f917e0b6b649: Download complete
d2555313516f: Pull complete
64b7c13ff320: Pull complete
7faa8a528fb4: Pull complete
0b751c1483bc: Pull complete
8efb30f5eeda: Pull complete
1241999eac26: Verifying Checksum
1241999eac26: Download complete
6c5647cc315c: Pull complete
8c354e6cc021: Pull complete
b8e6cecb13dc: Pull complete
6b9f55aee74f: Pull complete
00a81c5159e1: Pull complete
036d738217c2: Pull complete
1b4583053d77: Pull complete
3ddde5bbbbd4: Verifying Checksum
3ddde5bbbbd4: Download complete
999dcf2f3bb6: Pull complete
2eaa41235dbf: Verifying Checksum
2eaa41235dbf: Download complete
2d1349ace6d5: Pull complete
f917e0b6b649: Pull complete
3ddde5bbbbd4: Pull complete
1241999eac26: Pull complete
89b15f9d75d4: Download complete
89b15f9d75d4: Pull complete
2eaa41235dbf: Pull complete
c1a214e2ea7b: Verifying Checksum
c1a214e2ea7b: Download complete
7f39dec07c4b: Verifying Checksum
7f39dec07c4b: Download complete
7375c43af2d8: Verifying Checksum
7375c43af2d8: Download complete
7a72076eb03a: Verifying Checksum
7a72076eb03a: Download complete
2b4c30e70a9d: Verifying Checksum
2b4c30e70a9d: Download complete
b74b499dccb0: Verifying Checksum
b74b499dccb0: Download complete
4f4fb700ef54: Verifying Checksum
4f4fb700ef54: Download complete
c065fd688118: Verifying Checksum
c065fd688118: Download complete
a73cb3414644: Download complete
8571b3080bf7: Verifying Checksum
8571b3080bf7: Download complete
990d9a69a8b6: Verifying Checksum
990d9a69a8b6: Download complete
990d9a69a8b6: Pull complete
7f39dec07c4b: Pull complete
c1a214e2ea7b: Pull complete
7375c43af2d8: Pull complete
2b4c30e70a9d: Pull complete
7a72076eb03a: Pull complete
c065fd688118: Pull complete
b74b499dccb0: Pull complete
4f4fb700ef54: Pull complete
a73cb3414644: Pull complete
2605d0e4d74e: Verifying Checksum
2605d0e4d74e: Download complete
2605d0e4d74e: Pull complete
8571b3080bf7: Pull complete
Digest: sha256:54fc572433128f66d6dcab543d8f60a36a0713b7ec7c3b0dff1af8590ff5ef71
Status: Downloaded newer image for n132/arvo:32263-vul
