Warning: AFL++ tools will need to set AFL_MAP_SIZE to 185280 to be able to run this instrumented program!
======================= INFO =========================
This binary is built for afl++.
To run the target function on individual input(s) execute this:
  /out/coder_MSL_fuzzer INPUT_FILE1 [INPUT_FILE2 ... ]
To fuzz with afl-fuzz execute this:
  afl-fuzz [afl-flags] -- /out/coder_MSL_fuzzer [-N]
afl-fuzz will run N iterations before re-spawning the process (default: INT_MAX)
======================================================
Reading 36 bytes from /tmp/poc
encoding error : input conversion failed due to input error, bytes 0xFF 0x00 0xFF 0x00
encoding error : input conversion failed due to input error, bytes 0xFF 0x00 0xFF 0x00
I/O error : encoder error
18:36:32 0:0.004355  0.000u 7 msl.c/MSLError/4650/Delegate:
  Extra content at the end of the document
 (some text)
=================================================================
==7==ERROR: AddressSanitizer: heap-use-after-free on address 0x623000003708 at pc 0x000000c836b2 bp 0x7ffd2c960c30 sp 0x7ffd2c960c28
READ of size 4 at 0x623000003708 thread T0
SCARINESS: 45 (4-byte-read-heap-use-after-free)
    #0 0xc836b1 in ProcessMSLScript /src/graphicsmagick/coders/msl.c:4978:28
    #1 0xc81338 in WriteMSLImage /src/graphicsmagick/coders/msl.c:5119:10
    #2 0x65ddfd in WriteImage /src/graphicsmagick/magick/constitute.c:2269:14
    #3 0x5a011f in ImageToBlob /src/graphicsmagick/magick/blob.c:2260:14
    #4 0x4f701b in Magick::Image::write(Magick::Blob*, std::__1::basic_string<char, std::__1::char_traits<char>, std::__1::allocator<char> > const&) /src/graphicsmagick/Magick++/lib/Image.cpp:2144:16
    #5 0x4cdc2a in LLVMFuzzerTestOneInput /src/graphicsmagick/fuzzing/coder_fuzzer.cc:30:15
    #6 0x4d1563 in ExecuteFilesOnyByOne /src/aflplusplus/utils/aflpp_driver/aflpp_driver.c:185:7
    #7 0x4d1563 in main /src/aflplusplus/utils/aflpp_driver/aflpp_driver.c:247:12
    #8 0x7a7cbcfea83f in __libc_start_main (/lib/x86_64-linux-gnu/libc.so.6+0x2083f)
    #9 0x41f748 in _start (/out/coder_MSL_fuzzer+0x41f748)

DEDUP_TOKEN: ProcessMSLScript--WriteMSLImage--WriteImage
0x623000003708 is located 6664 bytes inside of 6864-byte region [0x623000001d00,0x6230000037d0)
freed by thread T0 here:
    #0 0x499ca2 in free /src/llvm-project/compiler-rt/lib/asan/asan_malloc_linux.cpp:127:3
    #1 0x83e24f in MagickFree /src/graphicsmagick/magick/memory.c:536:5
    #2 0x78cbae in DestroyImage /src/graphicsmagick/magick/image.c:1503:3
    #3 0xc82067 in ProcessMSLScript /src/graphicsmagick/coders/msl.c:4940:11
    #4 0xc81338 in WriteMSLImage /src/graphicsmagick/coders/msl.c:5119:10
    #5 0x65ddfd in WriteImage /src/graphicsmagick/magick/constitute.c:2269:14
    #6 0x5a011f in ImageToBlob /src/graphicsmagick/magick/blob.c:2260:14
    #7 0x4f701b in Magick::Image::write(Magick::Blob*, std::__1::basic_string<char, std::__1::char_traits<char>, std::__1::allocator<char> > const&) /src/graphicsmagick/Magick++/lib/Image.cpp:2144:16
    #8 0x4cdc2a in LLVMFuzzerTestOneInput /src/graphicsmagick/fuzzing/coder_fuzzer.cc:30:15
    #9 0x4d1563 in ExecuteFilesOnyByOne /src/aflplusplus/utils/aflpp_driver/aflpp_driver.c:185:7
    #10 0x4d1563 in main /src/aflplusplus/utils/aflpp_driver/aflpp_driver.c:247:12

DEDUP_TOKEN: free--MagickFree--DestroyImage
previously allocated by thread T0 here:
    #0 0x499f0d in malloc /src/llvm-project/compiler-rt/lib/asan/asan_malloc_linux.cpp:145:3
    #1 0x83d33f in MagickMalloc /src/graphicsmagick/magick/memory.c:175:10
    #2 0x83db5c in MagickMallocCleared /src/graphicsmagick/magick/memory.c:406:9
    #3 0x78ace3 in AllocateImage /src/graphicsmagick/magick/image.c:336:18
    #4 0xc81a50 in ProcessMSLScript /src/graphicsmagick/coders/msl.c:4806:13
    #5 0xc80d25 in ReadMSLImage /src/graphicsmagick/coders/msl.c:5003:10
    #6 0x655fb4 in ReadImage /src/graphicsmagick/magick/constitute.c:1630:13
    #7 0x596036 in BlobToImage /src/graphicsmagick/magick/blob.c:764:13
    #8 0x4e1511 in Magick::Image::read(Magick::Blob const&) /src/graphicsmagick/Magick++/lib/Image.cpp:1591:5
    #9 0x4cdc00 in LLVMFuzzerTestOneInput /src/graphicsmagick/fuzzing/coder_fuzzer.cc:22:15
    #10 0x4d1563 in ExecuteFilesOnyByOne /src/aflplusplus/utils/aflpp_driver/aflpp_driver.c:185:7
    #11 0x4d1563 in main /src/aflplusplus/utils/aflpp_driver/aflpp_driver.c:247:12

DEDUP_TOKEN: malloc--MagickMalloc--MagickMallocCleared
SUMMARY: AddressSanitizer: heap-use-after-free /src/graphicsmagick/coders/msl.c:4978:28 in ProcessMSLScript
Shadow bytes around the buggy address:
  0x0c467fff8690: fd fd fd fd fd fd fd fd fd fd fd fd fd fd fd fd
  0x0c467fff86a0: fd fd fd fd fd fd fd fd fd fd fd fd fd fd fd fd
  0x0c467fff86b0: fd fd fd fd fd fd fd fd fd fd fd fd fd fd fd fd
  0x0c467fff86c0: fd fd fd fd fd fd fd fd fd fd fd fd fd fd fd fd
  0x0c467fff86d0: fd fd fd fd fd fd fd fd fd fd fd fd fd fd fd fd
=>0x0c467fff86e0: fd[fd]fd fd fd fd fd fd fd fd fd fd fd fd fd fd
  0x0c467fff86f0: fd fd fd fd fd fd fd fd fd fd fa fa fa fa fa fa
  0x0c467fff8700: fa fa fa fa fa fa fa fa fa fa fa fa fa fa fa fa
  0x0c467fff8710: fa fa fa fa fa fa fa fa fa fa fa fa fa fa fa fa
  0x0c467fff8720: fd fd fd fd fd fd fd fd fd fd fd fd fd fd fd fd
  0x0c467fff8730: fd fd fd fd fd fd fd fd fd fd fd fd fd fd fd fd
Shadow byte legend (one shadow byte represents 8 application bytes):
  Addressable:           00
  Partially addressable: 01 02 03 04 05 06 07 
  Heap left redzone:       fa
  Freed heap region:       fd
  Stack left redzone:      f1
  Stack mid redzone:       f2
  Stack right redzone:     f3
  Stack after return:      f5
  Stack use after scope:   f8
  Global redzone:          f9
  Global init order:       f6
  Poisoned by user:        f7
  Container overflow:      fc
  Array cookie:            ac
  Intra object redzone:    bb
  ASan internal:           fe
  Left alloca redzone:     ca
  Right alloca redzone:    cb
  Shadow gap:              cc
==7==ABORTING
