INFO: Running with entropic power schedule (0xFF, 100).
INFO: Seed: 3469338742
INFO: Loaded 1 modules   (10244 inline 8-bit counters): 10244 [0x8bf2e0, 0x8c1ae4), 
INFO: Loaded 1 PC tables (10244 PCs): 10244 [0x8c1ae8,0x8e9b28), 
/out/ssml-fuzzer: Running 1 inputs 1 time(s) each.
Running: /tmp/poc
=================================================================
==7==ERROR: AddressSanitizer: heap-use-after-free on address 0x628000004208 at pc 0x0000005d6ea1 bp 0x7ffdc5a8b730 sp 0x7ffdc5a8b728
READ of size 4 at 0x628000004208 thread T0
SCARINESS: 45 (4-byte-read-heap-use-after-free)
    #0 0x5d6ea0 in LookupDict2 /src/espeak-ng/src/libespeak-ng/dictionary.c:2585:10
    #1 0x5d4dca in LookupDictList /src/espeak-ng/src/libespeak-ng/dictionary.c:2883:10
    #2 0x5d064d in Lookup /src/espeak-ng/src/libespeak-ng/dictionary.c:2972:16
    #3 0x5e0067 in LookupLetter /src/espeak-ng/src/libespeak-ng/numbers.c:528:6
    #4 0x5e0a81 in TranslateLetter /src/espeak-ng/src/libespeak-ng/numbers.c:735:3
    #5 0x57f450 in SpeakIndividualLetters /src/espeak-ng/src/libespeak-ng/translate.c:477:11
    #6 0x56fc7e in TranslateWord3 /src/espeak-ng/src/libespeak-ng/translate.c:742:7
    #7 0x56ebaa in TranslateWord /src/espeak-ng/src/libespeak-ng/translate.c:1167:14
    #8 0x57cd46 in TranslateWord2 /src/espeak-ng/src/libespeak-ng/translate.c:1505:15
    #9 0x579614 in TranslateClause /src/espeak-ng/src/libespeak-ng/translate.c:2663:17
    #10 0x5694e3 in SpeakNextClause /src/espeak-ng/src/libespeak-ng/synthesize.c:1566:2
    #11 0x5574e6 in Synthesize /src/espeak-ng/src/libespeak-ng/speech.c:453:2
    #12 0x5571e9 in sync_espeak_Synth /src/espeak-ng/src/libespeak-ng/speech.c:566:29
    #13 0x55809e in espeak_ng_Synthesize /src/espeak-ng/src/libespeak-ng/speech.c:674:10
    #14 0x555b8c in espeak_Synth /src/espeak-ng/src/libespeak-ng/espeak_api.c:90:32
    #15 0x555810 in LLVMFuzzerTestOneInput /src/espeak-ng/tests/ssml-fuzzer.c:64:8
    #16 0x458aa3 in fuzzer::Fuzzer::ExecuteCallback(unsigned char const*, unsigned long) /src/llvm-project/compiler-rt/lib/fuzzer/FuzzerLoop.cpp:599:15
    #17 0x444012 in fuzzer::RunOneTest(fuzzer::Fuzzer*, char const*, unsigned long) /src/llvm-project/compiler-rt/lib/fuzzer/FuzzerDriver.cpp:323:6
    #18 0x449ca1 in fuzzer::FuzzerDriver(int*, char***, int (*)(unsigned char const*, unsigned long)) /src/llvm-project/compiler-rt/lib/fuzzer/FuzzerDriver.cpp:856:9
    #19 0x473672 in main /src/llvm-project/compiler-rt/lib/fuzzer/FuzzerMain.cpp:20:10
    #20 0x757ab238083f in __libc_start_main (/lib/x86_64-linux-gnu/libc.so.6+0x2083f)
    #21 0x41ed38 in _start (/out/ssml-fuzzer+0x41ed38)

DEDUP_TOKEN: LookupDict2--LookupDictList--Lookup
0x628000004208 is located 264 bytes inside of 14864-byte region [0x628000004100,0x628000007b10)
freed by thread T0 here:
    #0 0x521e62 in free /src/llvm-project/compiler-rt/lib/asan/asan_malloc_linux.cpp:127:3
    #1 0x56e2ba in DeleteTranslator /src/espeak-ng/src/libespeak-ng/translate.c:284:2
    #2 0x57454b in SetTranslator2 /src/espeak-ng/src/libespeak-ng/translate.c:1283:4
    #3 0x5e010c in LookupLetter /src/espeak-ng/src/libespeak-ng/numbers.c:503:3
    #4 0x5cf5f5 in TranslateRules /src/espeak-ng/src/libespeak-ng/dictionary.c:2370:7
    #5 0x5e01be in LookupLetter /src/espeak-ng/src/libespeak-ng/numbers.c:531:4
    #6 0x5e08ea in TranslateLetter /src/espeak-ng/src/libespeak-ng/numbers.c:712:2
    #7 0x57f450 in SpeakIndividualLetters /src/espeak-ng/src/libespeak-ng/translate.c:477:11
    #8 0x56fc7e in TranslateWord3 /src/espeak-ng/src/libespeak-ng/translate.c:742:7
    #9 0x56ebaa in TranslateWord /src/espeak-ng/src/libespeak-ng/translate.c:1167:14
    #10 0x57cd46 in TranslateWord2 /src/espeak-ng/src/libespeak-ng/translate.c:1505:15
    #11 0x579614 in TranslateClause /src/espeak-ng/src/libespeak-ng/translate.c:2663:17
    #12 0x5694e3 in SpeakNextClause /src/espeak-ng/src/libespeak-ng/synthesize.c:1566:2
    #13 0x5574e6 in Synthesize /src/espeak-ng/src/libespeak-ng/speech.c:453:2
    #14 0x5571e9 in sync_espeak_Synth /src/espeak-ng/src/libespeak-ng/speech.c:566:29
    #15 0x55809e in espeak_ng_Synthesize /src/espeak-ng/src/libespeak-ng/speech.c:674:10
    #16 0x555b8c in espeak_Synth /src/espeak-ng/src/libespeak-ng/espeak_api.c:90:32
    #17 0x555810 in LLVMFuzzerTestOneInput /src/espeak-ng/tests/ssml-fuzzer.c:64:8
    #18 0x458aa3 in fuzzer::Fuzzer::ExecuteCallback(unsigned char const*, unsigned long) /src/llvm-project/compiler-rt/lib/fuzzer/FuzzerLoop.cpp:599:15
    #19 0x444012 in fuzzer::RunOneTest(fuzzer::Fuzzer*, char const*, unsigned long) /src/llvm-project/compiler-rt/lib/fuzzer/FuzzerDriver.cpp:323:6
    #20 0x449ca1 in fuzzer::FuzzerDriver(int*, char***, int (*)(unsigned char const*, unsigned long)) /src/llvm-project/compiler-rt/lib/fuzzer/FuzzerDriver.cpp:856:9
    #21 0x473672 in main /src/llvm-project/compiler-rt/lib/fuzzer/FuzzerMain.cpp:20:10
    #22 0x757ab238083f in __libc_start_main (/lib/x86_64-linux-gnu/libc.so.6+0x2083f)

DEDUP_TOKEN: free--DeleteTranslator--SetTranslator2
previously allocated by thread T0 here:
    #0 0x5220cd in malloc /src/llvm-project/compiler-rt/lib/asan/asan_malloc_linux.cpp:145:3
    #1 0x587f38 in NewTranslator /src/espeak-ng/src/libespeak-ng/tr_languages.c:241:26
    #2 0x5808d0 in SelectTranslator /src/espeak-ng/src/libespeak-ng/tr_languages.c:472:7
    #3 0x5745a4 in SetTranslator2 /src/espeak-ng/src/libespeak-ng/translate.c:1288:18
    #4 0x57cc42 in TranslateWord2 /src/espeak-ng/src/libespeak-ng/translate.c:1495:23
    #5 0x579614 in TranslateClause /src/espeak-ng/src/libespeak-ng/translate.c:2663:17
    #6 0x5694e3 in SpeakNextClause /src/espeak-ng/src/libespeak-ng/synthesize.c:1566:2
    #7 0x5574e6 in Synthesize /src/espeak-ng/src/libespeak-ng/speech.c:453:2
    #8 0x5571e9 in sync_espeak_Synth /src/espeak-ng/src/libespeak-ng/speech.c:566:29
    #9 0x55809e in espeak_ng_Synthesize /src/espeak-ng/src/libespeak-ng/speech.c:674:10
    #10 0x555b8c in espeak_Synth /src/espeak-ng/src/libespeak-ng/espeak_api.c:90:32
    #11 0x555810 in LLVMFuzzerTestOneInput /src/espeak-ng/tests/ssml-fuzzer.c:64:8
    #12 0x458aa3 in fuzzer::Fuzzer::ExecuteCallback(unsigned char const*, unsigned long) /src/llvm-project/compiler-rt/lib/fuzzer/FuzzerLoop.cpp:599:15
    #13 0x444012 in fuzzer::RunOneTest(fuzzer::Fuzzer*, char const*, unsigned long) /src/llvm-project/compiler-rt/lib/fuzzer/FuzzerDriver.cpp:323:6
    #14 0x449ca1 in fuzzer::FuzzerDriver(int*, char***, int (*)(unsigned char const*, unsigned long)) /src/llvm-project/compiler-rt/lib/fuzzer/FuzzerDriver.cpp:856:9
    #15 0x473672 in main /src/llvm-project/compiler-rt/lib/fuzzer/FuzzerMain.cpp:20:10
    #16 0x757ab238083f in __libc_start_main (/lib/x86_64-linux-gnu/libc.so.6+0x2083f)

DEDUP_TOKEN: malloc--NewTranslator--SelectTranslator
SUMMARY: AddressSanitizer: heap-use-after-free /src/espeak-ng/src/libespeak-ng/dictionary.c:2585:10 in LookupDict2
Shadow bytes around the buggy address:
  0x0c507fff87f0: fa fa fa fa fa fa fa fa fa fa fa fa fa fa fa fa
  0x0c507fff8800: fa fa fa fa fa fa fa fa fa fa fa fa fa fa fa fa
  0x0c507fff8810: fa fa fa fa fa fa fa fa fa fa fa fa fa fa fa fa
  0x0c507fff8820: fd fd fd fd fd fd fd fd fd fd fd fd fd fd fd fd
  0x0c507fff8830: fd fd fd fd fd fd fd fd fd fd fd fd fd fd fd fd
=>0x0c507fff8840: fd[fd]fd fd fd fd fd fd fd fd fd fd fd fd fd fd
  0x0c507fff8850: fd fd fd fd fd fd fd fd fd fd fd fd fd fd fd fd
  0x0c507fff8860: fd fd fd fd fd fd fd fd fd fd fd fd fd fd fd fd
  0x0c507fff8870: fd fd fd fd fd fd fd fd fd fd fd fd fd fd fd fd
  0x0c507fff8880: fd fd fd fd fd fd fd fd fd fd fd fd fd fd fd fd
  0x0c507fff8890: fd fd fd fd fd fd fd fd fd fd fd fd fd fd fd fd
Shadow byte legend (one shadow byte represents 8 application bytes):
  Addressable:           00
  Partially addressable: 01 02 03 04 05 06 07 
  Heap left redzone:       fa
  Freed heap region:       fd
  Stack left redzone:      f1
  Stack mid redzone:       f2
  Stack right redzone:     f3
  Stack after return:      f5
  Stack use after scope:   f8
  Global redzone:          f9
  Global init order:       f6
  Poisoned by user:        f7
  Container overflow:      fc
  Array cookie:            ac
  Intra object redzone:    bb
  ASan internal:           fe
  Left alloca redzone:     ca
  Right alloca redzone:    cb
  Shadow gap:              cc
==7==ABORTING
