Unable to find image 'n132/arvo:34298-vul' locally
34298-vul: Pulling from n132/arvo
92473f7ef455: Already exists
fb52bde70123: Already exists
64788f86be3f: Already exists
33f6d5f2e001: Already exists
7d7cbc4e47fb: Already exists
2d44b7c2da37: Already exists
11d470b8a1b6: Already exists
8aa92643b6de: Already exists
ca16caafcd75: Already exists
081ba9a425c9: Already exists
2c9503648655: Already exists
a8c5c2732860: Already exists
05d9bfa86a0b: Already exists
b2c82883bfe5: Already exists
bc79739b4ec7: Already exists
e748102656e1: Already exists
01a37b6fd157: Already exists
9b769dcdfaeb: Already exists
b3c9f7780c90: Already exists
f7539ca1b6d1: Already exists
82f346466c69: Already exists
04b3adc64217: Already exists
2d87a9b30356: Already exists
609523f3c48d: Already exists
02f049f25ab4: Already exists
d84c877493f5: Already exists
9297b1743a8f: Already exists
d25b5c140dbb: Already exists
1e57e5247d1a: Pulling fs layer
1d39678183dd: Pulling fs layer
d63d3d8dbf4b: Pulling fs layer
448b1ab703c3: Pulling fs layer
480bc5f6a1f0: Pulling fs layer
32648aa40c93: Pulling fs layer
4f4fb700ef54: Pulling fs layer
1083a9c0acca: Pulling fs layer
998d21d8af13: Pulling fs layer
1083a9c0acca: Waiting
32648aa40c93: Waiting
4f4fb700ef54: Waiting
998d21d8af13: Waiting
448b1ab703c3: Waiting
480bc5f6a1f0: Waiting
1d39678183dd: Verifying Checksum
1d39678183dd: Download complete
d63d3d8dbf4b: Verifying Checksum
d63d3d8dbf4b: Download complete
1e57e5247d1a: Verifying Checksum
1e57e5247d1a: Download complete
1e57e5247d1a: Pull complete
480bc5f6a1f0: Verifying Checksum
480bc5f6a1f0: Download complete
1d39678183dd: Pull complete
d63d3d8dbf4b: Pull complete
32648aa40c93: Download complete
4f4fb700ef54: Verifying Checksum
4f4fb700ef54: Download complete
998d21d8af13: Verifying Checksum
998d21d8af13: Download complete
448b1ab703c3: Verifying Checksum
448b1ab703c3: Download complete
1083a9c0acca: Verifying Checksum
1083a9c0acca: Download complete
448b1ab703c3: Pull complete
480bc5f6a1f0: Pull complete
32648aa40c93: Pull complete
4f4fb700ef54: Pull complete
1083a9c0acca: Pull complete
998d21d8af13: Pull complete
Digest: sha256:80ec6a8c43514c4a0799dfb5c587aed4707c29f73b539f7aff0e28eaf355022a
Status: Downloaded newer image for n132/arvo:34298-vul
