======================= INFO =========================
This binary is built for AFL-fuzz.
To run the target function on individual input(s) execute this:
  /out/xml < INPUT_FILE
or
  /out/xml INPUT_FILE1 [INPUT_FILE2 ... ]
To fuzz with afl-fuzz execute this:
  afl-fuzz [afl-flags] /out/xml [-N]
afl-fuzz will run N iterations before re-spawning the process (default: 1000)
======================================================
Reading 1205 bytes from /tmp/poc
=================================================================
==7==ERROR: AddressSanitizer: heap-use-after-free on address 0x60c0000055c8 at pc 0x00000053ba2d bp 0x7ffd2b1e9170 sp 0x7ffd2b1e9168
READ of size 4 at 0x60c0000055c8 thread T0
SCARINESS: 45 (4-byte-read-heap-use-after-free)
    #0 0x53ba2c in xmlAddNextSibling /src/libxml2/tree.c:3013:32
    #1 0x601723 in xmlXIncludeCopyRange /src/libxml2/xinclude.c:1100:7
    #2 0x600651 in xmlXIncludeCopyXPointer /src/libxml2/xinclude.c:1240:13
    #3 0x60050e in xmlXIncludeCopyXPointer /src/libxml2/xinclude.c:1230:8
    #4 0x5fa936 in xmlXIncludeIncludeNode /src/libxml2/xinclude.c:2225:6
    #5 0x5f8cea in xmlXIncludeDoProcess /src/libxml2/xinclude.c:2471:6
    #6 0x5f8768 in xmlXIncludeProcessTreeFlagsData /src/libxml2/xinclude.c:2524:11
    #7 0x5f8ef9 in xmlXIncludeProcessFlagsData /src/libxml2/xinclude.c:2553:12
    #8 0x5f8f53 in xmlXIncludeProcessFlags /src/libxml2/xinclude.c:2568:12
    #9 0x4cc78a in LLVMFuzzerTestOneInput /src/libxml2/fuzz/xml.c:51:9
    #10 0x4cde7e in ExecuteFilesOnyByOne /src/libfuzzer/afl/afl_driver.cpp:217:5
    #11 0x4cde7e in main /src/libfuzzer/afl/afl_driver.cpp:254:12
    #12 0x7bc73864483f in __libc_start_main (/lib/x86_64-linux-gnu/libc.so.6+0x2083f)
    #13 0x41e8c8 in _start (/out/xml+0x41e8c8)

DEDUP_TOKEN: xmlAddNextSibling--xmlXIncludeCopyRange--xmlXIncludeCopyXPointer
0x60c0000055c8 is located 8 bytes inside of 120-byte region [0x60c0000055c0,0x60c000005638)
freed by thread T0 here:
    #0 0x499b2d in free /src/llvm-project/compiler-rt/lib/asan/asan_malloc_linux.cpp:123:3
    #1 0x5393a0 in xmlFreeNode /src/libxml2/tree.c:3819:5
    #2 0x53b683 in xmlAddNextSibling /src/libxml2/tree.c:3041:6
    #3 0x601723 in xmlXIncludeCopyRange /src/libxml2/xinclude.c:1100:7
    #4 0x600651 in xmlXIncludeCopyXPointer /src/libxml2/xinclude.c:1240:13
    #5 0x60050e in xmlXIncludeCopyXPointer /src/libxml2/xinclude.c:1230:8
    #6 0x5fa936 in xmlXIncludeIncludeNode /src/libxml2/xinclude.c:2225:6
    #7 0x5f8cea in xmlXIncludeDoProcess /src/libxml2/xinclude.c:2471:6
    #8 0x5f8768 in xmlXIncludeProcessTreeFlagsData /src/libxml2/xinclude.c:2524:11
    #9 0x5f8ef9 in xmlXIncludeProcessFlagsData /src/libxml2/xinclude.c:2553:12
    #10 0x5f8f53 in xmlXIncludeProcessFlags /src/libxml2/xinclude.c:2568:12
    #11 0x4cc78a in LLVMFuzzerTestOneInput /src/libxml2/fuzz/xml.c:51:9
    #12 0x4cde7e in ExecuteFilesOnyByOne /src/libfuzzer/afl/afl_driver.cpp:217:5
    #13 0x4cde7e in main /src/libfuzzer/afl/afl_driver.cpp:254:12
    #14 0x7bc73864483f in __libc_start_main (/lib/x86_64-linux-gnu/libc.so.6+0x2083f)

DEDUP_TOKEN: free--xmlFreeNode--xmlAddNextSibling
previously allocated by thread T0 here:
    #0 0x499dad in malloc /src/llvm-project/compiler-rt/lib/asan/asan_malloc_linux.cpp:145:3
    #1 0x544240 in xmlStaticCopyNode /src/libxml2/tree.c:4234:24
    #2 0x544dcc in xmlDocCopyNode /src/libxml2/tree.c:4420:11
    #3 0x6016e5 in xmlXIncludeCopyRange /src/libxml2/xinclude.c:1095:13
    #4 0x600651 in xmlXIncludeCopyXPointer /src/libxml2/xinclude.c:1240:13
    #5 0x60050e in xmlXIncludeCopyXPointer /src/libxml2/xinclude.c:1230:8
    #6 0x5fa936 in xmlXIncludeIncludeNode /src/libxml2/xinclude.c:2225:6
    #7 0x5f8cea in xmlXIncludeDoProcess /src/libxml2/xinclude.c:2471:6
    #8 0x5f8768 in xmlXIncludeProcessTreeFlagsData /src/libxml2/xinclude.c:2524:11
    #9 0x5f8ef9 in xmlXIncludeProcessFlagsData /src/libxml2/xinclude.c:2553:12
    #10 0x5f8f53 in xmlXIncludeProcessFlags /src/libxml2/xinclude.c:2568:12
    #11 0x4cc78a in LLVMFuzzerTestOneInput /src/libxml2/fuzz/xml.c:51:9
    #12 0x4cde7e in ExecuteFilesOnyByOne /src/libfuzzer/afl/afl_driver.cpp:217:5
    #13 0x4cde7e in main /src/libfuzzer/afl/afl_driver.cpp:254:12
    #14 0x7bc73864483f in __libc_start_main (/lib/x86_64-linux-gnu/libc.so.6+0x2083f)

DEDUP_TOKEN: malloc--xmlStaticCopyNode--xmlDocCopyNode
SUMMARY: AddressSanitizer: heap-use-after-free /src/libxml2/tree.c:3013:32 in xmlAddNextSibling
Shadow bytes around the buggy address:
  0x0c187fff8a60: 00 00 00 00 00 00 00 fa fa fa fa fa fa fa fa fa
  0x0c187fff8a70: 00 00 00 00 00 00 00 00 00 00 00 00 00 00 00 fa
  0x0c187fff8a80: fa fa fa fa fa fa fa fa 00 00 00 00 00 00 00 00
  0x0c187fff8a90: 00 00 00 00 00 00 00 fa fa fa fa fa fa fa fa fa
  0x0c187fff8aa0: 00 00 00 00 00 00 00 00 00 00 00 00 00 00 00 fa
=>0x0c187fff8ab0: fa fa fa fa fa fa fa fa fd[fd]fd fd fd fd fd fd
  0x0c187fff8ac0: fd fd fd fd fd fd fd fa fa fa fa fa fa fa fa fa
  0x0c187fff8ad0: 00 00 00 00 00 00 00 00 00 00 00 00 00 00 00 fa
  0x0c187fff8ae0: fa fa fa fa fa fa fa fa fa fa fa fa fa fa fa fa
  0x0c187fff8af0: fa fa fa fa fa fa fa fa fa fa fa fa fa fa fa fa
  0x0c187fff8b00: fa fa fa fa fa fa fa fa fa fa fa fa fa fa fa fa
Shadow byte legend (one shadow byte represents 8 application bytes):
  Addressable:           00
  Partially addressable: 01 02 03 04 05 06 07 
  Heap left redzone:       fa
  Freed heap region:       fd
  Stack left redzone:      f1
  Stack mid redzone:       f2
  Stack right redzone:     f3
  Stack after return:      f5
  Stack use after scope:   f8
  Global redzone:          f9
  Global init order:       f6
  Poisoned by user:        f7
  Container overflow:      fc
  Array cookie:            ac
  Intra object redzone:    bb
  ASan internal:           fe
  Left alloca redzone:     ca
  Right alloca redzone:    cb
  Shadow gap:              cc
==7==ABORTING
