======================= INFO =========================
This binary is built for afl++.
To run the target function on individual input(s) execute this:
  /out/decompress_frame_fuzzer INPUT_FILE1 [INPUT_FILE2 ... ]
To fuzz with afl-fuzz execute this:
  afl-fuzz [afl-flags] -- /out/decompress_frame_fuzzer [-N]
afl-fuzz will run N iterations before re-spawning the process (default: INT_MAX)
======================================================
Reading 188 bytes from /tmp/poc
=================================================================
==7==ERROR: AddressSanitizer: heap-buffer-overflow on address 0x7445d68d5800 at pc 0x00000049deb7 bp 0x7ffc4f9660b0 sp 0x7ffc4f965878
READ of size 2147483647 at 0x7445d68d5800 thread T0
SCARINESS: 26 (multi-byte-read-heap-buffer-overflow)
    #0 0x49deb6 in __asan_memcpy /src/llvm-project/compiler-rt/lib/asan/asan_interceptors_memintrinsics.cpp:22:3
    #1 0x56671c in get_vlmeta_from_trailer /src/c-blosc2/blosc/frame.c:1480:5
    #2 0x56671c in frame_get_vlmetalayers /src/c-blosc2/blosc/frame.c:1547:9
    #3 0x56863e in frame_to_schunk /src/c-blosc2/blosc/frame.c:1797:8
    #4 0x543b78 in blosc2_schunk_from_buffer /src/c-blosc2/blosc/schunk.c:471:27
    #5 0x4d2246 in LLVMFuzzerTestOneInput /src/c-blosc2/tests/fuzz/fuzz_decompress_frame.c:22:27
    #6 0x4d2b1e in ExecuteFilesOnyByOne /src/aflplusplus/utils/aflpp_driver/aflpp_driver.c:185:7
    #7 0x4d2b1e in main /src/aflplusplus/utils/aflpp_driver/aflpp_driver.c:249:12
    #8 0x7445d58b883f in __libc_start_main (/lib/x86_64-linux-gnu/libc.so.6+0x2083f)
    #9 0x424108 in _start (/out/decompress_frame_fuzzer+0x424108)

DEDUP_TOKEN: __asan_memcpy--get_vlmeta_from_trailer--frame_get_vlmetalayers
0x7445d68d5800 is located 0 bytes to the right of 1048576-byte region [0x7445d67d5800,0x7445d68d5800)
allocated by thread T0 here:
    #0 0x49eafd in malloc /src/llvm-project/compiler-rt/lib/asan/asan_malloc_linux.cpp:145:3
    #1 0x4d2a9c in ExecuteFilesOnyByOne /src/aflplusplus/utils/aflpp_driver/aflpp_driver.c:176:41
    #2 0x4d2a9c in main /src/aflplusplus/utils/aflpp_driver/aflpp_driver.c:249:12
LLVMSymbolizer: error reading file: No such file or directory
    #3 0x7ffc4f96748d  ([stack]+0x2048d)

DEDUP_TOKEN: malloc--ExecuteFilesOnyByOne--main
SUMMARY: AddressSanitizer: heap-buffer-overflow /src/llvm-project/compiler-rt/lib/asan/asan_interceptors_memintrinsics.cpp:22:3 in __asan_memcpy
Shadow bytes around the buggy address:
  0x0e893ad12ab0: 00 00 00 00 00 00 00 00 00 00 00 00 00 00 00 00
  0x0e893ad12ac0: 00 00 00 00 00 00 00 00 00 00 00 00 00 00 00 00
  0x0e893ad12ad0: 00 00 00 00 00 00 00 00 00 00 00 00 00 00 00 00
  0x0e893ad12ae0: 00 00 00 00 00 00 00 00 00 00 00 00 00 00 00 00
  0x0e893ad12af0: 00 00 00 00 00 00 00 00 00 00 00 00 00 00 00 00
=>0x0e893ad12b00:[fa]fa fa fa fa fa fa fa fa fa fa fa fa fa fa fa
  0x0e893ad12b10: fa fa fa fa fa fa fa fa fa fa fa fa fa fa fa fa
  0x0e893ad12b20: fa fa fa fa fa fa fa fa fa fa fa fa fa fa fa fa
  0x0e893ad12b30: fa fa fa fa fa fa fa fa fa fa fa fa fa fa fa fa
  0x0e893ad12b40: fa fa fa fa fa fa fa fa fa fa fa fa fa fa fa fa
  0x0e893ad12b50: fa fa fa fa fa fa fa fa fa fa fa fa fa fa fa fa
Shadow byte legend (one shadow byte represents 8 application bytes):
  Addressable:           00
  Partially addressable: 01 02 03 04 05 06 07 
  Heap left redzone:       fa
  Freed heap region:       fd
  Stack left redzone:      f1
  Stack mid redzone:       f2
  Stack right redzone:     f3
  Stack after return:      f5
  Stack use after scope:   f8
  Global redzone:          f9
  Global init order:       f6
  Poisoned by user:        f7
  Container overflow:      fc
  Array cookie:            ac
  Intra object redzone:    bb
  ASan internal:           fe
  Left alloca redzone:     ca
  Right alloca redzone:    cb
  Shadow gap:              cc
==7==ABORTING
