Unable to find image 'n132/arvo:35293-vul' locally
35293-vul: Pulling from n132/arvo
80bce60046fa: Already exists
55a738a15540: Already exists
e19cf0706c62: Already exists
de4cdd6c27d1: Already exists
bb680e64fa8f: Pulling fs layer
c59db3660713: Pulling fs layer
a1831a302195: Pulling fs layer
6778ac0369d9: Pulling fs layer
0a7b30f5a26a: Pulling fs layer
b4c3f04b08c3: Pulling fs layer
7754d2f82010: Pulling fs layer
8419b53e74a0: Pulling fs layer
3f1e9db2e393: Pulling fs layer
7d75823989a3: Pulling fs layer
8099ad22b50d: Pulling fs layer
be9073d2bcef: Pulling fs layer
0a7b30f5a26a: Waiting
2225b6f197e5: Pulling fs layer
6778ac0369d9: Waiting
27e28e8c8868: Pulling fs layer
4948387e549f: Pulling fs layer
8419b53e74a0: Waiting
b4c3f04b08c3: Waiting
3f1e9db2e393: Waiting
7754d2f82010: Waiting
7d75823989a3: Waiting
2225b6f197e5: Waiting
4948387e549f: Waiting
ad0bfb7a5042: Pulling fs layer
8099ad22b50d: Waiting
85985687b62a: Pulling fs layer
27e28e8c8868: Waiting
4588df2be9d5: Pulling fs layer
0552f5eba0f9: Pulling fs layer
ad0bfb7a5042: Waiting
be9073d2bcef: Waiting
7606b857974c: Pulling fs layer
ce4bac7e668a: Pulling fs layer
76c7d4f5815a: Pulling fs layer
4588df2be9d5: Waiting
85985687b62a: Waiting
9bada2a94c6f: Pulling fs layer
0552f5eba0f9: Waiting
7606b857974c: Waiting
f477d86ff0dd: Pulling fs layer
76c7d4f5815a: Waiting
0f8cf578246f: Pulling fs layer
9bada2a94c6f: Waiting
3f19c6a62051: Pulling fs layer
4ddd8b321275: Pulling fs layer
3f19c6a62051: Waiting
0f8cf578246f: Waiting
f477d86ff0dd: Waiting
aa77e61baa99: Pulling fs layer
5efd9b2f4f66: Pulling fs layer
4ddd8b321275: Waiting
1325899d60d1: Pulling fs layer
4f4fb700ef54: Pulling fs layer
81a85de6b99c: Pulling fs layer
f830819b179a: Pulling fs layer
04bcca01df68: Pulling fs layer
aa77e61baa99: Waiting
5efd9b2f4f66: Waiting
1325899d60d1: Waiting
4f4fb700ef54: Waiting
81a85de6b99c: Waiting
04bcca01df68: Waiting
f830819b179a: Waiting
c59db3660713: Verifying Checksum
c59db3660713: Download complete
6778ac0369d9: Verifying Checksum
6778ac0369d9: Download complete
a1831a302195: Verifying Checksum
a1831a302195: Download complete
b4c3f04b08c3: Verifying Checksum
b4c3f04b08c3: Download complete
bb680e64fa8f: Verifying Checksum
bb680e64fa8f: Download complete
bb680e64fa8f: Pull complete
c59db3660713: Pull complete
a1831a302195: Pull complete
6778ac0369d9: Pull complete
8419b53e74a0: Verifying Checksum
8419b53e74a0: Download complete
0a7b30f5a26a: Verifying Checksum
0a7b30f5a26a: Download complete
3f1e9db2e393: Verifying Checksum
3f1e9db2e393: Download complete
7754d2f82010: Verifying Checksum
7754d2f82010: Download complete
8099ad22b50d: Verifying Checksum
8099ad22b50d: Download complete
0a7b30f5a26a: Pull complete
b4c3f04b08c3: Pull complete
2225b6f197e5: Verifying Checksum
2225b6f197e5: Download complete
27e28e8c8868: Verifying Checksum
27e28e8c8868: Download complete
7754d2f82010: Pull complete
4948387e549f: Verifying Checksum
4948387e549f: Download complete
8419b53e74a0: Pull complete
7d75823989a3: Verifying Checksum
7d75823989a3: Download complete
3f1e9db2e393: Pull complete
be9073d2bcef: Verifying Checksum
be9073d2bcef: Download complete
85985687b62a: Verifying Checksum
85985687b62a: Download complete
7d75823989a3: Pull complete
0552f5eba0f9: Verifying Checksum
0552f5eba0f9: Download complete
4588df2be9d5: Verifying Checksum
4588df2be9d5: Download complete
ad0bfb7a5042: Verifying Checksum
ad0bfb7a5042: Download complete
8099ad22b50d: Pull complete
7606b857974c: Verifying Checksum
7606b857974c: Download complete
ce4bac7e668a: Verifying Checksum
ce4bac7e668a: Download complete
76c7d4f5815a: Download complete
9bada2a94c6f: Verifying Checksum
9bada2a94c6f: Download complete
be9073d2bcef: Pull complete
2225b6f197e5: Pull complete
27e28e8c8868: Pull complete
4948387e549f: Pull complete
3f19c6a62051: Verifying Checksum
3f19c6a62051: Download complete
f477d86ff0dd: Verifying Checksum
f477d86ff0dd: Download complete
0f8cf578246f: Verifying Checksum
0f8cf578246f: Download complete
ad0bfb7a5042: Pull complete
85985687b62a: Pull complete
4588df2be9d5: Pull complete
0552f5eba0f9: Pull complete
7606b857974c: Pull complete
ce4bac7e668a: Pull complete
76c7d4f5815a: Pull complete
9bada2a94c6f: Pull complete
4ddd8b321275: Verifying Checksum
4ddd8b321275: Download complete
f477d86ff0dd: Pull complete
aa77e61baa99: Verifying Checksum
aa77e61baa99: Download complete
0f8cf578246f: Pull complete
3f19c6a62051: Pull complete
1325899d60d1: Verifying Checksum
1325899d60d1: Download complete
4f4fb700ef54: Verifying Checksum
4f4fb700ef54: Download complete
4ddd8b321275: Pull complete
aa77e61baa99: Pull complete
81a85de6b99c: Verifying Checksum
81a85de6b99c: Download complete
04bcca01df68: Verifying Checksum
04bcca01df68: Download complete
5efd9b2f4f66: Verifying Checksum
5efd9b2f4f66: Download complete
5efd9b2f4f66: Pull complete
1325899d60d1: Pull complete
4f4fb700ef54: Pull complete
81a85de6b99c: Pull complete
f830819b179a: Verifying Checksum
f830819b179a: Download complete
f830819b179a: Pull complete
04bcca01df68: Pull complete
Digest: sha256:d5a4e789c7ba84e65b20f646545b744b9b70a01b6023313e95ad98ee860c1905
Status: Downloaded newer image for n132/arvo:35293-vul
