Accepting input from '/tmp/poc'
Usage for fuzzing: honggfuzz -P [flags] -- /out/djxl_fuzzer
=================================================================
==7==ERROR: AddressSanitizer: heap-buffer-overflow on address 0x748e8714cf00 at pc 0x5f9891dd82fc bp 0x748e863fe4a0 sp 0x748e863fe498
WRITE of size 4 at 0x748e8714cf00 thread T2
SCARINESS: 46 (4-byte-write-heap-buffer-overflow-far-from-bounds)
    #0 0x5f9891dd82fb in CopyBytes<4, float, float> /src/libjxl/third_party/highway/hwy/base.h:638:3
    #1 0x5f9891dd82fb in Store<float> /src/libjxl/third_party/highway/hwy/ops/scalar-inl.h:806:3
    #2 0x5f9891dd82fb in jxl::N_SCALAR::SingleFromSingle(unsigned long, int const*, float, jxl::Image3<float>*, unsigned long, unsigned long, jxl::Rect&) /src/libjxl/lib/jxl/dec_modular.cc:85:5
    #3 0x5f9891c365a1 in jxl::ThreadPool::SequentialRunnerStatic(void*, void*, int (*)(void*, unsigned long), void (*)(void*, unsigned int, unsigned long), unsigned int, unsigned int) /src/libjxl/lib/jxl/base/data_parallel.cc:18:5
    #4 0x5f9891ddfe89 in Run<jxl::Status (unsigned long), (lambda at /src/libjxl/lib/jxl/dec_modular.cc:528:13)> /src/libjxl/lib/jxl/base/data_parallel.h:51:12
    #5 0x5f9891ddfe89 in Run<(lambda at /src/libjxl/lib/jxl/dec_modular.cc:528:13)> /src/libjxl/lib/jxl/base/data_parallel.h:60:12
    #6 0x5f9891ddfe89 in RunOnPool<jxl::ThreadPool::SkipInit, (lambda at /src/libjxl/lib/jxl/dec_modular.cc:528:13)> /src/libjxl/lib/jxl/base/data_parallel.h:115:24
    #7 0x5f9891ddfe89 in jxl::ModularFrameDecoder::ModularImageToDecodedRect(jxl::Image&, jxl::PassesDecoderState*, jxl::ThreadPool*, jxl::ImageBundle*, jxl::Rect) /src/libjxl/lib/jxl/dec_modular.cc:526:9
    #8 0x5f9891dde197 in jxl::ModularFrameDecoder::DecodeGroup(jxl::Rect const&, jxl::BitReader*, int, int, jxl::ModularStreamId const&, bool, jxl::PassesDecoderState*, jxl::ImageBundle*) /src/libjxl/lib/jxl/dec_modular.cc:309:7
    #9 0x5f9891c99fd0 in jxl::FrameDecoder::ProcessACGroup(unsigned long, jxl::BitReader* restrict*, unsigned long, unsigned long, bool, bool) /src/libjxl/lib/jxl/dec_frame.cc:578:7
    #10 0x5f9891ca9a8a in operator() /src/libjxl/lib/jxl/dec_frame.cc:731:16
    #11 0x5f9891ca9a8a in jxl::ThreadPool::RunCallState<jxl::FrameDecoder::ProcessSections(jxl::FrameDecoder::SectionInfo const*, unsigned long, jxl::FrameDecoder::SectionStatus*)::$_1, jxl::FrameDecoder::ProcessSections(jxl::FrameDecoder::SectionInfo const*, unsigned long, jxl::FrameDecoder::SectionStatus*)::$_2>::CallDataFunc(void*, unsigned int, unsigned long) /src/libjxl/lib/jxl/base/data_parallel.h:88:14
    #12 0x5f98921a2979 in RunRange /src/libjxl/lib/threads/thread_parallel_runner_internal.cc:137:7
    #13 0x5f98921a2979 in jpegxl::ThreadParallelRunner::ThreadFunc(jpegxl::ThreadParallelRunner*, int) /src/libjxl/lib/threads/thread_parallel_runner_internal.cc:167:9
    #14 0x5f98921a4bc3 in __invoke<void (*)(jpegxl::ThreadParallelRunner *, int), jpegxl::ThreadParallelRunner *, unsigned int> /usr/local/bin/../include/c++/v1/type_traits:3679:1
    #15 0x5f98921a4bc3 in __thread_execute<std::unique_ptr<std::__thread_struct>, void (*)(jpegxl::ThreadParallelRunner *, int), jpegxl::ThreadParallelRunner *, unsigned int, 2, 3> /usr/local/bin/../include/c++/v1/thread:280:5
    #16 0x5f98921a4bc3 in void* std::__1::__thread_proxy<std::__1::tuple<std::__1::unique_ptr<std::__1::__thread_struct, std::__1::default_delete<std::__1::__thread_struct> >, void (*)(jpegxl::ThreadParallelRunner*, int), jpegxl::ThreadParallelRunner*, unsigned int> >(void*) /usr/local/bin/../include/c++/v1/thread:291:5
    #17 0x748e8aa046b9 in start_thread (/lib/x86_64-linux-gnu/libpthread.so.0+0x76b9)
    #18 0x748e8a11851c in clone (/lib/x86_64-linux-gnu/libc.so.6+0x10751c)

DEDUP_TOKEN: CopyBytes<4, float, float>--Store<float>--jxl::N_SCALAR::SingleFromSingle(unsigned long, int const*, float, jxl::Image3<float>*, unsigned long, unsigned long, jxl::Rect&)
0x748e8714cf00 is located 1024 bytes to the right of 205568-byte region [0x748e8711a800,0x748e8714cb00)
allocated by thread T0 here:
    #0 0x5f9891ad319d in malloc /src/llvm-project/compiler-rt/lib/asan/asan_malloc_linux.cpp:145:3
    #1 0x5f9891c36150 in jxl::CacheAligned::Allocate(unsigned long, unsigned long) /src/libjxl/lib/jxl/base/cache_aligned.cc:85:21
    #2 0x5f9891b738dc in Allocate /src/libjxl/lib/jxl/base/cache_aligned.h:43:12
    #3 0x5f9891b738dc in AllocateArray /src/libjxl/lib/jxl/base/cache_aligned.h:61:29
    #4 0x5f9891b738dc in jxl::PlaneBase::PlaneBase(unsigned long, unsigned long, unsigned long) /src/libjxl/lib/jxl/image.cc:93:14
    #5 0x5f9891c9c63c in Plane /src/libjxl/lib/jxl/image.h:147:9
    #6 0x5f9891c9c63c in Image3 /src/libjxl/lib/jxl/image.h:328:17
    #7 0x5f9891c9c63c in jxl::PassesDecoderState::InitForAC(jxl::ThreadPool*) /src/libjxl/lib/jxl/dec_cache.h:331:17
    #8 0x5f9891c904b9 in jxl::FrameDecoder::ProcessSections(jxl::FrameDecoder::SectionInfo const*, unsigned long, jxl::FrameDecoder::SectionStatus*) /src/libjxl/lib/jxl/dec_frame.cc:692:17
    #9 0x5f9891c8a655 in jxl::DecodeFrame(jxl::DecompressParams const&, jxl::PassesDecoderState*, jxl::ThreadPool*, jxl::BitReader*, jxl::ImageBundle*, jxl::CodecMetadata const&, jxl::SizeConstraints const*, bool) /src/libjxl/lib/jxl/dec_frame.cc:208:5
    #10 0x5f9891b2f025 in jxl::(anonymous namespace)::JxlDecoderProcessInternal(JxlDecoderStruct*, unsigned char const*, unsigned long) /src/libjxl/lib/jxl/decode.cc:1088:12
    #11 0x5f9891b2503e in JxlDecoderProcessInput /src/libjxl/lib/jxl/decode.cc:1756:14
    #12 0x5f9891b08237 in DecodeJpegXl /src/libjxl/tools/djxl_fuzzer.cc:168:31
    #13 0x5f9891b08237 in TestOneInput /src/libjxl/tools/djxl_fuzzer.cc:497:3
    #14 0x5f9891b08237 in LLVMFuzzerTestOneInput /src/libjxl/tools/djxl_fuzzer.cc:507:10
    #15 0x5f9891b1477b in main (/out/djxl_fuzzer+0x11477b)

DEDUP_TOKEN: malloc--jxl::CacheAligned::Allocate(unsigned long, unsigned long)--Allocate
Thread T2 created by T0 here:
    #0 0x5f9891abd4ea in pthread_create /src/llvm-project/compiler-rt/lib/asan/asan_interceptors.cpp:214:3
    #1 0x5f98921a42c6 in __libcpp_thread_create /usr/local/bin/../include/c++/v1/__threading_support:509:10
    #2 0x5f98921a42c6 in thread<void (&)(jpegxl::ThreadParallelRunner *, int), jpegxl::ThreadParallelRunner *, unsigned int &, void> /usr/local/bin/../include/c++/v1/thread:307:16
    #3 0x5f98921a42c6 in construct<std::thread, void (&)(jpegxl::ThreadParallelRunner *, int), jpegxl::ThreadParallelRunner *, unsigned int &> /usr/local/bin/../include/c++/v1/memory:886:28
    #4 0x5f98921a42c6 in construct<std::thread, void (&)(jpegxl::ThreadParallelRunner *, int), jpegxl::ThreadParallelRunner *, unsigned int &, void> /usr/local/bin/../include/c++/v1/__memory/allocator_traits.h:288:13
    #5 0x5f98921a42c6 in void std::__1::vector<std::__1::thread, std::__1::allocator<std::__1::thread> >::__construct_one_at_end<void (&)(jpegxl::ThreadParallelRunner*, int), jpegxl::ThreadParallelRunner*, unsigned int&>(void (&)(jpegxl::ThreadParallelRunner*, int), jpegxl::ThreadParallelRunner*&&, unsigned int&) /usr/local/bin/../include/c++/v1/vector:926:5
    #6 0x5f98921a3065 in emplace_back<void (&)(jpegxl::ThreadParallelRunner *, int), jpegxl::ThreadParallelRunner *, unsigned int &> /usr/local/bin/../include/c++/v1/vector:1684:9
    #7 0x5f98921a3065 in jpegxl::ThreadParallelRunner::ThreadParallelRunner(int) /src/libjxl/lib/threads/thread_parallel_runner_internal.cc:194:14
    #8 0x5f98921a17ea in JxlThreadParallelRunnerCreate /src/libjxl/lib/threads/thread_parallel_runner.cc:81:19
    #9 0x5f9891b078cc in JxlThreadParallelRunnerMake /src/libjxl/lib/include/jxl/thread_parallel_runner_cxx.h:56:7
    #10 0x5f9891b078cc in DecodeJpegXl /src/libjxl/tools/djxl_fuzzer.cc:78:17
    #11 0x5f9891b078cc in TestOneInput /src/libjxl/tools/djxl_fuzzer.cc:497:3
    #12 0x5f9891b078cc in LLVMFuzzerTestOneInput /src/libjxl/tools/djxl_fuzzer.cc:507:10
    #13 0x5f9891b1477b in main (/out/djxl_fuzzer+0x11477b)

DEDUP_TOKEN: pthread_create--__libcpp_thread_create--thread<void (&)(jpegxl::ThreadParallelRunner *, int), jpegxl::ThreadParallelRunner *, unsigned int &, void>
SUMMARY: AddressSanitizer: heap-buffer-overflow /src/libjxl/third_party/highway/hwy/base.h:638:3 in CopyBytes<4, float, float>
Shadow bytes around the buggy address:
  0x0e9250e21990: fa fa fa fa fa fa fa fa fa fa fa fa fa fa fa fa
  0x0e9250e219a0: fa fa fa fa fa fa fa fa fa fa fa fa fa fa fa fa
  0x0e9250e219b0: fa fa fa fa fa fa fa fa fa fa fa fa fa fa fa fa
  0x0e9250e219c0: fa fa fa fa fa fa fa fa fa fa fa fa fa fa fa fa
  0x0e9250e219d0: fa fa fa fa fa fa fa fa fa fa fa fa fa fa fa fa
=>0x0e9250e219e0:[fa]fa fa fa fa fa fa fa fa fa fa fa fa fa fa fa
  0x0e9250e219f0: fa fa fa fa fa fa fa fa fa fa fa fa fa fa fa fa
  0x0e9250e21a00: fa fa fa fa fa fa fa fa fa fa fa fa fa fa fa fa
  0x0e9250e21a10: fa fa fa fa fa fa fa fa fa fa fa fa fa fa fa fa
  0x0e9250e21a20: fa fa fa fa fa fa fa fa fa fa fa fa fa fa fa fa
  0x0e9250e21a30: fa fa fa fa fa fa fa fa fa fa fa fa fa fa fa fa
Shadow byte legend (one shadow byte represents 8 application bytes):
  Addressable:           00
  Partially addressable: 01 02 03 04 05 06 07 
  Heap left redzone:       fa
  Freed heap region:       fd
  Stack left redzone:      f1
  Stack mid redzone:       f2
  Stack right redzone:     f3
  Stack after return:      f5
  Stack use after scope:   f8
  Global redzone:          f9
  Global init order:       f6
  Poisoned by user:        f7
  Container overflow:      fc
  Array cookie:            ac
  Intra object redzone:    bb
  ASan internal:           fe
  Left alloca redzone:     ca
  Right alloca redzone:    cb
  Shadow gap:              cc
==7==ABORTING
