Unable to find image 'n132/arvo:37410-vul' locally
37410-vul: Pulling from n132/arvo
92473f7ef455: Already exists
fb52bde70123: Already exists
64788f86be3f: Already exists
33f6d5f2e001: Already exists
7d7cbc4e47fb: Already exists
2d44b7c2da37: Already exists
11d470b8a1b6: Already exists
8aa92643b6de: Already exists
ca16caafcd75: Already exists
081ba9a425c9: Already exists
2c9503648655: Already exists
a8c5c2732860: Already exists
05d9bfa86a0b: Already exists
b2c82883bfe5: Already exists
bc79739b4ec7: Already exists
e748102656e1: Already exists
01a37b6fd157: Already exists
9b769dcdfaeb: Already exists
b3c9f7780c90: Already exists
f7539ca1b6d1: Already exists
82f346466c69: Already exists
04b3adc64217: Already exists
2d87a9b30356: Already exists
609523f3c48d: Already exists
02f049f25ab4: Already exists
d84c877493f5: Already exists
9297b1743a8f: Already exists
d25b5c140dbb: Already exists
e6de82cc1cc0: Pulling fs layer
c782d78ef1f1: Pulling fs layer
185731b8d67b: Pulling fs layer
6a5e661e66b8: Pulling fs layer
3858cd45a9fb: Pulling fs layer
2dd1000f8bbf: Pulling fs layer
4f4fb700ef54: Pulling fs layer
2e4b199517b6: Pulling fs layer
e73f6cea6962: Pulling fs layer
2dd1000f8bbf: Waiting
4f4fb700ef54: Waiting
2e4b199517b6: Waiting
6a5e661e66b8: Waiting
e73f6cea6962: Waiting
3858cd45a9fb: Waiting
c782d78ef1f1: Verifying Checksum
c782d78ef1f1: Download complete
185731b8d67b: Download complete
e6de82cc1cc0: Verifying Checksum
e6de82cc1cc0: Download complete
3858cd45a9fb: Verifying Checksum
3858cd45a9fb: Download complete
e6de82cc1cc0: Pull complete
c782d78ef1f1: Pull complete
4f4fb700ef54: Verifying Checksum
4f4fb700ef54: Download complete
2dd1000f8bbf: Verifying Checksum
2dd1000f8bbf: Download complete
185731b8d67b: Pull complete
e73f6cea6962: Verifying Checksum
e73f6cea6962: Download complete
2e4b199517b6: Verifying Checksum
2e4b199517b6: Download complete
6a5e661e66b8: Verifying Checksum
6a5e661e66b8: Download complete
6a5e661e66b8: Pull complete
3858cd45a9fb: Pull complete
2dd1000f8bbf: Pull complete
4f4fb700ef54: Pull complete
2e4b199517b6: Pull complete
e73f6cea6962: Pull complete
Digest: sha256:16e495868404739e5ec6dda5b7cb8b97f6b0ad092adffa7afa64cf7db0d752f4
Status: Downloaded newer image for n132/arvo:37410-vul
