INFO: Running with entropic power schedule (0xFF, 100).
INFO: Seed: 1079615174
INFO: Loaded 1 modules   (223760 inline 8-bit counters): 223760 [0x9b9f330, 0x9bd5d40), 
INFO: Loaded 1 PC tables (223760 PCs): 223760 [0x9bd5d40,0x9d8adc0), 
/out/coder_PCT_fuzzer: Running 1 inputs 1 time(s) each.
Running: /tmp/poc
18:36:32 0:0.010549  0.010u 7 jpeg.c/JPEGErrorHandler/533/Coder:
  Not a JPEG file: starts with 0xff 0xff ()
18:36:32 0:0.010905  0.010u 7 jpeg.c/JPEGDecodeMessageHandler/381/CorruptImage:
  Corrupt JPEG data: 158 extraneous bytes before marker 0xdc ()
18:36:32 0:0.010928  0.010u 7 jpeg.c/JPEGDecodeMessageHandler/374/CorruptImage:
  Premature end of JPEG file ()
18:36:32 0:0.010993  0.010u 7 jpeg.c/JPEGDecodeMessageHandler/381/CorruptImage:
  Corrupt JPEG data: 142 extraneous bytes before marker 0xdc ()
18:36:32 0:0.011007  0.010u 7 jpeg.c/JPEGDecodeMessageHandler/374/CorruptImage:
  Corrupt JPEG data: 14 extraneous bytes before marker 0xd9 ()
18:36:32 0:0.011080  0.010u 7 jpeg.c/JPEGDecodeMessageHandler/381/CorruptImage:
  Corrupt JPEG data: 158 extraneous bytes before marker 0xdc ()
18:36:32 0:0.011092  0.010u 7 jpeg.c/JPEGDecodeMessageHandler/374/CorruptImage:
  Premature end of JPEG file ()
18:36:32 0:0.011149  0.010u 7 jpeg.c/JPEGDecodeMessageHandler/381/CorruptImage:
  Corrupt JPEG data: 158 extraneous bytes before marker 0xdc ()
18:36:32 0:0.011161  0.010u 7 jpeg.c/JPEGDecodeMessageHandler/374/CorruptImage:
  Premature end of JPEG file ()
18:36:32 0:0.011214  0.010u 7 jpeg.c/JPEGDecodeMessageHandler/381/CorruptImage:
  Corrupt JPEG data: 158 extraneous bytes before marker 0xdc ()
18:36:32 0:0.011226  0.010u 7 jpeg.c/JPEGDecodeMessageHandler/374/CorruptImage:
  Corrupt JPEG data: 10 extraneous bytes before marker 0xd9 ()
18:36:32 0:0.011277  0.010u 7 jpeg.c/JPEGDecodeMessageHandler/381/CorruptImage:
  Corrupt JPEG data: 158 extraneous bytes before marker 0xdc ()
18:36:32 0:0.011288  0.010u 7 jpeg.c/JPEGDecodeMessageHandler/374/CorruptImage:
  Premature end of JPEG file ()
18:36:32 0:0.011349  0.010u 7 jpeg.c/JPEGDecodeMessageHandler/381/CorruptImage:
  Corrupt JPEG data: 142 extraneous bytes before marker 0xdc ()
18:36:32 0:0.011359  0.010u 7 jpeg.c/JPEGDecodeMessageHandler/374/CorruptImage:
  Corrupt JPEG data: 14 extraneous bytes before marker 0xd9 ()
18:36:32 0:0.011435  0.010u 7 jpeg.c/JPEGDecodeMessageHandler/381/CorruptImage:
  Corrupt JPEG data: 158 extraneous bytes before marker 0xdc ()
18:36:32 0:0.011447  0.010u 7 jpeg.c/JPEGDecodeMessageHandler/374/CorruptImage:
  Premature end of JPEG file ()
18:36:32 0:0.011506  0.010u 7 jpeg.c/JPEGDecodeMessageHandler/381/CorruptImage:
  Corrupt JPEG data: 158 extraneous bytes before marker 0xdc ()
18:36:32 0:0.011516  0.010u 7 jpeg.c/JPEGDecodeMessageHandler/374/CorruptImage:
  Corrupt JPEG data: 14 extraneous bytes before marker 0xd9 ()
18:36:32 0:0.011570  0.010u 7 jpeg.c/JPEGDecodeMessageHandler/381/CorruptImage:
  Corrupt JPEG data: 158 extraneous bytes before marker 0xdc ()
18:36:32 0:0.011582  0.010u 7 jpeg.c/JPEGDecodeMessageHandler/374/CorruptImage:
  Premature end of JPEG file ()
18:36:32 0:0.011638  0.010u 7 jpeg.c/JPEGErrorHandler/533/Coder:
  Not a JPEG file: starts with 0x00 0x00 ()
18:36:32 0:0.011830  0.010u 7 jpeg.c/JPEGDecodeMessageHandler/381/CorruptImage:
  Corrupt JPEG data: 221 extraneous bytes before marker 0xe4 ()
18:36:32 0:0.011890  0.010u 7 jpeg.c/JPEGErrorHandler/533/Coder:
  Bogus Huffman table definition ()
18:36:33 0:0.049312  0.050u 7 jpeg.c/JPEGDecodeMessageHandler/381/CorruptImage:
  Premature end of JPEG file ()
18:36:33 0:0.049327  0.050u 7 jpeg.c/JPEGErrorHandler/533/Coder:
  JPEG datastream contains no image ()
18:36:33 0:0.067645  0.060u 7 jpeg.c/JPEGDecodeMessageHandler/381/CorruptImage:
  Premature end of JPEG file ()
18:36:33 0:0.067654  0.060u 7 jpeg.c/JPEGErrorHandler/533/Coder:
  JPEG datastream contains no image ()
=================================================================
==7==ERROR: AddressSanitizer: heap-buffer-overflow on address 0xe4203e9c at pc 0x081cf1d1 bp 0xffa5a488 sp 0xffa5a068
WRITE of size 10982 at 0xe4203e9c thread T0
SCARINESS: 45 (multi-byte-write-heap-buffer-overflow)
    #0 0x81cf1d0 in __asan_memcpy /src/llvm-project/compiler-rt/lib/asan/asan_interceptors_memintrinsics.cpp:22:3
    #1 0x82b5fd6 in ReadBlob /src/graphicsmagick/magick/blob.c:3352:18
    #2 0x865dd0f in DecodeImage /src/graphicsmagick/coders/pict.c:949:11
    #3 0x8656f73 in ReadPICTImage /src/graphicsmagick/coders/pict.c
    #4 0x8305979 in ReadImage /src/graphicsmagick/magick/constitute.c:1630:13
    #5 0x82afebc in BlobToImage /src/graphicsmagick/magick/blob.c:767:13
    #6 0x821a9e8 in Magick::Image::read(Magick::Blob const&) /src/graphicsmagick/Magick++/lib/Image.cpp:1591:5
    #7 0x820e8c9 in LLVMFuzzerTestOneInput /src/graphicsmagick/fuzzing/coder_fuzzer.cc:22:15
    #8 0x80f890e in fuzzer::Fuzzer::ExecuteCallback(unsigned char const*, unsigned int) /src/llvm-project/compiler-rt/lib/fuzzer/FuzzerLoop.cpp:611:15
    #9 0x80e3d8e in fuzzer::RunOneTest(fuzzer::Fuzzer*, char const*, unsigned int) /src/llvm-project/compiler-rt/lib/fuzzer/FuzzerDriver.cpp:324:6
    #10 0x80e9940 in fuzzer::FuzzerDriver(int*, char***, int (*)(unsigned char const*, unsigned int)) /src/llvm-project/compiler-rt/lib/fuzzer/FuzzerDriver.cpp:860:9
    #11 0x8112b27 in main /src/llvm-project/compiler-rt/lib/fuzzer/FuzzerMain.cpp:20:10
    #12 0xedf19ed4 in __libc_start_main (/lib32/libc.so.6+0x1aed4)
    #13 0x80c1995 in _start (/out/coder_PCT_fuzzer+0x80c1995)

DEDUP_TOKEN: __asan_memcpy--ReadBlob--DecodeImage
0xe4203e9c is located 0 bytes to the right of 540-byte region [0xe4203c80,0xe4203e9c)
allocated by thread T0 here:
    #0 0x81d0056 in __interceptor_realloc /src/llvm-project/compiler-rt/lib/asan/asan_malloc_linux.cpp:148:3
    #1 0x83ea920 in _MagickReallocateResourceLimitedMemory /src/graphicsmagick/magick/memory.c:769:36
    #2 0x865d9a5 in DecodeImage /src/graphicsmagick/coders/pict.c:899:12
    #3 0x8656f73 in ReadPICTImage /src/graphicsmagick/coders/pict.c
    #4 0x8305979 in ReadImage /src/graphicsmagick/magick/constitute.c:1630:13
    #5 0x82afebc in BlobToImage /src/graphicsmagick/magick/blob.c:767:13
    #6 0x821a9e8 in Magick::Image::read(Magick::Blob const&) /src/graphicsmagick/Magick++/lib/Image.cpp:1591:5
    #7 0x820e8c9 in LLVMFuzzerTestOneInput /src/graphicsmagick/fuzzing/coder_fuzzer.cc:22:15
    #8 0x80f890e in fuzzer::Fuzzer::ExecuteCallback(unsigned char const*, unsigned int) /src/llvm-project/compiler-rt/lib/fuzzer/FuzzerLoop.cpp:611:15
    #9 0x80e3d8e in fuzzer::RunOneTest(fuzzer::Fuzzer*, char const*, unsigned int) /src/llvm-project/compiler-rt/lib/fuzzer/FuzzerDriver.cpp:324:6
    #10 0x80e9940 in fuzzer::FuzzerDriver(int*, char***, int (*)(unsigned char const*, unsigned int)) /src/llvm-project/compiler-rt/lib/fuzzer/FuzzerDriver.cpp:860:9
    #11 0x8112b27 in main /src/llvm-project/compiler-rt/lib/fuzzer/FuzzerMain.cpp:20:10
    #12 0xedf19ed4 in __libc_start_main (/lib32/libc.so.6+0x1aed4)

DEDUP_TOKEN: __interceptor_realloc--_MagickReallocateResourceLimitedMemory--DecodeImage
SUMMARY: AddressSanitizer: heap-buffer-overflow /src/llvm-project/compiler-rt/lib/asan/asan_interceptors_memintrinsics.cpp:22:3 in __asan_memcpy
Shadow bytes around the buggy address:
  0x3c840780: fa fa fa fa fa fa fa fa fa fa fa fa fa fa fa fa
  0x3c840790: 00 00 00 00 00 00 00 00 00 00 00 00 00 00 00 00
  0x3c8407a0: 00 00 00 00 00 00 00 00 00 00 00 00 00 00 00 00
  0x3c8407b0: 00 00 00 00 00 00 00 00 00 00 00 00 00 00 00 00
  0x3c8407c0: 00 00 00 00 00 00 00 00 00 00 00 00 00 00 00 00
=>0x3c8407d0: 00 00 00[04]fa fa fa fa fa fa fa fa fa fa fa fa
  0x3c8407e0: fa fa fa fa fa fa fa fa fa fa fa fa fa fa fa fa
  0x3c8407f0: fa fa fa fa fa fa fa fa fa fa fa fa fa fa fa fa
  0x3c840800: fa fa fa fa fa fa fa fa fa fa fa fa fa fa fa fa
  0x3c840810: fa fa fa fa fa fa fa fa fa fa fa fa fa fa fa fa
  0x3c840820: fa fa fa fa fa fa fa fa fa fa fa fa fa fa fa fa
Shadow byte legend (one shadow byte represents 8 application bytes):
  Addressable:           00
  Partially addressable: 01 02 03 04 05 06 07 
  Heap left redzone:       fa
  Freed heap region:       fd
  Stack left redzone:      f1
  Stack mid redzone:       f2
  Stack right redzone:     f3
  Stack after return:      f5
  Stack use after scope:   f8
  Global redzone:          f9
  Global init order:       f6
  Poisoned by user:        f7
  Container overflow:      fc
  Array cookie:            ac
  Intra object redzone:    bb
  ASan internal:           fe
  Left alloca redzone:     ca
  Right alloca redzone:    cb
==7==ABORTING
