Unable to find image 'n132/arvo:46267-vul' locally
46267-vul: Pulling from n132/arvo
4d32b49e2995: Already exists
0372169c5ac9: Already exists
73292b01e9e9: Already exists
fefb8adb747a: Already exists
123384011ade: Already exists
83444ef99d4f: Already exists
fef2f2205eef: Already exists
cf46b04c0b53: Already exists
71e82bc675f2: Already exists
98f7293828c8: Already exists
3a9a5b9889c6: Already exists
e750c7c89ba9: Already exists
799bdcdc510f: Already exists
a357eb7086b4: Already exists
c3780f0d3345: Already exists
c4ea1066d7b6: Already exists
5faa531a7ac5: Already exists
d72dd135bc2f: Already exists
ad6acaf4f884: Already exists
c42bf1879f69: Already exists
a24973b7041b: Already exists
411b8103c7c3: Already exists
ed5cf49e9bc3: Pulling fs layer
c307ef45040a: Pulling fs layer
bab6fb321ac4: Pulling fs layer
cb8953c2ed2e: Pulling fs layer
5c0096b0d8fa: Pulling fs layer
4f4fb700ef54: Pulling fs layer
0fc511b54dbb: Pulling fs layer
07cff5a0f163: Pulling fs layer
78471610203d: Pulling fs layer
bab6fb321ac4: Waiting
c3ed6427299d: Pulling fs layer
cb8953c2ed2e: Waiting
81448ba84ab4: Pulling fs layer
0fc511b54dbb: Waiting
4f4fb700ef54: Waiting
07cff5a0f163: Waiting
ed5cf49e9bc3: Waiting
5c0096b0d8fa: Waiting
55a93081fb4b: Pulling fs layer
78471610203d: Waiting
c307ef45040a: Waiting
c3ed6427299d: Waiting
55a93081fb4b: Waiting
81448ba84ab4: Waiting
c307ef45040a: Verifying Checksum
c307ef45040a: Download complete
ed5cf49e9bc3: Verifying Checksum
ed5cf49e9bc3: Download complete
bab6fb321ac4: Verifying Checksum
bab6fb321ac4: Download complete
5c0096b0d8fa: Verifying Checksum
5c0096b0d8fa: Download complete
4f4fb700ef54: Verifying Checksum
4f4fb700ef54: Download complete
cb8953c2ed2e: Verifying Checksum
cb8953c2ed2e: Download complete
ed5cf49e9bc3: Pull complete
c307ef45040a: Pull complete
bab6fb321ac4: Pull complete
cb8953c2ed2e: Pull complete
5c0096b0d8fa: Pull complete
4f4fb700ef54: Pull complete
0fc511b54dbb: Verifying Checksum
0fc511b54dbb: Download complete
07cff5a0f163: Verifying Checksum
07cff5a0f163: Download complete
0fc511b54dbb: Pull complete
07cff5a0f163: Pull complete
c3ed6427299d: Download complete
78471610203d: Verifying Checksum
78471610203d: Download complete
78471610203d: Pull complete
c3ed6427299d: Pull complete
55a93081fb4b: Verifying Checksum
55a93081fb4b: Download complete
81448ba84ab4: Verifying Checksum
81448ba84ab4: Download complete
81448ba84ab4: Pull complete
55a93081fb4b: Pull complete
Digest: sha256:19920e837a8617226ba7ffbae71316254b4d0141667805d7dc47784e29d1de20
Status: Downloaded newer image for n132/arvo:46267-vul
