Running LLVMFuzzerInitialize ...
continue...
Reading 233 bytes from /tmp/poc
=================================================================
==7==ERROR: AddressSanitizer: heap-use-after-free on address 0x60c000000dd8 at pc 0x00000056bdcd bp 0x7ffe8d165a30 sp 0x7ffe8d165a28
READ of size 8 at 0x60c000000dd8 thread T0
SCARINESS: 51 (8-byte-read-heap-use-after-free)
    #0 0x56bdcc in xmlFreeNodeList /src/libxml2/tree.c:3704:22
    #1 0x670ce0 in xmlXIncludeIncludeNode /src/libxml2/xinclude.c
    #2 0x66e142 in xmlXIncludeDoProcess /src/libxml2/xinclude.c:2464:6
    #3 0x66d886 in xmlXIncludeProcessTreeFlagsData /src/libxml2/xinclude.c:2517:11
    #4 0x66e38b in xmlXIncludeProcessFlagsData /src/libxml2/xinclude.c:2546:12
    #5 0x66e408 in xmlXIncludeProcessFlags /src/libxml2/xinclude.c:2561:12
    #6 0x4d7ee7 in LLVMFuzzerTestOneInput /src/libxml2/fuzz/xml.c:57:9
    #7 0x4d9f95 in ExecuteFilesOnyByOne /src/aflplusplus/utils/aflpp_driver/aflpp_driver.c:191:7
    #8 0x4d9e05 in main /src/aflplusplus/utils/aflpp_driver/aflpp_driver.c
    #9 0x7a28cda62082 in __libc_start_main (/lib/x86_64-linux-gnu/libc.so.6+0x24082)
    #10 0x41e57d in _start (/out/xml+0x41e57d)

DEDUP_TOKEN: xmlFreeNodeList--xmlXIncludeIncludeNode--xmlXIncludeDoProcess
0x60c000000dd8 is located 24 bytes inside of 120-byte region [0x60c000000dc0,0x60c000000e38)
freed by thread T0 here:
    #0 0x49e922 in free /src/llvm-project/compiler-rt/lib/asan/asan_malloc_linux.cpp:111:3
    #1 0x56bb51 in xmlFreeNodeList /src/libxml2/tree.c:3751:6
    #2 0x670ce0 in xmlXIncludeIncludeNode /src/libxml2/xinclude.c
    #3 0x66e142 in xmlXIncludeDoProcess /src/libxml2/xinclude.c:2464:6
    #4 0x66d886 in xmlXIncludeProcessTreeFlagsData /src/libxml2/xinclude.c:2517:11
    #5 0x66e38b in xmlXIncludeProcessFlagsData /src/libxml2/xinclude.c:2546:12
    #6 0x66e408 in xmlXIncludeProcessFlags /src/libxml2/xinclude.c:2561:12
    #7 0x4d7ee7 in LLVMFuzzerTestOneInput /src/libxml2/fuzz/xml.c:57:9
    #8 0x4d9f95 in ExecuteFilesOnyByOne /src/aflplusplus/utils/aflpp_driver/aflpp_driver.c:191:7

DEDUP_TOKEN: free--xmlFreeNodeList--xmlXIncludeIncludeNode
previously allocated by thread T0 here:
    #0 0x49eb8d in __interceptor_malloc /src/llvm-project/compiler-rt/lib/asan/asan_malloc_linux.cpp:129:3
    #1 0x5799c0 in xmlStaticCopyNode /src/libxml2/tree.c:4247:24
    #2 0x57a63a in xmlStaticCopyNode /src/libxml2/tree.c:4350:31
    #3 0x57ae5d in xmlStaticCopyNodeList /src/libxml2/tree.c:4419:10
    #4 0x57acc3 in xmlDocCopyNodeList /src/libxml2/tree.c:4484:22
    #5 0x67606b in xmlXIncludeLoadFallback /src/libxml2/xinclude.c:1987:26
    #6 0x6701e4 in xmlXIncludeLoadNode /src/libxml2/xinclude.c:2150:9
    #7 0x66df7d in xmlXIncludeDoProcess /src/libxml2/xinclude.c:2446:9
    #8 0x66d886 in xmlXIncludeProcessTreeFlagsData /src/libxml2/xinclude.c:2517:11
    #9 0x66e38b in xmlXIncludeProcessFlagsData /src/libxml2/xinclude.c:2546:12
    #10 0x66e408 in xmlXIncludeProcessFlags /src/libxml2/xinclude.c:2561:12
    #11 0x4d7ee7 in LLVMFuzzerTestOneInput /src/libxml2/fuzz/xml.c:57:9
    #12 0x4d9f95 in ExecuteFilesOnyByOne /src/aflplusplus/utils/aflpp_driver/aflpp_driver.c:191:7

DEDUP_TOKEN: __interceptor_malloc--xmlStaticCopyNode--xmlStaticCopyNode
SUMMARY: AddressSanitizer: heap-use-after-free /src/libxml2/tree.c:3704:22 in xmlFreeNodeList
Shadow bytes around the buggy address:
  0x0c187fff8160: fd fd fd fd fd fd fd fa fa fa fa fa fa fa fa fa
  0x0c187fff8170: fd fd fd fd fd fd fd fd fd fd fd fd fd fd fd fa
  0x0c187fff8180: fa fa fa fa fa fa fa fa fd fd fd fd fd fd fd fd
  0x0c187fff8190: fd fd fd fd fd fd fd fa fa fa fa fa fa fa fa fa
  0x0c187fff81a0: 00 00 00 00 00 00 00 00 00 00 00 00 00 00 00 fa
=>0x0c187fff81b0: fa fa fa fa fa fa fa fa fd fd fd[fd]fd fd fd fd
  0x0c187fff81c0: fd fd fd fd fd fd fd fa fa fa fa fa fa fa fa fa
  0x0c187fff81d0: fd fd fd fd fd fd fd fd fd fd fd fd fd fd fd fa
  0x0c187fff81e0: fa fa fa fa fa fa fa fa fa fa fa fa fa fa fa fa
  0x0c187fff81f0: fa fa fa fa fa fa fa fa fa fa fa fa fa fa fa fa
  0x0c187fff8200: fa fa fa fa fa fa fa fa fa fa fa fa fa fa fa fa
Shadow byte legend (one shadow byte represents 8 application bytes):
  Addressable:           00
  Partially addressable: 01 02 03 04 05 06 07 
  Heap left redzone:       fa
  Freed heap region:       fd
  Stack left redzone:      f1
  Stack mid redzone:       f2
  Stack right redzone:     f3
  Stack after return:      f5
  Stack use after scope:   f8
  Global redzone:          f9
  Global init order:       f6
  Poisoned by user:        f7
  Container overflow:      fc
  Array cookie:            ac
  Intra object redzone:    bb
  ASan internal:           fe
  Left alloca redzone:     ca
  Right alloca redzone:    cb
==7==ABORTING
