Unable to find image 'n132/arvo:46323-vul' locally
46323-vul: Pulling from n132/arvo
4d32b49e2995: Already exists
c5f3f1f4e791: Pulling fs layer
2ddc3f1f48c2: Pulling fs layer
0435f470808c: Pulling fs layer
4c9544abc0b9: Pulling fs layer
ffa774603b31: Pulling fs layer
7081f560c9fd: Pulling fs layer
bed663b934ce: Pulling fs layer
10fb23521a9f: Pulling fs layer
d7e4fbe4bae7: Pulling fs layer
dd520dc70ac6: Pulling fs layer
4c9544abc0b9: Waiting
ffa774603b31: Waiting
7b3b6dbe33ff: Pulling fs layer
b9daee510eb5: Pulling fs layer
10fb23521a9f: Waiting
7081f560c9fd: Waiting
919d300465a0: Pulling fs layer
d7e4fbe4bae7: Waiting
8f186df30c4d: Pulling fs layer
dd520dc70ac6: Waiting
bed663b934ce: Waiting
7b3b6dbe33ff: Waiting
afce3538040b: Pulling fs layer
b9daee510eb5: Waiting
bf71b1c8400a: Pulling fs layer
1e9322699532: Pulling fs layer
afce3538040b: Waiting
57a2624ccc39: Pulling fs layer
8f186df30c4d: Waiting
919d300465a0: Waiting
bf71b1c8400a: Waiting
1e9322699532: Waiting
0f131e7d40ce: Pulling fs layer
57a2624ccc39: Waiting
f91b64f1a28f: Pulling fs layer
0f131e7d40ce: Waiting
686b3acfd5f5: Pulling fs layer
f91b64f1a28f: Waiting
c09a6d9cec49: Pulling fs layer
686b3acfd5f5: Waiting
96b071bf7fe7: Pulling fs layer
c09a6d9cec49: Waiting
aead998c099d: Pulling fs layer
96b071bf7fe7: Waiting
26f06309348c: Pulling fs layer
aead998c099d: Waiting
2b5c1f996552: Pulling fs layer
26f06309348c: Waiting
4f4fb700ef54: Pulling fs layer
137a8bfedfea: Pulling fs layer
81dbf33346a5: Pulling fs layer
d98c18744d74: Pulling fs layer
4f4fb700ef54: Waiting
137a8bfedfea: Waiting
2b5c1f996552: Waiting
81dbf33346a5: Waiting
d98c18744d74: Waiting
2ddc3f1f48c2: Verifying Checksum
2ddc3f1f48c2: Download complete
0435f470808c: Verifying Checksum
0435f470808c: Download complete
c5f3f1f4e791: Download complete
4c9544abc0b9: Verifying Checksum
4c9544abc0b9: Download complete
ffa774603b31: Download complete
c5f3f1f4e791: Pull complete
2ddc3f1f48c2: Pull complete
bed663b934ce: Verifying Checksum
bed663b934ce: Download complete
0435f470808c: Pull complete
4c9544abc0b9: Pull complete
ffa774603b31: Pull complete
d7e4fbe4bae7: Verifying Checksum
d7e4fbe4bae7: Download complete
dd520dc70ac6: Verifying Checksum
dd520dc70ac6: Download complete
7b3b6dbe33ff: Verifying Checksum
7b3b6dbe33ff: Download complete
10fb23521a9f: Verifying Checksum
10fb23521a9f: Download complete
7081f560c9fd: Verifying Checksum
7081f560c9fd: Download complete
919d300465a0: Verifying Checksum
919d300465a0: Download complete
b9daee510eb5: Verifying Checksum
b9daee510eb5: Download complete
8f186df30c4d: Verifying Checksum
8f186df30c4d: Download complete
afce3538040b: Verifying Checksum
afce3538040b: Download complete
bf71b1c8400a: Verifying Checksum
bf71b1c8400a: Download complete
1e9322699532: Verifying Checksum
1e9322699532: Download complete
57a2624ccc39: Download complete
0f131e7d40ce: Verifying Checksum
0f131e7d40ce: Download complete
7081f560c9fd: Pull complete
f91b64f1a28f: Verifying Checksum
f91b64f1a28f: Download complete
bed663b934ce: Pull complete
686b3acfd5f5: Verifying Checksum
686b3acfd5f5: Download complete
96b071bf7fe7: Verifying Checksum
96b071bf7fe7: Download complete
aead998c099d: Verifying Checksum
aead998c099d: Download complete
10fb23521a9f: Pull complete
26f06309348c: Verifying Checksum
26f06309348c: Download complete
2b5c1f996552: Verifying Checksum
2b5c1f996552: Download complete
4f4fb700ef54: Verifying Checksum
4f4fb700ef54: Download complete
d7e4fbe4bae7: Pull complete
dd520dc70ac6: Pull complete
7b3b6dbe33ff: Pull complete
b9daee510eb5: Pull complete
137a8bfedfea: Verifying Checksum
137a8bfedfea: Download complete
919d300465a0: Pull complete
8f186df30c4d: Pull complete
afce3538040b: Pull complete
bf71b1c8400a: Pull complete
1e9322699532: Pull complete
57a2624ccc39: Pull complete
0f131e7d40ce: Pull complete
d98c18744d74: Verifying Checksum
d98c18744d74: Download complete
f91b64f1a28f: Pull complete
686b3acfd5f5: Pull complete
81dbf33346a5: Verifying Checksum
81dbf33346a5: Download complete
c09a6d9cec49: Verifying Checksum
c09a6d9cec49: Download complete
c09a6d9cec49: Pull complete
96b071bf7fe7: Pull complete
aead998c099d: Pull complete
26f06309348c: Pull complete
2b5c1f996552: Pull complete
4f4fb700ef54: Pull complete
137a8bfedfea: Pull complete
81dbf33346a5: Pull complete
d98c18744d74: Pull complete
Digest: sha256:761dc4e223ecc1a38bde6007f5121ce8c983210c6a803cfaea630c0fb9ae28c4
Status: Downloaded newer image for n132/arvo:46323-vul
