INFO: Running with entropic power schedule (0xFF, 100).
INFO: Seed: 122107745
INFO: Loaded 1 modules   (2787 inline 8-bit counters): 2787 [0x6a4a58, 0x6a553b), 
INFO: Loaded 1 PC tables (2787 PCs): 2787 [0x6a5540,0x6b0370), 
/out/fuzzer_decoder: Running 1 inputs 1 time(s) each.
Running: /tmp/poc
==7==WARNING: MemorySanitizer: use-of-uninitialized-value
    #0 0x562620 in FLAC__crc16_update_words32 /src/flac/src/libFLAC/crc.c:403:9
    #1 0x55b4fc in crc16_update_block_ /src/flac/src/libFLAC/bitreader.c:142:20
    #2 0x55b4fc in bitreader_read_from_client_ /src/flac/src/libFLAC/bitreader.c:167:3
    #3 0x55d545 in FLAC__bitreader_skip_byte_block_aligned_no_crc /src/flac/src/libFLAC/bitreader.c:650:12
    #4 0x54e4d6 in read_metadata_vorbiscomment_ /src/flac/src/libFLAC/stream_decoder.c:1807:7
    #5 0x53b637 in read_metadata_ /src/flac/src/libFLAC/stream_decoder.c:1495:10
    #6 0x546bfe in FLAC__stream_decoder_process_until_end_of_stream /src/flac/src/libFLAC/stream_decoder.c:1097:9
    #7 0x530936 in FLAC::Decoder::Stream::process_until_end_of_stream() /src/flac/src/libFLAC++/stream_decoder.cpp:218:29
    #8 0x52be42 in LLVMFuzzerTestOneInput /src/flac/oss-fuzz/fuzzer_decoder.cc:294:50
    #9 0x455063 in fuzzer::Fuzzer::ExecuteCallback(unsigned char const*, unsigned long) /src/llvm-project/compiler-rt/lib/fuzzer/FuzzerLoop.cpp:611:15
    #10 0x440cf2 in fuzzer::RunOneTest(fuzzer::Fuzzer*, char const*, unsigned long) /src/llvm-project/compiler-rt/lib/fuzzer/FuzzerDriver.cpp:324:6
    #11 0x44653c in fuzzer::FuzzerDriver(int*, char***, int (*)(unsigned char const*, unsigned long)) /src/llvm-project/compiler-rt/lib/fuzzer/FuzzerDriver.cpp:860:9
    #12 0x46f132 in main /src/llvm-project/compiler-rt/lib/fuzzer/FuzzerMain.cpp:20:10
    #13 0x790adec60082 in __libc_start_main (/lib/x86_64-linux-gnu/libc.so.6+0x24082)
    #14 0x41f51d in _start (/out/fuzzer_decoder+0x41f51d)

DEDUP_TOKEN: FLAC__crc16_update_words32--crc16_update_block_--bitreader_read_from_client_
  Uninitialized value was stored to memory at
    #0 0x55bab0 in bitreader_read_from_client_ /src/flac/src/libFLAC/bitreader.c:220:21
    #1 0x55df95 in FLAC__bitreader_read_byte_block_aligned_no_crc /src/flac/src/libFLAC/bitreader.c:714:12
    #2 0x54ee0b in read_metadata_vorbiscomment_ /src/flac/src/libFLAC/stream_decoder.c:1785:11
    #3 0x53b637 in read_metadata_ /src/flac/src/libFLAC/stream_decoder.c:1495:10
    #4 0x546bfe in FLAC__stream_decoder_process_until_end_of_stream /src/flac/src/libFLAC/stream_decoder.c:1097:9
    #5 0x530936 in FLAC::Decoder::Stream::process_until_end_of_stream() /src/flac/src/libFLAC++/stream_decoder.cpp:218:29
    #6 0x52be42 in LLVMFuzzerTestOneInput /src/flac/oss-fuzz/fuzzer_decoder.cc:294:50
    #7 0x455063 in fuzzer::Fuzzer::ExecuteCallback(unsigned char const*, unsigned long) /src/llvm-project/compiler-rt/lib/fuzzer/FuzzerLoop.cpp:611:15
    #8 0x440cf2 in fuzzer::RunOneTest(fuzzer::Fuzzer*, char const*, unsigned long) /src/llvm-project/compiler-rt/lib/fuzzer/FuzzerDriver.cpp:324:6
    #9 0x44653c in fuzzer::FuzzerDriver(int*, char***, int (*)(unsigned char const*, unsigned long)) /src/llvm-project/compiler-rt/lib/fuzzer/FuzzerDriver.cpp:860:9
    #10 0x46f132 in main /src/llvm-project/compiler-rt/lib/fuzzer/FuzzerMain.cpp:20:10
    #11 0x790adec60082 in __libc_start_main (/lib/x86_64-linux-gnu/libc.so.6+0x24082)

DEDUP_TOKEN: bitreader_read_from_client_--FLAC__bitreader_read_byte_block_aligned_no_crc--read_metadata_vorbiscomment_
  Uninitialized value was stored to memory at
    #0 0x55bc1b in bitreader_read_from_client_ /src/flac/src/libFLAC/bitreader.c:196:25
    #1 0x55df95 in FLAC__bitreader_read_byte_block_aligned_no_crc /src/flac/src/libFLAC/bitreader.c:714:12
    #2 0x54ee0b in read_metadata_vorbiscomment_ /src/flac/src/libFLAC/stream_decoder.c:1785:11
    #3 0x53b637 in read_metadata_ /src/flac/src/libFLAC/stream_decoder.c:1495:10
    #4 0x546bfe in FLAC__stream_decoder_process_until_end_of_stream /src/flac/src/libFLAC/stream_decoder.c:1097:9
    #5 0x530936 in FLAC::Decoder::Stream::process_until_end_of_stream() /src/flac/src/libFLAC++/stream_decoder.cpp:218:29
    #6 0x52be42 in LLVMFuzzerTestOneInput /src/flac/oss-fuzz/fuzzer_decoder.cc:294:50
    #7 0x455063 in fuzzer::Fuzzer::ExecuteCallback(unsigned char const*, unsigned long) /src/llvm-project/compiler-rt/lib/fuzzer/FuzzerLoop.cpp:611:15
    #8 0x440cf2 in fuzzer::RunOneTest(fuzzer::Fuzzer*, char const*, unsigned long) /src/llvm-project/compiler-rt/lib/fuzzer/FuzzerDriver.cpp:324:6
    #9 0x44653c in fuzzer::FuzzerDriver(int*, char***, int (*)(unsigned char const*, unsigned long)) /src/llvm-project/compiler-rt/lib/fuzzer/FuzzerDriver.cpp:860:9
    #10 0x46f132 in main /src/llvm-project/compiler-rt/lib/fuzzer/FuzzerMain.cpp:20:10
    #11 0x790adec60082 in __libc_start_main (/lib/x86_64-linux-gnu/libc.so.6+0x24082)

DEDUP_TOKEN: bitreader_read_from_client_--FLAC__bitreader_read_byte_block_aligned_no_crc--read_metadata_vorbiscomment_
  Uninitialized value was stored to memory at
    #0 0x55bab0 in bitreader_read_from_client_ /src/flac/src/libFLAC/bitreader.c:220:21
    #1 0x55df95 in FLAC__bitreader_read_byte_block_aligned_no_crc /src/flac/src/libFLAC/bitreader.c:714:12
    #2 0x54ee0b in read_metadata_vorbiscomment_ /src/flac/src/libFLAC/stream_decoder.c:1785:11
    #3 0x53b637 in read_metadata_ /src/flac/src/libFLAC/stream_decoder.c:1495:10
    #4 0x546bfe in FLAC__stream_decoder_process_until_end_of_stream /src/flac/src/libFLAC/stream_decoder.c:1097:9
    #5 0x530936 in FLAC::Decoder::Stream::process_until_end_of_stream() /src/flac/src/libFLAC++/stream_decoder.cpp:218:29
    #6 0x52be42 in LLVMFuzzerTestOneInput /src/flac/oss-fuzz/fuzzer_decoder.cc:294:50
    #7 0x455063 in fuzzer::Fuzzer::ExecuteCallback(unsigned char const*, unsigned long) /src/llvm-project/compiler-rt/lib/fuzzer/FuzzerLoop.cpp:611:15
    #8 0x440cf2 in fuzzer::RunOneTest(fuzzer::Fuzzer*, char const*, unsigned long) /src/llvm-project/compiler-rt/lib/fuzzer/FuzzerDriver.cpp:324:6
    #9 0x44653c in fuzzer::FuzzerDriver(int*, char***, int (*)(unsigned char const*, unsigned long)) /src/llvm-project/compiler-rt/lib/fuzzer/FuzzerDriver.cpp:860:9
    #10 0x46f132 in main /src/llvm-project/compiler-rt/lib/fuzzer/FuzzerMain.cpp:20:10
    #11 0x790adec60082 in __libc_start_main (/lib/x86_64-linux-gnu/libc.so.6+0x24082)

DEDUP_TOKEN: bitreader_read_from_client_--FLAC__bitreader_read_byte_block_aligned_no_crc--read_metadata_vorbiscomment_
  Uninitialized value was stored to memory at
    #0 0x55bc1b in bitreader_read_from_client_ /src/flac/src/libFLAC/bitreader.c:196:25
    #1 0x55df95 in FLAC__bitreader_read_byte_block_aligned_no_crc /src/flac/src/libFLAC/bitreader.c:714:12
    #2 0x54ee0b in read_metadata_vorbiscomment_ /src/flac/src/libFLAC/stream_decoder.c:1785:11
    #3 0x53b637 in read_metadata_ /src/flac/src/libFLAC/stream_decoder.c:1495:10
    #4 0x546bfe in FLAC__stream_decoder_process_until_end_of_stream /src/flac/src/libFLAC/stream_decoder.c:1097:9
    #5 0x530936 in FLAC::Decoder::Stream::process_until_end_of_stream() /src/flac/src/libFLAC++/stream_decoder.cpp:218:29
    #6 0x52be42 in LLVMFuzzerTestOneInput /src/flac/oss-fuzz/fuzzer_decoder.cc:294:50
    #7 0x455063 in fuzzer::Fuzzer::ExecuteCallback(unsigned char const*, unsigned long) /src/llvm-project/compiler-rt/lib/fuzzer/FuzzerLoop.cpp:611:15
    #8 0x440cf2 in fuzzer::RunOneTest(fuzzer::Fuzzer*, char const*, unsigned long) /src/llvm-project/compiler-rt/lib/fuzzer/FuzzerDriver.cpp:324:6
    #9 0x44653c in fuzzer::FuzzerDriver(int*, char***, int (*)(unsigned char const*, unsigned long)) /src/llvm-project/compiler-rt/lib/fuzzer/FuzzerDriver.cpp:860:9
    #10 0x46f132 in main /src/llvm-project/compiler-rt/lib/fuzzer/FuzzerMain.cpp:20:10
    #11 0x790adec60082 in __libc_start_main (/lib/x86_64-linux-gnu/libc.so.6+0x24082)

DEDUP_TOKEN: bitreader_read_from_client_--FLAC__bitreader_read_byte_block_aligned_no_crc--read_metadata_vorbiscomment_
  Uninitialized value was stored to memory at
    #0 0x4cef2f in __msan_memmove /src/llvm-project/compiler-rt/lib/msan/msan_interceptors.cpp:1603:3
    #1 0x55b5d1 in memmove /usr/include/x86_64-linux-gnu/bits/string_fortified.h:40:10
    #2 0x55b5d1 in bitreader_read_from_client_ /src/flac/src/libFLAC/bitreader.c:171:3
    #3 0x55df95 in FLAC__bitreader_read_byte_block_aligned_no_crc /src/flac/src/libFLAC/bitreader.c:714:12
    #4 0x54ee0b in read_metadata_vorbiscomment_ /src/flac/src/libFLAC/stream_decoder.c:1785:11
    #5 0x53b637 in read_metadata_ /src/flac/src/libFLAC/stream_decoder.c:1495:10
    #6 0x546bfe in FLAC__stream_decoder_process_until_end_of_stream /src/flac/src/libFLAC/stream_decoder.c:1097:9
    #7 0x530936 in FLAC::Decoder::Stream::process_until_end_of_stream() /src/flac/src/libFLAC++/stream_decoder.cpp:218:29
    #8 0x52be42 in LLVMFuzzerTestOneInput /src/flac/oss-fuzz/fuzzer_decoder.cc:294:50
    #9 0x455063 in fuzzer::Fuzzer::ExecuteCallback(unsigned char const*, unsigned long) /src/llvm-project/compiler-rt/lib/fuzzer/FuzzerLoop.cpp:611:15
    #10 0x440cf2 in fuzzer::RunOneTest(fuzzer::Fuzzer*, char const*, unsigned long) /src/llvm-project/compiler-rt/lib/fuzzer/FuzzerDriver.cpp:324:6
    #11 0x44653c in fuzzer::FuzzerDriver(int*, char***, int (*)(unsigned char const*, unsigned long)) /src/llvm-project/compiler-rt/lib/fuzzer/FuzzerDriver.cpp:860:9
    #12 0x46f132 in main /src/llvm-project/compiler-rt/lib/fuzzer/FuzzerMain.cpp:20:10
    #13 0x790adec60082 in __libc_start_main (/lib/x86_64-linux-gnu/libc.so.6+0x24082)

DEDUP_TOKEN: __msan_memmove--memmove--bitreader_read_from_client_
  Uninitialized value was stored to memory at
    #0 0x55bab0 in bitreader_read_from_client_ /src/flac/src/libFLAC/bitreader.c:220:21
    #1 0x55a16e in FLAC__bitreader_read_raw_uint32 /src/flac/src/libFLAC/bitreader.c:461:7
    #2 0x5384ac in find_metadata_ /src/flac/src/libFLAC/stream_decoder.c:1354:8
    #3 0x546a4b in FLAC__stream_decoder_process_until_end_of_stream /src/flac/src/libFLAC/stream_decoder.c:1093:9
    #4 0x530936 in FLAC::Decoder::Stream::process_until_end_of_stream() /src/flac/src/libFLAC++/stream_decoder.cpp:218:29
    #5 0x52be42 in LLVMFuzzerTestOneInput /src/flac/oss-fuzz/fuzzer_decoder.cc:294:50
    #6 0x455063 in fuzzer::Fuzzer::ExecuteCallback(unsigned char const*, unsigned long) /src/llvm-project/compiler-rt/lib/fuzzer/FuzzerLoop.cpp:611:15
    #7 0x440cf2 in fuzzer::RunOneTest(fuzzer::Fuzzer*, char const*, unsigned long) /src/llvm-project/compiler-rt/lib/fuzzer/FuzzerDriver.cpp:324:6
    #8 0x44653c in fuzzer::FuzzerDriver(int*, char***, int (*)(unsigned char const*, unsigned long)) /src/llvm-project/compiler-rt/lib/fuzzer/FuzzerDriver.cpp:860:9
    #9 0x46f132 in main /src/llvm-project/compiler-rt/lib/fuzzer/FuzzerMain.cpp:20:10
    #10 0x790adec60082 in __libc_start_main (/lib/x86_64-linux-gnu/libc.so.6+0x24082)

DEDUP_TOKEN: bitreader_read_from_client_--FLAC__bitreader_read_raw_uint32--find_metadata_
  Uninitialized value was created by a heap allocation
    #0 0x4d521d in __interceptor_malloc /src/llvm-project/compiler-rt/lib/msan/msan_interceptors.cpp:911:3
    #1 0x557d30 in FLAC__bitreader_init /src/flac/src/libFLAC/bitreader.c:279:15
    #2 0x532f5f in init_stream_internal_ /src/flac/src/libFLAC/stream_decoder.c:420:6
    #3 0x533731 in FLAC__stream_decoder_init_ogg_stream /src/flac/src/libFLAC/stream_decoder.c:492:9
    #4 0x530392 in FLAC::Decoder::Stream::init_ogg() /src/flac/src/libFLAC++/stream_decoder.cpp:182:11
    #5 0x52ba3a in LLVMFuzzerTestOneInput /src/flac/oss-fuzz/fuzzer_decoder.cc:243:31
    #6 0x455063 in fuzzer::Fuzzer::ExecuteCallback(unsigned char const*, unsigned long) /src/llvm-project/compiler-rt/lib/fuzzer/FuzzerLoop.cpp:611:15
    #7 0x440cf2 in fuzzer::RunOneTest(fuzzer::Fuzzer*, char const*, unsigned long) /src/llvm-project/compiler-rt/lib/fuzzer/FuzzerDriver.cpp:324:6
    #8 0x44653c in fuzzer::FuzzerDriver(int*, char***, int (*)(unsigned char const*, unsigned long)) /src/llvm-project/compiler-rt/lib/fuzzer/FuzzerDriver.cpp:860:9
    #9 0x46f132 in main /src/llvm-project/compiler-rt/lib/fuzzer/FuzzerMain.cpp:20:10
    #10 0x790adec60082 in __libc_start_main (/lib/x86_64-linux-gnu/libc.so.6+0x24082)

DEDUP_TOKEN: __interceptor_malloc--FLAC__bitreader_init--init_stream_internal_
SUMMARY: MemorySanitizer: use-of-uninitialized-value /src/flac/src/libFLAC/crc.c:403:9 in FLAC__crc16_update_words32
Unique heap origins: 62
Stack depot allocated bytes: 1638400
Unique origin histories: 11
History depot allocated bytes: 196608
Exiting
