Unable to find image 'n132/arvo:47911-vul' locally
47911-vul: Pulling from n132/arvo
d7bfe07ed847: Already exists
3dd93ef8ffd9: Already exists
790f9d0a0dce: Already exists
11cd3f144815: Already exists
aca768540b99: Already exists
35b1312e159e: Already exists
4d0ca8b7e228: Already exists
414fd4239a5b: Already exists
134292459dc2: Already exists
3e879b680f74: Already exists
4e3ee7259875: Already exists
179bd47227be: Already exists
662cb2cd82c8: Already exists
2b2061b7cfc8: Already exists
09a8db6460fc: Already exists
35013daf344c: Already exists
e30bb79aa736: Already exists
a40f0e6334a1: Already exists
2040f9a72d25: Already exists
5b9b7d46044b: Already exists
281dec0535bb: Already exists
5da4306d17df: Already exists
8576b352dfb8: Pulling fs layer
eaea3d046700: Pulling fs layer
42fc001cbb58: Pulling fs layer
b593ac7ac3f5: Pulling fs layer
f1dda456a6d9: Pulling fs layer
12a7594d1481: Pulling fs layer
7fafef6bb47e: Pulling fs layer
7478e73389ea: Pulling fs layer
96acc6095c71: Pulling fs layer
d032f1c337e2: Pulling fs layer
13901f28f839: Pulling fs layer
9b4a88f3a61a: Pulling fs layer
13d7fc57145d: Pulling fs layer
c74e48a5b0d1: Pulling fs layer
e6e582045143: Pulling fs layer
1d0f0dac8ecc: Pulling fs layer
7fafef6bb47e: Waiting
dc05b0cae96f: Pulling fs layer
7478e73389ea: Waiting
0b935a3ab2c7: Pulling fs layer
96acc6095c71: Waiting
4d61619e5c23: Pulling fs layer
d032f1c337e2: Waiting
946c6e26e0ff: Pulling fs layer
c74e48a5b0d1: Waiting
13901f28f839: Waiting
8ee70be93824: Pulling fs layer
9b4a88f3a61a: Waiting
823b556b817b: Pulling fs layer
e6e582045143: Waiting
b29569d002ba: Pulling fs layer
13d7fc57145d: Waiting
dc05b0cae96f: Waiting
7e0514e9977a: Pulling fs layer
823b556b817b: Waiting
946c6e26e0ff: Waiting
0b935a3ab2c7: Waiting
4d61619e5c23: Waiting
8ee70be93824: Waiting
1d0f0dac8ecc: Waiting
b29569d002ba: Waiting
f1dda456a6d9: Waiting
b593ac7ac3f5: Waiting
12a7594d1481: Waiting
7e0514e9977a: Waiting
42fc001cbb58: Waiting
eaea3d046700: Verifying Checksum
eaea3d046700: Download complete
8576b352dfb8: Verifying Checksum
8576b352dfb8: Download complete
42fc001cbb58: Verifying Checksum
42fc001cbb58: Download complete
f1dda456a6d9: Verifying Checksum
f1dda456a6d9: Download complete
8576b352dfb8: Pull complete
eaea3d046700: Pull complete
12a7594d1481: Verifying Checksum
12a7594d1481: Download complete
7fafef6bb47e: Verifying Checksum
7fafef6bb47e: Download complete
42fc001cbb58: Pull complete
7478e73389ea: Verifying Checksum
7478e73389ea: Download complete
96acc6095c71: Verifying Checksum
96acc6095c71: Download complete
d032f1c337e2: Verifying Checksum
13901f28f839: Verifying Checksum
13901f28f839: Download complete
9b4a88f3a61a: Verifying Checksum
9b4a88f3a61a: Download complete
13d7fc57145d: Verifying Checksum
13d7fc57145d: Download complete
b593ac7ac3f5: Verifying Checksum
b593ac7ac3f5: Download complete
e6e582045143: Verifying Checksum
e6e582045143: Download complete
b593ac7ac3f5: Pull complete
f1dda456a6d9: Pull complete
12a7594d1481: Pull complete
7fafef6bb47e: Pull complete
7478e73389ea: Pull complete
1d0f0dac8ecc: Verifying Checksum
1d0f0dac8ecc: Download complete
96acc6095c71: Pull complete
d032f1c337e2: Pull complete
13901f28f839: Pull complete
9b4a88f3a61a: Pull complete
13d7fc57145d: Pull complete
c74e48a5b0d1: Verifying Checksum
c74e48a5b0d1: Download complete
c74e48a5b0d1: Pull complete
e6e582045143: Pull complete
1d0f0dac8ecc: Pull complete
0b935a3ab2c7: Verifying Checksum
0b935a3ab2c7: Download complete
4d61619e5c23: Verifying Checksum
4d61619e5c23: Download complete
dc05b0cae96f: Verifying Checksum
dc05b0cae96f: Download complete
dc05b0cae96f: Pull complete
0b935a3ab2c7: Pull complete
4d61619e5c23: Pull complete
8ee70be93824: Verifying Checksum
8ee70be93824: Download complete
823b556b817b: Verifying Checksum
823b556b817b: Download complete
946c6e26e0ff: Verifying Checksum
946c6e26e0ff: Download complete
946c6e26e0ff: Pull complete
8ee70be93824: Pull complete
823b556b817b: Pull complete
7e0514e9977a: Download complete
b29569d002ba: Verifying Checksum
b29569d002ba: Download complete
b29569d002ba: Pull complete
7e0514e9977a: Pull complete
Digest: sha256:3b5a271361338196b5a042a0baef12ac65846abe2f046411050673b1c07b867e
Status: Downloaded newer image for n132/arvo:47911-vul
