Unable to find image 'n132/arvo:47936-vul' locally
47936-vul: Pulling from n132/arvo
d7bfe07ed847: Already exists
3dd93ef8ffd9: Already exists
790f9d0a0dce: Already exists
11cd3f144815: Already exists
aca768540b99: Already exists
35b1312e159e: Already exists
4d0ca8b7e228: Already exists
414fd4239a5b: Already exists
134292459dc2: Already exists
3e879b680f74: Already exists
4e3ee7259875: Already exists
179bd47227be: Already exists
662cb2cd82c8: Already exists
2b2061b7cfc8: Already exists
09a8db6460fc: Already exists
35013daf344c: Already exists
e30bb79aa736: Already exists
a40f0e6334a1: Already exists
2040f9a72d25: Already exists
5b9b7d46044b: Already exists
281dec0535bb: Already exists
5da4306d17df: Already exists
1c39f39e0907: Pulling fs layer
3dfdf29c7842: Pulling fs layer
5b59477fa5ba: Pulling fs layer
839a92409667: Pulling fs layer
00fe3874ca2d: Pulling fs layer
e45946adf552: Pulling fs layer
dc004de62b52: Pulling fs layer
68ee355f86fe: Pulling fs layer
6d1db222084b: Pulling fs layer
05e886c9440e: Pulling fs layer
a2e52eeed268: Pulling fs layer
00fe3874ca2d: Waiting
a4288cc2d54a: Pulling fs layer
e45946adf552: Waiting
dc004de62b52: Waiting
93a3565d6c76: Pulling fs layer
05e886c9440e: Waiting
535cff46a874: Pulling fs layer
a2e52eeed268: Waiting
a78b699ff6f2: Pulling fs layer
68ee355f86fe: Waiting
a4288cc2d54a: Waiting
d561fff21562: Pulling fs layer
5b59477fa5ba: Waiting
6d1db222084b: Waiting
93a3565d6c76: Waiting
2fe04d1972c3: Pulling fs layer
535cff46a874: Waiting
9c1e7160cc18: Pulling fs layer
a78b699ff6f2: Waiting
839a92409667: Waiting
2fe04d1972c3: Waiting
f83a7e3e18d4: Pulling fs layer
d561fff21562: Waiting
1e900a77798f: Pulling fs layer
f83a7e3e18d4: Waiting
9c1e7160cc18: Waiting
5247cbb56154: Pulling fs layer
5e911d633bf4: Pulling fs layer
2dcaf6eb9b41: Pulling fs layer
efe5628516bd: Pulling fs layer
1e900a77798f: Waiting
5247cbb56154: Waiting
5e911d633bf4: Waiting
2dcaf6eb9b41: Waiting
efe5628516bd: Waiting
3dfdf29c7842: Verifying Checksum
3dfdf29c7842: Download complete
1c39f39e0907: Verifying Checksum
1c39f39e0907: Download complete
5b59477fa5ba: Verifying Checksum
5b59477fa5ba: Download complete
00fe3874ca2d: Verifying Checksum
00fe3874ca2d: Download complete
1c39f39e0907: Pull complete
3dfdf29c7842: Pull complete
e45946adf552: Verifying Checksum
e45946adf552: Download complete
5b59477fa5ba: Pull complete
dc004de62b52: Verifying Checksum
dc004de62b52: Download complete
68ee355f86fe: Verifying Checksum
68ee355f86fe: Download complete
839a92409667: Verifying Checksum
839a92409667: Download complete
6d1db222084b: Verifying Checksum
6d1db222084b: Download complete
05e886c9440e: Verifying Checksum
05e886c9440e: Download complete
839a92409667: Pull complete
a4288cc2d54a: Verifying Checksum
a4288cc2d54a: Download complete
a2e52eeed268: Verifying Checksum
a2e52eeed268: Download complete
00fe3874ca2d: Pull complete
e45946adf552: Pull complete
dc004de62b52: Pull complete
68ee355f86fe: Pull complete
93a3565d6c76: Verifying Checksum
93a3565d6c76: Download complete
6d1db222084b: Pull complete
05e886c9440e: Pull complete
a2e52eeed268: Pull complete
a4288cc2d54a: Pull complete
93a3565d6c76: Pull complete
a78b699ff6f2: Verifying Checksum
a78b699ff6f2: Download complete
d561fff21562: Verifying Checksum
d561fff21562: Download complete
535cff46a874: Verifying Checksum
535cff46a874: Download complete
2fe04d1972c3: Verifying Checksum
2fe04d1972c3: Download complete
535cff46a874: Pull complete
a78b699ff6f2: Pull complete
d561fff21562: Pull complete
9c1e7160cc18: Verifying Checksum
9c1e7160cc18: Download complete
2fe04d1972c3: Pull complete
9c1e7160cc18: Pull complete
f83a7e3e18d4: Verifying Checksum
f83a7e3e18d4: Download complete
f83a7e3e18d4: Pull complete
5247cbb56154: Verifying Checksum
5247cbb56154: Download complete
1e900a77798f: Verifying Checksum
1e900a77798f: Download complete
5e911d633bf4: Verifying Checksum
5e911d633bf4: Download complete
1e900a77798f: Pull complete
5247cbb56154: Pull complete
5e911d633bf4: Pull complete
efe5628516bd: Verifying Checksum
efe5628516bd: Download complete
2dcaf6eb9b41: Verifying Checksum
2dcaf6eb9b41: Download complete
2dcaf6eb9b41: Pull complete
efe5628516bd: Pull complete
Digest: sha256:27f50efc5b350f21823fe98da9666ee5b10e26dcf1966d31c3dd6f5948c76e9b
Status: Downloaded newer image for n132/arvo:47936-vul
