INFO: Running with entropic power schedule (0xFF, 100).
INFO: Seed: 3122551113
INFO: Loaded 1 modules   (26311 inline 8-bit counters): 26311 [0x5c70fb2f5598, 0x5c70fb2fbc5f), 
INFO: Loaded 1 PC tables (26311 PCs): 26311 [0x5c70fb2fbc60,0x5c70fb3628d0), 
/out/djxl_fuzzer: Running 1 inputs 1 time(s) each.
Running: /tmp/poc
=================================================================
==7==ERROR: AddressSanitizer: heap-buffer-overflow on address 0x60600000017d at pc 0x5c70fad41221 bp 0x7ffc91454230 sp 0x7ffc914539f8
READ of size 64 at 0x60600000017d thread T0
SCARINESS: 26 (multi-byte-read-heap-buffer-overflow)
    #0 0x5c70fad41220 in __asan_memcpy /src/llvm-project/compiler-rt/lib/asan/asan_interceptors_memintrinsics.cpp:22:3
    #1 0x5c70faeac174 in jxl::JxlBoxContentDecoder::Process(unsigned char const*, unsigned long, unsigned long, unsigned char**, unsigned long*) /src/libjxl/lib/jxl/box_content_decoder.cc:86:5
    #2 0x5c70fad8faf6 in HandleBoxes(JxlDecoderStruct*) /src/libjxl/lib/jxl/decode.cc:1817:64
    #3 0x5c70fad8e1ef in JxlDecoderProcessInput /src/libjxl/lib/jxl/decode.cc:2269:29
    #4 0x5c70fad7c85e in DecodeJpegXl /src/libjxl/tools/djxl_fuzzer.cc:178:31
    #5 0x5c70fad7c85e in TestOneInput /src/libjxl/tools/djxl_fuzzer.cc:559:3
    #6 0x5c70fad7c85e in LLVMFuzzerTestOneInput /src/libjxl/tools/djxl_fuzzer.cc:569:10
    #7 0x5c70fac73513 in fuzzer::Fuzzer::ExecuteCallback(unsigned char const*, unsigned long) /src/llvm-project/compiler-rt/lib/fuzzer/FuzzerLoop.cpp:611:15
    #8 0x5c70fac5f1a2 in fuzzer::RunOneTest(fuzzer::Fuzzer*, char const*, unsigned long) /src/llvm-project/compiler-rt/lib/fuzzer/FuzzerDriver.cpp:324:6
    #9 0x5c70fac649ec in fuzzer::FuzzerDriver(int*, char***, int (*)(unsigned char const*, unsigned long)) /src/llvm-project/compiler-rt/lib/fuzzer/FuzzerDriver.cpp:860:9
    #10 0x5c70fac8d5e2 in main /src/llvm-project/compiler-rt/lib/fuzzer/FuzzerMain.cpp:20:10
    #11 0x79774f4d9082 in __libc_start_main (/lib/x86_64-linux-gnu/libc.so.6+0x24082)
    #12 0x5c70fac3d9cd in _start (/out/djxl_fuzzer+0xfa9cd)

DEDUP_TOKEN: __asan_memcpy--jxl::JxlBoxContentDecoder::Process(unsigned char const*, unsigned long, unsigned long, unsigned char**, unsigned long*)--HandleBoxes(JxlDecoderStruct*)
0x60600000017d is located 0 bytes to the right of 61-byte region [0x606000000140,0x60600000017d)
allocated by thread T0 here:
    #0 0x5c70fad41dfd in __interceptor_malloc /src/llvm-project/compiler-rt/lib/asan/asan_malloc_linux.cpp:129:3
    #1 0x5c70fac551a7 in operator new(unsigned long) cxa_noexception.cpp
    #2 0x5c70fac5f1a2 in fuzzer::RunOneTest(fuzzer::Fuzzer*, char const*, unsigned long) /src/llvm-project/compiler-rt/lib/fuzzer/FuzzerDriver.cpp:324:6
    #3 0x5c70fac649ec in fuzzer::FuzzerDriver(int*, char***, int (*)(unsigned char const*, unsigned long)) /src/llvm-project/compiler-rt/lib/fuzzer/FuzzerDriver.cpp:860:9
    #4 0x5c70fac8d5e2 in main /src/llvm-project/compiler-rt/lib/fuzzer/FuzzerMain.cpp:20:10
    #5 0x79774f4d9082 in __libc_start_main (/lib/x86_64-linux-gnu/libc.so.6+0x24082)

DEDUP_TOKEN: __interceptor_malloc--operator new(unsigned long)--fuzzer::RunOneTest(fuzzer::Fuzzer*, char const*, unsigned long)
SUMMARY: AddressSanitizer: heap-buffer-overflow /src/llvm-project/compiler-rt/lib/asan/asan_interceptors_memintrinsics.cpp:22:3 in __asan_memcpy
Shadow bytes around the buggy address:
  0x0c0c7fff7fd0: 00 00 00 00 00 00 00 00 00 00 00 00 00 00 00 00
  0x0c0c7fff7fe0: 00 00 00 00 00 00 00 00 00 00 00 00 00 00 00 00
  0x0c0c7fff7ff0: 00 00 00 00 00 00 00 00 00 00 00 00 00 00 00 00
  0x0c0c7fff8000: fa fa fa fa fd fd fd fd fd fd fd fa fa fa fa fa
  0x0c0c7fff8010: 00 00 00 00 00 00 03 fa fa fa fa fa 00 00 00 00
=>0x0c0c7fff8020: 00 00 00 05 fa fa fa fa 00 00 00 00 00 00 00[05]
  0x0c0c7fff8030: fa fa fa fa fd fd fd fd fd fd fd fd fa fa fa fa
  0x0c0c7fff8040: fd fd fd fd fd fd fd fd fa fa fa fa fd fd fd fd
  0x0c0c7fff8050: fd fd fd fd fa fa fa fa 00 00 00 00 00 00 00 00
  0x0c0c7fff8060: fa fa fa fa fa fa fa fa fa fa fa fa fa fa fa fa
  0x0c0c7fff8070: fa fa fa fa fa fa fa fa fa fa fa fa fa fa fa fa
Shadow byte legend (one shadow byte represents 8 application bytes):
  Addressable:           00
  Partially addressable: 01 02 03 04 05 06 07 
  Heap left redzone:       fa
  Freed heap region:       fd
  Stack left redzone:      f1
  Stack mid redzone:       f2
  Stack right redzone:     f3
  Stack after return:      f5
  Stack use after scope:   f8
  Global redzone:          f9
  Global init order:       f6
  Poisoned by user:        f7
  Container overflow:      fc
  Array cookie:            ac
  Intra object redzone:    bb
  ASan internal:           fe
  Left alloca redzone:     ca
  Right alloca redzone:    cb
==7==ABORTING
