INFO: Running with entropic power schedule (0xFF, 100).
INFO: Seed: 3328739749
INFO: Loaded 1 modules   (27490 inline 8-bit counters): 27490 [0x5b1708efcf68, 0x5b1708f03aca), 
INFO: Loaded 1 PC tables (27490 PCs): 27490 [0x5b1708f03ad0,0x5b1708f6f0f0), 
/out/djxl_fuzzer: Running 1 inputs 1 time(s) each.
Running: /tmp/poc
=================================================================
==7==ERROR: AddressSanitizer: heap-use-after-free on address 0x61f00001e380 at pc 0x5b1708d3cd74 bp 0x7ffe0afd14b0 sp 0x7ffe0afd14a8
READ of size 4 at 0x61f00001e380 thread T0
SCARINESS: 45 (4-byte-read-heap-use-after-free)
    #0 0x5b1708d3cd73 in jxl::(anonymous namespace)::WriteToPixelCallbackStage::ProcessRow(std::__1::vector<std::__1::vector<float*, std::__1::allocator<float*> >, std::__1::allocator<std::__1::vector<float*, std::__1::allocator<float*> > > > const&, std::__1::vector<std::__1::vector<float*, std::__1::allocator<float*> >, std::__1::allocator<std::__1::vector<float*, std::__1::allocator<float*> > > > const&, unsigned long, unsigned long, unsigned long, unsigned long, unsigned long) const /src/libjxl/lib/jxl/render_pipeline/stage_write.cc:334:21
    #1 0x5b1708ca76d9 in jxl::LowMemoryRenderPipeline::RenderRect(unsigned long, std::__1::vector<jxl::Plane<float>, std::__1::allocator<jxl::Plane<float> > >&, jxl::RectT<unsigned long>, jxl::RectT<unsigned long>) /src/libjxl/lib/jxl/render_pipeline/low_memory_render_pipeline.cc:743:19
    #2 0x5b1708caaf13 in jxl::LowMemoryRenderPipeline::ProcessBuffers(unsigned long, unsigned long) /src/libjxl/lib/jxl/render_pipeline/low_memory_render_pipeline.cc:861:5
    #3 0x5b1708bc9450 in operator() /src/libjxl/lib/jxl/dec_modular.cc:700:3
    #4 0x5b1708bc9450 in jxl::ThreadPool::RunCallState<jxl::ModularFrameDecoder::FinalizeDecoding(jxl::PassesDecoderState*, jxl::ThreadPool*, bool)::$_4, jxl::ModularFrameDecoder::FinalizeDecoding(jxl::PassesDecoderState*, jxl::ThreadPool*, bool)::$_5>::CallDataFunc(void*, unsigned int, unsigned long) /src/libjxl/lib/jxl/base/data_parallel.h:84:14
    #5 0x5b1708a381b1 in jxl::ThreadPool::SequentialRunnerStatic(void*, void*, int (*)(void*, unsigned long), void (*)(void*, unsigned int, unsigned long), unsigned int, unsigned int) /src/libjxl/lib/jxl/base/data_parallel.cc:18:5
    #6 0x5b1708bc4570 in Run<(lambda at /src/libjxl/lib/jxl/dec_modular.cc:700:3), (lambda at /src/libjxl/lib/jxl/dec_modular.cc:700:3)> /src/libjxl/lib/jxl/base/data_parallel.h:53:12
    #7 0x5b1708bc4570 in RunOnPool<(lambda at /src/libjxl/lib/jxl/dec_modular.cc:700:3), (lambda at /src/libjxl/lib/jxl/dec_modular.cc:700:3)> /src/libjxl/lib/jxl/base/data_parallel.h:109:25
    #8 0x5b1708bc4570 in jxl::ModularFrameDecoder::FinalizeDecoding(jxl::PassesDecoderState*, jxl::ThreadPool*, bool) /src/libjxl/lib/jxl/dec_modular.cc:700:3
    #9 0x5b1708a7dc76 in jxl::FrameDecoder::Flush() /src/libjxl/lib/jxl/dec_frame.cc:778:3
    #10 0x5b1708a74a0d in jxl::FrameDecoder::FinalizeFrame() /src/libjxl/lib/jxl/dec_frame.cc:862:3
    #11 0x5b170891b4c8 in JxlDecoderProcessCodestream /src/libjxl/lib/jxl/decode.cc:1535:28
    #12 0x5b170891b4c8 in HandleBoxes(JxlDecoderStruct*) /src/libjxl/lib/jxl/decode.cc:1994:33
    #13 0x5b170891298f in JxlDecoderProcessInput /src/libjxl/lib/jxl/decode.cc:2140:29
    #14 0x5b17089003fe in DecodeJpegXl /src/libjxl/tools/djxl_fuzzer.cc:178:31
    #15 0x5b17089003fe in TestOneInput /src/libjxl/tools/djxl_fuzzer.cc:559:3
    #16 0x5b17089003fe in LLVMFuzzerTestOneInput /src/libjxl/tools/djxl_fuzzer.cc:569:10
    #17 0x5b17087f70b3 in fuzzer::Fuzzer::ExecuteCallback(unsigned char const*, unsigned long) /src/llvm-project/compiler-rt/lib/fuzzer/FuzzerLoop.cpp:611:15
    #18 0x5b17087e2d42 in fuzzer::RunOneTest(fuzzer::Fuzzer*, char const*, unsigned long) /src/llvm-project/compiler-rt/lib/fuzzer/FuzzerDriver.cpp:324:6
    #19 0x5b17087e858c in fuzzer::FuzzerDriver(int*, char***, int (*)(unsigned char const*, unsigned long)) /src/llvm-project/compiler-rt/lib/fuzzer/FuzzerDriver.cpp:860:9
    #20 0x5b1708811182 in main /src/llvm-project/compiler-rt/lib/fuzzer/FuzzerMain.cpp:20:10
    #21 0x75533b122082 in __libc_start_main (/lib/x86_64-linux-gnu/libc.so.6+0x24082)
    #22 0x5b17087c156d in _start (/out/djxl_fuzzer+0x11056d)

DEDUP_TOKEN: jxl::(anonymous namespace)::WriteToPixelCallbackStage::ProcessRow(std::__1::vector<std::__1::vector<float*, std::__1::allocator<float*> >, std::__1::allocator<std::__1::vector<float*, std::__1::allocator<float*> > > > const&, std::__1::vector<std::__1::vector<float*, std::__1::allocator<float*> >, std::__1::allocator<std::__1::vector<float*, std::__1::allocator<float*> > > > const&, unsigned long, unsigned long, unsigned long, unsigned long, unsigned long) const--jxl::LowMemoryRenderPipeline::RenderRect(unsigned long, std::__1::vector<jxl::Plane<float>, std::__1::allocator<jxl::Plane<float> > >&, jxl::RectT<unsigned long>, jxl::RectT<unsigned long>)--jxl::LowMemoryRenderPipeline::ProcessBuffers(unsigned long, unsigned long)
0x61f00001e380 is located 1792 bytes inside of 3328-byte region [0x61f00001dc80,0x61f00001e980)
freed by thread T0 here:
    #0 0x5b17088c5732 in free /src/llvm-project/compiler-rt/lib/asan/asan_malloc_linux.cpp:111:3
    #1 0x5b1708d3c63d in operator() /src/libjxl/lib/jxl/base/cache_aligned.h:52:12
    #2 0x5b1708d3c63d in reset /usr/local/bin/../include/c++/v1/__memory/unique_ptr.h:548:7
    #3 0x5b1708d3c63d in ~unique_ptr /usr/local/bin/../include/c++/v1/__memory/unique_ptr.h:492:19
    #4 0x5b1708d3c63d in ~PlaneBase /src/libjxl/lib/jxl/image.h:29:8
    #5 0x5b1708d3c63d in jxl::(anonymous namespace)::WriteToPixelCallbackStage::ProcessRow(std::__1::vector<std::__1::vector<float*, std::__1::allocator<float*> >, std::__1::allocator<std::__1::vector<float*, std::__1::allocator<float*> > > > const&, std::__1::vector<std::__1::vector<float*, std::__1::allocator<float*> >, std::__1::allocator<std::__1::vector<float*, std::__1::allocator<float*> > > > const&, unsigned long, unsigned long, unsigned long, unsigned long, unsigned long) const /src/libjxl/lib/jxl/render_pipeline/stage_write.cc:324:5
    #6 0x5b1708ca76d9 in jxl::LowMemoryRenderPipeline::RenderRect(unsigned long, std::__1::vector<jxl::Plane<float>, std::__1::allocator<jxl::Plane<float> > >&, jxl::RectT<unsigned long>, jxl::RectT<unsigned long>) /src/libjxl/lib/jxl/render_pipeline/low_memory_render_pipeline.cc:743:19
    #7 0x5b1708caaf13 in jxl::LowMemoryRenderPipeline::ProcessBuffers(unsigned long, unsigned long) /src/libjxl/lib/jxl/render_pipeline/low_memory_render_pipeline.cc:861:5
    #8 0x5b1708bc9450 in operator() /src/libjxl/lib/jxl/dec_modular.cc:700:3
    #9 0x5b1708bc9450 in jxl::ThreadPool::RunCallState<jxl::ModularFrameDecoder::FinalizeDecoding(jxl::PassesDecoderState*, jxl::ThreadPool*, bool)::$_4, jxl::ModularFrameDecoder::FinalizeDecoding(jxl::PassesDecoderState*, jxl::ThreadPool*, bool)::$_5>::CallDataFunc(void*, unsigned int, unsigned long) /src/libjxl/lib/jxl/base/data_parallel.h:84:14
    #10 0x5b1708a381b1 in jxl::ThreadPool::SequentialRunnerStatic(void*, void*, int (*)(void*, unsigned long), void (*)(void*, unsigned int, unsigned long), unsigned int, unsigned int) /src/libjxl/lib/jxl/base/data_parallel.cc:18:5
    #11 0x5b1708bc4570 in Run<(lambda at /src/libjxl/lib/jxl/dec_modular.cc:700:3), (lambda at /src/libjxl/lib/jxl/dec_modular.cc:700:3)> /src/libjxl/lib/jxl/base/data_parallel.h:53:12
    #12 0x5b1708bc4570 in RunOnPool<(lambda at /src/libjxl/lib/jxl/dec_modular.cc:700:3), (lambda at /src/libjxl/lib/jxl/dec_modular.cc:700:3)> /src/libjxl/lib/jxl/base/data_parallel.h:109:25
    #13 0x5b1708bc4570 in jxl::ModularFrameDecoder::FinalizeDecoding(jxl::PassesDecoderState*, jxl::ThreadPool*, bool) /src/libjxl/lib/jxl/dec_modular.cc:700:3
    #14 0x5b1708a7dc76 in jxl::FrameDecoder::Flush() /src/libjxl/lib/jxl/dec_frame.cc:778:3
    #15 0x5b1708a74a0d in jxl::FrameDecoder::FinalizeFrame() /src/libjxl/lib/jxl/dec_frame.cc:862:3
    #16 0x5b170891b4c8 in JxlDecoderProcessCodestream /src/libjxl/lib/jxl/decode.cc:1535:28
    #17 0x5b170891b4c8 in HandleBoxes(JxlDecoderStruct*) /src/libjxl/lib/jxl/decode.cc:1994:33
    #18 0x5b170891298f in JxlDecoderProcessInput /src/libjxl/lib/jxl/decode.cc:2140:29
    #19 0x5b17089003fe in DecodeJpegXl /src/libjxl/tools/djxl_fuzzer.cc:178:31
    #20 0x5b17089003fe in TestOneInput /src/libjxl/tools/djxl_fuzzer.cc:559:3
    #21 0x5b17089003fe in LLVMFuzzerTestOneInput /src/libjxl/tools/djxl_fuzzer.cc:569:10
    #22 0x5b17087f70b3 in fuzzer::Fuzzer::ExecuteCallback(unsigned char const*, unsigned long) /src/llvm-project/compiler-rt/lib/fuzzer/FuzzerLoop.cpp:611:15
    #23 0x5b17087e2d42 in fuzzer::RunOneTest(fuzzer::Fuzzer*, char const*, unsigned long) /src/llvm-project/compiler-rt/lib/fuzzer/FuzzerDriver.cpp:324:6
    #24 0x5b17087e858c in fuzzer::FuzzerDriver(int*, char***, int (*)(unsigned char const*, unsigned long)) /src/llvm-project/compiler-rt/lib/fuzzer/FuzzerDriver.cpp:860:9
    #25 0x5b1708811182 in main /src/llvm-project/compiler-rt/lib/fuzzer/FuzzerMain.cpp:20:10
    #26 0x75533b122082 in __libc_start_main (/lib/x86_64-linux-gnu/libc.so.6+0x24082)

DEDUP_TOKEN: free--operator()--reset
previously allocated by thread T0 here:
    #0 0x5b17088c599d in __interceptor_malloc /src/llvm-project/compiler-rt/lib/asan/asan_malloc_linux.cpp:129:3
    #1 0x5b1708a37d26 in jxl::CacheAligned::Allocate(unsigned long, unsigned long) /src/libjxl/lib/jxl/base/cache_aligned.cc:88:21
    #2 0x5b170896bbf7 in Allocate /src/libjxl/lib/jxl/base/cache_aligned.h:43:12
    #3 0x5b170896bbf7 in AllocateArray /src/libjxl/lib/jxl/base/cache_aligned.h:61:29
    #4 0x5b170896bbf7 in jxl::PlaneBase::PlaneBase(unsigned long, unsigned long, unsigned long) /src/libjxl/lib/jxl/image.cc:93:14
    #5 0x5b1708d3c499 in Plane /src/libjxl/lib/jxl/image.h:151:9
    #6 0x5b1708d3c499 in jxl::(anonymous namespace)::WriteToPixelCallbackStage::ProcessRow(std::__1::vector<std::__1::vector<float*, std::__1::allocator<float*> >, std::__1::allocator<std::__1::vector<float*, std::__1::allocator<float*> > > > const&, std::__1::vector<std::__1::vector<float*, std::__1::allocator<float*> >, std::__1::allocator<std::__1::vector<float*, std::__1::allocator<float*> > > > const&, unsigned long, unsigned long, unsigned long, unsigned long, unsigned long) const /src/libjxl/lib/jxl/render_pipeline/stage_write.cc:315:14
    #7 0x5b1708ca76d9 in jxl::LowMemoryRenderPipeline::RenderRect(unsigned long, std::__1::vector<jxl::Plane<float>, std::__1::allocator<jxl::Plane<float> > >&, jxl::RectT<unsigned long>, jxl::RectT<unsigned long>) /src/libjxl/lib/jxl/render_pipeline/low_memory_render_pipeline.cc:743:19
    #8 0x5b1708caaf13 in jxl::LowMemoryRenderPipeline::ProcessBuffers(unsigned long, unsigned long) /src/libjxl/lib/jxl/render_pipeline/low_memory_render_pipeline.cc:861:5
    #9 0x5b1708bc9450 in operator() /src/libjxl/lib/jxl/dec_modular.cc:700:3
    #10 0x5b1708bc9450 in jxl::ThreadPool::RunCallState<jxl::ModularFrameDecoder::FinalizeDecoding(jxl::PassesDecoderState*, jxl::ThreadPool*, bool)::$_4, jxl::ModularFrameDecoder::FinalizeDecoding(jxl::PassesDecoderState*, jxl::ThreadPool*, bool)::$_5>::CallDataFunc(void*, unsigned int, unsigned long) /src/libjxl/lib/jxl/base/data_parallel.h:84:14
    #11 0x5b1708a381b1 in jxl::ThreadPool::SequentialRunnerStatic(void*, void*, int (*)(void*, unsigned long), void (*)(void*, unsigned int, unsigned long), unsigned int, unsigned int) /src/libjxl/lib/jxl/base/data_parallel.cc:18:5
    #12 0x5b1708bc4570 in Run<(lambda at /src/libjxl/lib/jxl/dec_modular.cc:700:3), (lambda at /src/libjxl/lib/jxl/dec_modular.cc:700:3)> /src/libjxl/lib/jxl/base/data_parallel.h:53:12
    #13 0x5b1708bc4570 in RunOnPool<(lambda at /src/libjxl/lib/jxl/dec_modular.cc:700:3), (lambda at /src/libjxl/lib/jxl/dec_modular.cc:700:3)> /src/libjxl/lib/jxl/base/data_parallel.h:109:25
    #14 0x5b1708bc4570 in jxl::ModularFrameDecoder::FinalizeDecoding(jxl::PassesDecoderState*, jxl::ThreadPool*, bool) /src/libjxl/lib/jxl/dec_modular.cc:700:3
    #15 0x5b1708a7dc76 in jxl::FrameDecoder::Flush() /src/libjxl/lib/jxl/dec_frame.cc:778:3
    #16 0x5b1708a74a0d in jxl::FrameDecoder::FinalizeFrame() /src/libjxl/lib/jxl/dec_frame.cc:862:3
    #17 0x5b170891b4c8 in JxlDecoderProcessCodestream /src/libjxl/lib/jxl/decode.cc:1535:28
    #18 0x5b170891b4c8 in HandleBoxes(JxlDecoderStruct*) /src/libjxl/lib/jxl/decode.cc:1994:33
    #19 0x5b170891298f in JxlDecoderProcessInput /src/libjxl/lib/jxl/decode.cc:2140:29
    #20 0x5b17089003fe in DecodeJpegXl /src/libjxl/tools/djxl_fuzzer.cc:178:31
    #21 0x5b17089003fe in TestOneInput /src/libjxl/tools/djxl_fuzzer.cc:559:3
    #22 0x5b17089003fe in LLVMFuzzerTestOneInput /src/libjxl/tools/djxl_fuzzer.cc:569:10
    #23 0x5b17087f70b3 in fuzzer::Fuzzer::ExecuteCallback(unsigned char const*, unsigned long) /src/llvm-project/compiler-rt/lib/fuzzer/FuzzerLoop.cpp:611:15
    #24 0x5b17087e2d42 in fuzzer::RunOneTest(fuzzer::Fuzzer*, char const*, unsigned long) /src/llvm-project/compiler-rt/lib/fuzzer/FuzzerDriver.cpp:324:6
    #25 0x5b17087e858c in fuzzer::FuzzerDriver(int*, char***, int (*)(unsigned char const*, unsigned long)) /src/llvm-project/compiler-rt/lib/fuzzer/FuzzerDriver.cpp:860:9
    #26 0x5b1708811182 in main /src/llvm-project/compiler-rt/lib/fuzzer/FuzzerMain.cpp:20:10
    #27 0x75533b122082 in __libc_start_main (/lib/x86_64-linux-gnu/libc.so.6+0x24082)

DEDUP_TOKEN: __interceptor_malloc--jxl::CacheAligned::Allocate(unsigned long, unsigned long)--Allocate
SUMMARY: AddressSanitizer: heap-use-after-free /src/libjxl/lib/jxl/render_pipeline/stage_write.cc:334:21 in jxl::(anonymous namespace)::WriteToPixelCallbackStage::ProcessRow(std::__1::vector<std::__1::vector<float*, std::__1::allocator<float*> >, std::__1::allocator<std::__1::vector<float*, std::__1::allocator<float*> > > > const&, std::__1::vector<std::__1::vector<float*, std::__1::allocator<float*> >, std::__1::allocator<std::__1::vector<float*, std::__1::allocator<float*> > > > const&, unsigned long, unsigned long, unsigned long, unsigned long, unsigned long) const
Shadow bytes around the buggy address:
  0x0c3e7fffbc20: fd fd fd fd fd fd fd fd fd fd fd fd fd fd fd fd
  0x0c3e7fffbc30: fd fd fd fd fd fd fd fd fd fd fd fd fd fd fd fd
  0x0c3e7fffbc40: fd fd fd fd fd fd fd fd fd fd fd fd fd fd fd fd
  0x0c3e7fffbc50: fd fd fd fd fd fd fd fd fd fd fd fd fd fd fd fd
  0x0c3e7fffbc60: fd fd fd fd fd fd fd fd fd fd fd fd fd fd fd fd
=>0x0c3e7fffbc70:[fd]fd fd fd fd fd fd fd fd fd fd fd fd fd fd fd
  0x0c3e7fffbc80: fd fd fd fd fd fd fd fd fd fd fd fd fd fd fd fd
  0x0c3e7fffbc90: fd fd fd fd fd fd fd fd fd fd fd fd fd fd fd fd
  0x0c3e7fffbca0: fd fd fd fd fd fd fd fd fd fd fd fd fd fd fd fd
  0x0c3e7fffbcb0: fd fd fd fd fd fd fd fd fd fd fd fd fd fd fd fd
  0x0c3e7fffbcc0: fd fd fd fd fd fd fd fd fd fd fd fd fd fd fd fd
Shadow byte legend (one shadow byte represents 8 application bytes):
  Addressable:           00
  Partially addressable: 01 02 03 04 05 06 07 
  Heap left redzone:       fa
  Freed heap region:       fd
  Stack left redzone:      f1
  Stack mid redzone:       f2
  Stack right redzone:     f3
  Stack after return:      f5
  Stack use after scope:   f8
  Global redzone:          f9
  Global init order:       f6
  Poisoned by user:        f7
  Container overflow:      fc
  Array cookie:            ac
  Intra object redzone:    bb
  ASan internal:           fe
  Left alloca redzone:     ca
  Right alloca redzone:    cb
==7==ABORTING
