Unable to find image 'n132/arvo:49277-vul' locally
49277-vul: Pulling from n132/arvo
d7bfe07ed847: Already exists
fcb1f39b5898: Pulling fs layer
8caff0377c61: Pulling fs layer
b83872f18750: Pulling fs layer
daa5bd194f98: Pulling fs layer
d7c5a0b490fb: Pulling fs layer
9d6c58b601a8: Pulling fs layer
220309200e7f: Pulling fs layer
f556047575bf: Pulling fs layer
04bbd6d04e16: Pulling fs layer
18af04da4585: Pulling fs layer
c6bad1a9aaff: Pulling fs layer
da64fcb69bdb: Pulling fs layer
aa3de0347e21: Pulling fs layer
68ce248a02c7: Pulling fs layer
94cbbc465b75: Pulling fs layer
b176c8635090: Pulling fs layer
c74113303de3: Pulling fs layer
e9998a2333f4: Pulling fs layer
66670b540571: Pulling fs layer
c8ff414499d8: Pulling fs layer
c3ec57bea1e7: Pulling fs layer
d687007244e9: Pulling fs layer
daa5bd194f98: Waiting
dda09f197b46: Pulling fs layer
b3633167f727: Pulling fs layer
220309200e7f: Waiting
d7c5a0b490fb: Waiting
f556047575bf: Waiting
cd60e8c3e9ed: Pulling fs layer
04bbd6d04e16: Waiting
591b2c624094: Pulling fs layer
ed749f3e8de4: Pulling fs layer
4f4fb700ef54: Pulling fs layer
18af04da4585: Waiting
97ac29760761: Pulling fs layer
c6bad1a9aaff: Waiting
da64fcb69bdb: Waiting
cc6cb07fb112: Pulling fs layer
aa3de0347e21: Waiting
68f6d573dc57: Pulling fs layer
68ce248a02c7: Waiting
94cbbc465b75: Waiting
b176c8635090: Waiting
d687007244e9: Waiting
66670b540571: Waiting
c74113303de3: Waiting
e9998a2333f4: Waiting
c3ec57bea1e7: Waiting
dda09f197b46: Waiting
c8ff414499d8: Waiting
4f4fb700ef54: Waiting
b3633167f727: Waiting
97ac29760761: Waiting
ed749f3e8de4: Waiting
591b2c624094: Waiting
68f6d573dc57: Waiting
9d6c58b601a8: Waiting
cd60e8c3e9ed: Waiting
cc6cb07fb112: Waiting
8caff0377c61: Verifying Checksum
8caff0377c61: Download complete
b83872f18750: Verifying Checksum
b83872f18750: Download complete
fcb1f39b5898: Verifying Checksum
fcb1f39b5898: Download complete
d7c5a0b490fb: Verifying Checksum
d7c5a0b490fb: Download complete
daa5bd194f98: Verifying Checksum
daa5bd194f98: Download complete
fcb1f39b5898: Pull complete
8caff0377c61: Pull complete
b83872f18750: Pull complete
220309200e7f: Verifying Checksum
220309200e7f: Download complete
daa5bd194f98: Pull complete
d7c5a0b490fb: Pull complete
04bbd6d04e16: Verifying Checksum
04bbd6d04e16: Download complete
18af04da4585: Verifying Checksum
18af04da4585: Download complete
c6bad1a9aaff: Verifying Checksum
c6bad1a9aaff: Download complete
f556047575bf: Verifying Checksum
f556047575bf: Download complete
9d6c58b601a8: Verifying Checksum
9d6c58b601a8: Download complete
aa3de0347e21: Verifying Checksum
aa3de0347e21: Download complete
da64fcb69bdb: Verifying Checksum
da64fcb69bdb: Download complete
68ce248a02c7: Verifying Checksum
68ce248a02c7: Download complete
b176c8635090: Download complete
94cbbc465b75: Verifying Checksum
94cbbc465b75: Download complete
e9998a2333f4: Verifying Checksum
e9998a2333f4: Download complete
c74113303de3: Verifying Checksum
c74113303de3: Download complete
66670b540571: Verifying Checksum
66670b540571: Download complete
9d6c58b601a8: Pull complete
220309200e7f: Pull complete
c8ff414499d8: Verifying Checksum
c8ff414499d8: Download complete
c3ec57bea1e7: Verifying Checksum
c3ec57bea1e7: Download complete
b3633167f727: Verifying Checksum
b3633167f727: Download complete
dda09f197b46: Verifying Checksum
dda09f197b46: Download complete
f556047575bf: Pull complete
04bbd6d04e16: Pull complete
18af04da4585: Pull complete
c6bad1a9aaff: Pull complete
da64fcb69bdb: Pull complete
aa3de0347e21: Pull complete
68ce248a02c7: Pull complete
94cbbc465b75: Pull complete
b176c8635090: Pull complete
c74113303de3: Pull complete
e9998a2333f4: Pull complete
66670b540571: Pull complete
c8ff414499d8: Pull complete
c3ec57bea1e7: Pull complete
cd60e8c3e9ed: Verifying Checksum
cd60e8c3e9ed: Download complete
ed749f3e8de4: Verifying Checksum
ed749f3e8de4: Download complete
4f4fb700ef54: Verifying Checksum
4f4fb700ef54: Download complete
97ac29760761: Download complete
d687007244e9: Verifying Checksum
d687007244e9: Download complete
68f6d573dc57: Verifying Checksum
68f6d573dc57: Download complete
d687007244e9: Pull complete
dda09f197b46: Pull complete
b3633167f727: Pull complete
cd60e8c3e9ed: Pull complete
591b2c624094: Verifying Checksum
591b2c624094: Download complete
591b2c624094: Pull complete
ed749f3e8de4: Pull complete
4f4fb700ef54: Pull complete
97ac29760761: Pull complete
cc6cb07fb112: Verifying Checksum
cc6cb07fb112: Download complete
cc6cb07fb112: Pull complete
68f6d573dc57: Pull complete
Digest: sha256:c230b099e336c46770595c017523090f3129dc3a42a4f5200997e1a2a0824823
Status: Downloaded newer image for n132/arvo:49277-vul
