INFO: Running with entropic power schedule (0xFF, 100).
INFO: Seed: 3936755318
INFO: Loaded 1 modules   (27141 inline 8-bit counters): 27141 [0x6552051dad98, 0x6552051e179d), 
INFO: Loaded 1 PC tables (27141 PCs): 27141 [0x6552051e17a0,0x65520524b7f0), 
/out/djxl_fuzzer: Running 1 inputs 1 time(s) each.
Running: /tmp/poc
=================================================================
==7==ERROR: AddressSanitizer: heap-buffer-overflow on address 0x7912dd97e600 at pc 0x655204faddab bp 0x7ffc9edbd390 sp 0x7ffc9edbd388
READ of size 4 at 0x7912dd97e600 thread T0
SCARINESS: 17 (4-byte-read-heap-buffer-overflow)
    #0 0x655204faddaa in jxl::PerformBlending(float const* const*, float const* const*, float* const*, unsigned long, unsigned long, jxl::PatchBlending const&, jxl::PatchBlending const*, std::__1::vector<jxl::ExtraChannelInfo, std::__1::allocator<jxl::ExtraChannelInfo> > const&) /src/libjxl/lib/jxl/blending.cc:51:29
    #1 0x655204fec1cc in jxl::N_SSE4::BlendingStage::ProcessRow(std::__1::vector<std::__1::vector<float*, std::__1::allocator<float*> >, std::__1::allocator<std::__1::vector<float*, std::__1::allocator<float*> > > > const&, std::__1::vector<std::__1::vector<float*, std::__1::allocator<float*> >, std::__1::allocator<std::__1::vector<float*, std::__1::allocator<float*> > > > const&, unsigned long, unsigned long, unsigned long, unsigned long, unsigned long) const /src/libjxl/lib/jxl/render_pipeline/stage_blending.cc:150:5
    #2 0x655204fde609 in jxl::LowMemoryRenderPipeline::RenderRect(unsigned long, std::__1::vector<jxl::Plane<float>, std::__1::allocator<jxl::Plane<float> > >&, jxl::RectT<unsigned long>, jxl::RectT<unsigned long>) /src/libjxl/lib/jxl/render_pipeline/low_memory_render_pipeline.cc:739:19
    #3 0x655204fe0e77 in jxl::LowMemoryRenderPipeline::ProcessBuffers(unsigned long, unsigned long) /src/libjxl/lib/jxl/render_pipeline/low_memory_render_pipeline.cc:845:5
    #4 0x655204f00610 in operator() /src/libjxl/lib/jxl/dec_modular.cc:652:3
    #5 0x655204f00610 in jxl::ThreadPool::RunCallState<jxl::ModularFrameDecoder::FinalizeDecoding(jxl::PassesDecoderState*, jxl::ThreadPool*, jxl::ImageBundle*, bool)::$_4, jxl::ModularFrameDecoder::FinalizeDecoding(jxl::PassesDecoderState*, jxl::ThreadPool*, jxl::ImageBundle*, bool)::$_5>::CallDataFunc(void*, unsigned int, unsigned long) /src/libjxl/lib/jxl/base/data_parallel.h:81:14
    #6 0x655204d6e491 in jxl::ThreadPool::SequentialRunnerStatic(void*, void*, int (*)(void*, unsigned long), void (*)(void*, unsigned int, unsigned long), unsigned int, unsigned int) /src/libjxl/lib/jxl/base/data_parallel.cc:18:5
    #7 0x655204efb6f3 in Run<(lambda at /src/libjxl/lib/jxl/dec_modular.cc:652:3), (lambda at /src/libjxl/lib/jxl/dec_modular.cc:652:3)> /src/libjxl/lib/jxl/base/data_parallel.h:50:12
    #8 0x655204efb6f3 in RunOnPool<(lambda at /src/libjxl/lib/jxl/dec_modular.cc:652:3), (lambda at /src/libjxl/lib/jxl/dec_modular.cc:652:3)> /src/libjxl/lib/jxl/base/data_parallel.h:106:25
    #9 0x655204efb6f3 in jxl::ModularFrameDecoder::FinalizeDecoding(jxl::PassesDecoderState*, jxl::ThreadPool*, jxl::ImageBundle*, bool) /src/libjxl/lib/jxl/dec_modular.cc:652:3
    #10 0x655204db5390 in jxl::FrameDecoder::Flush() /src/libjxl/lib/jxl/dec_frame.cc:882:3
    #11 0x655204dabe6d in jxl::FrameDecoder::FinalizeFrame() /src/libjxl/lib/jxl/dec_frame.cc:967:3
    #12 0x655204c5adaf in JxlDecoderProcessCodestream /src/libjxl/lib/jxl/decode.cc:1514:28
    #13 0x655204c5adaf in HandleBoxes(JxlDecoderStruct*) /src/libjxl/lib/jxl/decode.cc:1973:33
    #14 0x655204c524af in JxlDecoderProcessInput /src/libjxl/lib/jxl/decode.cc:2119:29
    #15 0x655204c4085e in DecodeJpegXl /src/libjxl/tools/djxl_fuzzer.cc:178:31
    #16 0x655204c4085e in TestOneInput /src/libjxl/tools/djxl_fuzzer.cc:559:3
    #17 0x655204c4085e in LLVMFuzzerTestOneInput /src/libjxl/tools/djxl_fuzzer.cc:569:10
    #18 0x655204b37513 in fuzzer::Fuzzer::ExecuteCallback(unsigned char const*, unsigned long) /src/llvm-project/compiler-rt/lib/fuzzer/FuzzerLoop.cpp:611:15
    #19 0x655204b231a2 in fuzzer::RunOneTest(fuzzer::Fuzzer*, char const*, unsigned long) /src/llvm-project/compiler-rt/lib/fuzzer/FuzzerDriver.cpp:324:6
    #20 0x655204b289ec in fuzzer::FuzzerDriver(int*, char***, int (*)(unsigned char const*, unsigned long)) /src/llvm-project/compiler-rt/lib/fuzzer/FuzzerDriver.cpp:860:9
    #21 0x655204b515e2 in main /src/llvm-project/compiler-rt/lib/fuzzer/FuzzerMain.cpp:20:10
    #22 0x7912e04ba082 in __libc_start_main (/lib/x86_64-linux-gnu/libc.so.6+0x24082)
    #23 0x655204b019cd in _start (/out/djxl_fuzzer+0x1039cd)

DEDUP_TOKEN: jxl::PerformBlending(float const* const*, float const* const*, float* const*, unsigned long, unsigned long, jxl::PatchBlending const&, jxl::PatchBlending const*, std::__1::vector<jxl::ExtraChannelInfo, std::__1::allocator<jxl::ExtraChannelInfo> > const&)--jxl::N_SSE4::BlendingStage::ProcessRow(std::__1::vector<std::__1::vector<float*, std::__1::allocator<float*> >, std::__1::allocator<std::__1::vector<float*, std::__1::allocator<float*> > > > const&, std::__1::vector<std::__1::vector<float*, std::__1::allocator<float*> >, std::__1::allocator<std::__1::vector<float*, std::__1::allocator<float*> > > > const&, unsigned long, unsigned long, unsigned long, unsigned long, unsigned long) const--jxl::LowMemoryRenderPipeline::RenderRect(unsigned long, std::__1::vector<jxl::Plane<float>, std::__1::allocator<jxl::Plane<float> > >&, jxl::RectT<unsigned long>, jxl::RectT<unsigned long>)
0x7912dd97e600 is located 0 bytes to the right of 167424-byte region [0x7912dd955800,0x7912dd97e600)
allocated by thread T0 here:
    #0 0x655204c05dfd in __interceptor_malloc /src/llvm-project/compiler-rt/lib/asan/asan_malloc_linux.cpp:129:3
    #1 0x655204d6e006 in jxl::CacheAligned::Allocate(unsigned long, unsigned long) /src/libjxl/lib/jxl/base/cache_aligned.cc:87:21
    #2 0x655204ca4c77 in Allocate /src/libjxl/lib/jxl/base/cache_aligned.h:43:12
    #3 0x655204ca4c77 in AllocateArray /src/libjxl/lib/jxl/base/cache_aligned.h:61:29
    #4 0x655204ca4c77 in jxl::PlaneBase::PlaneBase(unsigned long, unsigned long, unsigned long) /src/libjxl/lib/jxl/image.cc:93:14
    #5 0x65520506fb44 in Plane /src/libjxl/lib/jxl/image.h:150:9
    #6 0x65520506fb44 in construct<jxl::Plane<float>, const unsigned long &, const unsigned long &> /usr/local/bin/../include/c++/v1/__memory/allocator.h:151:28
    #7 0x65520506fb44 in construct<jxl::Plane<float>, const unsigned long &, const unsigned long &, void> /usr/local/bin/../include/c++/v1/__memory/allocator_traits.h:290:13
    #8 0x65520506fb44 in void std::__1::vector<jxl::Plane<float>, std::__1::allocator<jxl::Plane<float> > >::__emplace_back_slow_path<unsigned long const&, unsigned long const&>(unsigned long const&, unsigned long const&) /usr/local/bin/../include/c++/v1/vector:1676:5
    #9 0x65520506f559 in emplace_back<const unsigned long &, const unsigned long &> /usr/local/bin/../include/c++/v1/vector:1696:9
    #10 0x65520506f559 in jxl::(anonymous namespace)::WriteToImageBundleStage::SetInputSizes(std::__1::vector<std::__1::pair<unsigned long, unsigned long>, std::__1::allocator<std::__1::pair<unsigned long, unsigned long> > > const&) /src/libjxl/lib/jxl/render_pipeline/stage_write.cc:200:39
    #11 0x655204fd5b7f in jxl::LowMemoryRenderPipeline::Init() /src/libjxl/lib/jxl/render_pipeline/low_memory_render_pipeline.cc:285:17
    #12 0x655204f6c1fa in jxl::RenderPipeline::Builder::Finalize(jxl::FrameDimensions) && /src/libjxl/lib/jxl/render_pipeline/render_pipeline.cc:91:8
    #13 0x655204fcfe1f in jxl::PassesDecoderState::PreparePipeline(jxl::ImageBundle*, jxl::PassesDecoderState::PipelineOptions) /src/libjxl/lib/jxl/dec_cache.cc:231:40
    #14 0x655204da9913 in jxl::FrameDecoder::ProcessSections(jxl::FrameDecoder::SectionInfo const*, unsigned long, jxl::FrameDecoder::SectionStatus*) /src/libjxl/lib/jxl/dec_frame.cc:752:5
    #15 0x655204c59f90 in JxlDecoderProcessSections /src/libjxl/lib/jxl/decode.cc:1143:40
    #16 0x655204c59f90 in JxlDecoderProcessCodestream /src/libjxl/lib/jxl/decode.cc:1472:7
    #17 0x655204c59f90 in HandleBoxes(JxlDecoderStruct*) /src/libjxl/lib/jxl/decode.cc:1973:33
    #18 0x655204c524af in JxlDecoderProcessInput /src/libjxl/lib/jxl/decode.cc:2119:29
    #19 0x655204c4085e in DecodeJpegXl /src/libjxl/tools/djxl_fuzzer.cc:178:31
    #20 0x655204c4085e in TestOneInput /src/libjxl/tools/djxl_fuzzer.cc:559:3
    #21 0x655204c4085e in LLVMFuzzerTestOneInput /src/libjxl/tools/djxl_fuzzer.cc:569:10
    #22 0x655204b37513 in fuzzer::Fuzzer::ExecuteCallback(unsigned char const*, unsigned long) /src/llvm-project/compiler-rt/lib/fuzzer/FuzzerLoop.cpp:611:15
    #23 0x655204b231a2 in fuzzer::RunOneTest(fuzzer::Fuzzer*, char const*, unsigned long) /src/llvm-project/compiler-rt/lib/fuzzer/FuzzerDriver.cpp:324:6
    #24 0x655204b289ec in fuzzer::FuzzerDriver(int*, char***, int (*)(unsigned char const*, unsigned long)) /src/llvm-project/compiler-rt/lib/fuzzer/FuzzerDriver.cpp:860:9
    #25 0x655204b515e2 in main /src/llvm-project/compiler-rt/lib/fuzzer/FuzzerMain.cpp:20:10
    #26 0x7912e04ba082 in __libc_start_main (/lib/x86_64-linux-gnu/libc.so.6+0x24082)

DEDUP_TOKEN: __interceptor_malloc--jxl::CacheAligned::Allocate(unsigned long, unsigned long)--Allocate
SUMMARY: AddressSanitizer: heap-buffer-overflow /src/libjxl/lib/jxl/blending.cc:51:29 in jxl::PerformBlending(float const* const*, float const* const*, float* const*, unsigned long, unsigned long, jxl::PatchBlending const&, jxl::PatchBlending const*, std::__1::vector<jxl::ExtraChannelInfo, std::__1::allocator<jxl::ExtraChannelInfo> > const&)
Shadow bytes around the buggy address:
  0x0f22dbb27c70: 00 00 00 00 00 00 00 00 00 00 00 00 00 00 00 00
  0x0f22dbb27c80: 00 00 00 00 00 00 00 00 00 00 00 00 00 00 00 00
  0x0f22dbb27c90: 00 00 00 00 00 00 00 00 00 00 00 00 00 00 00 00
  0x0f22dbb27ca0: 00 00 00 00 00 00 00 00 00 00 00 00 00 00 00 00
  0x0f22dbb27cb0: 00 00 00 00 00 00 00 00 00 00 00 00 00 00 00 00
=>0x0f22dbb27cc0:[fa]fa fa fa fa fa fa fa fa fa fa fa fa fa fa fa
  0x0f22dbb27cd0: fa fa fa fa fa fa fa fa fa fa fa fa fa fa fa fa
  0x0f22dbb27ce0: fa fa fa fa fa fa fa fa fa fa fa fa fa fa fa fa
  0x0f22dbb27cf0: fa fa fa fa fa fa fa fa fa fa fa fa fa fa fa fa
  0x0f22dbb27d00: fa fa fa fa fa fa fa fa fa fa fa fa fa fa fa fa
  0x0f22dbb27d10: fa fa fa fa fa fa fa fa fa fa fa fa fa fa fa fa
Shadow byte legend (one shadow byte represents 8 application bytes):
  Addressable:           00
  Partially addressable: 01 02 03 04 05 06 07 
  Heap left redzone:       fa
  Freed heap region:       fd
  Stack left redzone:      f1
  Stack mid redzone:       f2
  Stack right redzone:     f3
  Stack after return:      f5
  Stack use after scope:   f8
  Global redzone:          f9
  Global init order:       f6
  Poisoned by user:        f7
  Container overflow:      fc
  Array cookie:            ac
  Intra object redzone:    bb
  ASan internal:           fe
  Left alloca redzone:     ca
  Right alloca redzone:    cb
==7==ABORTING
