INFO: Running with entropic power schedule (0xFF, 100).
INFO: Seed: 4256997366
INFO: Loaded 1 modules   (52752 inline 8-bit counters): 52752 [0x8764310, 0x8771120), 
INFO: Loaded 1 PC tables (52752 PCs): 52752 [0x865445c,0x86bb4dc), 
/out/xml: Running 1 inputs 1 time(s) each.
Running: /tmp/poc
=================================================================
==7==ERROR: AddressSanitizer: heap-use-after-free on address 0xf33014c4 at pc 0x0850094f bp 0xffd9afd8 sp 0xffd9afd0
READ of size 4 at 0xf33014c4 thread T0
SCARINESS: 45 (4-byte-read-heap-use-after-free)
    #0 0x850094e in xmlXIncludeCopyXPointer /src/libxml2/xinclude.c:1162:28
    #1 0x84fcc50 in xmlXIncludeIncludeNode /src/libxml2/xinclude.c:2231:6
    #2 0x84fcc50 in xmlXIncludeDoProcess /src/libxml2/xinclude.c:2506:6
    #3 0x84f3ed6 in xmlXIncludeProcessTreeFlagsData /src/libxml2/xinclude.c:2559:11
    #4 0x84ff045 in xmlXIncludeProcessFlagsData /src/libxml2/xinclude.c:2588:12
    #5 0x84ff045 in xmlXIncludeProcessFlags /src/libxml2/xinclude.c:2603:12
    #6 0x81d4d87 in LLVMFuzzerTestOneInput /src/libxml2/fuzz/xml.c:79:9
    #7 0x80959be in fuzzer::Fuzzer::ExecuteCallback(unsigned char const*, unsigned int) /src/llvm-project/compiler-rt/lib/fuzzer/FuzzerLoop.cpp:611:15
    #8 0x808091e in fuzzer::RunOneTest(fuzzer::Fuzzer*, char const*, unsigned int) /src/llvm-project/compiler-rt/lib/fuzzer/FuzzerDriver.cpp:324:6
    #9 0x8086520 in fuzzer::FuzzerDriver(int*, char***, int (*)(unsigned char const*, unsigned int)) /src/llvm-project/compiler-rt/lib/fuzzer/FuzzerDriver.cpp:860:9
    #10 0x80b0107 in main /src/llvm-project/compiler-rt/lib/fuzzer/FuzzerMain.cpp:20:10
    #11 0xf3ed3ed4 in __libc_start_main (/lib/i386-linux-gnu/libc.so.6+0x1aed4) (BuildId: f0e9c9950026d7f234a4a1d03670a7ed59ceb726)
    #12 0x8077a65 in _start (/out/xml+0x8077a65)

DEDUP_TOKEN: xmlXIncludeCopyXPointer--xmlXIncludeIncludeNode--xmlXIncludeDoProcess
0xf33014c4 is located 4 bytes inside of 60-byte region [0xf33014c0,0xf33014fc)
freed by thread T0 here:
    #0 0x8191126 in free /src/llvm-project/compiler-rt/lib/asan/asan_malloc_linux.cpp:52:3
    #1 0x82a4cd8 in xmlFreeNode /src/libxml2/tree.c
    #2 0x84fd0ba in xmlXIncludeIncludeNode /src/libxml2/xinclude.c:2277:2
    #3 0x84fd0ba in xmlXIncludeDoProcess /src/libxml2/xinclude.c:2506:6
    #4 0x84f3ed6 in xmlXIncludeProcessTreeFlagsData /src/libxml2/xinclude.c:2559:11
    #5 0x84ff045 in xmlXIncludeProcessFlagsData /src/libxml2/xinclude.c:2588:12
    #6 0x84ff045 in xmlXIncludeProcessFlags /src/libxml2/xinclude.c:2603:12
    #7 0x81d4d87 in LLVMFuzzerTestOneInput /src/libxml2/fuzz/xml.c:79:9
    #8 0x80959be in fuzzer::Fuzzer::ExecuteCallback(unsigned char const*, unsigned int) /src/llvm-project/compiler-rt/lib/fuzzer/FuzzerLoop.cpp:611:15
    #9 0x808091e in fuzzer::RunOneTest(fuzzer::Fuzzer*, char const*, unsigned int) /src/llvm-project/compiler-rt/lib/fuzzer/FuzzerDriver.cpp:324:6
    #10 0x8086520 in fuzzer::FuzzerDriver(int*, char***, int (*)(unsigned char const*, unsigned int)) /src/llvm-project/compiler-rt/lib/fuzzer/FuzzerDriver.cpp:860:9
    #11 0x80b0107 in main /src/llvm-project/compiler-rt/lib/fuzzer/FuzzerMain.cpp:20:10
    #12 0xf3ed3ed4 in __libc_start_main (/lib/i386-linux-gnu/libc.so.6+0x1aed4) (BuildId: f0e9c9950026d7f234a4a1d03670a7ed59ceb726)

DEDUP_TOKEN: free--xmlFreeNode--xmlXIncludeIncludeNode
previously allocated by thread T0 here:
    #0 0x819144f in __interceptor_malloc /src/llvm-project/compiler-rt/lib/asan/asan_malloc_linux.cpp:69:3
    #1 0x82ad443 in xmlNewNodeEatName /src/libxml2/tree.c:2302:24
    #2 0x82ad443 in xmlNewDocNodeEatName /src/libxml2/tree.c:2377:11
    #3 0x828d643 in xmlSAX2StartElement /src/libxml2/SAX2.c:1627:11
    #4 0x823ea65 in xmlParseStartTag /src/libxml2/parser.c
    #5 0x825633d in xmlParseTryOrFinish /src/libxml2/parser.c:11556:14
    #6 0x8251097 in xmlParseChunk /src/libxml2/parser.c
    #7 0x81d4d4c in LLVMFuzzerTestOneInput /src/libxml2/fuzz/xml.c:77:5
    #8 0x80959be in fuzzer::Fuzzer::ExecuteCallback(unsigned char const*, unsigned int) /src/llvm-project/compiler-rt/lib/fuzzer/FuzzerLoop.cpp:611:15
    #9 0x808091e in fuzzer::RunOneTest(fuzzer::Fuzzer*, char const*, unsigned int) /src/llvm-project/compiler-rt/lib/fuzzer/FuzzerDriver.cpp:324:6
    #10 0x8086520 in fuzzer::FuzzerDriver(int*, char***, int (*)(unsigned char const*, unsigned int)) /src/llvm-project/compiler-rt/lib/fuzzer/FuzzerDriver.cpp:860:9
    #11 0x80b0107 in main /src/llvm-project/compiler-rt/lib/fuzzer/FuzzerMain.cpp:20:10
    #12 0xf3ed3ed4 in __libc_start_main (/lib/i386-linux-gnu/libc.so.6+0x1aed4) (BuildId: f0e9c9950026d7f234a4a1d03670a7ed59ceb726)

DEDUP_TOKEN: __interceptor_malloc--xmlNewNodeEatName--xmlNewDocNodeEatName
SUMMARY: AddressSanitizer: heap-use-after-free /src/libxml2/xinclude.c:1162:28 in xmlXIncludeCopyXPointer
Shadow bytes around the buggy address:
  0x3e660240: fa fa fa fa 00 00 00 00 00 00 00 04 fa fa fa fa
  0x3e660250: 00 00 00 00 00 00 00 04 fa fa fa fa 00 00 00 00
  0x3e660260: 00 00 00 04 fa fa fa fa fd fd fd fd fd fd fd fd
  0x3e660270: fa fa fa fa 00 00 00 00 00 00 00 04 fa fa fa fa
  0x3e660280: 00 00 00 00 00 00 00 04 fa fa fa fa fd fd fd fd
=>0x3e660290: fd fd fd fd fa fa fa fa[fd]fd fd fd fd fd fd fd
  0x3e6602a0: fa fa fa fa 00 00 00 00 00 00 00 04 fa fa fa fa
  0x3e6602b0: 00 00 00 00 00 00 00 04 fa fa fa fa fd fd fd fd
  0x3e6602c0: fd fd fd fd fa fa fa fa fd fd fd fd fd fd fd fd
  0x3e6602d0: fa fa fa fa 00 00 00 00 00 00 00 00 fa fa fa fa
  0x3e6602e0: fd fd fd fd fd fd fd fa fa fa fa fa fa fa fa fa
Shadow byte legend (one shadow byte represents 8 application bytes):
  Addressable:           00
  Partially addressable: 01 02 03 04 05 06 07 
  Heap left redzone:       fa
  Freed heap region:       fd
  Stack left redzone:      f1
  Stack mid redzone:       f2
  Stack right redzone:     f3
  Stack after return:      f5
  Stack use after scope:   f8
  Global redzone:          f9
  Global init order:       f6
  Poisoned by user:        f7
  Container overflow:      fc
  Array cookie:            ac
  Intra object redzone:    bb
  ASan internal:           fe
  Left alloca redzone:     ca
  Right alloca redzone:    cb
==7==ABORTING
