Unable to find image 'n132/arvo:52554-vul' locally
52554-vul: Pulling from n132/arvo
fb0b3276a519: Already exists
049c78cfd0c0: Pulling fs layer
013120342a76: Pulling fs layer
4e40cdb0cf9e: Pulling fs layer
5792e9570fe1: Pulling fs layer
81a659b0a690: Pulling fs layer
233612e5ebbc: Pulling fs layer
2507471c24c0: Pulling fs layer
837b7ee70363: Pulling fs layer
4a30bca8d6e6: Pulling fs layer
5792e9570fe1: Waiting
233612e5ebbc: Waiting
81a659b0a690: Waiting
600b98ecb487: Pulling fs layer
ba893ceba570: Pulling fs layer
612a28bbc009: Pulling fs layer
de0899441ad0: Pulling fs layer
837b7ee70363: Waiting
73cee1de7570: Pulling fs layer
2507471c24c0: Waiting
4a30bca8d6e6: Waiting
48320876bf7d: Pulling fs layer
600b98ecb487: Waiting
ba893ceba570: Waiting
b730811b48be: Pulling fs layer
612a28bbc009: Waiting
96350bcef467: Pulling fs layer
ead0c69113db: Pulling fs layer
de0899441ad0: Waiting
73cee1de7570: Waiting
ee94402ca397: Pulling fs layer
48320876bf7d: Waiting
8532a62e40ec: Pulling fs layer
bccaf717f72a: Pulling fs layer
96350bcef467: Waiting
b730811b48be: Waiting
5f5d0ffb4c71: Pulling fs layer
ee94402ca397: Waiting
8532a62e40ec: Waiting
bccaf717f72a: Waiting
074db0becd43: Pulling fs layer
a7602ac3c5f2: Pulling fs layer
5f5d0ffb4c71: Waiting
1d0d97988310: Pulling fs layer
3a28f19f956b: Pulling fs layer
074db0becd43: Waiting
798f8fd3bf2a: Pulling fs layer
a7602ac3c5f2: Waiting
82287e529e3c: Pulling fs layer
f4727654029b: Pulling fs layer
1d0d97988310: Waiting
3a28f19f956b: Waiting
c48e77905e4c: Pulling fs layer
798f8fd3bf2a: Waiting
82287e529e3c: Waiting
ad6b46cfee0f: Pulling fs layer
4f4fb700ef54: Pulling fs layer
f4727654029b: Waiting
c48e77905e4c: Waiting
558f315aa4c6: Pulling fs layer
39ab6c60c47d: Pulling fs layer
ad6b46cfee0f: Waiting
aa725c19edc5: Pulling fs layer
4f4fb700ef54: Waiting
558f315aa4c6: Waiting
aa725c19edc5: Waiting
013120342a76: Verifying Checksum
013120342a76: Download complete
049c78cfd0c0: Verifying Checksum
049c78cfd0c0: Download complete
4e40cdb0cf9e: Verifying Checksum
4e40cdb0cf9e: Download complete
5792e9570fe1: Verifying Checksum
5792e9570fe1: Download complete
049c78cfd0c0: Pull complete
013120342a76: Pull complete
81a659b0a690: Verifying Checksum
81a659b0a690: Download complete
2507471c24c0: Verifying Checksum
2507471c24c0: Download complete
4e40cdb0cf9e: Pull complete
837b7ee70363: Verifying Checksum
837b7ee70363: Download complete
5792e9570fe1: Pull complete
81a659b0a690: Pull complete
600b98ecb487: Verifying Checksum
600b98ecb487: Download complete
ba893ceba570: Verifying Checksum
ba893ceba570: Download complete
612a28bbc009: Verifying Checksum
612a28bbc009: Download complete
4a30bca8d6e6: Verifying Checksum
4a30bca8d6e6: Download complete
de0899441ad0: Verifying Checksum
de0899441ad0: Download complete
73cee1de7570: Verifying Checksum
73cee1de7570: Download complete
233612e5ebbc: Verifying Checksum
233612e5ebbc: Download complete
b730811b48be: Verifying Checksum
b730811b48be: Download complete
48320876bf7d: Verifying Checksum
48320876bf7d: Download complete
96350bcef467: Verifying Checksum
96350bcef467: Download complete
ee94402ca397: Verifying Checksum
ee94402ca397: Download complete
ead0c69113db: Verifying Checksum
ead0c69113db: Download complete
8532a62e40ec: Verifying Checksum
8532a62e40ec: Download complete
5f5d0ffb4c71: Verifying Checksum
5f5d0ffb4c71: Download complete
233612e5ebbc: Pull complete
2507471c24c0: Pull complete
837b7ee70363: Pull complete
074db0becd43: Verifying Checksum
074db0becd43: Download complete
a7602ac3c5f2: Verifying Checksum
a7602ac3c5f2: Download complete
1d0d97988310: Verifying Checksum
1d0d97988310: Download complete
4a30bca8d6e6: Pull complete
798f8fd3bf2a: Verifying Checksum
798f8fd3bf2a: Download complete
600b98ecb487: Pull complete
ba893ceba570: Pull complete
612a28bbc009: Pull complete
de0899441ad0: Pull complete
73cee1de7570: Pull complete
48320876bf7d: Pull complete
b730811b48be: Pull complete
96350bcef467: Pull complete
ead0c69113db: Pull complete
ee94402ca397: Pull complete
8532a62e40ec: Pull complete
82287e529e3c: Verifying Checksum
82287e529e3c: Download complete
f4727654029b: Verifying Checksum
f4727654029b: Download complete
bccaf717f72a: Verifying Checksum
bccaf717f72a: Download complete
ad6b46cfee0f: Verifying Checksum
ad6b46cfee0f: Download complete
3a28f19f956b: Verifying Checksum
3a28f19f956b: Download complete
4f4fb700ef54: Verifying Checksum
4f4fb700ef54: Download complete
c48e77905e4c: Verifying Checksum
c48e77905e4c: Download complete
bccaf717f72a: Pull complete
5f5d0ffb4c71: Pull complete
074db0becd43: Pull complete
558f315aa4c6: Verifying Checksum
558f315aa4c6: Download complete
a7602ac3c5f2: Pull complete
1d0d97988310: Pull complete
aa725c19edc5: Verifying Checksum
aa725c19edc5: Download complete
39ab6c60c47d: Verifying Checksum
39ab6c60c47d: Download complete
3a28f19f956b: Pull complete
798f8fd3bf2a: Pull complete
82287e529e3c: Pull complete
f4727654029b: Pull complete
c48e77905e4c: Pull complete
ad6b46cfee0f: Pull complete
4f4fb700ef54: Pull complete
558f315aa4c6: Pull complete
39ab6c60c47d: Pull complete
aa725c19edc5: Pull complete
Digest: sha256:a318c89a965f52cabbaf538e9034e9992010fde28e6256915fabeae95c73947d
Status: Downloaded newer image for n132/arvo:52554-vul
