Running LLVMFuzzerInitialize ...
continue...
Reading 6067 bytes from /tmp/poc
=================================================================
==7==ERROR: AddressSanitizer: heap-use-after-free on address 0x60c00001a2c8 at pc 0x00000083605e bp 0x7ffc0e0f6200 sp 0x7ffc0e0f61f8
READ of size 4 at 0x60c00001a2c8 thread T0
SCARINESS: 45 (4-byte-read-heap-use-after-free)
    #0 0x83605d in xmlXIncludeIncludeNode /src/libxml2/xinclude.c:2052:32
    #1 0x83605d in xmlXIncludeDoProcess /src/libxml2/xinclude.c:2281:17
    #2 0x83683b in xmlXIncludeProcessNode /src/libxml2/xinclude.c:2469:11
    #3 0x6aaed7 in xmlTextReaderRead /src/libxml2/xmlreader.c:1463:2
    #4 0x4dd33a in LLVMFuzzerTestOneInput /src/libxml2/fuzz/xml.c:88:12
    #5 0x4df84a in ExecuteFilesOnyByOne /src/aflplusplus/utils/aflpp_driver/aflpp_driver.c:234:7
    #6 0x4df61c in main /src/aflplusplus/utils/aflpp_driver/aflpp_driver.c:318:12
    #7 0x7a87256b4082 in __libc_start_main (/lib/x86_64-linux-gnu/libc.so.6+0x24082) (BuildId: 87b331c034a6458c64ce09c03939e947212e18ce)
    #8 0x41e5ed in _start (/out/xml+0x41e5ed)

DEDUP_TOKEN: xmlXIncludeIncludeNode--xmlXIncludeDoProcess--xmlXIncludeProcessNode
0x60c00001a2c8 is located 8 bytes inside of 120-byte region [0x60c00001a2c0,0x60c00001a338)
freed by thread T0 here:
    #0 0x49f782 in free /src/llvm-project/compiler-rt/lib/asan/asan_malloc_linux.cpp:52:3
    #1 0x6ae0f6 in xmlTextReaderFreeNode /src/libxml2/xmlreader.c:446:2
    #2 0x6a9ac8 in xmlTextReaderRead /src/libxml2/xmlreader.c:1366:3
    #3 0x4dd33a in LLVMFuzzerTestOneInput /src/libxml2/fuzz/xml.c:88:12
    #4 0x4df84a in ExecuteFilesOnyByOne /src/aflplusplus/utils/aflpp_driver/aflpp_driver.c:234:7

DEDUP_TOKEN: free--xmlTextReaderFreeNode--xmlTextReaderRead
previously allocated by thread T0 here:
    #0 0x49fa26 in __interceptor_malloc /src/llvm-project/compiler-rt/lib/asan/asan_malloc_linux.cpp:69:3
    #1 0x5c2e92 in xmlNewNodeEatName /src/libxml2/tree.c:2302:24
    #2 0x5c2e92 in xmlNewDocNodeEatName /src/libxml2/tree.c:2377:11
    #3 0x5a01fb in xmlSAX2StartElement /src/libxml2/SAX2.c:1627:11
    #4 0x54e2e8 in xmlParseStartTag /src/libxml2/parser.c
    #5 0x568297 in xmlParseTryOrFinish /src/libxml2/parser.c:11556:14
    #6 0x5612dc in xmlParseChunk /src/libxml2/parser.c
    #7 0x6ac796 in xmlTextReaderPushData /src/libxml2/xmlreader.c:816:12
    #8 0x6a892a in xmlTextReaderRead /src/libxml2/xmlreader.c:1245:12
    #9 0x4dd33a in LLVMFuzzerTestOneInput /src/libxml2/fuzz/xml.c:88:12
    #10 0x4df84a in ExecuteFilesOnyByOne /src/aflplusplus/utils/aflpp_driver/aflpp_driver.c:234:7

DEDUP_TOKEN: __interceptor_malloc--xmlNewNodeEatName--xmlNewDocNodeEatName
SUMMARY: AddressSanitizer: heap-use-after-free /src/libxml2/xinclude.c:2052:32 in xmlXIncludeIncludeNode
Shadow bytes around the buggy address:
  0x0c187fffb400: 00 00 00 00 00 00 00 fa fa fa fa fa fa fa fa fa
  0x0c187fffb410: 00 00 00 00 00 00 00 00 00 00 00 00 00 00 00 fa
  0x0c187fffb420: fa fa fa fa fa fa fa fa 00 00 00 00 00 00 00 00
  0x0c187fffb430: 00 00 00 00 00 00 00 fa fa fa fa fa fa fa fa fa
  0x0c187fffb440: 00 00 00 00 00 00 00 00 00 00 00 00 00 00 00 fa
=>0x0c187fffb450: fa fa fa fa fa fa fa fa fd[fd]fd fd fd fd fd fd
  0x0c187fffb460: fd fd fd fd fd fd fd fa fa fa fa fa fa fa fa fa
  0x0c187fffb470: fd fd fd fd fd fd fd fd fd fd fd fd fd fd fd fa
  0x0c187fffb480: fa fa fa fa fa fa fa fa fd fd fd fd fd fd fd fd
  0x0c187fffb490: fd fd fd fd fd fd fd fa fa fa fa fa fa fa fa fa
  0x0c187fffb4a0: fd fd fd fd fd fd fd fd fd fd fd fd fd fd fd fa
Shadow byte legend (one shadow byte represents 8 application bytes):
  Addressable:           00
  Partially addressable: 01 02 03 04 05 06 07 
  Heap left redzone:       fa
  Freed heap region:       fd
  Stack left redzone:      f1
  Stack mid redzone:       f2
  Stack right redzone:     f3
  Stack after return:      f5
  Stack use after scope:   f8
  Global redzone:          f9
  Global init order:       f6
  Poisoned by user:        f7
  Container overflow:      fc
  Array cookie:            ac
  Intra object redzone:    bb
  ASan internal:           fe
  Left alloca redzone:     ca
  Right alloca redzone:    cb
==7==ABORTING
