Unable to find image 'n132/arvo:53158-vul' locally
53158-vul: Pulling from n132/arvo
d7bfe07ed847: Already exists
95088a006ac2: Pulling fs layer
923ecc5ed2f2: Pulling fs layer
e9c3d943e704: Pulling fs layer
8dfbf0a75ed0: Pulling fs layer
be04fd845787: Pulling fs layer
9876b7ea398b: Pulling fs layer
bdb2c8167e7e: Pulling fs layer
53c4bc05a52c: Pulling fs layer
e54cafd33672: Pulling fs layer
9e5aa43077e5: Pulling fs layer
5f8396d68966: Pulling fs layer
e3c1691191fc: Pulling fs layer
18bc567ba5fb: Pulling fs layer
bdb2c8167e7e: Waiting
baa45a975476: Pulling fs layer
53c4bc05a52c: Waiting
e0ace36b713a: Pulling fs layer
8dfbf0a75ed0: Waiting
e54cafd33672: Waiting
0fd23064151c: Pulling fs layer
5f8396d68966: Waiting
9e5aa43077e5: Waiting
02578ab1065c: Pulling fs layer
9876b7ea398b: Waiting
be04fd845787: Waiting
e3c1691191fc: Waiting
8e9e64e94608: Pulling fs layer
e0ace36b713a: Waiting
18bc567ba5fb: Waiting
baa45a975476: Waiting
fbc865ba1d4e: Pulling fs layer
02578ab1065c: Waiting
548d7141138a: Pulling fs layer
8e9e64e94608: Waiting
fbc865ba1d4e: Waiting
e39bca31ffe6: Pulling fs layer
548d7141138a: Waiting
a799c77ef639: Pulling fs layer
6bc3ecc96259: Pulling fs layer
e39bca31ffe6: Waiting
73a073c5dabe: Pulling fs layer
a799c77ef639: Waiting
5c5ccc01fcc2: Pulling fs layer
6bc3ecc96259: Waiting
af208d5a627b: Pulling fs layer
4f4fb700ef54: Pulling fs layer
daa845e628fd: Pulling fs layer
ec34c38f0f7e: Pulling fs layer
ffdf8d9d516c: Pulling fs layer
61bb548a6b32: Pulling fs layer
7fbb5d6a0ad0: Pulling fs layer
d128e798abc7: Pulling fs layer
61bb548a6b32: Waiting
daa845e628fd: Waiting
7fbb5d6a0ad0: Waiting
ec34c38f0f7e: Waiting
d128e798abc7: Waiting
ffdf8d9d516c: Waiting
923ecc5ed2f2: Verifying Checksum
923ecc5ed2f2: Download complete
e9c3d943e704: Verifying Checksum
e9c3d943e704: Download complete
8dfbf0a75ed0: Verifying Checksum
8dfbf0a75ed0: Download complete
95088a006ac2: Verifying Checksum
95088a006ac2: Download complete
be04fd845787: Verifying Checksum
be04fd845787: Download complete
95088a006ac2: Pull complete
923ecc5ed2f2: Pull complete
bdb2c8167e7e: Verifying Checksum
bdb2c8167e7e: Download complete
e9c3d943e704: Pull complete
8dfbf0a75ed0: Pull complete
be04fd845787: Pull complete
e54cafd33672: Verifying Checksum
e54cafd33672: Download complete
9e5aa43077e5: Verifying Checksum
9e5aa43077e5: Download complete
5f8396d68966: Verifying Checksum
5f8396d68966: Download complete
e3c1691191fc: Verifying Checksum
e3c1691191fc: Download complete
53c4bc05a52c: Verifying Checksum
53c4bc05a52c: Download complete
18bc567ba5fb: Verifying Checksum
18bc567ba5fb: Download complete
9876b7ea398b: Verifying Checksum
9876b7ea398b: Download complete
baa45a975476: Verifying Checksum
baa45a975476: Download complete
0fd23064151c: Verifying Checksum
0fd23064151c: Download complete
e0ace36b713a: Verifying Checksum
e0ace36b713a: Download complete
02578ab1065c: Download complete
548d7141138a: Verifying Checksum
548d7141138a: Download complete
fbc865ba1d4e: Verifying Checksum
fbc865ba1d4e: Download complete
8e9e64e94608: Verifying Checksum
8e9e64e94608: Download complete
9876b7ea398b: Pull complete
bdb2c8167e7e: Pull complete
e39bca31ffe6: Verifying Checksum
e39bca31ffe6: Download complete
6bc3ecc96259: Verifying Checksum
6bc3ecc96259: Download complete
73a073c5dabe: Verifying Checksum
73a073c5dabe: Download complete
5c5ccc01fcc2: Verifying Checksum
5c5ccc01fcc2: Download complete
af208d5a627b: Verifying Checksum
af208d5a627b: Download complete
4f4fb700ef54: Verifying Checksum
4f4fb700ef54: Download complete
53c4bc05a52c: Pull complete
e54cafd33672: Pull complete
9e5aa43077e5: Pull complete
5f8396d68966: Pull complete
e3c1691191fc: Pull complete
18bc567ba5fb: Pull complete
baa45a975476: Pull complete
ec34c38f0f7e: Verifying Checksum
ec34c38f0f7e: Download complete
e0ace36b713a: Pull complete
0fd23064151c: Pull complete
daa845e628fd: Verifying Checksum
daa845e628fd: Download complete
02578ab1065c: Pull complete
8e9e64e94608: Pull complete
fbc865ba1d4e: Pull complete
548d7141138a: Pull complete
e39bca31ffe6: Pull complete
61bb548a6b32: Verifying Checksum
61bb548a6b32: Download complete
ffdf8d9d516c: Verifying Checksum
ffdf8d9d516c: Download complete
d128e798abc7: Verifying Checksum
d128e798abc7: Download complete
7fbb5d6a0ad0: Verifying Checksum
7fbb5d6a0ad0: Download complete
a799c77ef639: Verifying Checksum
a799c77ef639: Download complete
a799c77ef639: Pull complete
6bc3ecc96259: Pull complete
73a073c5dabe: Pull complete
5c5ccc01fcc2: Pull complete
af208d5a627b: Pull complete
4f4fb700ef54: Pull complete
daa845e628fd: Pull complete
ec34c38f0f7e: Pull complete
ffdf8d9d516c: Pull complete
61bb548a6b32: Pull complete
7fbb5d6a0ad0: Pull complete
d128e798abc7: Pull complete
Digest: sha256:0bad81fe09e182d1045ffa2dd2f496f2fcbf69b066cd985cdc94e4ec90aef72f
Status: Downloaded newer image for n132/arvo:53158-vul
