Unable to find image 'n132/arvo:54161-vul' locally
54161-vul: Pulling from n132/arvo
eaead16dc43b: Already exists
5cea12269187: Pulling fs layer
c74dff381a18: Pulling fs layer
ddd888aeaf50: Pulling fs layer
9c8a04cd0a50: Pulling fs layer
7fe854d7ac11: Pulling fs layer
698b2df0eb53: Pulling fs layer
052c09baea70: Pulling fs layer
302afe1c086f: Pulling fs layer
e82d801d36b8: Pulling fs layer
efa227a4c828: Pulling fs layer
9c8a04cd0a50: Waiting
7fe854d7ac11: Waiting
a03cd22b49b1: Pulling fs layer
698b2df0eb53: Waiting
03fdadf8f01b: Pulling fs layer
302afe1c086f: Waiting
052c09baea70: Waiting
abfa9032eac9: Pulling fs layer
e82d801d36b8: Waiting
efa227a4c828: Waiting
ddd888aeaf50: Waiting
03fdadf8f01b: Waiting
a03cd22b49b1: Waiting
7c272852bdaf: Pulling fs layer
9cc817ec5435: Pulling fs layer
503eeea58dc9: Pulling fs layer
ad30d29b6a5f: Pulling fs layer
f40401b05f8c: Pulling fs layer
f18a95b80c6d: Pulling fs layer
300f6f311ac8: Pulling fs layer
04babf913bcd: Pulling fs layer
745e60163555: Pulling fs layer
5b705ae780c9: Pulling fs layer
0c06248784ce: Pulling fs layer
abfa9032eac9: Waiting
04babf913bcd: Waiting
e7d3eb8d0f5d: Pulling fs layer
7c272852bdaf: Waiting
9cc817ec5435: Waiting
745e60163555: Waiting
d2b153f0d550: Pulling fs layer
f40401b05f8c: Waiting
503eeea58dc9: Waiting
f18a95b80c6d: Waiting
5b705ae780c9: Waiting
55d5f5cb8d8b: Pulling fs layer
300f6f311ac8: Waiting
0c06248784ce: Waiting
e7d3eb8d0f5d: Waiting
d2b153f0d550: Waiting
ad30d29b6a5f: Waiting
24ec35657151: Pulling fs layer
5643c103fc2b: Pulling fs layer
118bb8c6e2fe: Pulling fs layer
c9ef713ca6ed: Pulling fs layer
4f4fb700ef54: Pulling fs layer
d2a76ea69da9: Pulling fs layer
37f5653d927c: Pulling fs layer
24ec35657151: Waiting
5643c103fc2b: Waiting
118bb8c6e2fe: Waiting
c9ef713ca6ed: Waiting
4f4fb700ef54: Waiting
d2a76ea69da9: Waiting
37f5653d927c: Waiting
c74dff381a18: Verifying Checksum
c74dff381a18: Download complete
5cea12269187: Verifying Checksum
5cea12269187: Download complete
ddd888aeaf50: Verifying Checksum
ddd888aeaf50: Download complete
5cea12269187: Pull complete
c74dff381a18: Pull complete
7fe854d7ac11: Verifying Checksum
7fe854d7ac11: Download complete
9c8a04cd0a50: Verifying Checksum
9c8a04cd0a50: Download complete
ddd888aeaf50: Pull complete
9c8a04cd0a50: Pull complete
7fe854d7ac11: Pull complete
052c09baea70: Verifying Checksum
052c09baea70: Download complete
302afe1c086f: Verifying Checksum
302afe1c086f: Download complete
e82d801d36b8: Verifying Checksum
e82d801d36b8: Download complete
698b2df0eb53: Verifying Checksum
698b2df0eb53: Download complete
a03cd22b49b1: Verifying Checksum
a03cd22b49b1: Download complete
efa227a4c828: Verifying Checksum
efa227a4c828: Download complete
698b2df0eb53: Pull complete
052c09baea70: Pull complete
302afe1c086f: Pull complete
03fdadf8f01b: Verifying Checksum
abfa9032eac9: Verifying Checksum
abfa9032eac9: Download complete
7c272852bdaf: Download complete
9cc817ec5435: Verifying Checksum
9cc817ec5435: Download complete
e82d801d36b8: Pull complete
ad30d29b6a5f: Verifying Checksum
ad30d29b6a5f: Download complete
efa227a4c828: Pull complete
503eeea58dc9: Verifying Checksum
503eeea58dc9: Download complete
a03cd22b49b1: Pull complete
03fdadf8f01b: Pull complete
abfa9032eac9: Pull complete
7c272852bdaf: Pull complete
9cc817ec5435: Pull complete
503eeea58dc9: Pull complete
ad30d29b6a5f: Pull complete
f40401b05f8c: Verifying Checksum
f40401b05f8c: Download complete
f18a95b80c6d: Verifying Checksum
f18a95b80c6d: Download complete
f40401b05f8c: Pull complete
f18a95b80c6d: Pull complete
300f6f311ac8: Verifying Checksum
300f6f311ac8: Download complete
300f6f311ac8: Pull complete
04babf913bcd: Verifying Checksum
04babf913bcd: Download complete
04babf913bcd: Pull complete
745e60163555: Verifying Checksum
745e60163555: Download complete
745e60163555: Pull complete
5b705ae780c9: Verifying Checksum
5b705ae780c9: Download complete
5b705ae780c9: Pull complete
0c06248784ce: Verifying Checksum
0c06248784ce: Download complete
0c06248784ce: Pull complete
e7d3eb8d0f5d: Download complete
e7d3eb8d0f5d: Pull complete
55d5f5cb8d8b: Verifying Checksum
55d5f5cb8d8b: Download complete
24ec35657151: Verifying Checksum
24ec35657151: Download complete
5643c103fc2b: Verifying Checksum
5643c103fc2b: Download complete
d2b153f0d550: Verifying Checksum
d2b153f0d550: Download complete
c9ef713ca6ed: Download complete
118bb8c6e2fe: Verifying Checksum
118bb8c6e2fe: Download complete
4f4fb700ef54: Verifying Checksum
4f4fb700ef54: Download complete
37f5653d927c: Verifying Checksum
37f5653d927c: Download complete
d2b153f0d550: Pull complete
55d5f5cb8d8b: Pull complete
d2a76ea69da9: Verifying Checksum
d2a76ea69da9: Download complete
24ec35657151: Pull complete
5643c103fc2b: Pull complete
118bb8c6e2fe: Pull complete
c9ef713ca6ed: Pull complete
4f4fb700ef54: Pull complete
d2a76ea69da9: Pull complete
37f5653d927c: Pull complete
Digest: sha256:0b91ab5a9237011cfdec9068395837481fdf723e66ca21d26de7b5fe286a7422
Status: Downloaded newer image for n132/arvo:54161-vul
