Unable to find image 'n132/arvo:54857-vul' locally
54857-vul: Pulling from n132/arvo
846c0b181fff: Already exists
6f40dfa743ea: Already exists
870d7d85d921: Already exists
8cafa8deec23: Already exists
b3c7713b77b4: Already exists
671aa2736f7d: Already exists
26a655f48331: Already exists
5e53940b618d: Already exists
3ab0e8346b9d: Already exists
da63893d7e33: Already exists
aeb614c05937: Already exists
63eaf6e1861b: Already exists
d7b23536322c: Already exists
6ac262db61e1: Already exists
3e82909c323e: Already exists
58a52029f898: Already exists
27d5aa940f40: Already exists
aa8720e4745f: Already exists
2811b888af37: Already exists
fe41c9462537: Already exists
5455e015fd20: Already exists
3c7eb3a6d6b6: Already exists
ea5ccad381d5: Already exists
dc6f22c3a893: Already exists
e936cc5046a5: Already exists
713ce431cd5f: Already exists
01fee13fe46b: Pulling fs layer
4d0509183493: Pulling fs layer
0af3539109d6: Pulling fs layer
3a61bdc90fe7: Pulling fs layer
3b44422fb7d5: Pulling fs layer
a597cbf107b1: Pulling fs layer
0b9974761950: Pulling fs layer
0fcb8d7f8a6a: Pulling fs layer
5df395d2528b: Pulling fs layer
36f909084fbf: Pulling fs layer
8d4496911e79: Pulling fs layer
671b29dbda2d: Pulling fs layer
f5dc560b5a50: Pulling fs layer
aa5403e4db70: Pulling fs layer
9ffcbd1ff11b: Pulling fs layer
9c85ce1bc3dc: Pulling fs layer
3aed4c45f4ec: Pulling fs layer
b298dd4f3262: Pulling fs layer
dee06b90fcb4: Pulling fs layer
0694ae732bf5: Pulling fs layer
570646c42a7b: Pulling fs layer
fcbf80a2afbe: Pulling fs layer
d82129f4c39f: Pulling fs layer
f8a1b192ab76: Pulling fs layer
1d56d6f4e0f4: Pulling fs layer
d82129f4c39f: Download complete
4d0509183493: Verifying Checksum
4d0509183493: Download complete
1d56d6f4e0f4: Verifying Checksum
1d56d6f4e0f4: Download complete
f5dc560b5a50: Verifying Checksum
f5dc560b5a50: Download complete
aa5403e4db70: Verifying Checksum
aa5403e4db70: Download complete
fcbf80a2afbe: Verifying Checksum
fcbf80a2afbe: Download complete
8d4496911e79: Verifying Checksum
8d4496911e79: Download complete
5df395d2528b: Verifying Checksum
5df395d2528b: Download complete
36f909084fbf: Verifying Checksum
36f909084fbf: Download complete
0b9974761950: Verifying Checksum
0b9974761950: Download complete
9c85ce1bc3dc: Verifying Checksum
9c85ce1bc3dc: Download complete
3a61bdc90fe7: Verifying Checksum
3a61bdc90fe7: Download complete
3aed4c45f4ec: Verifying Checksum
3aed4c45f4ec: Download complete
671b29dbda2d: Verifying Checksum
671b29dbda2d: Download complete
dee06b90fcb4: Verifying Checksum
dee06b90fcb4: Download complete
0fcb8d7f8a6a: Verifying Checksum
0fcb8d7f8a6a: Download complete
a597cbf107b1: Verifying Checksum
a597cbf107b1: Download complete
b298dd4f3262: Verifying Checksum
b298dd4f3262: Download complete
0694ae732bf5: Verifying Checksum
0694ae732bf5: Download complete
570646c42a7b: Verifying Checksum
570646c42a7b: Download complete
3b44422fb7d5: Verifying Checksum
3b44422fb7d5: Download complete
9ffcbd1ff11b: Verifying Checksum
9ffcbd1ff11b: Download complete
01fee13fe46b: Download complete
0af3539109d6: Verifying Checksum
0af3539109d6: Download complete
01fee13fe46b: Pull complete
4d0509183493: Pull complete
0af3539109d6: Pull complete
3a61bdc90fe7: Pull complete
3b44422fb7d5: Pull complete
a597cbf107b1: Pull complete
0b9974761950: Pull complete
0fcb8d7f8a6a: Pull complete
5df395d2528b: Pull complete
36f909084fbf: Pull complete
8d4496911e79: Pull complete
671b29dbda2d: Pull complete
f5dc560b5a50: Pull complete
aa5403e4db70: Pull complete
9ffcbd1ff11b: Pull complete
9c85ce1bc3dc: Pull complete
3aed4c45f4ec: Pull complete
b298dd4f3262: Pull complete
dee06b90fcb4: Pull complete
0694ae732bf5: Pull complete
570646c42a7b: Pull complete
fcbf80a2afbe: Pull complete
d82129f4c39f: Pull complete
f8a1b192ab76: Verifying Checksum
f8a1b192ab76: Download complete
f8a1b192ab76: Pull complete
1d56d6f4e0f4: Pull complete
Digest: sha256:ceffd6a7dd51a8bfeb0ea5ef44676fda019581b0206cc228d5c192ed830ea2f6
Status: Downloaded newer image for n132/arvo:54857-vul
