Unable to find image 'n132/arvo:57089-vul' locally
57089-vul: Pulling from n132/arvo
7608715873ec: Already exists
ad2487796c1a: Already exists
8b42b3b29679: Already exists
c11d532e9648: Already exists
5feaaee5aeff: Already exists
4a38a10173f3: Already exists
919a4cdf4d9f: Already exists
c2a667788566: Already exists
4fe386f7cf37: Already exists
20ffdf26db1f: Already exists
222ec402b722: Already exists
6a648a51e2a5: Already exists
ffcaadede07d: Already exists
a3308a2d8c19: Already exists
20985b6dccd0: Already exists
b8dbcc6ed4e6: Already exists
b944b42103d6: Already exists
07e15d644013: Already exists
8657451f905f: Already exists
7e37b7cc9505: Already exists
f683fbcb8391: Already exists
0dc7969dcb89: Already exists
264a7b84c179: Already exists
1644aa8279ed: Already exists
f53ed6c6da33: Already exists
d42bafaa1433: Already exists
a0d854db0901: Already exists
a0cec2808c86: Pulling fs layer
af7b8a2b45aa: Pulling fs layer
c5383dfc4f07: Pulling fs layer
21c43e5ae2c3: Pulling fs layer
3ca541b4cf29: Pulling fs layer
de7309627519: Pulling fs layer
4f4fb700ef54: Pulling fs layer
1a9230ae4d95: Pulling fs layer
d9b4352b077c: Pulling fs layer
cedcc7272bb9: Pulling fs layer
3ca541b4cf29: Waiting
de7309627519: Waiting
4f4fb700ef54: Waiting
a0cec2808c86: Waiting
21c43e5ae2c3: Waiting
c5383dfc4f07: Waiting
1a9230ae4d95: Waiting
af7b8a2b45aa: Waiting
d9b4352b077c: Waiting
cedcc7272bb9: Waiting
a0cec2808c86: Verifying Checksum
a0cec2808c86: Download complete
c5383dfc4f07: Verifying Checksum
c5383dfc4f07: Download complete
af7b8a2b45aa: Verifying Checksum
af7b8a2b45aa: Download complete
a0cec2808c86: Pull complete
af7b8a2b45aa: Pull complete
21c43e5ae2c3: Verifying Checksum
21c43e5ae2c3: Download complete
c5383dfc4f07: Pull complete
21c43e5ae2c3: Pull complete
de7309627519: Verifying Checksum
de7309627519: Download complete
3ca541b4cf29: Verifying Checksum
3ca541b4cf29: Download complete
4f4fb700ef54: Verifying Checksum
4f4fb700ef54: Download complete
3ca541b4cf29: Pull complete
de7309627519: Pull complete
4f4fb700ef54: Pull complete
1a9230ae4d95: Verifying Checksum
1a9230ae4d95: Download complete
1a9230ae4d95: Pull complete
cedcc7272bb9: Verifying Checksum
cedcc7272bb9: Download complete
d9b4352b077c: Verifying Checksum
d9b4352b077c: Download complete
d9b4352b077c: Pull complete
cedcc7272bb9: Pull complete
Digest: sha256:bf31e67abd0e125b04e1b041e1f3b26339ebd2004489c54d7f4ea0df8d854ed0
Status: Downloaded newer image for n132/arvo:57089-vul
