Unable to find image 'n132/arvo:57304-vul' locally
57304-vul: Pulling from n132/arvo
7608715873ec: Already exists
ad2487796c1a: Already exists
8b42b3b29679: Already exists
c11d532e9648: Already exists
5feaaee5aeff: Already exists
4a38a10173f3: Already exists
919a4cdf4d9f: Already exists
c2a667788566: Already exists
4fe386f7cf37: Already exists
20ffdf26db1f: Already exists
222ec402b722: Already exists
6a648a51e2a5: Already exists
ffcaadede07d: Already exists
a3308a2d8c19: Already exists
20985b6dccd0: Already exists
b8dbcc6ed4e6: Already exists
b944b42103d6: Already exists
07e15d644013: Already exists
8657451f905f: Already exists
7e37b7cc9505: Already exists
f683fbcb8391: Already exists
0dc7969dcb89: Already exists
264a7b84c179: Already exists
1644aa8279ed: Already exists
f53ed6c6da33: Already exists
d42bafaa1433: Already exists
a0d854db0901: Already exists
ffb7eda9560b: Pulling fs layer
4bdb1a507528: Pulling fs layer
fd2cdf315bae: Pulling fs layer
0cfbe4fa1ef6: Pulling fs layer
4b426c911187: Pulling fs layer
0e04947a1522: Pulling fs layer
4f4fb700ef54: Pulling fs layer
15a358073835: Pulling fs layer
0feb433cf769: Pulling fs layer
0cfbe4fa1ef6: Waiting
ace8886e1836: Pulling fs layer
ace8886e1836: Waiting
0feb433cf769: Waiting
fd2cdf315bae: Waiting
4b426c911187: Waiting
0e04947a1522: Waiting
4f4fb700ef54: Waiting
15a358073835: Waiting
4bdb1a507528: Verifying Checksum
4bdb1a507528: Download complete
fd2cdf315bae: Verifying Checksum
fd2cdf315bae: Download complete
0cfbe4fa1ef6: Verifying Checksum
0cfbe4fa1ef6: Download complete
4b426c911187: Verifying Checksum
4b426c911187: Download complete
0e04947a1522: Verifying Checksum
0e04947a1522: Download complete
4f4fb700ef54: Verifying Checksum
4f4fb700ef54: Download complete
ffb7eda9560b: Verifying Checksum
ffb7eda9560b: Download complete
15a358073835: Verifying Checksum
15a358073835: Download complete
ace8886e1836: Verifying Checksum
ace8886e1836: Download complete
0feb433cf769: Verifying Checksum
0feb433cf769: Download complete
ffb7eda9560b: Pull complete
4bdb1a507528: Pull complete
fd2cdf315bae: Pull complete
0cfbe4fa1ef6: Pull complete
4b426c911187: Pull complete
0e04947a1522: Pull complete
4f4fb700ef54: Pull complete
15a358073835: Pull complete
0feb433cf769: Pull complete
ace8886e1836: Pull complete
Digest: sha256:19d501da5d07d0bcbd8e2b901bef6a453cf6e7243e4742dd818fc9b9a35950bd
Status: Downloaded newer image for n132/arvo:57304-vul
