INFO: Running with entropic power schedule (0xFF, 100).
INFO: Seed: 957396854
INFO: Loaded 1 modules   (9169 inline 8-bit counters): 9169 [0x7270fa, 0x7294cb), 
INFO: Loaded 1 PC tables (9169 PCs): 9169 [0x7294d0,0x74d1e0), 
/out/fuzzer_tool_metaflac: Running 1 inputs 1 time(s) each.
Running: /tmp/poc
Uninitialized bytes in __interceptor_strspn at offset 0 inside [0x7ffe3cc61390, 1)
==7==WARNING: MemorySanitizer: use-of-uninitialized-value
    #0 0x5773b4 in local__parse_ms_ /src/flac/src/share/grabbag/cuesheet.c:176:5
    #1 0x573511 in local__cuesheet_parse_ /src/flac/src/share/grabbag/cuesheet.c:358:11
    #2 0x573511 in grabbag__cuesheet_parse /src/flac/src/share/grabbag/cuesheet.c:606:6
    #3 0x541c1a in import_cs_from /src/flac/oss-fuzz/../src/metaflac/operations_shorthand_cuesheet.c:137:14
    #4 0x541c1a in do_shorthand_operation__cuesheet /src/flac/oss-fuzz/../src/metaflac/operations_shorthand_cuesheet.c:79:10
    #5 0x540790 in do_shorthand_operation /src/flac/oss-fuzz/../src/metaflac/operations.c:498:9
    #6 0x53c6e2 in do_shorthand_operations_on_file /src/flac/oss-fuzz/../src/metaflac/operations.c:424:10
    #7 0x53c6e2 in do_shorthand_operations /src/flac/oss-fuzz/../src/metaflac/operations.c:388:9
    #8 0x53c6e2 in do_operations /src/flac/oss-fuzz/../src/metaflac/operations.c:88:8
    #9 0x568928 in main_to_fuzz /src/flac/oss-fuzz/./../src/metaflac/main.c:68:10
    #10 0x568928 in LLVMFuzzerTestOneInput /src/flac/oss-fuzz/tool_metaflac.c:115:2
    #11 0x43dcc3 in fuzzer::Fuzzer::ExecuteCallback(unsigned char const*, unsigned long) /src/llvm-project/compiler-rt/lib/fuzzer/FuzzerLoop.cpp:611:15
    #12 0x429422 in fuzzer::RunOneTest(fuzzer::Fuzzer*, char const*, unsigned long) /src/llvm-project/compiler-rt/lib/fuzzer/FuzzerDriver.cpp:324:6
    #13 0x42eccc in fuzzer::FuzzerDriver(int*, char***, int (*)(unsigned char const*, unsigned long)) /src/llvm-project/compiler-rt/lib/fuzzer/FuzzerDriver.cpp:860:9
    #14 0x458202 in main /src/llvm-project/compiler-rt/lib/fuzzer/FuzzerMain.cpp:20:10
    #15 0x76164cfd2082 in __libc_start_main (/lib/x86_64-linux-gnu/libc.so.6+0x24082) (BuildId: 87b331c034a6458c64ce09c03939e947212e18ce)
    #16 0x41f5ed in _start (/out/fuzzer_tool_metaflac+0x41f5ed)

DEDUP_TOKEN: local__parse_ms_--local__cuesheet_parse_--grabbag__cuesheet_parse
  Uninitialized value was created by an allocation of 'buffer.i' in the stack frame of function 'grabbag__cuesheet_parse'
    #0 0x56cbc0 in grabbag__cuesheet_parse /src/flac/src/share/grabbag/cuesheet.c:591

DEDUP_TOKEN: grabbag__cuesheet_parse
SUMMARY: MemorySanitizer: use-of-uninitialized-value /src/flac/src/share/grabbag/cuesheet.c:176:5 in local__parse_ms_
Exiting
