Unable to find image 'n132/arvo:57812-vul' locally
57812-vul: Pulling from n132/arvo
7608715873ec: Already exists
ae415db10c28: Pulling fs layer
3df13df25856: Pulling fs layer
2e457be5f03c: Pulling fs layer
4e1301d90f76: Pulling fs layer
cd4786088128: Pulling fs layer
9a946082a692: Pulling fs layer
2a318a3aa03b: Pulling fs layer
1de558139cc2: Pulling fs layer
83a20d8eda58: Pulling fs layer
2e3807511e7e: Pulling fs layer
c9e20853cafe: Pulling fs layer
ab59ea540597: Pulling fs layer
6f45af67343c: Pulling fs layer
11000a987582: Pulling fs layer
40682065444e: Pulling fs layer
398f064d2c69: Pulling fs layer
953a5601ef6d: Pulling fs layer
f2dbd038a2fb: Pulling fs layer
bca17f8a8a29: Pulling fs layer
c720cd58b82f: Pulling fs layer
efdf886b6476: Pulling fs layer
53024431fae2: Pulling fs layer
4497c79db972: Pulling fs layer
c13dd88defb2: Pulling fs layer
2a3b0439d56f: Pulling fs layer
e57864ae8143: Pulling fs layer
a4a120846a3f: Pulling fs layer
f72d40d0b3e6: Pulling fs layer
c1ed19c425f5: Pulling fs layer
442b8a8d8d83: Pulling fs layer
466a5b414e4b: Pulling fs layer
08dbbefdd961: Pulling fs layer
9a97bd9dbea7: Pulling fs layer
9173691f07ef: Pulling fs layer
1b44b9ba3d2f: Pulling fs layer
dae7d51066af: Pulling fs layer
f16e77c2c942: Pulling fs layer
5d5cbd5d10ed: Pulling fs layer
9d8d926eb065: Pulling fs layer
640db1d82985: Pulling fs layer
8d9e12910cd5: Pulling fs layer
57da1485db6c: Pulling fs layer
6b2a05bb37bb: Pulling fs layer
3eac9985110e: Pulling fs layer
9173691f07ef: Waiting
1b44b9ba3d2f: Waiting
9a97bd9dbea7: Waiting
73b1f71a9ae9: Pulling fs layer
dae7d51066af: Waiting
f53b0f9a9655: Pulling fs layer
640db1d82985: Waiting
f16e77c2c942: Waiting
5d5cbd5d10ed: Waiting
8d9e12910cd5: Waiting
9d8d926eb065: Waiting
e87da5cbee14: Pulling fs layer
57da1485db6c: Waiting
6b2a05bb37bb: Waiting
73b1f71a9ae9: Waiting
3eac9985110e: Waiting
7038412ee9ba: Pulling fs layer
f53b0f9a9655: Waiting
759af0e86ef8: Pulling fs layer
e87da5cbee14: Waiting
759af0e86ef8: Waiting
7038412ee9ba: Waiting
3df13df25856: Verifying Checksum
3df13df25856: Download complete
2a318a3aa03b: Verifying Checksum
2a318a3aa03b: Download complete
cd4786088128: Verifying Checksum
cd4786088128: Download complete
c13dd88defb2: Verifying Checksum
c13dd88defb2: Download complete
2a3b0439d56f: Download complete
11000a987582: Verifying Checksum
11000a987582: Download complete
c720cd58b82f: Verifying Checksum
c720cd58b82f: Download complete
4e1301d90f76: Verifying Checksum
4e1301d90f76: Download complete
953a5601ef6d: Verifying Checksum
953a5601ef6d: Download complete
1de558139cc2: Verifying Checksum
1de558139cc2: Download complete
e57864ae8143: Verifying Checksum
e57864ae8143: Download complete
bca17f8a8a29: Verifying Checksum
bca17f8a8a29: Download complete
f72d40d0b3e6: Verifying Checksum
f72d40d0b3e6: Download complete
ab59ea540597: Verifying Checksum
ab59ea540597: Download complete
f2dbd038a2fb: Verifying Checksum
f2dbd038a2fb: Download complete
53024431fae2: Download complete
c9e20853cafe: Verifying Checksum
c9e20853cafe: Download complete
4497c79db972: Verifying Checksum
4497c79db972: Download complete
442b8a8d8d83: Verifying Checksum
442b8a8d8d83: Download complete
40682065444e: Verifying Checksum
40682065444e: Download complete
398f064d2c69: Verifying Checksum
398f064d2c69: Download complete
6f45af67343c: Verifying Checksum
6f45af67343c: Download complete
efdf886b6476: Verifying Checksum
efdf886b6476: Download complete
8d9e12910cd5: Verifying Checksum
8d9e12910cd5: Download complete
e87da5cbee14: Verifying Checksum
e87da5cbee14: Download complete
759af0e86ef8: Verifying Checksum
759af0e86ef8: Download complete
1b44b9ba3d2f: Verifying Checksum
1b44b9ba3d2f: Download complete
08dbbefdd961: Verifying Checksum
08dbbefdd961: Download complete
640db1d82985: Verifying Checksum
640db1d82985: Download complete
9173691f07ef: Verifying Checksum
9173691f07ef: Download complete
5d5cbd5d10ed: Verifying Checksum
5d5cbd5d10ed: Download complete
f16e77c2c942: Verifying Checksum
f16e77c2c942: Download complete
9a97bd9dbea7: Verifying Checksum
9a97bd9dbea7: Download complete
dae7d51066af: Verifying Checksum
dae7d51066af: Download complete
6b2a05bb37bb: Verifying Checksum
6b2a05bb37bb: Download complete
57da1485db6c: Verifying Checksum
57da1485db6c: Download complete
3eac9985110e: Verifying Checksum
f53b0f9a9655: Verifying Checksum
f53b0f9a9655: Download complete
73b1f71a9ae9: Verifying Checksum
73b1f71a9ae9: Download complete
2e457be5f03c: Verifying Checksum
2e457be5f03c: Download complete
2e3807511e7e: Verifying Checksum
2e3807511e7e: Download complete
ae415db10c28: Verifying Checksum
ae415db10c28: Download complete
ae415db10c28: Pull complete
3df13df25856: Pull complete
2e457be5f03c: Pull complete
4e1301d90f76: Pull complete
cd4786088128: Pull complete
9d8d926eb065: Verifying Checksum
9d8d926eb065: Download complete
83a20d8eda58: Verifying Checksum
83a20d8eda58: Download complete
466a5b414e4b: Verifying Checksum
466a5b414e4b: Download complete
a4a120846a3f: Verifying Checksum
a4a120846a3f: Download complete
c1ed19c425f5: Verifying Checksum
c1ed19c425f5: Download complete
9a946082a692: Verifying Checksum
9a946082a692: Download complete
9a946082a692: Pull complete
2a318a3aa03b: Pull complete
1de558139cc2: Pull complete
83a20d8eda58: Pull complete
2e3807511e7e: Pull complete
c9e20853cafe: Pull complete
ab59ea540597: Pull complete
6f45af67343c: Pull complete
11000a987582: Pull complete
40682065444e: Pull complete
398f064d2c69: Pull complete
953a5601ef6d: Pull complete
f2dbd038a2fb: Pull complete
bca17f8a8a29: Pull complete
c720cd58b82f: Pull complete
efdf886b6476: Pull complete
53024431fae2: Pull complete
4497c79db972: Pull complete
c13dd88defb2: Pull complete
2a3b0439d56f: Pull complete
e57864ae8143: Pull complete
a4a120846a3f: Pull complete
f72d40d0b3e6: Pull complete
c1ed19c425f5: Pull complete
442b8a8d8d83: Pull complete
466a5b414e4b: Pull complete
08dbbefdd961: Pull complete
9a97bd9dbea7: Pull complete
9173691f07ef: Pull complete
1b44b9ba3d2f: Pull complete
dae7d51066af: Pull complete
f16e77c2c942: Pull complete
5d5cbd5d10ed: Pull complete
9d8d926eb065: Pull complete
640db1d82985: Pull complete
8d9e12910cd5: Pull complete
57da1485db6c: Pull complete
6b2a05bb37bb: Pull complete
3eac9985110e: Pull complete
73b1f71a9ae9: Pull complete
f53b0f9a9655: Pull complete
e87da5cbee14: Pull complete
7038412ee9ba: Verifying Checksum
7038412ee9ba: Download complete
7038412ee9ba: Pull complete
759af0e86ef8: Pull complete
Digest: sha256:6ff4288db3717ef461136469e7c236f9667ecb4991122825c3249d3b179c904d
Status: Downloaded newer image for n132/arvo:57812-vul
