Unable to find image 'n132/arvo:57825-vul' locally
57825-vul: Pulling from n132/arvo
7608715873ec: Already exists
ae415db10c28: Already exists
3df13df25856: Already exists
2e457be5f03c: Already exists
4e1301d90f76: Already exists
cd4786088128: Already exists
9a946082a692: Already exists
2a318a3aa03b: Already exists
1de558139cc2: Already exists
83a20d8eda58: Already exists
2e3807511e7e: Already exists
c9e20853cafe: Already exists
ab59ea540597: Already exists
6f45af67343c: Already exists
11000a987582: Already exists
40682065444e: Already exists
398f064d2c69: Already exists
953a5601ef6d: Already exists
f2dbd038a2fb: Already exists
bca17f8a8a29: Already exists
c720cd58b82f: Already exists
efdf886b6476: Already exists
53024431fae2: Already exists
4497c79db972: Already exists
c13dd88defb2: Already exists
2a3b0439d56f: Already exists
e57864ae8143: Already exists
f7e2b7b03cb9: Pulling fs layer
dd8b7fa6b16f: Pulling fs layer
057ad93f5144: Pulling fs layer
04646e009d6d: Pulling fs layer
9aafb79631a7: Pulling fs layer
9a77745adc4b: Pulling fs layer
9bba56860dda: Pulling fs layer
062abffc93fe: Pulling fs layer
27d75278238b: Pulling fs layer
d4cfdd9ec318: Pulling fs layer
2096296c51a4: Pulling fs layer
4d2ddb164751: Pulling fs layer
357b8c51b68c: Pulling fs layer
f4911ff67238: Pulling fs layer
ae12429faa6c: Pulling fs layer
1dcdca2058cd: Pulling fs layer
8a5870adca4d: Pulling fs layer
8ee5b2ff62af: Pulling fs layer
e0a6848f8d89: Pulling fs layer
f54156c3b0b4: Pulling fs layer
88b80a35cf12: Pulling fs layer
f345a382dff9: Pulling fs layer
67040b11702c: Pulling fs layer
27d75278238b: Verifying Checksum
27d75278238b: Download complete
67040b11702c: Download complete
4d2ddb164751: Verifying Checksum
4d2ddb164751: Download complete
88b80a35cf12: Verifying Checksum
88b80a35cf12: Download complete
2096296c51a4: Download complete
dd8b7fa6b16f: Verifying Checksum
dd8b7fa6b16f: Download complete
f54156c3b0b4: Verifying Checksum
f54156c3b0b4: Download complete
9bba56860dda: Verifying Checksum
9bba56860dda: Download complete
f4911ff67238: Verifying Checksum
f4911ff67238: Download complete
ae12429faa6c: Verifying Checksum
ae12429faa6c: Download complete
04646e009d6d: Verifying Checksum
04646e009d6d: Download complete
d4cfdd9ec318: Verifying Checksum
d4cfdd9ec318: Download complete
8a5870adca4d: Verifying Checksum
8a5870adca4d: Download complete
062abffc93fe: Verifying Checksum
062abffc93fe: Download complete
9a77745adc4b: Verifying Checksum
9a77745adc4b: Download complete
8ee5b2ff62af: Verifying Checksum
8ee5b2ff62af: Download complete
1dcdca2058cd: Verifying Checksum
1dcdca2058cd: Download complete
e0a6848f8d89: Verifying Checksum
e0a6848f8d89: Download complete
357b8c51b68c: Verifying Checksum
357b8c51b68c: Download complete
9aafb79631a7: Verifying Checksum
9aafb79631a7: Download complete
f7e2b7b03cb9: Verifying Checksum
f7e2b7b03cb9: Download complete
057ad93f5144: Verifying Checksum
057ad93f5144: Download complete
f7e2b7b03cb9: Pull complete
dd8b7fa6b16f: Pull complete
057ad93f5144: Pull complete
04646e009d6d: Pull complete
9aafb79631a7: Pull complete
9a77745adc4b: Pull complete
9bba56860dda: Pull complete
062abffc93fe: Pull complete
27d75278238b: Pull complete
d4cfdd9ec318: Pull complete
2096296c51a4: Pull complete
4d2ddb164751: Pull complete
357b8c51b68c: Pull complete
f4911ff67238: Pull complete
ae12429faa6c: Pull complete
1dcdca2058cd: Pull complete
8a5870adca4d: Pull complete
8ee5b2ff62af: Pull complete
e0a6848f8d89: Pull complete
f54156c3b0b4: Pull complete
88b80a35cf12: Pull complete
f345a382dff9: Verifying Checksum
f345a382dff9: Download complete
f345a382dff9: Pull complete
67040b11702c: Pull complete
Digest: sha256:7807606845d792a60fef1f005cf5b3030b4d9cd29447e857727f20adfe637926
Status: Downloaded newer image for n132/arvo:57825-vul
