INFO: Running with entropic power schedule (0xFF, 100).
INFO: Seed: 1118266662
INFO: Loaded 1 modules   (12580 inline 8-bit counters): 12580 [0x892090, 0x8951b4), 
INFO: Loaded 1 PC tables (12580 PCs): 12580 [0x8951b8,0x8c63f8), 
/out/dav1d_fuzzer_mt: Running 1 inputs 1 time(s) each.
Running: /tmp/poc
=================================================================
==39==ERROR: AddressSanitizer: heap-use-after-free on address 0x6030000000d0 at pc 0x00000054f0d1 bp 0x7fffa2094e10 sp 0x7fffa20945e0
READ of size 32 at 0x6030000000d0 thread T0
SCARINESS: 54 (multi-byte-read-heap-use-after-free)
    #0 0x54f0d0 in __asan_memcpy /src/llvm-project/compiler-rt/lib/asan/asan_interceptors_memintrinsics.cpp:22:3
    #1 0x5a2ecc in picture_copy_props /work/build/../../src/dav1d/src/picture.c:268:13
    #2 0x5a4170 in dav1d_picture_alloc_copy /work/build/../../src/dav1d/src/picture.c:347:12
    #3 0x59029f in dav1d_apply_grain /work/build/../../src/dav1d/src/lib.c:542:15
    #4 0x58ff54 in output_image /work/build/../../src/dav1d/src/lib.c:368:11
    #5 0x58f559 in drain_picture /work/build/../../src/dav1d/src/lib.c:447:24
    #6 0x58f559 in dav1d_get_picture /work/build/../../src/dav1d/src/lib.c:525:16
    #7 0x58de24 in LLVMFuzzerTestOneInput /work/build/../../src/dav1d/tests/libfuzzer/dav1d_fuzzer.c:186:24
    #8 0x45ebb3 in fuzzer::Fuzzer::ExecuteCallback(unsigned char const*, unsigned long) /src/llvm-project/compiler-rt/lib/fuzzer/FuzzerLoop.cpp:611:15
    #9 0x44a312 in fuzzer::RunOneTest(fuzzer::Fuzzer*, char const*, unsigned long) /src/llvm-project/compiler-rt/lib/fuzzer/FuzzerDriver.cpp:324:6
    #10 0x44fbbc in fuzzer::FuzzerDriver(int*, char***, int (*)(unsigned char const*, unsigned long)) /src/llvm-project/compiler-rt/lib/fuzzer/FuzzerDriver.cpp:860:9
    #11 0x4790f2 in main /src/llvm-project/compiler-rt/lib/fuzzer/FuzzerMain.cpp:20:10
    #12 0x7868cfb50082 in __libc_start_main (/lib/x86_64-linux-gnu/libc.so.6+0x24082) (BuildId: 87b331c034a6458c64ce09c03939e947212e18ce)
    #13 0x4404dd in _start (/out/dav1d_fuzzer_mt+0x4404dd)

DEDUP_TOKEN: __asan_memcpy--picture_copy_props--dav1d_picture_alloc_copy
0x6030000000d0 is located 0 bytes inside of 32-byte region [0x6030000000d0,0x6030000000f0)
freed by thread T0 here:
    #0 0x54faa2 in free /src/llvm-project/compiler-rt/lib/asan/asan_malloc_linux.cpp:52:3
    #1 0x5a4e2a in free_itut_t35 /work/build/../../src/dav1d/src/picture.c:133:5
    #2 0x5a5728 in dav1d_ref_dec /work/build/../../src/dav1d/src/ref.c:100:9
    #3 0x5a2e36 in picture_copy_props /work/build/../../src/dav1d/src/picture.c:256:9
    #4 0x5a2b91 in dav1d_picture_move_props /work/build/../../src/dav1d/src/picture.c:294:12
    #5 0x594613 in dav1d_parse_obus /work/build/../../src/dav1d/src/obu.c:1615:17
    #6 0x58eb87 in gen_picture /work/build/../../src/dav1d/src/lib.c:466:15
    #7 0x58e997 in dav1d_send_data /work/build/../../src/dav1d/src/lib.c:496:15
    #8 0x58dad0 in LLVMFuzzerTestOneInput /work/build/../../src/dav1d/tests/libfuzzer/dav1d_fuzzer.c:164:24
    #9 0x45ebb3 in fuzzer::Fuzzer::ExecuteCallback(unsigned char const*, unsigned long) /src/llvm-project/compiler-rt/lib/fuzzer/FuzzerLoop.cpp:611:15
    #10 0x44a312 in fuzzer::RunOneTest(fuzzer::Fuzzer*, char const*, unsigned long) /src/llvm-project/compiler-rt/lib/fuzzer/FuzzerDriver.cpp:324:6
    #11 0x44fbbc in fuzzer::FuzzerDriver(int*, char***, int (*)(unsigned char const*, unsigned long)) /src/llvm-project/compiler-rt/lib/fuzzer/FuzzerDriver.cpp:860:9
    #12 0x4790f2 in main /src/llvm-project/compiler-rt/lib/fuzzer/FuzzerMain.cpp:20:10
    #13 0x7868cfb50082 in __libc_start_main (/lib/x86_64-linux-gnu/libc.so.6+0x24082) (BuildId: 87b331c034a6458c64ce09c03939e947212e18ce)

DEDUP_TOKEN: free--free_itut_t35--dav1d_ref_dec
previously allocated by thread T0 here:
    #0 0x55014c in __interceptor_realloc /src/llvm-project/compiler-rt/lib/asan/asan_malloc_linux.cpp:85:3
    #1 0x593dba in dav1d_parse_obus /work/build/../../src/dav1d/src/obu.c:1497:45
    #2 0x58eb87 in gen_picture /work/build/../../src/dav1d/src/lib.c:466:15
    #3 0x58e997 in dav1d_send_data /work/build/../../src/dav1d/src/lib.c:496:15
    #4 0x58dad0 in LLVMFuzzerTestOneInput /work/build/../../src/dav1d/tests/libfuzzer/dav1d_fuzzer.c:164:24
    #5 0x45ebb3 in fuzzer::Fuzzer::ExecuteCallback(unsigned char const*, unsigned long) /src/llvm-project/compiler-rt/lib/fuzzer/FuzzerLoop.cpp:611:15
    #6 0x44a312 in fuzzer::RunOneTest(fuzzer::Fuzzer*, char const*, unsigned long) /src/llvm-project/compiler-rt/lib/fuzzer/FuzzerDriver.cpp:324:6
    #7 0x44fbbc in fuzzer::FuzzerDriver(int*, char***, int (*)(unsigned char const*, unsigned long)) /src/llvm-project/compiler-rt/lib/fuzzer/FuzzerDriver.cpp:860:9
    #8 0x4790f2 in main /src/llvm-project/compiler-rt/lib/fuzzer/FuzzerMain.cpp:20:10
    #9 0x7868cfb50082 in __libc_start_main (/lib/x86_64-linux-gnu/libc.so.6+0x24082) (BuildId: 87b331c034a6458c64ce09c03939e947212e18ce)

DEDUP_TOKEN: __interceptor_realloc--dav1d_parse_obus--gen_picture
SUMMARY: AddressSanitizer: heap-use-after-free /src/llvm-project/compiler-rt/lib/asan/asan_interceptors_memintrinsics.cpp:22:3 in __asan_memcpy
Shadow bytes around the buggy address:
  0x0c067fff7fc0: 00 00 00 00 00 00 00 00 00 00 00 00 00 00 00 00
  0x0c067fff7fd0: 00 00 00 00 00 00 00 00 00 00 00 00 00 00 00 00
  0x0c067fff7fe0: 00 00 00 00 00 00 00 00 00 00 00 00 00 00 00 00
  0x0c067fff7ff0: 00 00 00 00 00 00 00 00 00 00 00 00 00 00 00 00
  0x0c067fff8000: fa fa 00 00 00 fa fa fa 00 00 00 fa fa fa 00 00
=>0x0c067fff8010: 00 fa fa fa 00 00 00 00 fa fa[fd]fd fd fd fa fa
  0x0c067fff8020: 00 00 00 00 fa fa 00 00 00 00 fa fa fa fa fa fa
  0x0c067fff8030: fa fa fa fa fa fa fa fa fa fa fa fa fa fa fa fa
  0x0c067fff8040: fa fa fa fa fa fa fa fa fa fa fa fa fa fa fa fa
  0x0c067fff8050: fa fa fa fa fa fa fa fa fa fa fa fa fa fa fa fa
  0x0c067fff8060: fa fa fa fa fa fa fa fa fa fa fa fa fa fa fa fa
Shadow byte legend (one shadow byte represents 8 application bytes):
  Addressable:           00
  Partially addressable: 01 02 03 04 05 06 07 
  Heap left redzone:       fa
  Freed heap region:       fd
  Stack left redzone:      f1
  Stack mid redzone:       f2
  Stack right redzone:     f3
  Stack after return:      f5
  Stack use after scope:   f8
  Global redzone:          f9
  Global init order:       f6
  Poisoned by user:        f7
  Container overflow:      fc
  Array cookie:            ac
  Intra object redzone:    bb
  ASan internal:           fe
  Left alloca redzone:     ca
  Right alloca redzone:    cb
==39==ABORTING
exit status 1
