Unable to find image 'n132/arvo:58134-vul' locally
58134-vul: Pulling from n132/arvo
7608715873ec: Already exists
ae415db10c28: Already exists
3df13df25856: Already exists
2e457be5f03c: Already exists
4e1301d90f76: Already exists
cd4786088128: Already exists
9a946082a692: Already exists
2a318a3aa03b: Already exists
1de558139cc2: Already exists
83a20d8eda58: Already exists
2e3807511e7e: Already exists
c9e20853cafe: Already exists
ab59ea540597: Already exists
6f45af67343c: Already exists
11000a987582: Already exists
40682065444e: Already exists
398f064d2c69: Already exists
953a5601ef6d: Already exists
f2dbd038a2fb: Already exists
bca17f8a8a29: Already exists
c720cd58b82f: Already exists
efdf886b6476: Already exists
53024431fae2: Already exists
4497c79db972: Already exists
c13dd88defb2: Already exists
2a3b0439d56f: Already exists
e57864ae8143: Already exists
d97cc40ff356: Pulling fs layer
3b8c2a464735: Pulling fs layer
b89d7a9c69aa: Pulling fs layer
40e569b2a77d: Pulling fs layer
af80e2284bcb: Pulling fs layer
9866fac506b1: Pulling fs layer
f1208da0aa33: Pulling fs layer
51c001514b59: Pulling fs layer
be73d0321f84: Pulling fs layer
9be8feda747c: Pulling fs layer
9db5172f77bf: Pulling fs layer
3896fb6de74e: Pulling fs layer
7ee56686a0ca: Pulling fs layer
ddc38ffa053a: Pulling fs layer
b2eb268f1993: Pulling fs layer
411d4014c0c4: Pulling fs layer
b68ea54885b4: Pulling fs layer
6c404d2a5cbe: Pulling fs layer
c22ac2f27831: Pulling fs layer
3ef23aa813cf: Pulling fs layer
9471541d1023: Pulling fs layer
f6ea6d3554d5: Pulling fs layer
9f44834fc6c8: Pulling fs layer
be73d0321f84: Verifying Checksum
be73d0321f84: Download complete
9f44834fc6c8: Verifying Checksum
9f44834fc6c8: Download complete
3896fb6de74e: Verifying Checksum
3896fb6de74e: Download complete
9471541d1023: Verifying Checksum
9471541d1023: Download complete
b2eb268f1993: Verifying Checksum
b2eb268f1993: Download complete
9db5172f77bf: Verifying Checksum
9db5172f77bf: Download complete
3b8c2a464735: Verifying Checksum
3b8c2a464735: Download complete
f1208da0aa33: Verifying Checksum
f1208da0aa33: Download complete
40e569b2a77d: Verifying Checksum
40e569b2a77d: Download complete
b68ea54885b4: Verifying Checksum
b68ea54885b4: Download complete
ddc38ffa053a: Verifying Checksum
ddc38ffa053a: Download complete
3ef23aa813cf: Verifying Checksum
3ef23aa813cf: Download complete
9866fac506b1: Verifying Checksum
9866fac506b1: Download complete
9be8feda747c: Verifying Checksum
9be8feda747c: Download complete
411d4014c0c4: Verifying Checksum
411d4014c0c4: Download complete
6c404d2a5cbe: Verifying Checksum
6c404d2a5cbe: Download complete
51c001514b59: Verifying Checksum
51c001514b59: Download complete
c22ac2f27831: Verifying Checksum
c22ac2f27831: Download complete
7ee56686a0ca: Verifying Checksum
7ee56686a0ca: Download complete
d97cc40ff356: Verifying Checksum
d97cc40ff356: Download complete
af80e2284bcb: Verifying Checksum
af80e2284bcb: Download complete
d97cc40ff356: Pull complete
3b8c2a464735: Pull complete
b89d7a9c69aa: Verifying Checksum
b89d7a9c69aa: Download complete
b89d7a9c69aa: Pull complete
40e569b2a77d: Pull complete
af80e2284bcb: Pull complete
9866fac506b1: Pull complete
f1208da0aa33: Pull complete
51c001514b59: Pull complete
be73d0321f84: Pull complete
9be8feda747c: Pull complete
9db5172f77bf: Pull complete
3896fb6de74e: Pull complete
7ee56686a0ca: Pull complete
ddc38ffa053a: Pull complete
b2eb268f1993: Pull complete
411d4014c0c4: Pull complete
b68ea54885b4: Pull complete
6c404d2a5cbe: Pull complete
c22ac2f27831: Pull complete
3ef23aa813cf: Pull complete
9471541d1023: Pull complete
f6ea6d3554d5: Verifying Checksum
f6ea6d3554d5: Download complete
f6ea6d3554d5: Pull complete
9f44834fc6c8: Pull complete
Digest: sha256:e6c5f63ad9c939549d63dc916b90fe296ac1f98c791da5cc4224322c635682d0
Status: Downloaded newer image for n132/arvo:58134-vul
