Unable to find image 'n132/arvo:58185-vul' locally
58185-vul: Pulling from n132/arvo
7608715873ec: Already exists
e0a7eb52cf34: Pulling fs layer
d3a01542327e: Pulling fs layer
bf8780bda250: Pulling fs layer
48f2aaf8d50f: Pulling fs layer
6bf382b9bfa4: Pulling fs layer
6b90bcb7061f: Pulling fs layer
040e1a1d2ca2: Pulling fs layer
74d89594e428: Pulling fs layer
a394087d93e8: Pulling fs layer
c5a35c07b14b: Pulling fs layer
eca621c963a0: Pulling fs layer
d2a680c358a4: Pulling fs layer
deb1d97a69f1: Pulling fs layer
dc9d726d83de: Pulling fs layer
2e8229c12825: Pulling fs layer
56aec7e60585: Pulling fs layer
5ef35baf1e7f: Pulling fs layer
fe5793e12544: Pulling fs layer
8dca6353f9c0: Pulling fs layer
e84d88deedaa: Pulling fs layer
d8da49701f1b: Pulling fs layer
12f34c10a888: Pulling fs layer
f1d0a0b562c9: Pulling fs layer
f113146f84d4: Pulling fs layer
0521432e6419: Pulling fs layer
c9225ff7d6a7: Pulling fs layer
54283b0342fa: Pulling fs layer
4d8b7c05f4b6: Pulling fs layer
3ab32e704ec4: Pulling fs layer
3cf94c5de15d: Pulling fs layer
f477bc1da630: Pulling fs layer
dad0abfcaecb: Pulling fs layer
0bf31155ee37: Pulling fs layer
eaef7acd3fdf: Pulling fs layer
98e92f3e4e2a: Pulling fs layer
adf737af48dc: Pulling fs layer
a0372311033d: Pulling fs layer
a8712bc3fff4: Pulling fs layer
5546c150381a: Pulling fs layer
1c4008a732f7: Pulling fs layer
18866c7a8fea: Pulling fs layer
c2608593e5a9: Pulling fs layer
52e8c9e43520: Pulling fs layer
fb5fe57abc1e: Pulling fs layer
aa1473bac68d: Pulling fs layer
9bc7d85b12bb: Pulling fs layer
c12e6e1fc4b4: Pulling fs layer
34794912f68f: Pulling fs layer
c1cec142260b: Pulling fs layer
0bf31155ee37: Waiting
eaef7acd3fdf: Waiting
98e92f3e4e2a: Waiting
5546c150381a: Waiting
1c4008a732f7: Waiting
adf737af48dc: Waiting
a8712bc3fff4: Waiting
a0372311033d: Waiting
18866c7a8fea: Waiting
fb5fe57abc1e: Waiting
c2608593e5a9: Waiting
52e8c9e43520: Waiting
aa1473bac68d: Waiting
c12e6e1fc4b4: Waiting
34794912f68f: Waiting
c1cec142260b: Waiting
9bc7d85b12bb: Waiting
eca621c963a0: Verifying Checksum
eca621c963a0: Download complete
dc9d726d83de: Verifying Checksum
dc9d726d83de: Download complete
040e1a1d2ca2: Verifying Checksum
040e1a1d2ca2: Download complete
8dca6353f9c0: Verifying Checksum
8dca6353f9c0: Download complete
74d89594e428: Verifying Checksum
74d89594e428: Download complete
6bf382b9bfa4: Verifying Checksum
6bf382b9bfa4: Download complete
d3a01542327e: Verifying Checksum
d3a01542327e: Download complete
5ef35baf1e7f: Verifying Checksum
5ef35baf1e7f: Download complete
e84d88deedaa: Verifying Checksum
e84d88deedaa: Download complete
d8da49701f1b: Verifying Checksum
d8da49701f1b: Download complete
f113146f84d4: Verifying Checksum
f113146f84d4: Download complete
c9225ff7d6a7: Verifying Checksum
c9225ff7d6a7: Download complete
56aec7e60585: Verifying Checksum
56aec7e60585: Download complete
12f34c10a888: Verifying Checksum
12f34c10a888: Download complete
f1d0a0b562c9: Verifying Checksum
f1d0a0b562c9: Download complete
4d8b7c05f4b6: Verifying Checksum
4d8b7c05f4b6: Download complete
3cf94c5de15d: Verifying Checksum
3cf94c5de15d: Download complete
deb1d97a69f1: Verifying Checksum
deb1d97a69f1: Download complete
0521432e6419: Download complete
fe5793e12544: Verifying Checksum
fe5793e12544: Download complete
48f2aaf8d50f: Verifying Checksum
48f2aaf8d50f: Download complete
2e8229c12825: Verifying Checksum
2e8229c12825: Download complete
d2a680c358a4: Verifying Checksum
d2a680c358a4: Download complete
98e92f3e4e2a: Verifying Checksum
98e92f3e4e2a: Download complete
18866c7a8fea: Download complete
a0372311033d: Verifying Checksum
a0372311033d: Download complete
c1cec142260b: Verifying Checksum
c1cec142260b: Download complete
c12e6e1fc4b4: Verifying Checksum
c12e6e1fc4b4: Download complete
1c4008a732f7: Verifying Checksum
1c4008a732f7: Download complete
c2608593e5a9: Verifying Checksum
c2608593e5a9: Download complete
0bf31155ee37: Verifying Checksum
0bf31155ee37: Download complete
9bc7d85b12bb: Download complete
eaef7acd3fdf: Verifying Checksum
eaef7acd3fdf: Download complete
a8712bc3fff4: Verifying Checksum
a8712bc3fff4: Download complete
52e8c9e43520: Verifying Checksum
52e8c9e43520: Download complete
adf737af48dc: Verifying Checksum
adf737af48dc: Download complete
fb5fe57abc1e: Verifying Checksum
fb5fe57abc1e: Download complete
dad0abfcaecb: Verifying Checksum
dad0abfcaecb: Download complete
aa1473bac68d: Verifying Checksum
aa1473bac68d: Download complete
bf8780bda250: Verifying Checksum
bf8780bda250: Download complete
5546c150381a: Verifying Checksum
5546c150381a: Download complete
c5a35c07b14b: Verifying Checksum
c5a35c07b14b: Download complete
e0a7eb52cf34: Verifying Checksum
e0a7eb52cf34: Download complete
54283b0342fa: Verifying Checksum
54283b0342fa: Download complete
e0a7eb52cf34: Pull complete
d3a01542327e: Pull complete
bf8780bda250: Pull complete
48f2aaf8d50f: Pull complete
6bf382b9bfa4: Pull complete
a394087d93e8: Verifying Checksum
a394087d93e8: Download complete
f477bc1da630: Verifying Checksum
f477bc1da630: Download complete
3ab32e704ec4: Verifying Checksum
3ab32e704ec4: Download complete
6b90bcb7061f: Verifying Checksum
6b90bcb7061f: Download complete
6b90bcb7061f: Pull complete
040e1a1d2ca2: Pull complete
74d89594e428: Pull complete
a394087d93e8: Pull complete
c5a35c07b14b: Pull complete
eca621c963a0: Pull complete
d2a680c358a4: Pull complete
deb1d97a69f1: Pull complete
dc9d726d83de: Pull complete
2e8229c12825: Pull complete
56aec7e60585: Pull complete
5ef35baf1e7f: Pull complete
fe5793e12544: Pull complete
8dca6353f9c0: Pull complete
e84d88deedaa: Pull complete
d8da49701f1b: Pull complete
12f34c10a888: Pull complete
f1d0a0b562c9: Pull complete
f113146f84d4: Pull complete
0521432e6419: Pull complete
c9225ff7d6a7: Pull complete
54283b0342fa: Pull complete
4d8b7c05f4b6: Pull complete
3ab32e704ec4: Pull complete
3cf94c5de15d: Pull complete
f477bc1da630: Pull complete
dad0abfcaecb: Pull complete
0bf31155ee37: Pull complete
eaef7acd3fdf: Pull complete
98e92f3e4e2a: Pull complete
adf737af48dc: Pull complete
a0372311033d: Pull complete
a8712bc3fff4: Pull complete
5546c150381a: Pull complete
1c4008a732f7: Pull complete
18866c7a8fea: Pull complete
c2608593e5a9: Pull complete
52e8c9e43520: Pull complete
fb5fe57abc1e: Pull complete
aa1473bac68d: Pull complete
9bc7d85b12bb: Pull complete
c12e6e1fc4b4: Pull complete
34794912f68f: Verifying Checksum
34794912f68f: Download complete
34794912f68f: Pull complete
c1cec142260b: Pull complete
Digest: sha256:4f1d172683b1fd02c7391ed16cc1aa9dcd7f1c59166b26e45bae48ad793708d1
Status: Downloaded newer image for n132/arvo:58185-vul
