Unable to find image 'n132/arvo:59673-vul' locally
59673-vul: Pulling from n132/arvo
7608715873ec: Already exists
7e6a398eb9c5: Pulling fs layer
dc8099517e84: Pulling fs layer
3f4463852cc9: Pulling fs layer
55121278263a: Pulling fs layer
e65b4a5a1b7d: Pulling fs layer
b3c682f8c474: Pulling fs layer
0da3ce304841: Pulling fs layer
e293ea6449f9: Pulling fs layer
eb1277d9ab4a: Pulling fs layer
70657770d54a: Pulling fs layer
342150b7eb6a: Pulling fs layer
cd647162b0e6: Pulling fs layer
3ea75e85cf14: Pulling fs layer
a119af21c594: Pulling fs layer
8550b132eb52: Pulling fs layer
074976754991: Pulling fs layer
cc348ab41f38: Pulling fs layer
4a3f446247af: Pulling fs layer
663543f672e7: Pulling fs layer
0adf7d646080: Pulling fs layer
535717b44bcb: Pulling fs layer
96c86f8e2f4e: Pulling fs layer
60cfab78b0c4: Pulling fs layer
b5eb728284ba: Pulling fs layer
feebfe3efbf8: Pulling fs layer
bcfe420779f0: Pulling fs layer
1759956ba141: Pulling fs layer
f7b59fcc7cc8: Pulling fs layer
555a132a17b3: Pulling fs layer
0df2cd2434c2: Pulling fs layer
a9147b2043ee: Pulling fs layer
a8b9a5079fd3: Pulling fs layer
e2d4129c8d60: Pulling fs layer
a65d43862145: Pulling fs layer
a7157eb8c9c6: Pulling fs layer
c4b355b4b94e: Pulling fs layer
fd9eafc2cf5f: Pulling fs layer
9ffd00326b66: Pulling fs layer
bfa83e7148a2: Pulling fs layer
4d83217e1e92: Pulling fs layer
abf13ecd3c8c: Pulling fs layer
5d0a5b49f21f: Pulling fs layer
192efc2445a9: Pulling fs layer
8a1d3c30f140: Pulling fs layer
9f3dcaff650c: Pulling fs layer
c0e8362baa50: Pulling fs layer
0aaee9bab3a0: Pulling fs layer
c15effbebb59: Pulling fs layer
93c4dc12a59e: Pulling fs layer
c4b355b4b94e: Waiting
fd9eafc2cf5f: Waiting
9ffd00326b66: Waiting
bfa83e7148a2: Waiting
4d83217e1e92: Waiting
c0e8362baa50: Waiting
0aaee9bab3a0: Waiting
abf13ecd3c8c: Waiting
5d0a5b49f21f: Waiting
8a1d3c30f140: Waiting
c15effbebb59: Waiting
9f3dcaff650c: Waiting
192efc2445a9: Waiting
93c4dc12a59e: Waiting
a65d43862145: Waiting
a7157eb8c9c6: Waiting
e2d4129c8d60: Waiting
0adf7d646080: Verifying Checksum
0adf7d646080: Download complete
b5eb728284ba: Verifying Checksum
b5eb728284ba: Download complete
342150b7eb6a: Verifying Checksum
342150b7eb6a: Download complete
60cfab78b0c4: Verifying Checksum
60cfab78b0c4: Download complete
96c86f8e2f4e: Verifying Checksum
96c86f8e2f4e: Download complete
0da3ce304841: Download complete
e293ea6449f9: Verifying Checksum
e293ea6449f9: Download complete
e65b4a5a1b7d: Verifying Checksum
e65b4a5a1b7d: Download complete
a119af21c594: Verifying Checksum
a119af21c594: Download complete
feebfe3efbf8: Verifying Checksum
feebfe3efbf8: Download complete
cc348ab41f38: Verifying Checksum
cc348ab41f38: Download complete
dc8099517e84: Verifying Checksum
dc8099517e84: Download complete
bcfe420779f0: Verifying Checksum
bcfe420779f0: Download complete
0df2cd2434c2: Verifying Checksum
0df2cd2434c2: Download complete
f7b59fcc7cc8: Verifying Checksum
f7b59fcc7cc8: Download complete
cd647162b0e6: Verifying Checksum
cd647162b0e6: Download complete
074976754991: Verifying Checksum
074976754991: Download complete
4a3f446247af: Verifying Checksum
4a3f446247af: Download complete
535717b44bcb: Verifying Checksum
535717b44bcb: Download complete
663543f672e7: Download complete
8550b132eb52: Verifying Checksum
8550b132eb52: Download complete
9ffd00326b66: Verifying Checksum
9ffd00326b66: Download complete
a7157eb8c9c6: Verifying Checksum
a7157eb8c9c6: Download complete
3ea75e85cf14: Verifying Checksum
3ea75e85cf14: Download complete
93c4dc12a59e: Verifying Checksum
93c4dc12a59e: Download complete
4d83217e1e92: Verifying Checksum
0aaee9bab3a0: Verifying Checksum
0aaee9bab3a0: Download complete
abf13ecd3c8c: Download complete
e2d4129c8d60: Verifying Checksum
c4b355b4b94e: Verifying Checksum
c4b355b4b94e: Download complete
fd9eafc2cf5f: Verifying Checksum
fd9eafc2cf5f: Download complete
192efc2445a9: Verifying Checksum
192efc2445a9: Download complete
55121278263a: Verifying Checksum
55121278263a: Download complete
c0e8362baa50: Verifying Checksum
c0e8362baa50: Download complete
a8b9a5079fd3: Verifying Checksum
a8b9a5079fd3: Download complete
9f3dcaff650c: Verifying Checksum
9f3dcaff650c: Download complete
8a1d3c30f140: Verifying Checksum
8a1d3c30f140: Download complete
a65d43862145: Verifying Checksum
a65d43862145: Download complete
5d0a5b49f21f: Verifying Checksum
5d0a5b49f21f: Download complete
3f4463852cc9: Verifying Checksum
3f4463852cc9: Download complete
70657770d54a: Verifying Checksum
70657770d54a: Download complete
bfa83e7148a2: Verifying Checksum
bfa83e7148a2: Download complete
7e6a398eb9c5: Verifying Checksum
7e6a398eb9c5: Download complete
eb1277d9ab4a: Verifying Checksum
eb1277d9ab4a: Download complete
7e6a398eb9c5: Pull complete
dc8099517e84: Pull complete
3f4463852cc9: Pull complete
55121278263a: Pull complete
e65b4a5a1b7d: Pull complete
1759956ba141: Verifying Checksum
1759956ba141: Download complete
b3c682f8c474: Verifying Checksum
b3c682f8c474: Download complete
555a132a17b3: Verifying Checksum
555a132a17b3: Download complete
a9147b2043ee: Verifying Checksum
a9147b2043ee: Download complete
b3c682f8c474: Pull complete
0da3ce304841: Pull complete
e293ea6449f9: Pull complete
eb1277d9ab4a: Pull complete
70657770d54a: Pull complete
342150b7eb6a: Pull complete
cd647162b0e6: Pull complete
3ea75e85cf14: Pull complete
a119af21c594: Pull complete
8550b132eb52: Pull complete
074976754991: Pull complete
cc348ab41f38: Pull complete
4a3f446247af: Pull complete
663543f672e7: Pull complete
0adf7d646080: Pull complete
535717b44bcb: Pull complete
96c86f8e2f4e: Pull complete
60cfab78b0c4: Pull complete
b5eb728284ba: Pull complete
feebfe3efbf8: Pull complete
bcfe420779f0: Pull complete
1759956ba141: Pull complete
f7b59fcc7cc8: Pull complete
555a132a17b3: Pull complete
0df2cd2434c2: Pull complete
a9147b2043ee: Pull complete
a8b9a5079fd3: Pull complete
e2d4129c8d60: Pull complete
a65d43862145: Pull complete
a7157eb8c9c6: Pull complete
c4b355b4b94e: Pull complete
fd9eafc2cf5f: Pull complete
9ffd00326b66: Pull complete
bfa83e7148a2: Pull complete
4d83217e1e92: Pull complete
abf13ecd3c8c: Pull complete
5d0a5b49f21f: Pull complete
192efc2445a9: Pull complete
8a1d3c30f140: Pull complete
9f3dcaff650c: Pull complete
c0e8362baa50: Pull complete
0aaee9bab3a0: Pull complete
c15effbebb59: Verifying Checksum
c15effbebb59: Download complete
c15effbebb59: Pull complete
93c4dc12a59e: Pull complete
Digest: sha256:bf4cf476c4d41b4e6cb0ac52df6e8bd85bb06c02c7ad9b81d1e3c958b0551532
Status: Downloaded newer image for n132/arvo:59673-vul
