Unable to find image 'n132/arvo:59706-vul' locally
59706-vul: Pulling from n132/arvo
7608715873ec: Already exists
5e1fe8bf7ee8: Already exists
f45ed49201eb: Already exists
1ae1aec1aa24: Already exists
20cb60261ca0: Already exists
80ef62ed2551: Already exists
26e5cbf8454a: Already exists
332e3b8b7739: Already exists
3ce29b269480: Already exists
5e205551e2c4: Already exists
cd2c59937fbd: Already exists
e69c067c7196: Already exists
cd3db4afd969: Already exists
6518ef711a17: Already exists
a43451488147: Already exists
62c602a5c6d4: Already exists
fc13decaafa6: Already exists
c39a4a6b455d: Already exists
2b56e4b36560: Already exists
aca3089efe23: Already exists
9d31995b98c4: Already exists
8edf67cf860c: Already exists
b8253eb9b082: Already exists
2ff49a9604f7: Already exists
dc48b9bb5d7f: Already exists
77ca28b90fe1: Already exists
5e62dcc47d96: Already exists
25685dbddcbc: Pulling fs layer
69960c08f301: Pulling fs layer
e33cc45c920a: Pulling fs layer
c9e16e99214c: Pulling fs layer
0a8cad96d4e7: Pulling fs layer
4a39216d9cc2: Pulling fs layer
9ae7760e0649: Pulling fs layer
e33cc45c920a: Waiting
0132d155e55c: Pulling fs layer
69960c08f301: Waiting
4f4fb700ef54: Pulling fs layer
0a8cad96d4e7: Waiting
c9e16e99214c: Waiting
eb75f403cc5e: Pulling fs layer
25685dbddcbc: Waiting
4a39216d9cc2: Waiting
0132d155e55c: Waiting
5e35b4434713: Pulling fs layer
9ae7760e0649: Waiting
4f4fb700ef54: Waiting
eb75f403cc5e: Waiting
d77fad12431c: Pulling fs layer
5e35b4434713: Waiting
d77fad12431c: Waiting
69960c08f301: Verifying Checksum
69960c08f301: Download complete
25685dbddcbc: Verifying Checksum
25685dbddcbc: Download complete
e33cc45c920a: Verifying Checksum
e33cc45c920a: Download complete
c9e16e99214c: Verifying Checksum
c9e16e99214c: Download complete
25685dbddcbc: Pull complete
69960c08f301: Pull complete
e33cc45c920a: Pull complete
c9e16e99214c: Pull complete
4a39216d9cc2: Verifying Checksum
4a39216d9cc2: Download complete
0a8cad96d4e7: Verifying Checksum
0a8cad96d4e7: Download complete
0a8cad96d4e7: Pull complete
4a39216d9cc2: Pull complete
0132d155e55c: Download complete
4f4fb700ef54: Verifying Checksum
4f4fb700ef54: Download complete
9ae7760e0649: Verifying Checksum
9ae7760e0649: Download complete
9ae7760e0649: Pull complete
0132d155e55c: Pull complete
4f4fb700ef54: Pull complete
eb75f403cc5e: Verifying Checksum
eb75f403cc5e: Pull complete
5e35b4434713: Verifying Checksum
5e35b4434713: Download complete
5e35b4434713: Pull complete
d77fad12431c: Verifying Checksum
d77fad12431c: Download complete
d77fad12431c: Pull complete
Digest: sha256:dccffe17104a79b682a72d4798270d8900b3819919b08a6705e7230296ce3f2d
Status: Downloaded newer image for n132/arvo:59706-vul
