Unable to find image 'n132/arvo:59701-vul' locally
59701-vul: Pulling from n132/arvo
7608715873ec: Already exists
5e1fe8bf7ee8: Pulling fs layer
f45ed49201eb: Pulling fs layer
1ae1aec1aa24: Pulling fs layer
20cb60261ca0: Pulling fs layer
80ef62ed2551: Pulling fs layer
26e5cbf8454a: Pulling fs layer
332e3b8b7739: Pulling fs layer
3ce29b269480: Pulling fs layer
5e205551e2c4: Pulling fs layer
cd2c59937fbd: Pulling fs layer
e69c067c7196: Pulling fs layer
80ef62ed2551: Waiting
cd3db4afd969: Pulling fs layer
26e5cbf8454a: Waiting
20cb60261ca0: Waiting
6518ef711a17: Pulling fs layer
332e3b8b7739: Waiting
a43451488147: Pulling fs layer
3ce29b269480: Waiting
5e205551e2c4: Waiting
cd3db4afd969: Waiting
62c602a5c6d4: Pulling fs layer
cd2c59937fbd: Waiting
e69c067c7196: Waiting
fc13decaafa6: Pulling fs layer
6518ef711a17: Waiting
c39a4a6b455d: Pulling fs layer
a43451488147: Waiting
fc13decaafa6: Waiting
2b56e4b36560: Pulling fs layer
c39a4a6b455d: Waiting
aca3089efe23: Pulling fs layer
2b56e4b36560: Waiting
9d31995b98c4: Pulling fs layer
aca3089efe23: Waiting
8edf67cf860c: Pulling fs layer
9d31995b98c4: Waiting
b8253eb9b082: Pulling fs layer
2ff49a9604f7: Pulling fs layer
dc48b9bb5d7f: Pulling fs layer
77ca28b90fe1: Pulling fs layer
5e62dcc47d96: Pulling fs layer
b8253eb9b082: Waiting
8edf67cf860c: Waiting
2ff49a9604f7: Waiting
d187b9fbb105: Pulling fs layer
dc48b9bb5d7f: Waiting
77ca28b90fe1: Waiting
f274bcf3001e: Pulling fs layer
5e62dcc47d96: Waiting
ab08cc9073ce: Pulling fs layer
d187b9fbb105: Waiting
f2b554bc374f: Pulling fs layer
f274bcf3001e: Waiting
ab08cc9073ce: Waiting
bdcf65627525: Pulling fs layer
c0d240a6087e: Pulling fs layer
4f4fb700ef54: Pulling fs layer
bdcf65627525: Waiting
6a3c1dc3938b: Pulling fs layer
c0d240a6087e: Waiting
694b72b4c9a3: Pulling fs layer
6a3c1dc3938b: Waiting
1e1c93c6878f: Pulling fs layer
694b72b4c9a3: Waiting
1e1c93c6878f: Waiting
f45ed49201eb: Verifying Checksum
f45ed49201eb: Download complete
20cb60261ca0: Verifying Checksum
20cb60261ca0: Download complete
1ae1aec1aa24: Verifying Checksum
1ae1aec1aa24: Download complete
5e1fe8bf7ee8: Verifying Checksum
5e1fe8bf7ee8: Download complete
80ef62ed2551: Verifying Checksum
80ef62ed2551: Download complete
332e3b8b7739: Verifying Checksum
332e3b8b7739: Download complete
5e1fe8bf7ee8: Pull complete
f45ed49201eb: Pull complete
3ce29b269480: Verifying Checksum
3ce29b269480: Download complete
1ae1aec1aa24: Pull complete
20cb60261ca0: Pull complete
80ef62ed2551: Pull complete
cd2c59937fbd: Verifying Checksum
cd2c59937fbd: Download complete
e69c067c7196: Verifying Checksum
e69c067c7196: Download complete
5e205551e2c4: Verifying Checksum
5e205551e2c4: Download complete
cd3db4afd969: Verifying Checksum
cd3db4afd969: Download complete
6518ef711a17: Verifying Checksum
6518ef711a17: Download complete
26e5cbf8454a: Verifying Checksum
26e5cbf8454a: Download complete
62c602a5c6d4: Verifying Checksum
62c602a5c6d4: Download complete
fc13decaafa6: Verifying Checksum
fc13decaafa6: Download complete
c39a4a6b455d: Verifying Checksum
c39a4a6b455d: Download complete
2b56e4b36560: Verifying Checksum
2b56e4b36560: Download complete
aca3089efe23: Verifying Checksum
aca3089efe23: Download complete
26e5cbf8454a: Pull complete
332e3b8b7739: Pull complete
3ce29b269480: Pull complete
9d31995b98c4: Verifying Checksum
9d31995b98c4: Download complete
8edf67cf860c: Verifying Checksum
8edf67cf860c: Download complete
b8253eb9b082: Verifying Checksum
b8253eb9b082: Download complete
a43451488147: Verifying Checksum
a43451488147: Download complete
5e205551e2c4: Pull complete
dc48b9bb5d7f: Verifying Checksum
dc48b9bb5d7f: Download complete
2ff49a9604f7: Verifying Checksum
2ff49a9604f7: Download complete
77ca28b90fe1: Verifying Checksum
77ca28b90fe1: Download complete
cd2c59937fbd: Pull complete
e69c067c7196: Pull complete
cd3db4afd969: Pull complete
5e62dcc47d96: Verifying Checksum
5e62dcc47d96: Download complete
6518ef711a17: Pull complete
a43451488147: Pull complete
62c602a5c6d4: Pull complete
fc13decaafa6: Pull complete
c39a4a6b455d: Pull complete
2b56e4b36560: Pull complete
f274bcf3001e: Verifying Checksum
f274bcf3001e: Download complete
aca3089efe23: Pull complete
9d31995b98c4: Pull complete
8edf67cf860c: Pull complete
b8253eb9b082: Pull complete
2ff49a9604f7: Pull complete
dc48b9bb5d7f: Pull complete
77ca28b90fe1: Pull complete
5e62dcc47d96: Pull complete
f2b554bc374f: Verifying Checksum
f2b554bc374f: Download complete
ab08cc9073ce: Verifying Checksum
ab08cc9073ce: Download complete
c0d240a6087e: Verifying Checksum
c0d240a6087e: Download complete
4f4fb700ef54: Verifying Checksum
4f4fb700ef54: Download complete
bdcf65627525: Verifying Checksum
bdcf65627525: Download complete
6a3c1dc3938b: Verifying Checksum
6a3c1dc3938b: Download complete
1e1c93c6878f: Verifying Checksum
1e1c93c6878f: Download complete
d187b9fbb105: Verifying Checksum
d187b9fbb105: Download complete
694b72b4c9a3: Verifying Checksum
694b72b4c9a3: Download complete
d187b9fbb105: Pull complete
f274bcf3001e: Pull complete
ab08cc9073ce: Pull complete
f2b554bc374f: Pull complete
bdcf65627525: Pull complete
c0d240a6087e: Pull complete
4f4fb700ef54: Pull complete
6a3c1dc3938b: Pull complete
694b72b4c9a3: Pull complete
1e1c93c6878f: Pull complete
Digest: sha256:bf4e374e2db84c5f50552e51b661ebb4b5ab0ebc36997b47f4d0112d40c6b002
Status: Downloaded newer image for n132/arvo:59701-vul
