Unable to find image 'n132/arvo:59828-vul' locally
59828-vul: Pulling from n132/arvo
7608715873ec: Already exists
e2bcde7c9d10: Already exists
f90f7c5514c2: Already exists
c030bfa0b4be: Already exists
88f88a6d928e: Already exists
dc0578ef7395: Already exists
d5505516a2c8: Already exists
0e34efc6ee36: Already exists
7c324d10fbef: Already exists
a172e49a4bfc: Already exists
f8a4d0229f3d: Already exists
e9a488085094: Already exists
a49863a798af: Already exists
3abbc75b51dc: Already exists
b0e3611ad6ae: Already exists
86f6d81932f7: Already exists
2b7672e0185d: Already exists
47b1e404afb7: Already exists
d5d231817a31: Already exists
a9bad22b92eb: Already exists
7f0c9076deb0: Already exists
9cdbb5120618: Already exists
1f8a633ad4a3: Already exists
6ff1c9aeb37b: Already exists
d36d82ef34f6: Already exists
1971e12960e2: Already exists
940879a7e014: Already exists
be3aa9bf119d: Pulling fs layer
aafdf85bba18: Pulling fs layer
7f1d5361158b: Pulling fs layer
67dfb0951bab: Pulling fs layer
e0d4cdc63839: Pulling fs layer
8d06b16fc273: Pulling fs layer
fb01f2a57b48: Pulling fs layer
a5f127dc79c2: Pulling fs layer
81cae76a56de: Pulling fs layer
963d5758e179: Pulling fs layer
1653c98602de: Pulling fs layer
1b5c694ec3bf: Pulling fs layer
f4e27c12c1bb: Pulling fs layer
498221d50b12: Pulling fs layer
fb2fc58ab33a: Pulling fs layer
4b5c63c18b99: Pulling fs layer
03f124283759: Pulling fs layer
50c9ff72684c: Pulling fs layer
766b36bc0fe1: Pulling fs layer
d78e79aea2a7: Pulling fs layer
b7a3e11cedbe: Pulling fs layer
6177f6a5b370: Pulling fs layer
6500af5bae49: Pulling fs layer
6500af5bae49: Verifying Checksum
6500af5bae49: Download complete
498221d50b12: Verifying Checksum
498221d50b12: Download complete
1653c98602de: Verifying Checksum
1653c98602de: Download complete
b7a3e11cedbe: Verifying Checksum
b7a3e11cedbe: Download complete
aafdf85bba18: Verifying Checksum
aafdf85bba18: Download complete
1b5c694ec3bf: Verifying Checksum
1b5c694ec3bf: Download complete
81cae76a56de: Verifying Checksum
81cae76a56de: Download complete
fb01f2a57b48: Verifying Checksum
fb01f2a57b48: Download complete
963d5758e179: Verifying Checksum
963d5758e179: Download complete
fb2fc58ab33a: Verifying Checksum
fb2fc58ab33a: Download complete
67dfb0951bab: Verifying Checksum
67dfb0951bab: Download complete
d78e79aea2a7: Verifying Checksum
d78e79aea2a7: Download complete
03f124283759: Verifying Checksum
03f124283759: Download complete
8d06b16fc273: Verifying Checksum
8d06b16fc273: Download complete
50c9ff72684c: Verifying Checksum
50c9ff72684c: Download complete
a5f127dc79c2: Download complete
4b5c63c18b99: Verifying Checksum
4b5c63c18b99: Download complete
766b36bc0fe1: Verifying Checksum
766b36bc0fe1: Download complete
f4e27c12c1bb: Verifying Checksum
f4e27c12c1bb: Download complete
e0d4cdc63839: Verifying Checksum
e0d4cdc63839: Download complete
be3aa9bf119d: Verifying Checksum
be3aa9bf119d: Download complete
7f1d5361158b: Verifying Checksum
7f1d5361158b: Download complete
be3aa9bf119d: Pull complete
aafdf85bba18: Pull complete
7f1d5361158b: Pull complete
67dfb0951bab: Pull complete
e0d4cdc63839: Pull complete
8d06b16fc273: Pull complete
fb01f2a57b48: Pull complete
a5f127dc79c2: Pull complete
81cae76a56de: Pull complete
963d5758e179: Pull complete
1653c98602de: Pull complete
1b5c694ec3bf: Pull complete
f4e27c12c1bb: Pull complete
498221d50b12: Pull complete
fb2fc58ab33a: Pull complete
4b5c63c18b99: Pull complete
03f124283759: Pull complete
50c9ff72684c: Pull complete
766b36bc0fe1: Pull complete
d78e79aea2a7: Pull complete
b7a3e11cedbe: Pull complete
6177f6a5b370: Verifying Checksum
6177f6a5b370: Download complete
6177f6a5b370: Pull complete
6500af5bae49: Pull complete
Digest: sha256:90d2b29219adca8d92c3f88e9e018b74b21da19ac30e926c7fc1fdee87868f51
Status: Downloaded newer image for n132/arvo:59828-vul
