Unable to find image 'n132/arvo:60317-vul' locally
60317-vul: Pulling from n132/arvo
7608715873ec: Already exists
970dea99a950: Pulling fs layer
d55362b6880a: Pulling fs layer
cb51fdfab483: Pulling fs layer
1a1fb7da4518: Pulling fs layer
ca949d970868: Pulling fs layer
895af5b540d5: Pulling fs layer
73758d6b0e68: Pulling fs layer
07e736bc163e: Pulling fs layer
e3ca1107fce0: Pulling fs layer
a7c7b754ddde: Pulling fs layer
b9f39b1f6adb: Pulling fs layer
b1334a30ae3c: Pulling fs layer
1a1fb7da4518: Waiting
484cf3660e75: Pulling fs layer
ca949d970868: Waiting
5126ec515923: Pulling fs layer
895af5b540d5: Waiting
1d6cbddc6e01: Pulling fs layer
73758d6b0e68: Waiting
8228491c80e6: Pulling fs layer
681e24ca3a77: Pulling fs layer
5f01b1320b73: Pulling fs layer
a7c7b754ddde: Waiting
07e736bc163e: Waiting
b9f39b1f6adb: Waiting
94a41f5fd98f: Pulling fs layer
5126ec515923: Waiting
e3ca1107fce0: Waiting
6a7e67c0b12a: Pulling fs layer
b1334a30ae3c: Waiting
f3986338ac2d: Pulling fs layer
1d6cbddc6e01: Waiting
5b35e10e79f7: Pulling fs layer
8228491c80e6: Waiting
f7f4d486d295: Pulling fs layer
484cf3660e75: Waiting
94a41f5fd98f: Waiting
681e24ca3a77: Waiting
3a4affb6e0fd: Pulling fs layer
5f01b1320b73: Waiting
6a7e67c0b12a: Waiting
f3986338ac2d: Waiting
36f469b47793: Pulling fs layer
f7f4d486d295: Waiting
d77f3accc56d: Pulling fs layer
3a4affb6e0fd: Waiting
5b35e10e79f7: Waiting
44e0510c5c6f: Pulling fs layer
8df85e651713: Pulling fs layer
9f1b0014d7c2: Pulling fs layer
6740948dd910: Pulling fs layer
d77f3accc56d: Waiting
b97dc653c95a: Pulling fs layer
44e0510c5c6f: Waiting
6295f919c926: Pulling fs layer
8df85e651713: Waiting
89a695e79224: Pulling fs layer
9f1b0014d7c2: Waiting
1de767e531f2: Pulling fs layer
58d30cb9d7f7: Pulling fs layer
184a9b038e4a: Pulling fs layer
bdde5d997396: Pulling fs layer
59869cf6a32e: Pulling fs layer
bdde5d997396: Waiting
2b0e7dddc18e: Pulling fs layer
184a9b038e4a: Waiting
6740948dd910: Waiting
8a3410ce2a02: Pulling fs layer
59869cf6a32e: Waiting
89a695e79224: Waiting
1de767e531f2: Waiting
2b0e7dddc18e: Waiting
58d30cb9d7f7: Waiting
f0f527d2c7df: Pulling fs layer
6295f919c926: Waiting
e1dd085b82b7: Pulling fs layer
f0f527d2c7df: Waiting
24d0a361c558: Pulling fs layer
818afbd36e3b: Pulling fs layer
a132f805581f: Pulling fs layer
5d7bf00dd758: Pulling fs layer
cd0296bb2c83: Pulling fs layer
65dfd48fbb4b: Pulling fs layer
7edd9e559a31: Pulling fs layer
e1dd085b82b7: Waiting
24d0a361c558: Waiting
818afbd36e3b: Waiting
7edd9e559a31: Waiting
65dfd48fbb4b: Waiting
a132f805581f: Waiting
5d7bf00dd758: Waiting
cd0296bb2c83: Waiting
d55362b6880a: Verifying Checksum
d55362b6880a: Download complete
cb51fdfab483: Verifying Checksum
cb51fdfab483: Download complete
1a1fb7da4518: Verifying Checksum
1a1fb7da4518: Download complete
ca949d970868: Verifying Checksum
ca949d970868: Download complete
970dea99a950: Verifying Checksum
970dea99a950: Download complete
73758d6b0e68: Verifying Checksum
73758d6b0e68: Download complete
07e736bc163e: Verifying Checksum
07e736bc163e: Download complete
970dea99a950: Pull complete
d55362b6880a: Pull complete
cb51fdfab483: Pull complete
1a1fb7da4518: Pull complete
ca949d970868: Pull complete
a7c7b754ddde: Verifying Checksum
a7c7b754ddde: Download complete
b9f39b1f6adb: Verifying Checksum
b9f39b1f6adb: Download complete
b1334a30ae3c: Verifying Checksum
b1334a30ae3c: Download complete
e3ca1107fce0: Verifying Checksum
e3ca1107fce0: Download complete
895af5b540d5: Verifying Checksum
895af5b540d5: Download complete
484cf3660e75: Download complete
5126ec515923: Verifying Checksum
5126ec515923: Download complete
1d6cbddc6e01: Verifying Checksum
1d6cbddc6e01: Download complete
8228491c80e6: Verifying Checksum
8228491c80e6: Download complete
681e24ca3a77: Verifying Checksum
681e24ca3a77: Download complete
5f01b1320b73: Verifying Checksum
5f01b1320b73: Download complete
6a7e67c0b12a: Verifying Checksum
6a7e67c0b12a: Download complete
895af5b540d5: Pull complete
73758d6b0e68: Pull complete
94a41f5fd98f: Verifying Checksum
94a41f5fd98f: Download complete
07e736bc163e: Pull complete
f3986338ac2d: Verifying Checksum
f3986338ac2d: Download complete
5b35e10e79f7: Verifying Checksum
5b35e10e79f7: Download complete
f7f4d486d295: Download complete
3a4affb6e0fd: Verifying Checksum
3a4affb6e0fd: Download complete
36f469b47793: Verifying Checksum
36f469b47793: Download complete
d77f3accc56d: Download complete
e3ca1107fce0: Pull complete
8df85e651713: Verifying Checksum
8df85e651713: Download complete
a7c7b754ddde: Pull complete
b9f39b1f6adb: Pull complete
b1334a30ae3c: Pull complete
484cf3660e75: Pull complete
5126ec515923: Pull complete
6740948dd910: Verifying Checksum
6740948dd910: Download complete
1d6cbddc6e01: Pull complete
8228491c80e6: Pull complete
681e24ca3a77: Pull complete
5f01b1320b73: Pull complete
94a41f5fd98f: Pull complete
6a7e67c0b12a: Pull complete
f3986338ac2d: Pull complete
5b35e10e79f7: Pull complete
f7f4d486d295: Pull complete
3a4affb6e0fd: Pull complete
36f469b47793: Pull complete
d77f3accc56d: Pull complete
44e0510c5c6f: Verifying Checksum
44e0510c5c6f: Download complete
6295f919c926: Verifying Checksum
6295f919c926: Download complete
89a695e79224: Verifying Checksum
89a695e79224: Download complete
44e0510c5c6f: Pull complete
8df85e651713: Pull complete
1de767e531f2: Verifying Checksum
1de767e531f2: Download complete
9f1b0014d7c2: Verifying Checksum
9f1b0014d7c2: Download complete
58d30cb9d7f7: Verifying Checksum
58d30cb9d7f7: Download complete
184a9b038e4a: Verifying Checksum
184a9b038e4a: Download complete
bdde5d997396: Download complete
b97dc653c95a: Verifying Checksum
b97dc653c95a: Download complete
59869cf6a32e: Verifying Checksum
59869cf6a32e: Download complete
8a3410ce2a02: Verifying Checksum
8a3410ce2a02: Download complete
f0f527d2c7df: Verifying Checksum
f0f527d2c7df: Download complete
9f1b0014d7c2: Pull complete
6740948dd910: Pull complete
e1dd085b82b7: Verifying Checksum
e1dd085b82b7: Download complete
24d0a361c558: Verifying Checksum
24d0a361c558: Download complete
b97dc653c95a: Pull complete
6295f919c926: Pull complete
818afbd36e3b: Verifying Checksum
818afbd36e3b: Download complete
89a695e79224: Pull complete
1de767e531f2: Pull complete
58d30cb9d7f7: Pull complete
184a9b038e4a: Pull complete
bdde5d997396: Pull complete
59869cf6a32e: Pull complete
a132f805581f: Verifying Checksum
a132f805581f: Download complete
2b0e7dddc18e: Verifying Checksum
2b0e7dddc18e: Download complete
5d7bf00dd758: Verifying Checksum
5d7bf00dd758: Download complete
2b0e7dddc18e: Pull complete
8a3410ce2a02: Pull complete
cd0296bb2c83: Verifying Checksum
cd0296bb2c83: Download complete
f0f527d2c7df: Pull complete
7edd9e559a31: Verifying Checksum
7edd9e559a31: Download complete
e1dd085b82b7: Pull complete
24d0a361c558: Pull complete
818afbd36e3b: Pull complete
a132f805581f: Pull complete
5d7bf00dd758: Pull complete
cd0296bb2c83: Pull complete
65dfd48fbb4b: Verifying Checksum
65dfd48fbb4b: Download complete
65dfd48fbb4b: Pull complete
7edd9e559a31: Pull complete
Digest: sha256:3be5258b68ec21e8c45e8b544bb0faf5bcba985d896402f2eec770cf15cd2551
Status: Downloaded newer image for n132/arvo:60317-vul
