Unable to find image 'n132/arvo:60798-vul' locally
60798-vul: Pulling from n132/arvo
7608715873ec: Already exists
7023c0687152: Pulling fs layer
cf94ee648bb2: Pulling fs layer
d4d36b7bb830: Pulling fs layer
d899171c1d49: Pulling fs layer
087623678b4e: Pulling fs layer
e86ee07578e4: Pulling fs layer
b1d795aedc9d: Pulling fs layer
fe930520d5e1: Pulling fs layer
f3d8f21aa45d: Pulling fs layer
1c8467494d97: Pulling fs layer
f7dae3d85b05: Pulling fs layer
a1fbc9d47815: Pulling fs layer
9c1314edfd2d: Pulling fs layer
223c8c1e08f9: Pulling fs layer
1bbbf6e85f6c: Pulling fs layer
0be1125b109c: Pulling fs layer
748c8ae1899d: Pulling fs layer
d97ed0e32eca: Pulling fs layer
3248239fdcc8: Pulling fs layer
68ed604307a5: Pulling fs layer
bbcce85121a9: Pulling fs layer
04faff4d9ff8: Pulling fs layer
0cbe2457afca: Pulling fs layer
50ee5b81161e: Pulling fs layer
6bc90612e60a: Pulling fs layer
c738c2be0a7c: Pulling fs layer
7aa5a8aa5f5f: Pulling fs layer
5e66d186be6b: Pulling fs layer
7fea0ee4ddae: Pulling fs layer
3b0446c76bfa: Pulling fs layer
22e416eb520d: Pulling fs layer
6dd35e1f8cb1: Pulling fs layer
c57c9ae306dc: Pulling fs layer
97709e598498: Pulling fs layer
8e9e2af26541: Pulling fs layer
40865228ec61: Pulling fs layer
6b29f9c4f185: Pulling fs layer
70e8a6d19679: Pulling fs layer
b102392d5457: Pulling fs layer
cf57a4fb8c33: Pulling fs layer
89461d835b5e: Pulling fs layer
c3f070f08717: Pulling fs layer
7ba12fd81db8: Pulling fs layer
115f32c9ee85: Pulling fs layer
049038ffa056: Pulling fs layer
feec8af4085f: Pulling fs layer
a379491e6d96: Pulling fs layer
c86539cf2e37: Pulling fs layer
6aa9ceaf0919: Pulling fs layer
40865228ec61: Waiting
c57c9ae306dc: Waiting
cf57a4fb8c33: Waiting
6b29f9c4f185: Waiting
89461d835b5e: Waiting
70e8a6d19679: Waiting
c3f070f08717: Waiting
b102392d5457: Waiting
97709e598498: Waiting
7ba12fd81db8: Waiting
115f32c9ee85: Waiting
8e9e2af26541: Waiting
c86539cf2e37: Waiting
049038ffa056: Waiting
6aa9ceaf0919: Waiting
feec8af4085f: Waiting
a379491e6d96: Waiting
6bc90612e60a: Verifying Checksum
6bc90612e60a: Download complete
04faff4d9ff8: Verifying Checksum
04faff4d9ff8: Download complete
fe930520d5e1: Download complete
223c8c1e08f9: Download complete
50ee5b81161e: Verifying Checksum
50ee5b81161e: Download complete
c738c2be0a7c: Verifying Checksum
c738c2be0a7c: Download complete
68ed604307a5: Verifying Checksum
68ed604307a5: Download complete
5e66d186be6b: Verifying Checksum
5e66d186be6b: Download complete
3248239fdcc8: Verifying Checksum
3248239fdcc8: Download complete
0cbe2457afca: Verifying Checksum
0cbe2457afca: Download complete
087623678b4e: Verifying Checksum
087623678b4e: Download complete
748c8ae1899d: Verifying Checksum
748c8ae1899d: Download complete
cf94ee648bb2: Verifying Checksum
cf94ee648bb2: Download complete
b1d795aedc9d: Verifying Checksum
b1d795aedc9d: Download complete
f7dae3d85b05: Download complete
3b0446c76bfa: Verifying Checksum
3b0446c76bfa: Download complete
9c1314edfd2d: Verifying Checksum
9c1314edfd2d: Download complete
d97ed0e32eca: Verifying Checksum
d97ed0e32eca: Download complete
a1fbc9d47815: Verifying Checksum
a1fbc9d47815: Download complete
0be1125b109c: Verifying Checksum
0be1125b109c: Download complete
1bbbf6e85f6c: Verifying Checksum
1bbbf6e85f6c: Download complete
8e9e2af26541: Verifying Checksum
8e9e2af26541: Download complete
89461d835b5e: Verifying Checksum
89461d835b5e: Download complete
d899171c1d49: Verifying Checksum
d899171c1d49: Download complete
cf57a4fb8c33: Verifying Checksum
cf57a4fb8c33: Download complete
feec8af4085f: Verifying Checksum
feec8af4085f: Download complete
6b29f9c4f185: Download complete
97709e598498: Verifying Checksum
97709e598498: Download complete
70e8a6d19679: Verifying Checksum
70e8a6d19679: Download complete
bbcce85121a9: Verifying Checksum
bbcce85121a9: Download complete
a379491e6d96: Verifying Checksum
a379491e6d96: Download complete
7ba12fd81db8: Verifying Checksum
7ba12fd81db8: Download complete
c57c9ae306dc: Verifying Checksum
c57c9ae306dc: Download complete
6dd35e1f8cb1: Verifying Checksum
6dd35e1f8cb1: Download complete
40865228ec61: Verifying Checksum
40865228ec61: Download complete
049038ffa056: Verifying Checksum
049038ffa056: Download complete
6aa9ceaf0919: Verifying Checksum
6aa9ceaf0919: Download complete
115f32c9ee85: Verifying Checksum
115f32c9ee85: Download complete
c3f070f08717: Verifying Checksum
c3f070f08717: Download complete
d4d36b7bb830: Verifying Checksum
d4d36b7bb830: Download complete
1c8467494d97: Verifying Checksum
1c8467494d97: Download complete
7023c0687152: Verifying Checksum
7023c0687152: Download complete
7023c0687152: Pull complete
cf94ee648bb2: Pull complete
d4d36b7bb830: Pull complete
d899171c1d49: Pull complete
087623678b4e: Pull complete
b102392d5457: Verifying Checksum
b102392d5457: Download complete
7aa5a8aa5f5f: Verifying Checksum
7aa5a8aa5f5f: Download complete
f3d8f21aa45d: Verifying Checksum
f3d8f21aa45d: Download complete
22e416eb520d: Verifying Checksum
22e416eb520d: Download complete
e86ee07578e4: Verifying Checksum
e86ee07578e4: Download complete
7fea0ee4ddae: Verifying Checksum
7fea0ee4ddae: Download complete
e86ee07578e4: Pull complete
b1d795aedc9d: Pull complete
fe930520d5e1: Pull complete
f3d8f21aa45d: Pull complete
1c8467494d97: Pull complete
f7dae3d85b05: Pull complete
a1fbc9d47815: Pull complete
9c1314edfd2d: Pull complete
223c8c1e08f9: Pull complete
1bbbf6e85f6c: Pull complete
0be1125b109c: Pull complete
748c8ae1899d: Pull complete
d97ed0e32eca: Pull complete
3248239fdcc8: Pull complete
68ed604307a5: Pull complete
bbcce85121a9: Pull complete
04faff4d9ff8: Pull complete
0cbe2457afca: Pull complete
50ee5b81161e: Pull complete
6bc90612e60a: Pull complete
c738c2be0a7c: Pull complete
7aa5a8aa5f5f: Pull complete
5e66d186be6b: Pull complete
7fea0ee4ddae: Pull complete
3b0446c76bfa: Pull complete
22e416eb520d: Pull complete
6dd35e1f8cb1: Pull complete
c57c9ae306dc: Pull complete
97709e598498: Pull complete
8e9e2af26541: Pull complete
40865228ec61: Pull complete
6b29f9c4f185: Pull complete
70e8a6d19679: Pull complete
b102392d5457: Pull complete
cf57a4fb8c33: Pull complete
89461d835b5e: Pull complete
c3f070f08717: Pull complete
7ba12fd81db8: Pull complete
115f32c9ee85: Pull complete
049038ffa056: Pull complete
feec8af4085f: Pull complete
a379491e6d96: Pull complete
c86539cf2e37: Verifying Checksum
c86539cf2e37: Download complete
c86539cf2e37: Pull complete
6aa9ceaf0919: Pull complete
Digest: sha256:ff19626cbcfcd23425ad167403c4447f8b70a173645f4c9cf873590585d85755
Status: Downloaded newer image for n132/arvo:60798-vul
