INFO: Running with entropic power schedule (0xFF, 100).
INFO: Seed: 3924632060
INFO: Loaded 1 modules   (9190 inline 8-bit counters): 9190 [0x8382be0, 0x8384fc6), 
INFO: Loaded 1 PC tables (9190 PCs): 9190 [0x8384fc8,0x8396ef8), 
/out/fuzzer_tool_metaflac: Running 1 inputs 1 time(s) each.
Running: /tmp/poc
=================================================================
==7==ERROR: AddressSanitizer: heap-use-after-free on address 0xef503ac0 at pc 0x081db45f bp 0xffa44088 sp 0xffa44080
WRITE of size 4 at 0xef503ac0 thread T0
SCARINESS: 46 (4-byte-write-heap-use-after-free)
    #0 0x81db45e in parse_options /src/flac/oss-fuzz/../src/metaflac/options.c:256:57
    #1 0x81e4a0c in main_to_fuzz /src/flac/oss-fuzz/./../src/metaflac/main.c:67:13
    #2 0x81e4a0c in LLVMFuzzerTestOneInput /src/flac/oss-fuzz/tool_metaflac.c:115:2
    #3 0x80899be in fuzzer::Fuzzer::ExecuteCallback(unsigned char const*, unsigned int) /src/llvm-project/compiler-rt/lib/fuzzer/FuzzerLoop.cpp:611:15
    #4 0x807491e in fuzzer::RunOneTest(fuzzer::Fuzzer*, char const*, unsigned int) /src/llvm-project/compiler-rt/lib/fuzzer/FuzzerDriver.cpp:324:6
    #5 0x807a520 in fuzzer::FuzzerDriver(int*, char***, int (*)(unsigned char const*, unsigned int)) /src/llvm-project/compiler-rt/lib/fuzzer/FuzzerDriver.cpp:860:9
    #6 0x80a4107 in main /src/llvm-project/compiler-rt/lib/fuzzer/FuzzerMain.cpp:20:10
    #7 0xf3ed8ed4 in __libc_start_main (/lib32/libc.so.6+0x1aed4) (BuildId: d56935956a210bf85f6592f3178b979ad4f7b35f)
    #8 0x806ba65 in _start (/out/fuzzer_tool_metaflac+0x806ba65)

DEDUP_TOKEN: parse_options--main_to_fuzz--LLVMFuzzerTestOneInput
0xef503ac0 is located 1088 bytes inside of 1200-byte region [0xef503680,0xef503b30)
freed by thread T0 here:
    #0 0x8185919 in __interceptor_realloc /src/llvm-project/compiler-rt/lib/asan/asan_malloc_linux.cpp:85:3
    #1 0x81df9b0 in safe_realloc_ /src/flac/oss-fuzz/../include/share/alloc.h:207:11
    #2 0x81df9b0 in safe_realloc_mul_2op_ /src/flac/oss-fuzz/../include/share/alloc.h:282:9
    #3 0x81df9b0 in append_new_operation /src/flac/oss-fuzz/../src/metaflac/options.c:753:38
    #4 0x81db194 in append_shorthand_operation /src/flac/oss-fuzz/../src/metaflac/options.c:797:2
    #5 0x81db194 in parse_options /src/flac/oss-fuzz/../src/metaflac/options.c:255:11
    #6 0x81e4a0c in main_to_fuzz /src/flac/oss-fuzz/./../src/metaflac/main.c:67:13
    #7 0x81e4a0c in LLVMFuzzerTestOneInput /src/flac/oss-fuzz/tool_metaflac.c:115:2
    #8 0x80899be in fuzzer::Fuzzer::ExecuteCallback(unsigned char const*, unsigned int) /src/llvm-project/compiler-rt/lib/fuzzer/FuzzerLoop.cpp:611:15
    #9 0x807491e in fuzzer::RunOneTest(fuzzer::Fuzzer*, char const*, unsigned int) /src/llvm-project/compiler-rt/lib/fuzzer/FuzzerDriver.cpp:324:6
    #10 0x807a520 in fuzzer::FuzzerDriver(int*, char***, int (*)(unsigned char const*, unsigned int)) /src/llvm-project/compiler-rt/lib/fuzzer/FuzzerDriver.cpp:860:9
    #11 0x80a4107 in main /src/llvm-project/compiler-rt/lib/fuzzer/FuzzerMain.cpp:20:10
    #12 0xf3ed8ed4 in __libc_start_main (/lib32/libc.so.6+0x1aed4) (BuildId: d56935956a210bf85f6592f3178b979ad4f7b35f)

DEDUP_TOKEN: __interceptor_realloc--safe_realloc_--safe_realloc_mul_2op_
previously allocated by thread T0 here:
    #0 0x818544f in __interceptor_malloc /src/llvm-project/compiler-rt/lib/asan/asan_malloc_linux.cpp:69:3
    #1 0x81df61e in append_new_operation /src/flac/oss-fuzz/../src/metaflac/options.c:744:38
    #2 0x81dc1ff in append_shorthand_operation /src/flac/oss-fuzz/../src/metaflac/options.c:797:2
    #3 0x81d900e in parse_option /src/flac/oss-fuzz/../src/metaflac/options.c:649:9
    #4 0x81d900e in parse_options /src/flac/oss-fuzz/../src/metaflac/options.c:172:19
    #5 0x81e4a0c in main_to_fuzz /src/flac/oss-fuzz/./../src/metaflac/main.c:67:13
    #6 0x81e4a0c in LLVMFuzzerTestOneInput /src/flac/oss-fuzz/tool_metaflac.c:115:2
    #7 0x80899be in fuzzer::Fuzzer::ExecuteCallback(unsigned char const*, unsigned int) /src/llvm-project/compiler-rt/lib/fuzzer/FuzzerLoop.cpp:611:15
    #8 0x807491e in fuzzer::RunOneTest(fuzzer::Fuzzer*, char const*, unsigned int) /src/llvm-project/compiler-rt/lib/fuzzer/FuzzerDriver.cpp:324:6
    #9 0x807a520 in fuzzer::FuzzerDriver(int*, char***, int (*)(unsigned char const*, unsigned int)) /src/llvm-project/compiler-rt/lib/fuzzer/FuzzerDriver.cpp:860:9
    #10 0x80a4107 in main /src/llvm-project/compiler-rt/lib/fuzzer/FuzzerMain.cpp:20:10
    #11 0xf3ed8ed4 in __libc_start_main (/lib32/libc.so.6+0x1aed4) (BuildId: d56935956a210bf85f6592f3178b979ad4f7b35f)

DEDUP_TOKEN: __interceptor_malloc--append_new_operation--append_shorthand_operation
SUMMARY: AddressSanitizer: heap-use-after-free /src/flac/oss-fuzz/../src/metaflac/options.c:256:57 in parse_options
Shadow bytes around the buggy address:
  0x3dea0700: fd fd fd fd fd fd fd fd fd fd fd fd fd fd fd fd
  0x3dea0710: fd fd fd fd fd fd fd fd fd fd fd fd fd fd fd fd
  0x3dea0720: fd fd fd fd fd fd fd fd fd fd fd fd fd fd fd fd
  0x3dea0730: fd fd fd fd fd fd fd fd fd fd fd fd fd fd fd fd
  0x3dea0740: fd fd fd fd fd fd fd fd fd fd fd fd fd fd fd fd
=>0x3dea0750: fd fd fd fd fd fd fd fd[fd]fd fd fd fd fd fd fd
  0x3dea0760: fd fd fd fd fd fd fa fa fa fa fa fa fa fa fa fa
  0x3dea0770: fa fa fa fa fa fa fa fa fa fa fa fa fa fa fa fa
  0x3dea0780: fa fa fa fa fa fa fa fa fa fa fa fa fa fa fa fa
  0x3dea0790: fa fa fa fa fa fa fa fa fa fa fa fa fa fa fa fa
  0x3dea07a0: fa fa fa fa fa fa fa fa fa fa fa fa fa fa fa fa
Shadow byte legend (one shadow byte represents 8 application bytes):
  Addressable:           00
  Partially addressable: 01 02 03 04 05 06 07 
  Heap left redzone:       fa
  Freed heap region:       fd
  Stack left redzone:      f1
  Stack mid redzone:       f2
  Stack right redzone:     f3
  Stack after return:      f5
  Stack use after scope:   f8
  Global redzone:          f9
  Global init order:       f6
  Poisoned by user:        f7
  Container overflow:      fc
  Array cookie:            ac
  Intra object redzone:    bb
  ASan internal:           fe
  Left alloca redzone:     ca
  Right alloca redzone:    cb
==7==ABORTING
