Unable to find image 'n132/arvo:62996-vul' locally
62996-vul: Pulling from n132/arvo
7608715873ec: Already exists
2281da54c9df: Pulling fs layer
073281f3437f: Pulling fs layer
1d4418cea634: Pulling fs layer
a9530689f875: Pulling fs layer
a5db9dd9041e: Pulling fs layer
c99c1a3115dc: Pulling fs layer
c48693412f49: Pulling fs layer
0a717f00696d: Pulling fs layer
8e66f469d63d: Pulling fs layer
48ead4177934: Pulling fs layer
3380ecaa38ce: Pulling fs layer
d11aa2c440ee: Pulling fs layer
154c219294bd: Pulling fs layer
485fcdebcc72: Pulling fs layer
33a19a7bffd9: Pulling fs layer
73712f620c85: Pulling fs layer
8e66f469d63d: Waiting
c48693412f49: Waiting
54b66b19c3f4: Pulling fs layer
0a717f00696d: Waiting
48ead4177934: Waiting
326cd3bd9546: Pulling fs layer
3380ecaa38ce: Waiting
ce8432826261: Pulling fs layer
d11aa2c440ee: Waiting
154c219294bd: Waiting
01b897a36310: Pulling fs layer
485fcdebcc72: Waiting
6d46e01dc9c7: Pulling fs layer
73712f620c85: Waiting
33a19a7bffd9: Waiting
4abf06010e42: Pulling fs layer
326cd3bd9546: Waiting
54b66b19c3f4: Waiting
30c7d41b9d49: Pulling fs layer
ce8432826261: Waiting
f98f06d736ed: Pulling fs layer
a5db9dd9041e: Waiting
cfa7858102ab: Pulling fs layer
a9530689f875: Waiting
0930863188ea: Pulling fs layer
7875e9c047d4: Pulling fs layer
01b897a36310: Waiting
30c7d41b9d49: Waiting
3bb4290dc0c6: Pulling fs layer
0d7379ff5962: Pulling fs layer
6d46e01dc9c7: Waiting
5dad2e78e4bc: Pulling fs layer
4abf06010e42: Waiting
f98f06d736ed: Waiting
2d0e881927de: Pulling fs layer
f250bd80a043: Pulling fs layer
cfa7858102ab: Waiting
c99c1a3115dc: Waiting
0277b4603e9f: Pulling fs layer
0930863188ea: Waiting
73908fbcbfb6: Pulling fs layer
99f75f5150c6: Pulling fs layer
0d7379ff5962: Waiting
7875e9c047d4: Waiting
4f4fb700ef54: Pulling fs layer
282813835094: Pulling fs layer
b7201c11f1ef: Pulling fs layer
5dad2e78e4bc: Waiting
f250bd80a043: Waiting
4b41500fe322: Pulling fs layer
2d0e881927de: Waiting
99f75f5150c6: Waiting
0277b4603e9f: Waiting
282813835094: Waiting
4f4fb700ef54: Waiting
b7201c11f1ef: Waiting
4b41500fe322: Waiting
073281f3437f: Download complete
1d4418cea634: Verifying Checksum
1d4418cea634: Download complete
a9530689f875: Verifying Checksum
a9530689f875: Download complete
a5db9dd9041e: Verifying Checksum
a5db9dd9041e: Download complete
c48693412f49: Verifying Checksum
c48693412f49: Download complete
0a717f00696d: Verifying Checksum
0a717f00696d: Download complete
2281da54c9df: Verifying Checksum
2281da54c9df: Download complete
2281da54c9df: Pull complete
073281f3437f: Pull complete
1d4418cea634: Pull complete
a9530689f875: Pull complete
a5db9dd9041e: Pull complete
48ead4177934: Verifying Checksum
48ead4177934: Download complete
8e66f469d63d: Verifying Checksum
8e66f469d63d: Download complete
c99c1a3115dc: Verifying Checksum
c99c1a3115dc: Download complete
3380ecaa38ce: Verifying Checksum
3380ecaa38ce: Download complete
d11aa2c440ee: Verifying Checksum
d11aa2c440ee: Download complete
485fcdebcc72: Verifying Checksum
154c219294bd: Verifying Checksum
154c219294bd: Download complete
54b66b19c3f4: Verifying Checksum
54b66b19c3f4: Download complete
73712f620c85: Verifying Checksum
73712f620c85: Download complete
c99c1a3115dc: Pull complete
33a19a7bffd9: Verifying Checksum
33a19a7bffd9: Download complete
c48693412f49: Pull complete
0a717f00696d: Pull complete
ce8432826261: Verifying Checksum
ce8432826261: Download complete
01b897a36310: Verifying Checksum
01b897a36310: Download complete
326cd3bd9546: Verifying Checksum
326cd3bd9546: Download complete
4abf06010e42: Verifying Checksum
4abf06010e42: Download complete
30c7d41b9d49: Verifying Checksum
30c7d41b9d49: Download complete
6d46e01dc9c7: Verifying Checksum
6d46e01dc9c7: Download complete
8e66f469d63d: Pull complete
48ead4177934: Pull complete
3380ecaa38ce: Pull complete
d11aa2c440ee: Pull complete
154c219294bd: Pull complete
485fcdebcc72: Pull complete
f98f06d736ed: Verifying Checksum
f98f06d736ed: Download complete
33a19a7bffd9: Pull complete
cfa7858102ab: Verifying Checksum
cfa7858102ab: Download complete
73712f620c85: Pull complete
54b66b19c3f4: Pull complete
326cd3bd9546: Pull complete
7875e9c047d4: Verifying Checksum
7875e9c047d4: Download complete
ce8432826261: Pull complete
01b897a36310: Pull complete
6d46e01dc9c7: Pull complete
0d7379ff5962: Verifying Checksum
0d7379ff5962: Download complete
4abf06010e42: Pull complete
30c7d41b9d49: Pull complete
3bb4290dc0c6: Verifying Checksum
3bb4290dc0c6: Download complete
f98f06d736ed: Pull complete
cfa7858102ab: Pull complete
0930863188ea: Pull complete
7875e9c047d4: Pull complete
3bb4290dc0c6: Pull complete
0d7379ff5962: Pull complete
2d0e881927de: Verifying Checksum
2d0e881927de: Download complete
0277b4603e9f: Verifying Checksum
0277b4603e9f: Download complete
f250bd80a043: Verifying Checksum
f250bd80a043: Download complete
5dad2e78e4bc: Verifying Checksum
5dad2e78e4bc: Download complete
4f4fb700ef54: Verifying Checksum
4f4fb700ef54: Download complete
99f75f5150c6: Verifying Checksum
99f75f5150c6: Download complete
282813835094: Verifying Checksum
282813835094: Download complete
5dad2e78e4bc: Pull complete
2d0e881927de: Pull complete
73908fbcbfb6: Verifying Checksum
f250bd80a043: Pull complete
4b41500fe322: Verifying Checksum
4b41500fe322: Download complete
0277b4603e9f: Pull complete
73908fbcbfb6: Pull complete
99f75f5150c6: Pull complete
4f4fb700ef54: Pull complete
282813835094: Pull complete
b7201c11f1ef: Verifying Checksum
b7201c11f1ef: Download complete
b7201c11f1ef: Pull complete
4b41500fe322: Pull complete
Digest: sha256:288b487b64f195212caa3ff1236da32897b5b2bc11d829156b10b22a39b5609b
Status: Downloaded newer image for n132/arvo:62996-vul
