Unable to find image 'n132/arvo:63090-vul' locally
63090-vul: Pulling from n132/arvo
7608715873ec: Already exists
7a6fb64bbddc: Already exists
40cb9ed18c8e: Already exists
1e1f8e7cd29d: Already exists
c6b815875d06: Already exists
47159b548a93: Already exists
037d1a3ff5d1: Already exists
0e0bbcf6a384: Already exists
0319480abea7: Already exists
367068d13bc6: Already exists
c8d7cfbaa190: Already exists
c4d4823cab8a: Already exists
60da9451a13c: Already exists
d66a22fb8853: Already exists
18588d234dd3: Already exists
d66d47d04176: Already exists
bdc278742aba: Already exists
66c95331b0ec: Already exists
ac59a9edd0e7: Already exists
6343a3667c5d: Already exists
3e572c4768ff: Already exists
cd8af4ec1e16: Already exists
108e28d2c1fb: Already exists
09cdd25ca2bd: Already exists
e2a1acfa12f8: Already exists
a80b6ffa30b4: Already exists
227a7ada6d70: Already exists
60f79a13ad8e: Already exists
97c538113066: Already exists
8e13f51e6611: Already exists
e876ac7573a9: Pulling fs layer
83b348a6dbb5: Pulling fs layer
eb87c6c928de: Pulling fs layer
d759a696d960: Pulling fs layer
fd234047e6b5: Pulling fs layer
917a6d31674e: Pulling fs layer
6bb8622abcf0: Pulling fs layer
feeca2625e5d: Pulling fs layer
93b8dea35dba: Pulling fs layer
398e759a5f25: Pulling fs layer
54b1085ba91c: Pulling fs layer
38173d66fa28: Pulling fs layer
57501ec53556: Pulling fs layer
5b6d65684204: Pulling fs layer
08f14983b5b2: Pulling fs layer
d25ac93dbab2: Pulling fs layer
72fdf71f89eb: Pulling fs layer
e259b712e9cf: Pulling fs layer
0369c26d6f04: Pulling fs layer
b9a9afbec525: Pulling fs layer
2277b6d01d3b: Pulling fs layer
ff91b0d2a846: Pulling fs layer
6d4393fac856: Pulling fs layer
93b8dea35dba: Verifying Checksum
93b8dea35dba: Download complete
38173d66fa28: Verifying Checksum
38173d66fa28: Download complete
5b6d65684204: Verifying Checksum
5b6d65684204: Download complete
d759a696d960: Verifying Checksum
d759a696d960: Download complete
6bb8622abcf0: Download complete
83b348a6dbb5: Verifying Checksum
83b348a6dbb5: Download complete
2277b6d01d3b: Verifying Checksum
2277b6d01d3b: Download complete
08f14983b5b2: Verifying Checksum
08f14983b5b2: Download complete
54b1085ba91c: Verifying Checksum
54b1085ba91c: Download complete
6d4393fac856: Download complete
398e759a5f25: Verifying Checksum
398e759a5f25: Download complete
72fdf71f89eb: Download complete
b9a9afbec525: Verifying Checksum
b9a9afbec525: Download complete
e259b712e9cf: Verifying Checksum
e259b712e9cf: Download complete
917a6d31674e: Verifying Checksum
917a6d31674e: Download complete
0369c26d6f04: Verifying Checksum
0369c26d6f04: Download complete
feeca2625e5d: Verifying Checksum
feeca2625e5d: Download complete
d25ac93dbab2: Verifying Checksum
d25ac93dbab2: Download complete
fd234047e6b5: Verifying Checksum
fd234047e6b5: Download complete
e876ac7573a9: Verifying Checksum
e876ac7573a9: Download complete
57501ec53556: Verifying Checksum
57501ec53556: Download complete
e876ac7573a9: Pull complete
83b348a6dbb5: Pull complete
eb87c6c928de: Verifying Checksum
eb87c6c928de: Download complete
eb87c6c928de: Pull complete
d759a696d960: Pull complete
fd234047e6b5: Pull complete
917a6d31674e: Pull complete
6bb8622abcf0: Pull complete
feeca2625e5d: Pull complete
93b8dea35dba: Pull complete
398e759a5f25: Pull complete
54b1085ba91c: Pull complete
38173d66fa28: Pull complete
57501ec53556: Pull complete
5b6d65684204: Pull complete
08f14983b5b2: Pull complete
d25ac93dbab2: Pull complete
72fdf71f89eb: Pull complete
e259b712e9cf: Pull complete
0369c26d6f04: Pull complete
b9a9afbec525: Pull complete
2277b6d01d3b: Pull complete
ff91b0d2a846: Verifying Checksum
ff91b0d2a846: Download complete
ff91b0d2a846: Pull complete
6d4393fac856: Pull complete
Digest: sha256:0b4e925d4c9d87d3a383eb2e77d5d50ea5eac50e4b0f12920bf594bcc8f2c4fd
Status: Downloaded newer image for n132/arvo:63090-vul
