INFO: Running with entropic power schedule (0xFF, 100).
INFO: Seed: 183686639
INFO: Loaded 1 modules   (13193 inline 8-bit counters): 13193 [0x7b6a3a, 0x7b9dc3), 
INFO: Loaded 1 PC tables (13193 PCs): 13193 [0x7b9dc8,0x7ed658), 
/out/fuzzer_tool_flac: Running 1 inputs 1 time(s) each.
Running: /tmp/poc
==7==WARNING: MemorySanitizer: use-of-uninitialized-value
    #0 0x5489b4 in write_callback /src/flac/oss-fuzz/../src/flac/decode.c:1263:49
    #1 0x65c4ec in write_audio_frame_to_client_ /src/flac/src/libFLAC/stream_decoder.c
    #2 0x64bb31 in read_frame_ /src/flac/src/libFLAC/stream_decoder.c:2241:7
    #3 0x64e4b9 in FLAC__stream_decoder_process_until_end_of_stream /src/flac/src/libFLAC/stream_decoder.c:1063:9
    #4 0x53dc19 in DecoderSession_process /src/flac/oss-fuzz/../src/flac/decode.c:470:6
    #5 0x53dc19 in flac__decode_file /src/flac/oss-fuzz/../src/flac/decode.c:188:6
    #6 0x5a9d5c in decode_file /src/flac/oss-fuzz/./../src/flac/main.c
    #7 0x59f020 in do_it /src/flac/oss-fuzz/./../src/flac/main.c:525:15
    #8 0x59f020 in main_to_fuzz /src/flac/oss-fuzz/./../src/flac/main.c:350:13
    #9 0x59f020 in LLVMFuzzerTestOneInput /src/flac/oss-fuzz/tool_flac.c:84:2
    #10 0x43dcf3 in fuzzer::Fuzzer::ExecuteCallback(unsigned char const*, unsigned long) /src/llvm-project/compiler-rt/lib/fuzzer/FuzzerLoop.cpp:611:15
    #11 0x429452 in fuzzer::RunOneTest(fuzzer::Fuzzer*, char const*, unsigned long) /src/llvm-project/compiler-rt/lib/fuzzer/FuzzerDriver.cpp:324:6
    #12 0x42ecfc in fuzzer::FuzzerDriver(int*, char***, int (*)(unsigned char const*, unsigned long)) /src/llvm-project/compiler-rt/lib/fuzzer/FuzzerDriver.cpp:860:9
    #13 0x458232 in main /src/llvm-project/compiler-rt/lib/fuzzer/FuzzerMain.cpp:20:10
    #14 0x7a65c0c71082 in __libc_start_main (/lib/x86_64-linux-gnu/libc.so.6+0x24082) (BuildId: 87b331c034a6458c64ce09c03939e947212e18ce)
    #15 0x41f61d in _start (/out/fuzzer_tool_flac+0x41f61d)

DEDUP_TOKEN: write_callback--write_audio_frame_to_client_--read_frame_
  Uninitialized value was created by an allocation of 'decoder_session' in the stack frame of function 'flac__decode_file'
    #0 0x539080 in flac__decode_file /src/flac/oss-fuzz/../src/flac/decode.c:136

DEDUP_TOKEN: flac__decode_file
SUMMARY: MemorySanitizer: use-of-uninitialized-value /src/flac/oss-fuzz/../src/flac/decode.c:1263:49 in write_callback
Unique heap origins: 45
Stack depot allocated bytes: 9764880
Unique origin histories: 8
History depot allocated bytes: 196608
Exiting
