INFO: Running with entropic power schedule (0xFF, 100).
INFO: Seed: 1464549183
INFO: Loaded 1 modules   (413987 inline 8-bit counters): 413987 [0x57ec310, 0x5851433), 
INFO: Loaded 1 PC tables (413987 PCs): 413987 [0x5851438,0x5ea2668), 
/out/enhance_fuzzer: Running 1 inputs 1 time(s) each.
Running: /tmp/poc
18:42:57 0:0.012042  0.000u 7 pixel_cache.c/CheckImagePixelLimits/3253/Resource:
  Image pixel height limit exceeded (see -limit Height) (268500996 > 2048 "")
execvp failed, errno = 2 (No such file or directory)
Magick: "gs" "-sstdout=%stderr" "-q" "-dBATCH" "-dSAFER" "-dMaxBitmap=50000000" "-dNOPAUSE" "-sDEVICE=ppmraw" "-dTextAlphaBits=4" "-dGraphicsAlphaBits=4" "-r72x72" "-g2160x36" "-sOutputFile=/tmp/gmY2POgO" "--" "/tmp/gmKx5wzb" "-c" "quit".
execvp failed, errno = 2 (No such file or directory)
Magick: "gs" "-sstdout=%stderr" "-q" "-dBATCH" "-dSAFER" "-dMaxBitmap=50000000" "-dNOPAUSE" "-sDEVICE=ppmraw" "-dTextAlphaBits=4" "-dGraphicsAlphaBits=4" "-r72x72" "-g2160x36" "-sOutputFile=/tmp/gmY2POgO" "--" "/tmp/gmKx5wzb" "-c" "quit".
18:42:57 0:0.021114  0.010u 7 ps.c/ReadPSImage/393/Delegate:
  Postscript delegate failed (/tmp/gmiJ3Gfp)
Magick: Postscript delegate failed (/tmp/gmiJ3Gfp).
execvp failed, errno = 2 (No such file or directory)
Magick: "gs" "-sstdout=%stderr" "-q" "-dBATCH" "-dSAFER" "-dMaxBitmap=50000000" "-dNOPAUSE" "-sDEVICE=ppmraw" "-dTextAlphaBits=4" "-dGraphicsAlphaBits=4" "-r72x72" "-g990x36" "-sOutputFile=/tmp/gm8lFiQk" "--" "/tmp/gmzZC99T" "-c" "quit".
execvp failed, errno = 2 (No such file or directory)
Magick: "gs" "-sstdout=%stderr" "-q" "-dBATCH" "-dSAFER" "-dMaxBitmap=50000000" "-dNOPAUSE" "-sDEVICE=ppmraw" "-dTextAlphaBits=4" "-dGraphicsAlphaBits=4" "-r72x72" "-g990x36" "-sOutputFile=/tmp/gm8lFiQk" "--" "/tmp/gmzZC99T" "-c" "quit".
Magick: Postscript delegate failed (/tmp/gmiJ3Gfp).
execvp failed, errno = 2 (No such file or directory)
Magick: "gs" "-sstdout=%stderr" "-q" "-dBATCH" "-dSAFER" "-dMaxBitmap=50000000" "-dNOPAUSE" "-sDEVICE=ppmraw" "-dTextAlphaBits=4" "-dGraphicsAlphaBits=4" "-r72x72" "-g990x36" "-sOutputFile=/tmp/gmcCBR5N" "--" "/tmp/gmE1mCs2" "-c" "quit".
execvp failed, errno = 2 (No such file or directory)
Magick: "gs" "-sstdout=%stderr" "-q" "-dBATCH" "-dSAFER" "-dMaxBitmap=50000000" "-dNOPAUSE" "-sDEVICE=ppmraw" "-dTextAlphaBits=4" "-dGraphicsAlphaBits=4" "-r72x72" "-g990x36" "-sOutputFile=/tmp/gmcCBR5N" "--" "/tmp/gmE1mCs2" "-c" "quit".
Magick: Postscript delegate failed (/tmp/gmiJ3Gfp).
execvp failed, errno = 2 (No such file or directory)
Magick: "gs" "-sstdout=%stderr" "-q" "-dBATCH" "-dSAFER" "-dMaxBitmap=50000000" "-dNOPAUSE" "-sDEVICE=ppmraw" "-dTextAlphaBits=4" "-dGraphicsAlphaBits=4" "-r72x72" "-dFirstPage=1" "-dLastPage=1" "-g612x792" "-sOutputFile=/tmp/gm7PE2PZ" "--" "/tmp/gmnKhzQn" "-c" "quit".
execvp failed, errno = 2 (No such file or directory)
Magick: "gs" "-sstdout=%stderr" "-q" "-dBATCH" "-dSAFER" "-dMaxBitmap=50000000" "-dNOPAUSE" "-sDEVICE=ppmraw" "-dTextAlphaBits=4" "-dGraphicsAlphaBits=4" "-r72x72" "-dFirstPage=1" "-dLastPage=1" "-g612x792" "-sOutputFile=/tmp/gm7PE2PZ" "--" "/tmp/gmnKhzQn" "-c" "quit".
execvp failed, errno = 2 (No such file or directory)
Magick: "gs" "-sstdout=%stderr" "-q" "-dBATCH" "-dSAFER" "-dMaxBitmap=50000000" "-dNOPAUSE" "-sDEVICE=ppmraw" "-dTextAlphaBits=4" "-dGraphicsAlphaBits=4" "-r72x72" "-g2160x36" "-sOutputFile=/tmp/gmhNzpj3" "--" "/tmp/gm32SWp7" "-c" "quit".
execvp failed, errno = 2 (No such file or directory)
Magick: "gs" "-sstdout=%stderr" "-q" "-dBATCH" "-dSAFER" "-dMaxBitmap=50000000" "-dNOPAUSE" "-sDEVICE=ppmraw" "-dTextAlphaBits=4" "-dGraphicsAlphaBits=4" "-r72x72" "-g2160x36" "-sOutputFile=/tmp/gmhNzpj3" "--" "/tmp/gm32SWp7" "-c" "quit".
18:42:57 0:0.030807  0.010u 7 ps.c/ReadPSImage/393/Delegate:
  Postscript delegate failed (/tmp/gmnEysW2)
Magick: Postscript delegate failed (/tmp/gmnEysW2).
execvp failed, errno = 2 (No such file or directory)
Magick: "gs" "-sstdout=%stderr" "-q" "-dBATCH" "-dSAFER" "-dMaxBitmap=50000000" "-dNOPAUSE" "-sDEVICE=ppmraw" "-dTextAlphaBits=4" "-dGraphicsAlphaBits=4" "-r72x72" "-g990x36" "-sOutputFile=/tmp/gmCtTRIa" "--" "/tmp/gmIgGWgy" "-c" "quit".
execvp failed, errno = 2 (No such file or directory)
Magick: "gs" "-sstdout=%stderr" "-q" "-dBATCH" "-dSAFER" "-dMaxBitmap=50000000" "-dNOPAUSE" "-sDEVICE=ppmraw" "-dTextAlphaBits=4" "-dGraphicsAlphaBits=4" "-r72x72" "-g990x36" "-sOutputFile=/tmp/gmCtTRIa" "--" "/tmp/gmIgGWgy" "-c" "quit".
Magick: Postscript delegate failed (/tmp/gmnEysW2).
execvp failed, errno = 2 (No such file or directory)
Magick: "gs" "-sstdout=%stderr" "-q" "-dBATCH" "-dSAFER" "-dMaxBitmap=50000000" "-dNOPAUSE" "-sDEVICE=ppmraw" "-dTextAlphaBits=4" "-dGraphicsAlphaBits=4" "-r72x72" "-g990x36" "-sOutputFile=/tmp/gm4hSQWO" "--" "/tmp/gmWwTz7u" "-c" "quit".
execvp failed, errno = 2 (No such file or directory)
Magick: "gs" "-sstdout=%stderr" "-q" "-dBATCH" "-dSAFER" "-dMaxBitmap=50000000" "-dNOPAUSE" "-sDEVICE=ppmraw" "-dTextAlphaBits=4" "-dGraphicsAlphaBits=4" "-r72x72" "-g990x36" "-sOutputFile=/tmp/gm4hSQWO" "--" "/tmp/gmWwTz7u" "-c" "quit".
Magick: Postscript delegate failed (/tmp/gmnEysW2).
execvp failed, errno = 2 (No such file or directory)
Magick: "gs" "-sstdout=%stderr" "-q" "-dBATCH" "-dSAFER" "-dMaxBitmap=50000000" "-dNOPAUSE" "-sDEVICE=ppmraw" "-dTextAlphaBits=4" "-dGraphicsAlphaBits=4" "-r72x72" "-g2160x36" "-sOutputFile=/tmp/gmNUvUTd" "--" "/tmp/gmFsmMOX" "-c" "quit".
execvp failed, errno = 2 (No such file or directory)
Magick: "gs" "-sstdout=%stderr" "-q" "-dBATCH" "-dSAFER" "-dMaxBitmap=50000000" "-dNOPAUSE" "-sDEVICE=ppmraw" "-dTextAlphaBits=4" "-dGraphicsAlphaBits=4" "-r72x72" "-g2160x36" "-sOutputFile=/tmp/gmNUvUTd" "--" "/tmp/gmFsmMOX" "-c" "quit".
18:42:57 0:0.038047  0.010u 7 ps.c/ReadPSImage/393/Delegate:
  Postscript delegate failed (/tmp/gm07a3yG)
Magick: Postscript delegate failed (/tmp/gm07a3yG).
execvp failed, errno = 2 (No such file or directory)
Magick: "gs" "-sstdout=%stderr" "-q" "-dBATCH" "-dSAFER" "-dMaxBitmap=50000000" "-dNOPAUSE" "-sDEVICE=ppmraw" "-dTextAlphaBits=4" "-dGraphicsAlphaBits=4" "-r72x72" "-g990x36" "-sOutputFile=/tmp/gmlytTN3" "--" "/tmp/gmNbRqXb" "-c" "quit".
execvp failed, errno = 2 (No such file or directory)
Magick: "gs" "-sstdout=%stderr" "-q" "-dBATCH" "-dSAFER" "-dMaxBitmap=50000000" "-dNOPAUSE" "-sDEVICE=ppmraw" "-dTextAlphaBits=4" "-dGraphicsAlphaBits=4" "-r72x72" "-g990x36" "-sOutputFile=/tmp/gmlytTN3" "--" "/tmp/gmNbRqXb" "-c" "quit".
Magick: Postscript delegate failed (/tmp/gm07a3yG).
execvp failed, errno = 2 (No such file or directory)
Magick: "gs" "-sstdout=%stderr" "-q" "-dBATCH" "-dSAFER" "-dMaxBitmap=50000000" "-dNOPAUSE" "-sDEVICE=ppmraw" "-dTextAlphaBits=4" "-dGraphicsAlphaBits=4" "-r72x72" "-g990x36" "-sOutputFile=/tmp/gmadM3zE" "--" "/tmp/gmu9eMo5" "-c" "quit".
execvp failed, errno = 2 (No such file or directory)
Magick: "gs" "-sstdout=%stderr" "-q" "-dBATCH" "-dSAFER" "-dMaxBitmap=50000000" "-dNOPAUSE" "-sDEVICE=ppmraw" "-dTextAlphaBits=4" "-dGraphicsAlphaBits=4" "-r72x72" "-g990x36" "-sOutputFile=/tmp/gmadM3zE" "--" "/tmp/gmu9eMo5" "-c" "quit".
Magick: Postscript delegate failed (/tmp/gm07a3yG).
execvp failed, errno = 2 (No such file or directory)
Magick: "gs" "-sstdout=%stderr" "-q" "-dBATCH" "-dSAFER" "-dMaxBitmap=50000000" "-dNOPAUSE" "-sDEVICE=ppmraw" "-dTextAlphaBits=4" "-dGraphicsAlphaBits=4" "-r72x72" "-g2160x36" "-sOutputFile=/tmp/gmtDnQTX" "--" "/tmp/gmsqbYTw" "-c" "quit".
execvp failed, errno = 2 (No such file or directory)
Magick: "gs" "-sstdout=%stderr" "-q" "-dBATCH" "-dSAFER" "-dMaxBitmap=50000000" "-dNOPAUSE" "-sDEVICE=ppmraw" "-dTextAlphaBits=4" "-dGraphicsAlphaBits=4" "-r72x72" "-g2160x36" "-sOutputFile=/tmp/gmtDnQTX" "--" "/tmp/gmsqbYTw" "-c" "quit".
18:42:57 0:0.045731  0.020u 7 ps.c/ReadPSImage/393/Delegate:
  Postscript delegate failed (/tmp/gmUc2uSd)
Magick: Postscript delegate failed (/tmp/gmUc2uSd).
execvp failed, errno = 2 (No such file or directory)
Magick: "gs" "-sstdout=%stderr" "-q" "-dBATCH" "-dSAFER" "-dMaxBitmap=50000000" "-dNOPAUSE" "-sDEVICE=ppmraw" "-dTextAlphaBits=4" "-dGraphicsAlphaBits=4" "-r72x72" "-g990x36" "-sOutputFile=/tmp/gmj4NrFb" "--" "/tmp/gmDnwnAE" "-c" "quit".
execvp failed, errno = 2 (No such file or directory)
Magick: "gs" "-sstdout=%stderr" "-q" "-dBATCH" "-dSAFER" "-dMaxBitmap=50000000" "-dNOPAUSE" "-sDEVICE=ppmraw" "-dTextAlphaBits=4" "-dGraphicsAlphaBits=4" "-r72x72" "-g990x36" "-sOutputFile=/tmp/gmj4NrFb" "--" "/tmp/gmDnwnAE" "-c" "quit".
Magick: Postscript delegate failed (/tmp/gmUc2uSd).
execvp failed, errno = 2 (No such file or directory)
Magick: "gs" "-sstdout=%stderr" "-q" "-dBATCH" "-dSAFER" "-dMaxBitmap=50000000" "-dNOPAUSE" "-sDEVICE=ppmraw" "-dTextAlphaBits=4" "-dGraphicsAlphaBits=4" "-r72x72" "-g990x36" "-sOutputFile=/tmp/gm5nndFm" "--" "/tmp/gmsR8Zs7" "-c" "quit".
execvp failed, errno = 2 (No such file or directory)
Magick: "gs" "-sstdout=%stderr" "-q" "-dBATCH" "-dSAFER" "-dMaxBitmap=50000000" "-dNOPAUSE" "-sDEVICE=ppmraw" "-dTextAlphaBits=4" "-dGraphicsAlphaBits=4" "-r72x72" "-g990x36" "-sOutputFile=/tmp/gm5nndFm" "--" "/tmp/gmsR8Zs7" "-c" "quit".
Magick: Postscript delegate failed (/tmp/gmUc2uSd).
execvp failed, errno = 2 (No such file or directory)
Magick: "gs" "-sstdout=%stderr" "-q" "-dBATCH" "-dSAFER" "-dMaxBitmap=50000000" "-dNOPAUSE" "-sDEVICE=ppmraw" "-dTextAlphaBits=4" "-dGraphicsAlphaBits=4" "-r72x72" "-g2160x36" "-sOutputFile=/tmp/gm5cRbYW" "--" "/tmp/gm3E6EZr" "-c" "quit".
execvp failed, errno = 2 (No such file or directory)
Magick: "gs" "-sstdout=%stderr" "-q" "-dBATCH" "-dSAFER" "-dMaxBitmap=50000000" "-dNOPAUSE" "-sDEVICE=ppmraw" "-dTextAlphaBits=4" "-dGraphicsAlphaBits=4" "-r72x72" "-g2160x36" "-sOutputFile=/tmp/gm5cRbYW" "--" "/tmp/gm3E6EZr" "-c" "quit".
18:42:57 0:0.053124  0.020u 7 ps.c/ReadPSImage/393/Delegate:
  Postscript delegate failed (/tmp/gmBMWDeQ)
Magick: Postscript delegate failed (/tmp/gmBMWDeQ).
execvp failed, errno = 2 (No such file or directory)
Magick: "gs" "-sstdout=%stderr" "-q" "-dBATCH" "-dSAFER" "-dMaxBitmap=50000000" "-dNOPAUSE" "-sDEVICE=ppmraw" "-dTextAlphaBits=4" "-dGraphicsAlphaBits=4" "-r72x72" "-g990x36" "-sOutputFile=/tmp/gm2FMhAk" "--" "/tmp/gmLhLKUK" "-c" "quit".
execvp failed, errno = 2 (No such file or directory)
Magick: "gs" "-sstdout=%stderr" "-q" "-dBATCH" "-dSAFER" "-dMaxBitmap=50000000" "-dNOPAUSE" "-sDEVICE=ppmraw" "-dTextAlphaBits=4" "-dGraphicsAlphaBits=4" "-r72x72" "-g990x36" "-sOutputFile=/tmp/gm2FMhAk" "--" "/tmp/gmLhLKUK" "-c" "quit".
Magick: Postscript delegate failed (/tmp/gmBMWDeQ).
execvp failed, errno = 2 (No such file or directory)
Magick: "gs" "-sstdout=%stderr" "-q" "-dBATCH" "-dSAFER" "-dMaxBitmap=50000000" "-dNOPAUSE" "-sDEVICE=ppmraw" "-dTextAlphaBits=4" "-dGraphicsAlphaBits=4" "-r72x72" "-g990x36" "-sOutputFile=/tmp/gm7eHPip" "--" "/tmp/gmQNiAbZ" "-c" "quit".
execvp failed, errno = 2 (No such file or directory)
Magick: "gs" "-sstdout=%stderr" "-q" "-dBATCH" "-dSAFER" "-dMaxBitmap=50000000" "-dNOPAUSE" "-sDEVICE=ppmraw" "-dTextAlphaBits=4" "-dGraphicsAlphaBits=4" "-r72x72" "-g990x36" "-sOutputFile=/tmp/gm7eHPip" "--" "/tmp/gmQNiAbZ" "-c" "quit".
Magick: Postscript delegate failed (/tmp/gmBMWDeQ).
execvp failed, errno = 2 (No such file or directory)
Magick: "gs" "-sstdout=%stderr" "-q" "-dBATCH" "-dSAFER" "-dMaxBitmap=50000000" "-dNOPAUSE" "-sDEVICE=ppmraw" "-dTextAlphaBits=4" "-dGraphicsAlphaBits=4" "-r72x72" "-g2160x36" "-sOutputFile=/tmp/gmoeBbiI" "--" "/tmp/gmH0KJ9V" "-c" "quit".
execvp failed, errno = 2 (No such file or directory)
Magick: "gs" "-sstdout=%stderr" "-q" "-dBATCH" "-dSAFER" "-dMaxBitmap=50000000" "-dNOPAUSE" "-sDEVICE=ppmraw" "-dTextAlphaBits=4" "-dGraphicsAlphaBits=4" "-r72x72" "-g2160x36" "-sOutputFile=/tmp/gmoeBbiI" "--" "/tmp/gmH0KJ9V" "-c" "quit".
18:42:57 0:0.060787  0.040u 7 ps.c/ReadPSImage/393/Delegate:
  Postscript delegate failed (/tmp/gmubM2EP)
Magick: Postscript delegate failed (/tmp/gmubM2EP).
execvp failed, errno = 2 (No such file or directory)
Magick: "gs" "-sstdout=%stderr" "-q" "-dBATCH" "-dSAFER" "-dMaxBitmap=50000000" "-dNOPAUSE" "-sDEVICE=ppmraw" "-dTextAlphaBits=4" "-dGraphicsAlphaBits=4" "-r72x72" "-g990x36" "-sOutputFile=/tmp/gmz6B1Xv" "--" "/tmp/gmCnFEwD" "-c" "quit".
execvp failed, errno = 2 (No such file or directory)
Magick: "gs" "-sstdout=%stderr" "-q" "-dBATCH" "-dSAFER" "-dMaxBitmap=50000000" "-dNOPAUSE" "-sDEVICE=ppmraw" "-dTextAlphaBits=4" "-dGraphicsAlphaBits=4" "-r72x72" "-g990x36" "-sOutputFile=/tmp/gmz6B1Xv" "--" "/tmp/gmCnFEwD" "-c" "quit".
Magick: Postscript delegate failed (/tmp/gmubM2EP).
execvp failed, errno = 2 (No such file or directory)
Magick: "gs" "-sstdout=%stderr" "-q" "-dBATCH" "-dSAFER" "-dMaxBitmap=50000000" "-dNOPAUSE" "-sDEVICE=ppmraw" "-dTextAlphaBits=4" "-dGraphicsAlphaBits=4" "-r72x72" "-g990x36" "-sOutputFile=/tmp/gmnaufZs" "--" "/tmp/gmTrsNyg" "-c" "quit".
execvp failed, errno = 2 (No such file or directory)
Magick: "gs" "-sstdout=%stderr" "-q" "-dBATCH" "-dSAFER" "-dMaxBitmap=50000000" "-dNOPAUSE" "-sDEVICE=ppmraw" "-dTextAlphaBits=4" "-dGraphicsAlphaBits=4" "-r72x72" "-g990x36" "-sOutputFile=/tmp/gmnaufZs" "--" "/tmp/gmTrsNyg" "-c" "quit".
Magick: Postscript delegate failed (/tmp/gmubM2EP).
execvp failed, errno = 2 (No such file or directory)
Magick: "gs" "-sstdout=%stderr" "-q" "-dBATCH" "-dSAFER" "-dMaxBitmap=50000000" "-dNOPAUSE" "-sDEVICE=ppmraw" "-dTextAlphaBits=4" "-dGraphicsAlphaBits=4" "-r72x72" "-dFirstPage=1" "-dLastPage=1" "-g612x792" "-sOutputFile=/tmp/gmUE5ivx" "--" "/tmp/gmZJTXQn" "-c" "quit".
execvp failed, errno = 2 (No such file or directory)
Magick: "gs" "-sstdout=%stderr" "-q" "-dBATCH" "-dSAFER" "-dMaxBitmap=50000000" "-dNOPAUSE" "-sDEVICE=ppmraw" "-dTextAlphaBits=4" "-dGraphicsAlphaBits=4" "-r72x72" "-dFirstPage=1" "-dLastPage=1" "-g612x792" "-sOutputFile=/tmp/gmUE5ivx" "--" "/tmp/gmZJTXQn" "-c" "quit".
execvp failed, errno = 2 (No such file or directory)
Magick: "gs" "-sstdout=%stderr" "-q" "-dBATCH" "-dSAFER" "-dMaxBitmap=50000000" "-dNOPAUSE" "-sDEVICE=ppmraw" "-dTextAlphaBits=4" "-dGraphicsAlphaBits=4" "-r72x72" "-g2160x36" "-sOutputFile=/tmp/gm6Y6Unf" "--" "/tmp/gmfB3Wh0" "-c" "quit".
execvp failed, errno = 2 (No such file or directory)
Magick: "gs" "-sstdout=%stderr" "-q" "-dBATCH" "-dSAFER" "-dMaxBitmap=50000000" "-dNOPAUSE" "-sDEVICE=ppmraw" "-dTextAlphaBits=4" "-dGraphicsAlphaBits=4" "-r72x72" "-g2160x36" "-sOutputFile=/tmp/gm6Y6Unf" "--" "/tmp/gmfB3Wh0" "-c" "quit".
18:42:57 0:0.070462  0.040u 7 ps.c/ReadPSImage/393/Delegate:
  Postscript delegate failed (/tmp/gmhQQhp1)
Magick: Postscript delegate failed (/tmp/gmhQQhp1).
execvp failed, errno = 2 (No such file or directory)
Magick: "gs" "-sstdout=%stderr" "-q" "-dBATCH" "-dSAFER" "-dMaxBitmap=50000000" "-dNOPAUSE" "-sDEVICE=ppmraw" "-dTextAlphaBits=4" "-dGraphicsAlphaBits=4" "-r72x72" "-g990x36" "-sOutputFile=/tmp/gmcAkDBZ" "--" "/tmp/gmSB69vW" "-c" "quit".
execvp failed, errno = 2 (No such file or directory)
Magick: "gs" "-sstdout=%stderr" "-q" "-dBATCH" "-dSAFER" "-dMaxBitmap=50000000" "-dNOPAUSE" "-sDEVICE=ppmraw" "-dTextAlphaBits=4" "-dGraphicsAlphaBits=4" "-r72x72" "-g990x36" "-sOutputFile=/tmp/gmcAkDBZ" "--" "/tmp/gmSB69vW" "-c" "quit".
Magick: Postscript delegate failed (/tmp/gmhQQhp1).
execvp failed, errno = 2 (No such file or directory)
Magick: "gs" "-sstdout=%stderr" "-q" "-dBATCH" "-dSAFER" "-dMaxBitmap=50000000" "-dNOPAUSE" "-sDEVICE=ppmraw" "-dTextAlphaBits=4" "-dGraphicsAlphaBits=4" "-r72x72" "-g990x36" "-sOutputFile=/tmp/gmj2VBBj" "--" "/tmp/gmBUZ1PO" "-c" "quit".
execvp failed, errno = 2 (No such file or directory)
Magick: "gs" "-sstdout=%stderr" "-q" "-dBATCH" "-dSAFER" "-dMaxBitmap=50000000" "-dNOPAUSE" "-sDEVICE=ppmraw" "-dTextAlphaBits=4" "-dGraphicsAlphaBits=4" "-r72x72" "-g990x36" "-sOutputFile=/tmp/gmj2VBBj" "--" "/tmp/gmBUZ1PO" "-c" "quit".
Magick: Postscript delegate failed (/tmp/gmhQQhp1).
execvp failed, errno = 2 (No such file or directory)
Magick: "gs" "-sstdout=%stderr" "-q" "-dBATCH" "-dSAFER" "-dMaxBitmap=50000000" "-dNOPAUSE" "-sDEVICE=ppmraw" "-dTextAlphaBits=4" "-dGraphicsAlphaBits=4" "-r72x72" "-g2160x36" "-sOutputFile=/tmp/gm1eFe5Q" "--" "/tmp/gmWiEZt9" "-c" "quit".
execvp failed, errno = 2 (No such file or directory)
Magick: "gs" "-sstdout=%stderr" "-q" "-dBATCH" "-dSAFER" "-dMaxBitmap=50000000" "-dNOPAUSE" "-sDEVICE=ppmraw" "-dTextAlphaBits=4" "-dGraphicsAlphaBits=4" "-r72x72" "-g2160x36" "-sOutputFile=/tmp/gm1eFe5Q" "--" "/tmp/gmWiEZt9" "-c" "quit".
18:42:57 0:0.077952  0.040u 7 ps.c/ReadPSImage/393/Delegate:
  Postscript delegate failed (/tmp/gm0acUoZ)
Magick: Postscript delegate failed (/tmp/gm0acUoZ).
execvp failed, errno = 2 (No such file or directory)
Magick: "gs" "-sstdout=%stderr" "-q" "-dBATCH" "-dSAFER" "-dMaxBitmap=50000000" "-dNOPAUSE" "-sDEVICE=ppmraw" "-dTextAlphaBits=4" "-dGraphicsAlphaBits=4" "-r72x72" "-g990x36" "-sOutputFile=/tmp/gmXuhe7D" "--" "/tmp/gmcLnf0W" "-c" "quit".
execvp failed, errno = 2 (No such file or directory)
Magick: "gs" "-sstdout=%stderr" "-q" "-dBATCH" "-dSAFER" "-dMaxBitmap=50000000" "-dNOPAUSE" "-sDEVICE=ppmraw" "-dTextAlphaBits=4" "-dGraphicsAlphaBits=4" "-r72x72" "-g990x36" "-sOutputFile=/tmp/gmXuhe7D" "--" "/tmp/gmcLnf0W" "-c" "quit".
Magick: Postscript delegate failed (/tmp/gm0acUoZ).
execvp failed, errno = 2 (No such file or directory)
Magick: "gs" "-sstdout=%stderr" "-q" "-dBATCH" "-dSAFER" "-dMaxBitmap=50000000" "-dNOPAUSE" "-sDEVICE=ppmraw" "-dTextAlphaBits=4" "-dGraphicsAlphaBits=4" "-r72x72" "-g990x36" "-sOutputFile=/tmp/gm3fZzrE" "--" "/tmp/gmgqWnHV" "-c" "quit".
execvp failed, errno = 2 (No such file or directory)
Magick: "gs" "-sstdout=%stderr" "-q" "-dBATCH" "-dSAFER" "-dMaxBitmap=50000000" "-dNOPAUSE" "-sDEVICE=ppmraw" "-dTextAlphaBits=4" "-dGraphicsAlphaBits=4" "-r72x72" "-g990x36" "-sOutputFile=/tmp/gm3fZzrE" "--" "/tmp/gmgqWnHV" "-c" "quit".
Magick: Postscript delegate failed (/tmp/gm0acUoZ).
execvp failed, errno = 2 (No such file or directory)
Magick: "gs" "-sstdout=%stderr" "-q" "-dBATCH" "-dSAFER" "-dMaxBitmap=50000000" "-dNOPAUSE" "-sDEVICE=ppmraw" "-dTextAlphaBits=4" "-dGraphicsAlphaBits=4" "-r72x72" "-g2160x36" "-sOutputFile=/tmp/gm13lvF8" "--" "/tmp/gmp5uVu9" "-c" "quit".
execvp failed, errno = 2 (No such file or directory)
Magick: "gs" "-sstdout=%stderr" "-q" "-dBATCH" "-dSAFER" "-dMaxBitmap=50000000" "-dNOPAUSE" "-sDEVICE=ppmraw" "-dTextAlphaBits=4" "-dGraphicsAlphaBits=4" "-r72x72" "-g2160x36" "-sOutputFile=/tmp/gm13lvF8" "--" "/tmp/gmp5uVu9" "-c" "quit".
18:42:57 0:0.085572  0.050u 7 ps.c/ReadPSImage/393/Delegate:
  Postscript delegate failed (/tmp/gmCQtFVs)
Magick: Postscript delegate failed (/tmp/gmCQtFVs).
execvp failed, errno = 2 (No such file or directory)
Magick: "gs" "-sstdout=%stderr" "-q" "-dBATCH" "-dSAFER" "-dMaxBitmap=50000000" "-dNOPAUSE" "-sDEVICE=ppmraw" "-dTextAlphaBits=4" "-dGraphicsAlphaBits=4" "-r72x72" "-g990x36" "-sOutputFile=/tmp/gmRb9QGj" "--" "/tmp/gmHiDfaB" "-c" "quit".
execvp failed, errno = 2 (No such file or directory)
Magick: "gs" "-sstdout=%stderr" "-q" "-dBATCH" "-dSAFER" "-dMaxBitmap=50000000" "-dNOPAUSE" "-sDEVICE=ppmraw" "-dTextAlphaBits=4" "-dGraphicsAlphaBits=4" "-r72x72" "-g990x36" "-sOutputFile=/tmp/gmRb9QGj" "--" "/tmp/gmHiDfaB" "-c" "quit".
Magick: Postscript delegate failed (/tmp/gmCQtFVs).
execvp failed, errno = 2 (No such file or directory)
Magick: "gs" "-sstdout=%stderr" "-q" "-dBATCH" "-dSAFER" "-dMaxBitmap=50000000" "-dNOPAUSE" "-sDEVICE=ppmraw" "-dTextAlphaBits=4" "-dGraphicsAlphaBits=4" "-r72x72" "-g990x36" "-sOutputFile=/tmp/gmDi2H3l" "--" "/tmp/gmwNHQPB" "-c" "quit".
execvp failed, errno = 2 (No such file or directory)
Magick: "gs" "-sstdout=%stderr" "-q" "-dBATCH" "-dSAFER" "-dMaxBitmap=50000000" "-dNOPAUSE" "-sDEVICE=ppmraw" "-dTextAlphaBits=4" "-dGraphicsAlphaBits=4" "-r72x72" "-g990x36" "-sOutputFile=/tmp/gmDi2H3l" "--" "/tmp/gmwNHQPB" "-c" "quit".
Magick: Postscript delegate failed (/tmp/gmCQtFVs).
execvp failed, errno = 2 (No such file or directory)
Magick: "gs" "-sstdout=%stderr" "-q" "-dBATCH" "-dSAFER" "-dMaxBitmap=50000000" "-dNOPAUSE" "-sDEVICE=ppmraw" "-dTextAlphaBits=4" "-dGraphicsAlphaBits=4" "-r72x72" "-g2160x36" "-sOutputFile=/tmp/gmeKlSfW" "--" "/tmp/gmOEFRHD" "-c" "quit".
execvp failed, errno = 2 (No such file or directory)
Magick: "gs" "-sstdout=%stderr" "-q" "-dBATCH" "-dSAFER" "-dMaxBitmap=50000000" "-dNOPAUSE" "-sDEVICE=ppmraw" "-dTextAlphaBits=4" "-dGraphicsAlphaBits=4" "-r72x72" "-g2160x36" "-sOutputFile=/tmp/gmeKlSfW" "--" "/tmp/gmOEFRHD" "-c" "quit".
18:42:57 0:0.093096  0.050u 7 ps.c/ReadPSImage/393/Delegate:
  Postscript delegate failed (/tmp/gmYAuMBi)
Magick: Postscript delegate failed (/tmp/gmYAuMBi).
execvp failed, errno = 2 (No such file or directory)
Magick: "gs" "-sstdout=%stderr" "-q" "-dBATCH" "-dSAFER" "-dMaxBitmap=50000000" "-dNOPAUSE" "-sDEVICE=ppmraw" "-dTextAlphaBits=4" "-dGraphicsAlphaBits=4" "-r72x72" "-g990x36" "-sOutputFile=/tmp/gm5oHeGD" "--" "/tmp/gmloxFM9" "-c" "quit".
execvp failed, errno = 2 (No such file or directory)
Magick: "gs" "-sstdout=%stderr" "-q" "-dBATCH" "-dSAFER" "-dMaxBitmap=50000000" "-dNOPAUSE" "-sDEVICE=ppmraw" "-dTextAlphaBits=4" "-dGraphicsAlphaBits=4" "-r72x72" "-g990x36" "-sOutputFile=/tmp/gm5oHeGD" "--" "/tmp/gmloxFM9" "-c" "quit".
Magick: Postscript delegate failed (/tmp/gmYAuMBi).
execvp failed, errno = 2 (No such file or directory)
Magick: "gs" "-sstdout=%stderr" "-q" "-dBATCH" "-dSAFER" "-dMaxBitmap=50000000" "-dNOPAUSE" "-sDEVICE=ppmraw" "-dTextAlphaBits=4" "-dGraphicsAlphaBits=4" "-r72x72" "-g990x36" "-sOutputFile=/tmp/gm2smgvl" "--" "/tmp/gmNo7tOg" "-c" "quit".
execvp failed, errno = 2 (No such file or directory)
Magick: "gs" "-sstdout=%stderr" "-q" "-dBATCH" "-dSAFER" "-dMaxBitmap=50000000" "-dNOPAUSE" "-sDEVICE=ppmraw" "-dTextAlphaBits=4" "-dGraphicsAlphaBits=4" "-r72x72" "-g990x36" "-sOutputFile=/tmp/gm2smgvl" "--" "/tmp/gmNo7tOg" "-c" "quit".
Magick: Postscript delegate failed (/tmp/gmYAuMBi).
execvp failed, errno = 2 (No such file or directory)
Magick: "gs" "-sstdout=%stderr" "-q" "-dBATCH" "-dSAFER" "-dMaxBitmap=50000000" "-dNOPAUSE" "-sDEVICE=ppmraw" "-dTextAlphaBits=4" "-dGraphicsAlphaBits=4" "-r72x72" "-g2160x36" "-sOutputFile=/tmp/gmPFcTkc" "--" "/tmp/gmPLmVOS" "-c" "quit".
execvp failed, errno = 2 (No such file or directory)
Magick: "gs" "-sstdout=%stderr" "-q" "-dBATCH" "-dSAFER" "-dMaxBitmap=50000000" "-dNOPAUSE" "-sDEVICE=ppmraw" "-dTextAlphaBits=4" "-dGraphicsAlphaBits=4" "-r72x72" "-g2160x36" "-sOutputFile=/tmp/gmPFcTkc" "--" "/tmp/gmPLmVOS" "-c" "quit".
18:42:58 0:0.100435  0.050u 7 ps.c/ReadPSImage/393/Delegate:
  Postscript delegate failed (/tmp/gm5wVkFk)
Magick: Postscript delegate failed (/tmp/gm5wVkFk).
execvp failed, errno = 2 (No such file or directory)
Magick: "gs" "-sstdout=%stderr" "-q" "-dBATCH" "-dSAFER" "-dMaxBitmap=50000000" "-dNOPAUSE" "-sDEVICE=ppmraw" "-dTextAlphaBits=4" "-dGraphicsAlphaBits=4" "-r72x72" "-g990x36" "-sOutputFile=/tmp/gm0dDyU7" "--" "/tmp/gm4Ui6Ds" "-c" "quit".
execvp failed, errno = 2 (No such file or directory)
Magick: "gs" "-sstdout=%stderr" "-q" "-dBATCH" "-dSAFER" "-dMaxBitmap=50000000" "-dNOPAUSE" "-sDEVICE=ppmraw" "-dTextAlphaBits=4" "-dGraphicsAlphaBits=4" "-r72x72" "-g990x36" "-sOutputFile=/tmp/gm0dDyU7" "--" "/tmp/gm4Ui6Ds" "-c" "quit".
Magick: Postscript delegate failed (/tmp/gm5wVkFk).
execvp failed, errno = 2 (No such file or directory)
Magick: "gs" "-sstdout=%stderr" "-q" "-dBATCH" "-dSAFER" "-dMaxBitmap=50000000" "-dNOPAUSE" "-sDEVICE=ppmraw" "-dTextAlphaBits=4" "-dGraphicsAlphaBits=4" "-r72x72" "-g990x36" "-sOutputFile=/tmp/gmqFo9cB" "--" "/tmp/gmHC9p36" "-c" "quit".
execvp failed, errno = 2 (No such file or directory)
Magick: "gs" "-sstdout=%stderr" "-q" "-dBATCH" "-dSAFER" "-dMaxBitmap=50000000" "-dNOPAUSE" "-sDEVICE=ppmraw" "-dTextAlphaBits=4" "-dGraphicsAlphaBits=4" "-r72x72" "-g990x36" "-sOutputFile=/tmp/gmqFo9cB" "--" "/tmp/gmHC9p36" "-c" "quit".
Magick: Postscript delegate failed (/tmp/gm5wVkFk).
18:42:58 0:0.105008  0.060u 7 wpg.c/ExtractPostscript/871/CorruptImage:
  Unable to read image header ()
18:42:58 0:0.105081  0.060u 7 sgi.c/ReadSGIImage/346/CorruptImage:
  Ignored: Unable to read image header ()
18:42:58 0:0.105117  0.060u 7 sgi.c/ReadSGIImage/346/CorruptImage:
  Ignored: Unable to read image header ()
18:42:58 0:0.105147  0.060u 7 sgi.c/ReadSGIImage/346/CorruptImage:
  Ignored: Unable to read image header ()
18:42:58 0:0.105156  0.060u 7 wpg.c/ExtractPostscript/871/CorruptImage:
  Ignored: Unable to read image header ()
18:42:58 0:0.105219  0.060u 7 rle.c/ReadRLEImage/594/CorruptImage:
  Ignored: Unable to runlength decode image ()
18:42:58 0:0.105265  0.060u 7 dib.c/ReadDIBImage/804/CorruptImage:
  Ignored: Unable to runlength decode image ()
18:42:58 0:0.105298  0.060u 7 dib.c/ReadDIBImage/630/CorruptImage:
  Ignored: Improper image header ()
18:42:58 0:0.105327  0.060u 7 rle.c/ReadRLEImage/594/CorruptImage:
  Ignored: Unable to runlength decode image ()
18:42:58 0:0.105351  0.060u 7 dib.c/ReadDIBImage/623/CorruptImage:
  Ignored: Improper image header ()
18:42:58 0:0.105383  0.060u 7 rle.c/ReadRLEImage/594/CorruptImage:
  Ignored: Unable to runlength decode image ()
18:42:58 0:0.105409  0.060u 7 dib.c/ReadDIBImage/804/CorruptImage:
  Ignored: Unable to runlength decode image ()
18:42:58 0:0.105549  0.060u 7 rle.c/ReadRLEImage/594/CorruptImage:
  Ignored: Unable to runlength decode image ()
18:42:58 0:0.105576  0.060u 7 dib.c/ReadDIBImage/804/CorruptImage:
  Ignored: Unable to runlength decode image ()
18:42:58 0:0.105643  0.060u 7 rle.c/ReadRLEImage/594/CorruptImage:
  Ignored: Unable to runlength decode image ()
18:42:58 0:0.105707  0.060u 7 dpx.c/ReadDPXImage/1658/CorruptImage:
  Ignored: Improper image header ()
18:42:58 0:0.105728  0.060u 7 wpg.c/ExtractPostscript/871/CorruptImage:
  Ignored: Unable to read image header ()
18:42:58 0:0.105865  0.060u 7 tiff.c/TIFFReadErrors/955/CorruptImage:
  Ignored: Sanity check on size of "Compression" value failed. (TIFFReadDirectory)
18:42:58 0:0.105879  0.060u 7 tiff.c/ReadTIFFImage/1931/FileOpen:
  Ignored: Unable to open file ()
18:42:58 0:0.105915  0.060u 7 dib.c/ReadDIBImage/653/CorruptImage:
  Ignored: Improper image header ()
18:42:58 0:0.106111  0.060u 7 tiff.c/TIFFReadErrors/955/CorruptImage:
  Ignored: Can not read TIFF directory count. (TIFFFetchDirectory)
18:42:58 0:0.106117  0.060u 7 tiff.c/TIFFReadErrors/955/CorruptImage:
  Ignored: Failed to read directory at offset 4026466320. (TIFFReadDirectory)
18:42:58 0:0.106122  0.060u 7 tiff.c/ReadTIFFImage/1931/FileOpen:
  Ignored: Unable to open file ()
18:42:58 0:0.106150  0.060u 7 rle.c/ReadRLEImage/546/CorruptImage:
  Ignored: Unexpected end-of-file ()
18:42:58 0:0.106203  0.060u 7 tiff.c/TIFFReadErrors/955/CorruptImage:
  Ignored: TIFF directory is missing required "ImageLength" field. (MissingRequired)
18:42:58 0:0.106210  0.060u 7 tiff.c/ReadTIFFImage/1931/FileOpen:
  Ignored: Unable to open file ()
18:42:58 0:0.106233  0.060u 7 dib.c/ReadDIBImage/653/CorruptImage:
  Ignored: Improper image header ()
18:42:58 0:0.106263  0.060u 7 tiff.c/TIFFReadErrors/955/CorruptImage:
  Ignored: Can not read TIFF directory count. (TIFFFetchDirectory)
18:42:58 0:0.106267  0.060u 7 tiff.c/TIFFReadErrors/955/CorruptImage:
  Ignored: Failed to read directory at offset 4026466320. (TIFFReadDirectory)
18:42:58 0:0.106271  0.060u 7 tiff.c/ReadTIFFImage/1931/FileOpen:
  Ignored: Unable to open file ()
18:42:58 0:0.106482  0.060u 7 tiff.c/TIFFReadErrors/955/CorruptImage:
  Ignored: TIFF directory is missing required "ImageLength" field. (MissingRequired)
18:42:58 0:0.106493  0.060u 7 tiff.c/ReadTIFFImage/1931/FileOpen:
  Ignored: Unable to open file ()
18:42:58 0:0.106519  0.060u 7 rle.c/ReadRLEImage/546/CorruptImage:
  Ignored: Unexpected end-of-file ()
18:42:58 0:0.106573  0.060u 7 tiff.c/TIFFReadErrors/955/CorruptImage:
  Ignored: TIFF directory is missing required "ImageLength" field. (MissingRequired)
18:42:58 0:0.106578  0.060u 7 tiff.c/ReadTIFFImage/1931/FileOpen:
  Ignored: Unable to open file ()
18:42:58 0:0.106602  0.060u 7 dib.c/ReadDIBImage/623/CorruptImage:
  Ignored: Improper image header ()
18:42:58 0:0.106642  0.060u 7 tiff.c/TIFFReadErrors/955/CorruptImage:
  Ignored: Can not read TIFF directory count. (TIFFFetchDirectory)
18:42:58 0:0.106646  0.060u 7 tiff.c/TIFFReadErrors/955/CorruptImage:
  Ignored: Failed to read directory at offset 4026466320. (TIFFReadDirectory)
18:42:58 0:0.106650  0.060u 7 tiff.c/ReadTIFFImage/1931/FileOpen:
  Ignored: Unable to open file ()
18:42:58 0:0.106712  0.060u 7 tiff.c/TIFFReadErrors/955/CorruptImage:
  Ignored: Can not read TIFF directory count. (TIFFFetchDirectory)
18:42:58 0:0.106716  0.060u 7 tiff.c/TIFFReadErrors/955/CorruptImage:
  Ignored: Failed to read directory at offset 4026466320. (TIFFReadDirectory)
18:42:58 0:0.106720  0.060u 7 tiff.c/ReadTIFFImage/1931/FileOpen:
  Ignored: Unable to open file ()
18:42:58 0:0.106747  0.060u 7 rle.c/ReadRLEImage/605/CorruptImage:
  Ignored: Unexpected end-of-file ()
18:42:58 0:0.106754  0.060u 7 wpg.c/ExtractPostscript/871/CorruptImage:
  Ignored: Unable to read image header ()
execvp failed, errno = 2 (No such file or directory)
Magick: "gs" "-sstdout=%stderr" "-q" "-dBATCH" "-dSAFER" "-dMaxBitmap=50000000" "-dNOPAUSE" "-sDEVICE=ppmraw" "-dTextAlphaBits=4" "-dGraphicsAlphaBits=4" "-r72x72" "-g2160x36" "-sOutputFile=/tmp/gmaEfOAJ" "--" "/tmp/gmo27BgN" "-c" "quit".
execvp failed, errno = 2 (No such file or directory)
Magick: "gs" "-sstdout=%stderr" "-q" "-dBATCH" "-dSAFER" "-dMaxBitmap=50000000" "-dNOPAUSE" "-sDEVICE=ppmraw" "-dTextAlphaBits=4" "-dGraphicsAlphaBits=4" "-r72x72" "-g2160x36" "-sOutputFile=/tmp/gmaEfOAJ" "--" "/tmp/gmo27BgN" "-c" "quit".
18:42:58 0:0.109795  0.060u 7 ps.c/ReadPSImage/393/Delegate:
  Postscript delegate failed (/tmp/gm9lSKeZ)
Magick: Postscript delegate failed (/tmp/gm9lSKeZ).
execvp failed, errno = 2 (No such file or directory)
Magick: "gs" "-sstdout=%stderr" "-q" "-dBATCH" "-dSAFER" "-dMaxBitmap=50000000" "-dNOPAUSE" "-sDEVICE=ppmraw" "-dTextAlphaBits=4" "-dGraphicsAlphaBits=4" "-r72x72" "-g990x36" "-sOutputFile=/tmp/gmX5UEGf" "--" "/tmp/gmTRccqp" "-c" "quit".
execvp failed, errno = 2 (No such file or directory)
Magick: "gs" "-sstdout=%stderr" "-q" "-dBATCH" "-dSAFER" "-dMaxBitmap=50000000" "-dNOPAUSE" "-sDEVICE=ppmraw" "-dTextAlphaBits=4" "-dGraphicsAlphaBits=4" "-r72x72" "-g990x36" "-sOutputFile=/tmp/gmX5UEGf" "--" "/tmp/gmTRccqp" "-c" "quit".
Magick: Postscript delegate failed (/tmp/gm9lSKeZ).
execvp failed, errno = 2 (No such file or directory)
Magick: "gs" "-sstdout=%stderr" "-q" "-dBATCH" "-dSAFER" "-dMaxBitmap=50000000" "-dNOPAUSE" "-sDEVICE=ppmraw" "-dTextAlphaBits=4" "-dGraphicsAlphaBits=4" "-r72x72" "-g990x36" "-sOutputFile=/tmp/gmgw8LW8" "--" "/tmp/gm8BVhrU" "-c" "quit".
execvp failed, errno = 2 (No such file or directory)
Magick: "gs" "-sstdout=%stderr" "-q" "-dBATCH" "-dSAFER" "-dMaxBitmap=50000000" "-dNOPAUSE" "-sDEVICE=ppmraw" "-dTextAlphaBits=4" "-dGraphicsAlphaBits=4" "-r72x72" "-g990x36" "-sOutputFile=/tmp/gmgw8LW8" "--" "/tmp/gm8BVhrU" "-c" "quit".
Magick: Postscript delegate failed (/tmp/gm9lSKeZ).
18:42:58 0:0.114720  0.060u 7 dib.c/ReadDIBImage/651/CorruptImage:
  Ignored: Improper image header ()
18:42:58 0:0.114753  0.060u 7 dpx.c/ReadDPXImage/1658/CorruptImage:
  Ignored: Improper image header ()
18:42:58 0:0.114784  0.060u 7 dpx.c/ReadDPXImage/1658/CorruptImage:
  Ignored: Improper image header ()
18:42:58 0:0.114813  0.060u 7 dpx.c/ReadDPXImage/1658/CorruptImage:
  Ignored: Improper image header ()
18:42:58 0:0.114840  0.060u 7 dib.c/ReadDIBImage/651/CorruptImage:
  Ignored: Improper image header ()
18:42:58 0:0.114867  0.060u 7 dpx.c/ReadDPXImage/1658/CorruptImage:
  Ignored: Improper image header ()
18:42:58 0:0.114890  0.060u 7 dpx.c/ReadDPXImage/1658/CorruptImage:
  Ignored: Improper image header ()
18:42:58 0:0.114915  0.060u 7 dpx.c/ReadDPXImage/1658/CorruptImage:
  Ignored: Improper image header ()
18:42:58 0:0.114929  0.060u 7 wpg.c/ExtractPostscript/871/CorruptImage:
  Ignored: Unable to read image header ()
18:42:58 0:0.114955  0.060u 7 dib.c/ReadDIBImage/623/CorruptImage:
  Ignored: Improper image header ()
18:42:58 0:0.114965  0.060u 7 wpg.c/ExtractPostscript/871/CorruptImage:
  Ignored: Unable to read image header ()
18:42:58 0:0.114990  0.060u 7 dib.c/ReadDIBImage/596/CorruptImage:
  Ignored: Improper image header ()
18:42:58 0:0.115017  0.060u 7 dib.c/ReadDIBImage/651/CorruptImage:
  Ignored: Improper image header ()
18:42:58 0:0.115043  0.060u 7 dpx.c/ReadDPXImage/1658/CorruptImage:
  Ignored: Improper image header ()
18:42:58 0:0.115070  0.060u 7 dpx.c/ReadDPXImage/1658/CorruptImage:
  Ignored: Improper image header ()
18:42:58 0:0.115098  0.060u 7 dpx.c/ReadDPXImage/1658/CorruptImage:
  Ignored: Improper image header ()
18:42:58 0:0.115126  0.060u 7 dib.c/ReadDIBImage/651/CorruptImage:
  Ignored: Improper image header ()
18:42:58 0:0.115152  0.060u 7 dpx.c/ReadDPXImage/1658/CorruptImage:
  Ignored: Improper image header ()
18:42:58 0:0.115179  0.060u 7 dpx.c/ReadDPXImage/1658/CorruptImage:
  Ignored: Improper image header ()
18:42:58 0:0.115204  0.060u 7 dpx.c/ReadDPXImage/1658/CorruptImage:
  Ignored: Improper image header ()
18:42:58 0:0.115229  0.060u 7 dpx.c/ReadDPXImage/1658/CorruptImage:
  Ignored: Improper image header ()
18:42:58 0:0.115257  0.060u 7 dpx.c/ReadDPXImage/1658/CorruptImage:
  Ignored: Improper image header ()
18:42:58 0:0.115295  0.060u 7 rle.c/ReadRLEImage/605/CorruptImage:
  Ignored: Unexpected end-of-file ()
18:42:58 0:0.115305  0.060u 7 wpg.c/ExtractPostscript/871/CorruptImage:
  Ignored: Unable to read image header ()
=================================================================
==7==ERROR: AddressSanitizer: heap-buffer-overflow on address 0x627000003330 at pc 0x00000053301c bp 0x7fff6b0048c0 sp 0x7fff6b004090
WRITE of size 12792 at 0x627000003330 thread T0
SCARINESS: 45 (multi-byte-write-heap-buffer-overflow)
    #0 0x53301b in __asan_memcpy /src/llvm-project/compiler-rt/lib/asan/asan_interceptors_memintrinsics.cpp:22:3
    #1 0x5f4373 in ReadBlob /src/graphicsmagick/magick/blob.c:3425:18
    #2 0x9f4b57 in ReadWPGImage /src/graphicsmagick/coders/wpg.c:1699:18
    #3 0x63e9e8 in ReadImage /src/graphicsmagick/magick/constitute.c:1682:13
    #4 0x5ee8d6 in BlobToImage /src/graphicsmagick/magick/blob.c:786:13
    #5 0x57ae8c in Magick::Image::read(Magick::Blob const&) /src/graphicsmagick/Magick++/lib/Image.cpp:1592:5
    #6 0x5710f6 in LLVMFuzzerTestOneInput /src/graphicsmagick/fuzzing/enhance_fuzzer.cc:12:15
    #7 0x442a43 in fuzzer::Fuzzer::ExecuteCallback(unsigned char const*, unsigned long) /src/llvm-project/compiler-rt/lib/fuzzer/FuzzerLoop.cpp:611:15
    #8 0x42e1a2 in fuzzer::RunOneTest(fuzzer::Fuzzer*, char const*, unsigned long) /src/llvm-project/compiler-rt/lib/fuzzer/FuzzerDriver.cpp:324:6
    #9 0x433a4c in fuzzer::FuzzerDriver(int*, char***, int (*)(unsigned char const*, unsigned long)) /src/llvm-project/compiler-rt/lib/fuzzer/FuzzerDriver.cpp:860:9
    #10 0x45cf82 in main /src/llvm-project/compiler-rt/lib/fuzzer/FuzzerMain.cpp:20:10
    #11 0x736ccc54e082 in __libc_start_main (/lib/x86_64-linux-gnu/libc.so.6+0x24082) (BuildId: 87b331c034a6458c64ce09c03939e947212e18ce)
    #12 0x42436d in _start (/out/enhance_fuzzer+0x42436d)

DEDUP_TOKEN: __asan_memcpy--ReadBlob--ReadWPGImage
0x627000003330 is located 0 bytes to the right of 12848-byte region [0x627000000100,0x627000003330)
allocated by thread T0 here:
    #0 0x533fdc in __interceptor_realloc /src/llvm-project/compiler-rt/lib/asan/asan_malloc_linux.cpp:85:3
    #1 0x710acb in _MagickReallocateResourceLimitedMemory /src/graphicsmagick/magick/memory.c:818:36
    #2 0x710eeb in _MagickAllocateResourceLimitedMemory /src/graphicsmagick/magick/memory.c:909:10
    #3 0x9f4972 in ReadWPGImage /src/graphicsmagick/coders/wpg.c:1688:28
    #4 0x63e9e8 in ReadImage /src/graphicsmagick/magick/constitute.c:1682:13
    #5 0x5ee8d6 in BlobToImage /src/graphicsmagick/magick/blob.c:786:13
    #6 0x57ae8c in Magick::Image::read(Magick::Blob const&) /src/graphicsmagick/Magick++/lib/Image.cpp:1592:5
    #7 0x5710f6 in LLVMFuzzerTestOneInput /src/graphicsmagick/fuzzing/enhance_fuzzer.cc:12:15
    #8 0x442a43 in fuzzer::Fuzzer::ExecuteCallback(unsigned char const*, unsigned long) /src/llvm-project/compiler-rt/lib/fuzzer/FuzzerLoop.cpp:611:15
    #9 0x42e1a2 in fuzzer::RunOneTest(fuzzer::Fuzzer*, char const*, unsigned long) /src/llvm-project/compiler-rt/lib/fuzzer/FuzzerDriver.cpp:324:6
    #10 0x433a4c in fuzzer::FuzzerDriver(int*, char***, int (*)(unsigned char const*, unsigned long)) /src/llvm-project/compiler-rt/lib/fuzzer/FuzzerDriver.cpp:860:9
    #11 0x45cf82 in main /src/llvm-project/compiler-rt/lib/fuzzer/FuzzerMain.cpp:20:10
    #12 0x736ccc54e082 in __libc_start_main (/lib/x86_64-linux-gnu/libc.so.6+0x24082) (BuildId: 87b331c034a6458c64ce09c03939e947212e18ce)

DEDUP_TOKEN: __interceptor_realloc--_MagickReallocateResourceLimitedMemory--_MagickAllocateResourceLimitedMemory
SUMMARY: AddressSanitizer: heap-buffer-overflow /src/llvm-project/compiler-rt/lib/asan/asan_interceptors_memintrinsics.cpp:22:3 in __asan_memcpy
Shadow bytes around the buggy address:
  0x0c4e7fff8610: 00 00 00 00 00 00 00 00 00 00 00 00 00 00 00 00
  0x0c4e7fff8620: 00 00 00 00 00 00 00 00 00 00 00 00 00 00 00 00
  0x0c4e7fff8630: 00 00 00 00 00 00 00 00 00 00 00 00 00 00 00 00
  0x0c4e7fff8640: 00 00 00 00 00 00 00 00 00 00 00 00 00 00 00 00
  0x0c4e7fff8650: 00 00 00 00 00 00 00 00 00 00 00 00 00 00 00 00
=>0x0c4e7fff8660: 00 00 00 00 00 00[fa]fa fa fa fa fa fa fa fa fa
  0x0c4e7fff8670: fa fa fa fa fa fa fa fa fa fa fa fa fa fa fa fa
  0x0c4e7fff8680: fa fa fa fa fa fa fa fa fa fa fa fa fa fa fa fa
  0x0c4e7fff8690: fa fa fa fa fa fa fa fa fa fa fa fa fa fa fa fa
  0x0c4e7fff86a0: fa fa fa fa fa fa fa fa fa fa fa fa fa fa fa fa
  0x0c4e7fff86b0: fa fa fa fa fa fa fa fa fa fa fa fa fa fa fa fa
Shadow byte legend (one shadow byte represents 8 application bytes):
  Addressable:           00
  Partially addressable: 01 02 03 04 05 06 07 
  Heap left redzone:       fa
  Freed heap region:       fd
  Stack left redzone:      f1
  Stack mid redzone:       f2
  Stack right redzone:     f3
  Stack after return:      f5
  Stack use after scope:   f8
  Global redzone:          f9
  Global init order:       f6
  Poisoned by user:        f7
  Container overflow:      fc
  Array cookie:            ac
  Intra object redzone:    bb
  ASan internal:           fe
  Left alloca redzone:     ca
  Right alloca redzone:    cb
==7==ABORTING
