Unable to find image 'n132/arvo:64990-vul' locally
64990-vul: Pulling from n132/arvo
7608715873ec: Already exists
6a031355e5a4: Pulling fs layer
0b72f79bb618: Pulling fs layer
90335b886515: Pulling fs layer
4acfddd8e55d: Pulling fs layer
e7da934767ce: Pulling fs layer
ca48cdf3983f: Pulling fs layer
7dbcdbf5d55f: Pulling fs layer
50e9c68d34ea: Pulling fs layer
4e836e3eed39: Pulling fs layer
4b5040227f1e: Pulling fs layer
d3fb02ed4540: Pulling fs layer
1f5f6d4a864c: Pulling fs layer
fac93c045c91: Pulling fs layer
8846363f4f98: Pulling fs layer
625645c62835: Pulling fs layer
ef05bcbd095c: Pulling fs layer
c3f48f44c27e: Pulling fs layer
534e4ce04141: Pulling fs layer
bcc4f22e74eb: Pulling fs layer
b92dd1a5cf6c: Pulling fs layer
b4e67ac51e1a: Pulling fs layer
1dd8dea6f287: Pulling fs layer
9db7b76f6a4a: Pulling fs layer
4e2c795fe7b7: Pulling fs layer
8a57f4724c32: Pulling fs layer
73ce5d51499a: Pulling fs layer
66494ca4c4bd: Pulling fs layer
86951b715a9f: Pulling fs layer
5dda498c2b68: Pulling fs layer
2aefa3045c98: Pulling fs layer
91c1c9bc6630: Pulling fs layer
3d2a044b2844: Pulling fs layer
45094ef860a2: Pulling fs layer
5712e91d1ecd: Pulling fs layer
b3ddde29774a: Pulling fs layer
b1cc0136a9d7: Pulling fs layer
30a64b315299: Pulling fs layer
6d0523bcb8ea: Pulling fs layer
37b041539a2c: Pulling fs layer
99d356d3837d: Pulling fs layer
cdc78f442acb: Pulling fs layer
653a55ed2546: Pulling fs layer
b081d133fd9e: Pulling fs layer
e4cd6381df6a: Pulling fs layer
cf4105ccca54: Pulling fs layer
dc0f7854bb52: Pulling fs layer
f54e9b8f0369: Pulling fs layer
576b24e987df: Pulling fs layer
c10cbe57a1af: Pulling fs layer
e878b895167c: Pulling fs layer
795708f5aa20: Pulling fs layer
06a51a1e72a7: Pulling fs layer
92d3d99fed72: Pulling fs layer
30a64b315299: Waiting
5f1a087228a7: Pulling fs layer
6d0523bcb8ea: Waiting
d6c4d4dada17: Pulling fs layer
37b041539a2c: Waiting
e4cd6381df6a: Waiting
5dd4141de629: Pulling fs layer
ed056682736e: Pulling fs layer
cf4105ccca54: Waiting
99d356d3837d: Waiting
f54e9b8f0369: Waiting
5712e91d1ecd: Waiting
dc0f7854bb52: Waiting
928c61608429: Pulling fs layer
576b24e987df: Waiting
cdc78f442acb: Waiting
869fdbb5069a: Pulling fs layer
b3ddde29774a: Waiting
e8fafe2c5eaf: Pulling fs layer
653a55ed2546: Waiting
c10cbe57a1af: Waiting
b081d133fd9e: Waiting
63581e1b6c00: Pulling fs layer
06a51a1e72a7: Waiting
e878b895167c: Waiting
92d3d99fed72: Waiting
5f1a087228a7: Waiting
c89fccb21387: Pulling fs layer
795708f5aa20: Waiting
e15580786cbe: Pulling fs layer
d6c4d4dada17: Waiting
b1cc0136a9d7: Waiting
5dd4141de629: Waiting
0c00d0e7180f: Pulling fs layer
ed056682736e: Waiting
928c61608429: Waiting
693a5883438d: Pulling fs layer
869fdbb5069a: Waiting
fdd7e13cebe5: Pulling fs layer
e8fafe2c5eaf: Waiting
64656e2bb84e: Pulling fs layer
45094ef860a2: Waiting
c89fccb21387: Waiting
63581e1b6c00: Waiting
3f93bcfb2cce: Pulling fs layer
0c00d0e7180f: Waiting
e010a187ff95: Pulling fs layer
693a5883438d: Waiting
e15580786cbe: Waiting
fdd7e13cebe5: Waiting
de36868ab7cf: Pulling fs layer
64656e2bb84e: Waiting
7bdb07b32744: Pulling fs layer
3f93bcfb2cce: Waiting
e010a187ff95: Waiting
4f4fb700ef54: Pulling fs layer
bfaf17f722c7: Pulling fs layer
de36868ab7cf: Waiting
7bdb07b32744: Waiting
4f4fb700ef54: Waiting
8d22f0f22cdd: Pulling fs layer
cd6e27bef5f9: Pulling fs layer
8d22f0f22cdd: Waiting
cd6e27bef5f9: Waiting
bfaf17f722c7: Waiting
0b72f79bb618: Verifying Checksum
0b72f79bb618: Download complete
d3fb02ed4540: Verifying Checksum
d3fb02ed4540: Download complete
534e4ce04141: Verifying Checksum
534e4ce04141: Download complete
50e9c68d34ea: Verifying Checksum
50e9c68d34ea: Download complete
8846363f4f98: Verifying Checksum
8846363f4f98: Download complete
7dbcdbf5d55f: Verifying Checksum
7dbcdbf5d55f: Download complete
e7da934767ce: Verifying Checksum
e7da934767ce: Download complete
b92dd1a5cf6c: Verifying Checksum
b92dd1a5cf6c: Download complete
c3f48f44c27e: Verifying Checksum
c3f48f44c27e: Download complete
1f5f6d4a864c: Verifying Checksum
1f5f6d4a864c: Download complete
ef05bcbd095c: Verifying Checksum
86951b715a9f: Verifying Checksum
86951b715a9f: Download complete
4acfddd8e55d: Verifying Checksum
4acfddd8e55d: Download complete
bcc4f22e74eb: Verifying Checksum
bcc4f22e74eb: Download complete
9db7b76f6a4a: Verifying Checksum
9db7b76f6a4a: Download complete
91c1c9bc6630: Verifying Checksum
91c1c9bc6630: Download complete
fac93c045c91: Verifying Checksum
fac93c045c91: Download complete
5dda498c2b68: Verifying Checksum
5dda498c2b68: Download complete
625645c62835: Verifying Checksum
625645c62835: Download complete
4e2c795fe7b7: Verifying Checksum
4e2c795fe7b7: Download complete
73ce5d51499a: Verifying Checksum
73ce5d51499a: Download complete
1dd8dea6f287: Verifying Checksum
1dd8dea6f287: Download complete
66494ca4c4bd: Verifying Checksum
66494ca4c4bd: Download complete
b1cc0136a9d7: Verifying Checksum
b1cc0136a9d7: Download complete
8a57f4724c32: Verifying Checksum
8a57f4724c32: Download complete
6d0523bcb8ea: Verifying Checksum
6d0523bcb8ea: Download complete
b4e67ac51e1a: Verifying Checksum
b4e67ac51e1a: Download complete
99d356d3837d: Download complete
e878b895167c: Verifying Checksum
e878b895167c: Download complete
5712e91d1ecd: Verifying Checksum
5712e91d1ecd: Download complete
dc0f7854bb52: Verifying Checksum
dc0f7854bb52: Download complete
576b24e987df: Verifying Checksum
576b24e987df: Download complete
06a51a1e72a7: Download complete
b081d133fd9e: Verifying Checksum
b081d133fd9e: Download complete
5dd4141de629: Verifying Checksum
5dd4141de629: Download complete
5f1a087228a7: Verifying Checksum
5f1a087228a7: Download complete
928c61608429: Verifying Checksum
928c61608429: Download complete
e8fafe2c5eaf: Verifying Checksum
e8fafe2c5eaf: Download complete
e4cd6381df6a: Verifying Checksum
e4cd6381df6a: Download complete
63581e1b6c00: Verifying Checksum
63581e1b6c00: Download complete
0c00d0e7180f: Verifying Checksum
0c00d0e7180f: Download complete
c10cbe57a1af: Verifying Checksum
c10cbe57a1af: Download complete
c89fccb21387: Verifying Checksum
c89fccb21387: Download complete
653a55ed2546: Verifying Checksum
653a55ed2546: Download complete
e010a187ff95: Download complete
fdd7e13cebe5: Verifying Checksum
fdd7e13cebe5: Download complete
e15580786cbe: Verifying Checksum
e15580786cbe: Download complete
4f4fb700ef54: Verifying Checksum
4f4fb700ef54: Download complete
7bdb07b32744: Verifying Checksum
7bdb07b32744: Download complete
30a64b315299: Verifying Checksum
30a64b315299: Download complete
bfaf17f722c7: Verifying Checksum
bfaf17f722c7: Download complete
cd6e27bef5f9: Download complete
f54e9b8f0369: Verifying Checksum
f54e9b8f0369: Download complete
3d2a044b2844: Verifying Checksum
3d2a044b2844: Download complete
de36868ab7cf: Verifying Checksum
de36868ab7cf: Download complete
cf4105ccca54: Verifying Checksum
cf4105ccca54: Download complete
64656e2bb84e: Verifying Checksum
64656e2bb84e: Download complete
b3ddde29774a: Verifying Checksum
b3ddde29774a: Download complete
795708f5aa20: Verifying Checksum
795708f5aa20: Download complete
d6c4d4dada17: Verifying Checksum
d6c4d4dada17: Download complete
4b5040227f1e: Download complete
693a5883438d: Verifying Checksum
693a5883438d: Download complete
90335b886515: Verifying Checksum
90335b886515: Download complete
869fdbb5069a: Verifying Checksum
869fdbb5069a: Download complete
ed056682736e: Verifying Checksum
ed056682736e: Download complete
92d3d99fed72: Download complete
6a031355e5a4: Verifying Checksum
6a031355e5a4: Download complete
6a031355e5a4: Pull complete
0b72f79bb618: Pull complete
90335b886515: Pull complete
4acfddd8e55d: Pull complete
e7da934767ce: Pull complete
2aefa3045c98: Verifying Checksum
2aefa3045c98: Download complete
45094ef860a2: Verifying Checksum
45094ef860a2: Download complete
4e836e3eed39: Verifying Checksum
4e836e3eed39: Download complete
ca48cdf3983f: Verifying Checksum
ca48cdf3983f: Download complete
ca48cdf3983f: Pull complete
7dbcdbf5d55f: Pull complete
50e9c68d34ea: Pull complete
4e836e3eed39: Pull complete
37b041539a2c: Verifying Checksum
37b041539a2c: Download complete
4b5040227f1e: Pull complete
d3fb02ed4540: Pull complete
1f5f6d4a864c: Pull complete
fac93c045c91: Pull complete
8846363f4f98: Pull complete
625645c62835: Pull complete
ef05bcbd095c: Pull complete
c3f48f44c27e: Pull complete
534e4ce04141: Pull complete
bcc4f22e74eb: Pull complete
b92dd1a5cf6c: Pull complete
b4e67ac51e1a: Pull complete
1dd8dea6f287: Pull complete
9db7b76f6a4a: Pull complete
4e2c795fe7b7: Pull complete
8a57f4724c32: Pull complete
73ce5d51499a: Pull complete
66494ca4c4bd: Pull complete
86951b715a9f: Pull complete
5dda498c2b68: Pull complete
2aefa3045c98: Pull complete
91c1c9bc6630: Pull complete
3d2a044b2844: Pull complete
3f93bcfb2cce: Verifying Checksum
3f93bcfb2cce: Download complete
cdc78f442acb: Verifying Checksum
cdc78f442acb: Download complete
45094ef860a2: Pull complete
5712e91d1ecd: Pull complete
b3ddde29774a: Pull complete
b1cc0136a9d7: Pull complete
30a64b315299: Pull complete
6d0523bcb8ea: Pull complete
37b041539a2c: Pull complete
99d356d3837d: Pull complete
cdc78f442acb: Pull complete
653a55ed2546: Pull complete
b081d133fd9e: Pull complete
e4cd6381df6a: Pull complete
cf4105ccca54: Pull complete
dc0f7854bb52: Pull complete
f54e9b8f0369: Pull complete
576b24e987df: Pull complete
c10cbe57a1af: Pull complete
e878b895167c: Pull complete
795708f5aa20: Pull complete
06a51a1e72a7: Pull complete
92d3d99fed72: Pull complete
5f1a087228a7: Pull complete
d6c4d4dada17: Pull complete
5dd4141de629: Pull complete
ed056682736e: Pull complete
928c61608429: Pull complete
869fdbb5069a: Pull complete
e8fafe2c5eaf: Pull complete
63581e1b6c00: Pull complete
c89fccb21387: Pull complete
e15580786cbe: Pull complete
0c00d0e7180f: Pull complete
693a5883438d: Pull complete
fdd7e13cebe5: Pull complete
64656e2bb84e: Pull complete
3f93bcfb2cce: Pull complete
e010a187ff95: Pull complete
de36868ab7cf: Pull complete
7bdb07b32744: Pull complete
4f4fb700ef54: Pull complete
bfaf17f722c7: Pull complete
8d22f0f22cdd: Verifying Checksum
8d22f0f22cdd: Download complete
8d22f0f22cdd: Pull complete
cd6e27bef5f9: Pull complete
Digest: sha256:ad77095bc434475de81a1514620c58152622e4e2bc35e640de4af7c77ccdd629
Status: Downloaded newer image for n132/arvo:64990-vul
