Unable to find image 'n132/arvo:65012-vul' locally
65012-vul: Pulling from n132/arvo
7608715873ec: Already exists
cbcb4c79bfb7: Pulling fs layer
4c8ec03d2d00: Pulling fs layer
422e16a69301: Pulling fs layer
bbea921cb1f9: Pulling fs layer
14b6f8014e37: Pulling fs layer
083c5f95f720: Pulling fs layer
43f2f08fbc74: Pulling fs layer
383046b3a05c: Pulling fs layer
9243965cb88c: Pulling fs layer
96a641677983: Pulling fs layer
25845770698a: Pulling fs layer
e5c6cfcba840: Pulling fs layer
bd7fb237cd69: Pulling fs layer
9b232d1103e6: Pulling fs layer
fe335cc43b9a: Pulling fs layer
8eca285b1139: Pulling fs layer
43f2f08fbc74: Waiting
cbcb4c79bfb7: Waiting
fd5077389e45: Pulling fs layer
383046b3a05c: Waiting
4c8ec03d2d00: Waiting
4bd53010d8c7: Pulling fs layer
9243965cb88c: Waiting
25845770698a: Waiting
422e16a69301: Waiting
96a641677983: Waiting
1359372b9924: Pulling fs layer
e5c6cfcba840: Waiting
bbea921cb1f9: Waiting
bd7fb237cd69: Waiting
4175d358056e: Pulling fs layer
14b6f8014e37: Waiting
083c5f95f720: Waiting
fe335cc43b9a: Waiting
9b232d1103e6: Waiting
be22cfc83da0: Pulling fs layer
fd5077389e45: Waiting
4bd53010d8c7: Waiting
4175d358056e: Waiting
8eca285b1139: Waiting
9d5fb656e141: Pulling fs layer
c3e843832b2a: Pulling fs layer
53f9b72de89a: Pulling fs layer
5a350f49e605: Pulling fs layer
c6a5915c8a25: Pulling fs layer
0e13422f858e: Pulling fs layer
864d50f7f7c2: Pulling fs layer
a581d5b82456: Pulling fs layer
3a879987a45d: Pulling fs layer
cb835fbbe663: Pulling fs layer
6a9e5a95ad87: Pulling fs layer
0e13422f858e: Waiting
a581d5b82456: Waiting
c6a5915c8a25: Waiting
68f72d08614a: Pulling fs layer
3a879987a45d: Waiting
be22cfc83da0: Waiting
864d50f7f7c2: Waiting
481d98f6c38f: Pulling fs layer
cb835fbbe663: Waiting
6a9e5a95ad87: Waiting
f8f172cd7c1b: Pulling fs layer
9d5fb656e141: Waiting
c3e843832b2a: Waiting
53f9b72de89a: Waiting
4f4fb700ef54: Pulling fs layer
481d98f6c38f: Waiting
9dd3ab0a2baa: Pulling fs layer
68f72d08614a: Waiting
5a350f49e605: Waiting
f8f172cd7c1b: Waiting
4f4fb700ef54: Waiting
4e7d2fecc727: Pulling fs layer
ec5228a1b27d: Pulling fs layer
9dd3ab0a2baa: Waiting
ec5228a1b27d: Waiting
4e7d2fecc727: Waiting
cbcb4c79bfb7: Verifying Checksum
cbcb4c79bfb7: Download complete
4c8ec03d2d00: Verifying Checksum
4c8ec03d2d00: Download complete
cbcb4c79bfb7: Pull complete
4c8ec03d2d00: Pull complete
422e16a69301: Verifying Checksum
422e16a69301: Download complete
422e16a69301: Pull complete
bbea921cb1f9: Verifying Checksum
bbea921cb1f9: Download complete
bbea921cb1f9: Pull complete
14b6f8014e37: Verifying Checksum
14b6f8014e37: Download complete
14b6f8014e37: Pull complete
43f2f08fbc74: Verifying Checksum
43f2f08fbc74: Download complete
383046b3a05c: Verifying Checksum
383046b3a05c: Download complete
083c5f95f720: Verifying Checksum
083c5f95f720: Download complete
96a641677983: Verifying Checksum
96a641677983: Download complete
25845770698a: Verifying Checksum
25845770698a: Download complete
083c5f95f720: Pull complete
43f2f08fbc74: Pull complete
383046b3a05c: Pull complete
9243965cb88c: Verifying Checksum
9243965cb88c: Download complete
e5c6cfcba840: Verifying Checksum
e5c6cfcba840: Download complete
9b232d1103e6: Download complete
bd7fb237cd69: Verifying Checksum
bd7fb237cd69: Download complete
9243965cb88c: Pull complete
8eca285b1139: Verifying Checksum
8eca285b1139: Download complete
fe335cc43b9a: Verifying Checksum
fe335cc43b9a: Download complete
96a641677983: Pull complete
fd5077389e45: Verifying Checksum
fd5077389e45: Download complete
25845770698a: Pull complete
e5c6cfcba840: Pull complete
bd7fb237cd69: Pull complete
9b232d1103e6: Pull complete
fe335cc43b9a: Pull complete
8eca285b1139: Pull complete
fd5077389e45: Pull complete
4bd53010d8c7: Verifying Checksum
4bd53010d8c7: Download complete
1359372b9924: Verifying Checksum
1359372b9924: Download complete
4bd53010d8c7: Pull complete
1359372b9924: Pull complete
4175d358056e: Verifying Checksum
4175d358056e: Download complete
4175d358056e: Pull complete
be22cfc83da0: Verifying Checksum
be22cfc83da0: Download complete
be22cfc83da0: Pull complete
9d5fb656e141: Verifying Checksum
9d5fb656e141: Download complete
9d5fb656e141: Pull complete
c3e843832b2a: Verifying Checksum
c3e843832b2a: Download complete
c3e843832b2a: Pull complete
53f9b72de89a: Verifying Checksum
53f9b72de89a: Download complete
53f9b72de89a: Pull complete
5a350f49e605: Verifying Checksum
5a350f49e605: Download complete
5a350f49e605: Pull complete
0e13422f858e: Verifying Checksum
0e13422f858e: Download complete
c6a5915c8a25: Download complete
c6a5915c8a25: Pull complete
0e13422f858e: Pull complete
864d50f7f7c2: Verifying Checksum
864d50f7f7c2: Download complete
a581d5b82456: Verifying Checksum
a581d5b82456: Download complete
864d50f7f7c2: Pull complete
a581d5b82456: Pull complete
cb835fbbe663: Verifying Checksum
cb835fbbe663: Download complete
6a9e5a95ad87: Verifying Checksum
6a9e5a95ad87: Download complete
3a879987a45d: Verifying Checksum
3a879987a45d: Download complete
68f72d08614a: Verifying Checksum
68f72d08614a: Download complete
3a879987a45d: Pull complete
cb835fbbe663: Pull complete
6a9e5a95ad87: Pull complete
68f72d08614a: Pull complete
f8f172cd7c1b: Verifying Checksum
f8f172cd7c1b: Download complete
481d98f6c38f: Verifying Checksum
481d98f6c38f: Download complete
4f4fb700ef54: Verifying Checksum
4f4fb700ef54: Download complete
481d98f6c38f: Pull complete
f8f172cd7c1b: Pull complete
4f4fb700ef54: Pull complete
9dd3ab0a2baa: Verifying Checksum
9dd3ab0a2baa: Download complete
9dd3ab0a2baa: Pull complete
ec5228a1b27d: Verifying Checksum
ec5228a1b27d: Download complete
4e7d2fecc727: Verifying Checksum
4e7d2fecc727: Download complete
4e7d2fecc727: Pull complete
ec5228a1b27d: Pull complete
Digest: sha256:c71655b12c3a5a7840f17341070b60d58d17b1bb409acb7955cf911a874cb5ab
Status: Downloaded newer image for n132/arvo:65012-vul
