Unable to find image 'n132/arvo:65032-vul' locally
65032-vul: Pulling from n132/arvo
7608715873ec: Already exists
cbcb4c79bfb7: Already exists
4c8ec03d2d00: Already exists
422e16a69301: Already exists
bbea921cb1f9: Already exists
14b6f8014e37: Already exists
083c5f95f720: Already exists
43f2f08fbc74: Already exists
383046b3a05c: Already exists
9243965cb88c: Already exists
96a641677983: Already exists
25845770698a: Already exists
e5c6cfcba840: Already exists
bd7fb237cd69: Already exists
9b232d1103e6: Already exists
fe335cc43b9a: Already exists
8eca285b1139: Already exists
fd5077389e45: Already exists
4bd53010d8c7: Already exists
1359372b9924: Already exists
4175d358056e: Already exists
be22cfc83da0: Already exists
9d5fb656e141: Already exists
c3e843832b2a: Already exists
53f9b72de89a: Already exists
5a350f49e605: Already exists
c6a5915c8a25: Already exists
0e13422f858e: Already exists
864d50f7f7c2: Already exists
a581d5b82456: Already exists
ffa43b968820: Pulling fs layer
ef4634902385: Pulling fs layer
0748863cf696: Pulling fs layer
0ec044947634: Pulling fs layer
b5cf95b090f9: Pulling fs layer
554e05ae2562: Pulling fs layer
34720834c4ed: Pulling fs layer
46f746045bc4: Pulling fs layer
0ec044947634: Waiting
4f4fb700ef54: Pulling fs layer
b5cf95b090f9: Waiting
554e05ae2562: Waiting
074bcfb43fad: Pulling fs layer
ff5ae734f20d: Pulling fs layer
34720834c4ed: Waiting
46f746045bc4: Waiting
75c9b89d36df: Pulling fs layer
4f4fb700ef54: Waiting
074bcfb43fad: Waiting
ff5ae734f20d: Waiting
75c9b89d36df: Waiting
ef4634902385: Verifying Checksum
ef4634902385: Download complete
0748863cf696: Verifying Checksum
0748863cf696: Download complete
0ec044947634: Verifying Checksum
0ec044947634: Download complete
554e05ae2562: Verifying Checksum
554e05ae2562: Download complete
ffa43b968820: Verifying Checksum
ffa43b968820: Download complete
b5cf95b090f9: Verifying Checksum
b5cf95b090f9: Download complete
46f746045bc4: Verifying Checksum
46f746045bc4: Download complete
34720834c4ed: Verifying Checksum
34720834c4ed: Download complete
ffa43b968820: Pull complete
ef4634902385: Pull complete
4f4fb700ef54: Verifying Checksum
4f4fb700ef54: Download complete
0748863cf696: Pull complete
0ec044947634: Pull complete
074bcfb43fad: Download complete
b5cf95b090f9: Pull complete
554e05ae2562: Pull complete
75c9b89d36df: Verifying Checksum
75c9b89d36df: Download complete
34720834c4ed: Pull complete
46f746045bc4: Pull complete
4f4fb700ef54: Pull complete
074bcfb43fad: Pull complete
ff5ae734f20d: Verifying Checksum
ff5ae734f20d: Download complete
ff5ae734f20d: Pull complete
75c9b89d36df: Pull complete
Digest: sha256:6e2e96c7016d188edff6332853417d9d25b84d05a03aac4ae276fd79f48ef45e
Status: Downloaded newer image for n132/arvo:65032-vul
