INFO: Running with entropic power schedule (0xFF, 100).
INFO: Seed: 137003873
INFO: Loaded 1 modules   (50904 inline 8-bit counters): 50904 [0x8729ee0, 0x87365b8), 
INFO: Loaded 1 PC tables (50904 PCs): 50904 [0x861e71c,0x8681ddc), 
/out/html: Running 1 inputs 1 time(s) each.
Running: /tmp/poc
=================================================================
==7==ERROR: AddressSanitizer: heap-use-after-free on address 0xe4a00fa8 at pc 0x08335554 bp 0xffacc468 sp 0xffacc460
READ of size 1 at 0xe4a00fa8 thread T0
SCARINESS: 40 (1-byte-read-heap-use-after-free)
    #0 0x8335553 in htmlCurrentChar /src/libxml2/HTMLparser.c:427:9
    #1 0x8322c0c in htmlParseComment /src/libxml2/HTMLparser.c:3459:9
    #2 0x83206a7 in htmlParseDocument /src/libxml2/HTMLparser.c:4847:9
    #3 0x8332855 in htmlDoRead /src/libxml2/HTMLparser.c:6435:5
    #4 0x833338a in htmlCtxtReadMemory /src/libxml2/HTMLparser.c:6735:13
    #5 0x81d4b54 in LLVMFuzzerTestOneInput /src/libxml2/fuzz/html.c:48:15
    #6 0x80959ae in fuzzer::Fuzzer::ExecuteCallback(unsigned char const*, unsigned int) /src/llvm-project/compiler-rt/lib/fuzzer/FuzzerLoop.cpp:611:15
    #7 0x808090e in fuzzer::RunOneTest(fuzzer::Fuzzer*, char const*, unsigned int) /src/llvm-project/compiler-rt/lib/fuzzer/FuzzerDriver.cpp:324:6
    #8 0x8086510 in fuzzer::FuzzerDriver(int*, char***, int (*)(unsigned char const*, unsigned int)) /src/llvm-project/compiler-rt/lib/fuzzer/FuzzerDriver.cpp:860:9
    #9 0x80b00f7 in main /src/llvm-project/compiler-rt/lib/fuzzer/FuzzerMain.cpp:20:10
    #10 0xe97a3ed4 in __libc_start_main (/lib/i386-linux-gnu/libc.so.6+0x1aed4) (BuildId: f0e9c9950026d7f234a4a1d03670a7ed59ceb726)
    #11 0x8077a55 in _start (/out/html+0x8077a55)

DEDUP_TOKEN: htmlCurrentChar--htmlParseComment--htmlParseDocument
0xe4a00fa8 is located 3752 bytes inside of 8193-byte region [0xe4a00100,0xe4a02101)
freed by thread T0 here:
    #0 0x8191909 in __interceptor_realloc /src/llvm-project/compiler-rt/lib/asan/asan_malloc_linux.cpp:85:3
    #1 0x81d50ed in xmlFuzzRealloc /src/libxml2/fuzz/fuzz.c:96:12
    #2 0x81d8928 in xmlBufGrowInternal /src/libxml2/buf.c:412:23
    #3 0x81d8928 in xmlBufGrow /src/libxml2/buf.c:441:11
    #4 0x82f7342 in xmlParserInputBufferGrow /src/libxml2/xmlIO.c:3218:13
    #5 0x825e2a4 in xmlParserGrow /src/libxml2/parserInternals.c:602:11
    #6 0x833457c in htmlCurrentChar /src/libxml2/HTMLparser.c:376:9
    #7 0x8322c0c in htmlParseComment /src/libxml2/HTMLparser.c:3459:9
    #8 0x83206a7 in htmlParseDocument /src/libxml2/HTMLparser.c:4847:9
    #9 0x8332855 in htmlDoRead /src/libxml2/HTMLparser.c:6435:5
    #10 0x833338a in htmlCtxtReadMemory /src/libxml2/HTMLparser.c:6735:13
    #11 0x81d4b54 in LLVMFuzzerTestOneInput /src/libxml2/fuzz/html.c:48:15
    #12 0x80959ae in fuzzer::Fuzzer::ExecuteCallback(unsigned char const*, unsigned int) /src/llvm-project/compiler-rt/lib/fuzzer/FuzzerLoop.cpp:611:15
    #13 0x808090e in fuzzer::RunOneTest(fuzzer::Fuzzer*, char const*, unsigned int) /src/llvm-project/compiler-rt/lib/fuzzer/FuzzerDriver.cpp:324:6
    #14 0x8086510 in fuzzer::FuzzerDriver(int*, char***, int (*)(unsigned char const*, unsigned int)) /src/llvm-project/compiler-rt/lib/fuzzer/FuzzerDriver.cpp:860:9
    #15 0x80b00f7 in main /src/llvm-project/compiler-rt/lib/fuzzer/FuzzerMain.cpp:20:10
    #16 0xe97a3ed4 in __libc_start_main (/lib/i386-linux-gnu/libc.so.6+0x1aed4) (BuildId: f0e9c9950026d7f234a4a1d03670a7ed59ceb726)

DEDUP_TOKEN: __interceptor_realloc--xmlFuzzRealloc--xmlBufGrowInternal
previously allocated by thread T0 here:
    #0 0x819143f in __interceptor_malloc /src/llvm-project/compiler-rt/lib/asan/asan_malloc_linux.cpp:69:3
    #1 0x81d505e in xmlFuzzMalloc /src/libxml2/fuzz/fuzz.c:81:12
    #2 0x81d6f62 in xmlBufCreateSize /src/libxml2/buf.c:165:36
    #3 0x82f27d1 in xmlAllocParserInputBuffer /src/libxml2/xmlIO.c:2242:19
    #4 0x82f615b in xmlParserInputBufferCreateMem /src/libxml2/xmlIO.c:2883:11
    #5 0x8333346 in htmlCtxtReadMemory /src/libxml2/HTMLparser.c:6722:13
    #6 0x81d4b54 in LLVMFuzzerTestOneInput /src/libxml2/fuzz/html.c:48:15
    #7 0x80959ae in fuzzer::Fuzzer::ExecuteCallback(unsigned char const*, unsigned int) /src/llvm-project/compiler-rt/lib/fuzzer/FuzzerLoop.cpp:611:15
    #8 0x808090e in fuzzer::RunOneTest(fuzzer::Fuzzer*, char const*, unsigned int) /src/llvm-project/compiler-rt/lib/fuzzer/FuzzerDriver.cpp:324:6
    #9 0x8086510 in fuzzer::FuzzerDriver(int*, char***, int (*)(unsigned char const*, unsigned int)) /src/llvm-project/compiler-rt/lib/fuzzer/FuzzerDriver.cpp:860:9
    #10 0x80b00f7 in main /src/llvm-project/compiler-rt/lib/fuzzer/FuzzerMain.cpp:20:10
    #11 0xe97a3ed4 in __libc_start_main (/lib/i386-linux-gnu/libc.so.6+0x1aed4) (BuildId: f0e9c9950026d7f234a4a1d03670a7ed59ceb726)

DEDUP_TOKEN: __interceptor_malloc--xmlFuzzMalloc--xmlBufCreateSize
SUMMARY: AddressSanitizer: heap-use-after-free /src/libxml2/HTMLparser.c:427:9 in htmlCurrentChar
Shadow bytes around the buggy address:
  0x3c9401a0: fd fd fd fd fd fd fd fd fd fd fd fd fd fd fd fd
  0x3c9401b0: fd fd fd fd fd fd fd fd fd fd fd fd fd fd fd fd
  0x3c9401c0: fd fd fd fd fd fd fd fd fd fd fd fd fd fd fd fd
  0x3c9401d0: fd fd fd fd fd fd fd fd fd fd fd fd fd fd fd fd
  0x3c9401e0: fd fd fd fd fd fd fd fd fd fd fd fd fd fd fd fd
=>0x3c9401f0: fd fd fd fd fd[fd]fd fd fd fd fd fd fd fd fd fd
  0x3c940200: fd fd fd fd fd fd fd fd fd fd fd fd fd fd fd fd
  0x3c940210: fd fd fd fd fd fd fd fd fd fd fd fd fd fd fd fd
  0x3c940220: fd fd fd fd fd fd fd fd fd fd fd fd fd fd fd fd
  0x3c940230: fd fd fd fd fd fd fd fd fd fd fd fd fd fd fd fd
  0x3c940240: fd fd fd fd fd fd fd fd fd fd fd fd fd fd fd fd
Shadow byte legend (one shadow byte represents 8 application bytes):
  Addressable:           00
  Partially addressable: 01 02 03 04 05 06 07 
  Heap left redzone:       fa
  Freed heap region:       fd
  Stack left redzone:      f1
  Stack mid redzone:       f2
  Stack right redzone:     f3
  Stack after return:      f5
  Stack use after scope:   f8
  Global redzone:          f9
  Global init order:       f6
  Poisoned by user:        f7
  Container overflow:      fc
  Array cookie:            ac
  Intra object redzone:    bb
  ASan internal:           fe
  Left alloca redzone:     ca
  Right alloca redzone:    cb
==7==ABORTING
