INFO: Running with entropic power schedule (0xFF, 100).
INFO: Seed: 4005077858
INFO: Loaded 1 modules   (50880 inline 8-bit counters): 50880 [0xaad120, 0xab97e0), 
INFO: Loaded 1 PC tables (50880 PCs): 50880 [0x93ddd0,0xa049d0), 
/out/html: Running 1 inputs 1 time(s) each.
Running: /tmp/poc
=================================================================
==7==ERROR: AddressSanitizer: heap-use-after-free on address 0x625000000fa7 at pc 0x00000068fdc3 bp 0x7ffd91460690 sp 0x7ffd91460688
READ of size 1 at 0x625000000fa7 thread T0
SCARINESS: 40 (1-byte-read-heap-use-after-free)
    #0 0x68fdc2 in htmlParseDocument /src/libxml2/HTMLparser.c:4886:9
    #1 0x69ed6a in htmlDoRead /src/libxml2/HTMLparser.c:6435:5
    #2 0x69f762 in htmlCtxtReadMemory /src/libxml2/HTMLparser.c:6735:13
    #3 0x56c633 in LLVMFuzzerTestOneInput /src/libxml2/fuzz/html.c:48:15
    #4 0x43dee3 in fuzzer::Fuzzer::ExecuteCallback(unsigned char const*, unsigned long) /src/llvm-project/compiler-rt/lib/fuzzer/FuzzerLoop.cpp:611:15
    #5 0x429642 in fuzzer::RunOneTest(fuzzer::Fuzzer*, char const*, unsigned long) /src/llvm-project/compiler-rt/lib/fuzzer/FuzzerDriver.cpp:324:6
    #6 0x42eeec in fuzzer::FuzzerDriver(int*, char***, int (*)(unsigned char const*, unsigned long)) /src/llvm-project/compiler-rt/lib/fuzzer/FuzzerDriver.cpp:860:9
    #7 0x458422 in main /src/llvm-project/compiler-rt/lib/fuzzer/FuzzerMain.cpp:20:10
    #8 0x7a3debaa4082 in __libc_start_main (/lib/x86_64-linux-gnu/libc.so.6+0x24082) (BuildId: 87b331c034a6458c64ce09c03939e947212e18ce)
    #9 0x41f80d in _start (/out/html+0x41f80d)

DEDUP_TOKEN: htmlParseDocument--htmlDoRead--htmlCtxtReadMemory
0x625000000fa7 is located 3751 bytes inside of 8193-byte region [0x625000000100,0x625000002101)
freed by thread T0 here:
    #0 0x52f47c in __interceptor_realloc /src/llvm-project/compiler-rt/lib/asan/asan_malloc_linux.cpp:85:3
    #1 0x56cb5b in xmlFuzzRealloc /src/libxml2/fuzz/fuzz.c:96:12
    #2 0x56fdd1 in xmlBufGrowInternal /src/libxml2/buf.c:412:23
    #3 0x56fdd1 in xmlBufGrow /src/libxml2/buf.c:441:11
    #4 0x669ef6 in xmlParserInputBufferGrow /src/libxml2/xmlIO.c:3218:13
    #5 0x5e6a08 in xmlParserGrow /src/libxml2/parserInternals.c:602:11
    #6 0x68c5fe in htmlParseContentInternal /src/libxml2/HTMLparser.c:4772:9
    #7 0x68f878 in htmlParseDocument /src/libxml2/HTMLparser.c:4881:5
    #8 0x69ed6a in htmlDoRead /src/libxml2/HTMLparser.c:6435:5
    #9 0x69f762 in htmlCtxtReadMemory /src/libxml2/HTMLparser.c:6735:13
    #10 0x56c633 in LLVMFuzzerTestOneInput /src/libxml2/fuzz/html.c:48:15
    #11 0x43dee3 in fuzzer::Fuzzer::ExecuteCallback(unsigned char const*, unsigned long) /src/llvm-project/compiler-rt/lib/fuzzer/FuzzerLoop.cpp:611:15
    #12 0x429642 in fuzzer::RunOneTest(fuzzer::Fuzzer*, char const*, unsigned long) /src/llvm-project/compiler-rt/lib/fuzzer/FuzzerDriver.cpp:324:6
    #13 0x42eeec in fuzzer::FuzzerDriver(int*, char***, int (*)(unsigned char const*, unsigned long)) /src/llvm-project/compiler-rt/lib/fuzzer/FuzzerDriver.cpp:860:9
    #14 0x458422 in main /src/llvm-project/compiler-rt/lib/fuzzer/FuzzerMain.cpp:20:10
    #15 0x7a3debaa4082 in __libc_start_main (/lib/x86_64-linux-gnu/libc.so.6+0x24082) (BuildId: 87b331c034a6458c64ce09c03939e947212e18ce)

DEDUP_TOKEN: __interceptor_realloc--xmlFuzzRealloc--xmlBufGrowInternal
previously allocated by thread T0 here:
    #0 0x52f076 in __interceptor_malloc /src/llvm-project/compiler-rt/lib/asan/asan_malloc_linux.cpp:69:3
    #1 0x56cac4 in xmlFuzzMalloc /src/libxml2/fuzz/fuzz.c:81:12
    #2 0x56e83b in xmlBufCreateSize /src/libxml2/buf.c:165:36
    #3 0x666009 in xmlAllocParserInputBuffer /src/libxml2/xmlIO.c:2242:19
    #4 0x668f8e in xmlParserInputBufferCreateMem /src/libxml2/xmlIO.c:2883:11
    #5 0x69f71f in htmlCtxtReadMemory /src/libxml2/HTMLparser.c:6722:13
    #6 0x56c633 in LLVMFuzzerTestOneInput /src/libxml2/fuzz/html.c:48:15
    #7 0x43dee3 in fuzzer::Fuzzer::ExecuteCallback(unsigned char const*, unsigned long) /src/llvm-project/compiler-rt/lib/fuzzer/FuzzerLoop.cpp:611:15
    #8 0x429642 in fuzzer::RunOneTest(fuzzer::Fuzzer*, char const*, unsigned long) /src/llvm-project/compiler-rt/lib/fuzzer/FuzzerDriver.cpp:324:6
    #9 0x42eeec in fuzzer::FuzzerDriver(int*, char***, int (*)(unsigned char const*, unsigned long)) /src/llvm-project/compiler-rt/lib/fuzzer/FuzzerDriver.cpp:860:9
    #10 0x458422 in main /src/llvm-project/compiler-rt/lib/fuzzer/FuzzerMain.cpp:20:10
    #11 0x7a3debaa4082 in __libc_start_main (/lib/x86_64-linux-gnu/libc.so.6+0x24082) (BuildId: 87b331c034a6458c64ce09c03939e947212e18ce)

DEDUP_TOKEN: __interceptor_malloc--xmlFuzzMalloc--xmlBufCreateSize
SUMMARY: AddressSanitizer: heap-use-after-free /src/libxml2/HTMLparser.c:4886:9 in htmlParseDocument
Shadow bytes around the buggy address:
  0x0c4a7fff81a0: fd fd fd fd fd fd fd fd fd fd fd fd fd fd fd fd
  0x0c4a7fff81b0: fd fd fd fd fd fd fd fd fd fd fd fd fd fd fd fd
  0x0c4a7fff81c0: fd fd fd fd fd fd fd fd fd fd fd fd fd fd fd fd
  0x0c4a7fff81d0: fd fd fd fd fd fd fd fd fd fd fd fd fd fd fd fd
  0x0c4a7fff81e0: fd fd fd fd fd fd fd fd fd fd fd fd fd fd fd fd
=>0x0c4a7fff81f0: fd fd fd fd[fd]fd fd fd fd fd fd fd fd fd fd fd
  0x0c4a7fff8200: fd fd fd fd fd fd fd fd fd fd fd fd fd fd fd fd
  0x0c4a7fff8210: fd fd fd fd fd fd fd fd fd fd fd fd fd fd fd fd
  0x0c4a7fff8220: fd fd fd fd fd fd fd fd fd fd fd fd fd fd fd fd
  0x0c4a7fff8230: fd fd fd fd fd fd fd fd fd fd fd fd fd fd fd fd
  0x0c4a7fff8240: fd fd fd fd fd fd fd fd fd fd fd fd fd fd fd fd
Shadow byte legend (one shadow byte represents 8 application bytes):
  Addressable:           00
  Partially addressable: 01 02 03 04 05 06 07 
  Heap left redzone:       fa
  Freed heap region:       fd
  Stack left redzone:      f1
  Stack mid redzone:       f2
  Stack right redzone:     f3
  Stack after return:      f5
  Stack use after scope:   f8
  Global redzone:          f9
  Global init order:       f6
  Poisoned by user:        f7
  Container overflow:      fc
  Array cookie:            ac
  Intra object redzone:    bb
  ASan internal:           fe
  Left alloca redzone:     ca
  Right alloca redzone:    cb
==7==ABORTING
