Unable to find image 'n132/arvo:65112-vul' locally
65112-vul: Pulling from n132/arvo
7608715873ec: Already exists
d345e3c839ae: Already exists
a42e06902ecc: Already exists
2d667dd35fba: Already exists
04acc7539318: Already exists
443e01d2c4a0: Already exists
de8cb93686a2: Already exists
7cb7a3f224d6: Already exists
6fed575119d8: Already exists
2a6d7ba36c8a: Already exists
578cfd2444fa: Already exists
dbe32ada057b: Already exists
527988cb3175: Already exists
380dee149d63: Already exists
b7bf2801fe5f: Already exists
553eda08a9f3: Already exists
2b8beb562b10: Already exists
262d2106369f: Already exists
a7bb4ac9f70c: Already exists
51bdb4f3deb5: Already exists
13dcef62016b: Already exists
e607dfbaeb12: Already exists
9256285e9ec2: Already exists
2747590cd2e0: Already exists
2c309ba295bd: Already exists
96220014e901: Already exists
a643c265007e: Already exists
516c5ecf29f9: Already exists
ffb8ad582339: Already exists
85fd574db3c4: Already exists
537647d91ecb: Pulling fs layer
9a96bc4833e2: Pulling fs layer
096675a37156: Pulling fs layer
07fdb865c9bd: Pulling fs layer
d89ae7618bbf: Pulling fs layer
96070992814f: Pulling fs layer
4f4fb700ef54: Pulling fs layer
d48eea2c9fb1: Pulling fs layer
e88f9a23f70b: Pulling fs layer
576d51343263: Pulling fs layer
96070992814f: Waiting
d48eea2c9fb1: Waiting
4f4fb700ef54: Waiting
e88f9a23f70b: Waiting
576d51343263: Waiting
d89ae7618bbf: Waiting
07fdb865c9bd: Waiting
9a96bc4833e2: Verifying Checksum
9a96bc4833e2: Download complete
096675a37156: Verifying Checksum
096675a37156: Download complete
07fdb865c9bd: Verifying Checksum
07fdb865c9bd: Download complete
537647d91ecb: Verifying Checksum
537647d91ecb: Download complete
4f4fb700ef54: Verifying Checksum
4f4fb700ef54: Download complete
96070992814f: Verifying Checksum
96070992814f: Download complete
d89ae7618bbf: Verifying Checksum
d89ae7618bbf: Download complete
537647d91ecb: Pull complete
9a96bc4833e2: Pull complete
096675a37156: Pull complete
d48eea2c9fb1: Verifying Checksum
d48eea2c9fb1: Download complete
07fdb865c9bd: Pull complete
576d51343263: Verifying Checksum
576d51343263: Download complete
d89ae7618bbf: Pull complete
96070992814f: Pull complete
4f4fb700ef54: Pull complete
d48eea2c9fb1: Pull complete
e88f9a23f70b: Verifying Checksum
e88f9a23f70b: Download complete
e88f9a23f70b: Pull complete
576d51343263: Pull complete
Digest: sha256:a776c3916dce37dc106e13f2fa2d158900c22c5bcb5daf7ba92e1392c9b9ae33
Status: Downloaded newer image for n132/arvo:65112-vul
