INFO: Running with entropic power schedule (0xFF, 100).
INFO: Seed: 137985378
INFO: Loaded 1 modules   (50583 inline 8-bit counters): 50583 [0xa8cab0, 0xa99047), 
INFO: Loaded 1 PC tables (50583 PCs): 50583 [0x922f10,0x9e8880), 
/out/xml: Running 1 inputs 1 time(s) each.
Running: /tmp/poc
=================================================================
==7==ERROR: AddressSanitizer: heap-use-after-free on address 0x6040000007e8 at pc 0x0000006109ec bp 0x7fff235bb840 sp 0x7fff235bb838
READ of size 8 at 0x6040000007e8 thread T0
SCARINESS: 51 (8-byte-read-heap-use-after-free)
    #0 0x6109eb in xmlStaticCopyNode /src/libxml2/tree.c:4272:39
    #1 0x6129e3 in xmlDocCopyNode /src/libxml2/tree.c:4462:11
    #2 0x5b05e5 in xmlParseReference /src/libxml2/parser.c:7373:12
    #3 0x5c2d50 in xmlParseTryOrFinish /src/libxml2/parser.c:11628:7
    #4 0x5c2d50 in xmlParseChunk /src/libxml2/parser.c:11912:5
    #5 0x6bc81e in xmlTextReaderPushData /src/libxml2/xmlreader.c:769:12
    #6 0x6ba60f in xmlTextReaderDoExpand /src/libxml2/xmlreader.c:1140:8
    #7 0x6ba60f in xmlTextReaderExpand /src/libxml2/xmlreader.c:1572:9
    #8 0x6ba60f in xmlTextReaderRead /src/libxml2/xmlreader.c:1422:17
    #9 0x56ca07 in LLVMFuzzerTestOneInput /src/libxml2/fuzz/xml.c:126:20
    #10 0x43def3 in fuzzer::Fuzzer::ExecuteCallback(unsigned char const*, unsigned long) /src/llvm-project/compiler-rt/lib/fuzzer/FuzzerLoop.cpp:611:15
    #11 0x429652 in fuzzer::RunOneTest(fuzzer::Fuzzer*, char const*, unsigned long) /src/llvm-project/compiler-rt/lib/fuzzer/FuzzerDriver.cpp:324:6
    #12 0x42eefc in fuzzer::FuzzerDriver(int*, char***, int (*)(unsigned char const*, unsigned long)) /src/llvm-project/compiler-rt/lib/fuzzer/FuzzerDriver.cpp:860:9
    #13 0x458432 in main /src/llvm-project/compiler-rt/lib/fuzzer/FuzzerMain.cpp:20:10
    #14 0x741cd60ab082 in __libc_start_main (/lib/x86_64-linux-gnu/libc.so.6+0x24082) (BuildId: 87b331c034a6458c64ce09c03939e947212e18ce)
    #15 0x41f81d in _start (/out/xml+0x41f81d)

DEDUP_TOKEN: xmlStaticCopyNode--xmlDocCopyNode--xmlParseReference
0x6040000007e8 is located 24 bytes inside of 48-byte region [0x6040000007d0,0x604000000800)
freed by thread T0 here:
    #0 0x52ede2 in free /src/llvm-project/compiler-rt/lib/asan/asan_malloc_linux.cpp:52:3
    #1 0x5ff814 in xmlFreeNs /src/libxml2/tree.c:794:5
    #2 0x5ff814 in xmlFreeNsList /src/libxml2/tree.c:811:9
    #3 0x6bdb77 in xmlTextReaderFreeNode /src/libxml2/xmlreader.c:404:2
    #4 0x6bb9b0 in xmlTextReaderRead /src/libxml2/xmlreader.c:1348:3
    #5 0x56ca07 in LLVMFuzzerTestOneInput /src/libxml2/fuzz/xml.c:126:20
    #6 0x43def3 in fuzzer::Fuzzer::ExecuteCallback(unsigned char const*, unsigned long) /src/llvm-project/compiler-rt/lib/fuzzer/FuzzerLoop.cpp:611:15
    #7 0x429652 in fuzzer::RunOneTest(fuzzer::Fuzzer*, char const*, unsigned long) /src/llvm-project/compiler-rt/lib/fuzzer/FuzzerDriver.cpp:324:6
    #8 0x42eefc in fuzzer::FuzzerDriver(int*, char***, int (*)(unsigned char const*, unsigned long)) /src/llvm-project/compiler-rt/lib/fuzzer/FuzzerDriver.cpp:860:9
    #9 0x458432 in main /src/llvm-project/compiler-rt/lib/fuzzer/FuzzerMain.cpp:20:10
    #10 0x741cd60ab082 in __libc_start_main (/lib/x86_64-linux-gnu/libc.so.6+0x24082) (BuildId: 87b331c034a6458c64ce09c03939e947212e18ce)

DEDUP_TOKEN: free--xmlFreeNs--xmlFreeNsList
previously allocated by thread T0 here:
    #0 0x52f086 in __interceptor_malloc /src/llvm-project/compiler-rt/lib/asan/asan_malloc_linux.cpp:69:3
    #1 0x56cce4 in xmlFuzzMalloc /src/libxml2/fuzz/fuzz.c:81:12
    #2 0x5ff05f in xmlNewNs /src/libxml2/tree.c:718:22
    #3 0x5f3a0a in xmlSAX2StartElementNs /src/libxml2/SAX2.c:2127:7
    #4 0x6c31a6 in xmlTextReaderStartElementNs /src/libxml2/xmlreader.c:636:2
    #5 0x5da93d in xmlParseStartTag2 /src/libxml2/parser.c
    #6 0x5c3551 in xmlParseTryOrFinish /src/libxml2/parser.c:11511:14
    #7 0x5c3551 in xmlParseChunk /src/libxml2/parser.c:11912:5
    #8 0x6bc5f1 in xmlTextReaderPushData /src/libxml2/xmlreader.c:759:12
    #9 0x6b9258 in xmlTextReaderRead /src/libxml2/xmlreader.c:1228:12
    #10 0x56c942 in LLVMFuzzerTestOneInput /src/libxml2/fuzz/xml.c:126:20
    #11 0x43def3 in fuzzer::Fuzzer::ExecuteCallback(unsigned char const*, unsigned long) /src/llvm-project/compiler-rt/lib/fuzzer/FuzzerLoop.cpp:611:15
    #12 0x429652 in fuzzer::RunOneTest(fuzzer::Fuzzer*, char const*, unsigned long) /src/llvm-project/compiler-rt/lib/fuzzer/FuzzerDriver.cpp:324:6
    #13 0x42eefc in fuzzer::FuzzerDriver(int*, char***, int (*)(unsigned char const*, unsigned long)) /src/llvm-project/compiler-rt/lib/fuzzer/FuzzerDriver.cpp:860:9
    #14 0x458432 in main /src/llvm-project/compiler-rt/lib/fuzzer/FuzzerMain.cpp:20:10
    #15 0x741cd60ab082 in __libc_start_main (/lib/x86_64-linux-gnu/libc.so.6+0x24082) (BuildId: 87b331c034a6458c64ce09c03939e947212e18ce)

DEDUP_TOKEN: __interceptor_malloc--xmlFuzzMalloc--xmlNewNs
SUMMARY: AddressSanitizer: heap-use-after-free /src/libxml2/tree.c:4272:39 in xmlStaticCopyNode
Shadow bytes around the buggy address:
  0x0c087fff80a0: fa fa fd fd fd fd fd fd fa fa fd fd fd fd fd fd
  0x0c087fff80b0: fa fa fd fd fd fd fd fd fa fa fd fd fd fd fd fd
  0x0c087fff80c0: fa fa fd fd fd fd fd fa fa fa 00 00 00 00 07 fa
  0x0c087fff80d0: fa fa 00 00 00 00 00 fa fa fa 00 00 00 00 00 fa
  0x0c087fff80e0: fa fa 00 00 00 00 00 00 fa fa 00 00 00 00 05 fa
=>0x0c087fff80f0: fa fa 00 00 00 00 00 04 fa fa fd fd fd[fd]fd fd
  0x0c087fff8100: fa fa fd fd fd fd fd fd fa fa fa fa fa fa fa fa
  0x0c087fff8110: fa fa fa fa fa fa fa fa fa fa fa fa fa fa fa fa
  0x0c087fff8120: fa fa fa fa fa fa fa fa fa fa fa fa fa fa fa fa
  0x0c087fff8130: fa fa fa fa fa fa fa fa fa fa fa fa fa fa fa fa
  0x0c087fff8140: fa fa fa fa fa fa fa fa fa fa fa fa fa fa fa fa
Shadow byte legend (one shadow byte represents 8 application bytes):
  Addressable:           00
  Partially addressable: 01 02 03 04 05 06 07 
  Heap left redzone:       fa
  Freed heap region:       fd
  Stack left redzone:      f1
  Stack mid redzone:       f2
  Stack right redzone:     f3
  Stack after return:      f5
  Stack use after scope:   f8
  Global redzone:          f9
  Global init order:       f6
  Poisoned by user:        f7
  Container overflow:      fc
  Array cookie:            ac
  Intra object redzone:    bb
  ASan internal:           fe
  Left alloca redzone:     ca
  Right alloca redzone:    cb
==7==ABORTING
