INFO: Running with entropic power schedule (0xFF, 100).
INFO: Seed: 3966148188
INFO: Loaded 1 modules   (6385 inline 8-bit counters): 6385 [0x6515a68c, 0x6515bf7d), 
INFO: Loaded 1 PC tables (6385 PCs): 6385 [0x6515bf80,0x65168708), 
/out/icc_codec_fuzzer: Running 1 inputs 1 time(s) each.
Running: /tmp/poc
=================================================================
==7==ERROR: AddressSanitizer: heap-buffer-overflow on address 0xf2d02feb at pc 0x6500bd0f bp 0xffca6908 sp 0xffca6900
READ of size 1 at 0xf2d02feb thread T0
SCARINESS: 12 (1-byte-read-heap-buffer-overflow)
    #0 0x6500bd0e in jxl::UnpredictICC(unsigned char const*, unsigned int, jxl::PaddedBytes*) /src/libjxl/lib/jxl/icc_codec.cc:272:23
    #1 0x64fc3d64 in jpegxl::tools::TestOneInput(unsigned char const*, unsigned int) /src/libjxl/tools/icc_codec_fuzzer.cc:55:11
    #2 0x64fc42d8 in LLVMFuzzerTestOneInput /src/libjxl/tools/icc_codec_fuzzer.cc:75:10
    #3 0x64e8490e in fuzzer::Fuzzer::ExecuteCallback(unsigned char const*, unsigned int) /src/llvm-project/compiler-rt/lib/fuzzer/FuzzerLoop.cpp:611:15
    #4 0x64e6f86e in fuzzer::RunOneTest(fuzzer::Fuzzer*, char const*, unsigned int) /src/llvm-project/compiler-rt/lib/fuzzer/FuzzerDriver.cpp:324:6
    #5 0x64e75470 in fuzzer::FuzzerDriver(int*, char***, int (*)(unsigned char const*, unsigned int)) /src/llvm-project/compiler-rt/lib/fuzzer/FuzzerDriver.cpp:860:9
    #6 0x64e9f057 in main /src/llvm-project/compiler-rt/lib/fuzzer/FuzzerMain.cpp:20:10
    #7 0xf4e6aed4 in __libc_start_main (/lib32/libc.so.6+0x1aed4) (BuildId: d56935956a210bf85f6592f3178b979ad4f7b35f)
    #8 0x64e66994 in _start (/out/icc_codec_fuzzer+0x36994)

DEDUP_TOKEN: jxl::UnpredictICC(unsigned char const*, unsigned int, jxl::PaddedBytes*)--jpegxl::tools::TestOneInput(unsigned char const*, unsigned int)--LLVMFuzzerTestOneInput
0xf2d02feb is located 0 bytes to the right of 139-byte region [0xf2d02f60,0xf2d02feb)
allocated by thread T0 here:
    #0 0x64f8039f in __interceptor_malloc /src/llvm-project/compiler-rt/lib/asan/asan_malloc_linux.cpp:69:3
    #1 0x64efc524 in operator new(unsigned int) cxa_noexception.cpp
    #2 0x64e6f86e in fuzzer::RunOneTest(fuzzer::Fuzzer*, char const*, unsigned int) /src/llvm-project/compiler-rt/lib/fuzzer/FuzzerDriver.cpp:324:6
    #3 0x64e75470 in fuzzer::FuzzerDriver(int*, char***, int (*)(unsigned char const*, unsigned int)) /src/llvm-project/compiler-rt/lib/fuzzer/FuzzerDriver.cpp:860:9
    #4 0x64e9f057 in main /src/llvm-project/compiler-rt/lib/fuzzer/FuzzerMain.cpp:20:10
    #5 0xf4e6aed4 in __libc_start_main (/lib32/libc.so.6+0x1aed4) (BuildId: d56935956a210bf85f6592f3178b979ad4f7b35f)

DEDUP_TOKEN: __interceptor_malloc--operator new(unsigned int)--fuzzer::RunOneTest(fuzzer::Fuzzer*, char const*, unsigned int)
SUMMARY: AddressSanitizer: heap-buffer-overflow /src/libjxl/lib/jxl/icc_codec.cc:272:23 in jxl::UnpredictICC(unsigned char const*, unsigned int, jxl::PaddedBytes*)
Shadow bytes around the buggy address:
  0x3e5a05a0: fa fa fa fa fa fa fa fa fa fa fa fa fa fa fa fa
  0x3e5a05b0: fa fa fa fa fa fa fa fa fa fa fa fa fa fa fa fa
  0x3e5a05c0: fa fa fa fa fa fa fa fa fa fa fa fa fa fa fa fa
  0x3e5a05d0: fa fa fa fa fa fa fa fa fa fa fa fa fa fa fa fa
  0x3e5a05e0: fa fa fa fa fa fa fa fa fa fa fa fa 00 00 00 00
=>0x3e5a05f0: 00 00 00 00 00 00 00 00 00 00 00 00 00[03]fa fa
  0x3e5a0600: fa fa fa fa fa fa 00 00 00 00 00 00 00 00 00 00
  0x3e5a0610: 00 00 00 00 00 00 00 03 fa fa fa fa fa fa fa fa
  0x3e5a0620: 00 00 00 00 00 00 00 00 00 00 00 00 00 00 00 00
  0x3e5a0630: 00 00 fa fa fa fa fa fa fa fa fd fd fd fd fd fd
  0x3e5a0640: fd fd fd fd fd fd fd fd fd fd fd fd fa fa fa fa
Shadow byte legend (one shadow byte represents 8 application bytes):
  Addressable:           00
  Partially addressable: 01 02 03 04 05 06 07 
  Heap left redzone:       fa
  Freed heap region:       fd
  Stack left redzone:      f1
  Stack mid redzone:       f2
  Stack right redzone:     f3
  Stack after return:      f5
  Stack use after scope:   f8
  Global redzone:          f9
  Global init order:       f6
  Poisoned by user:        f7
  Container overflow:      fc
  Array cookie:            ac
  Intra object redzone:    bb
  ASan internal:           fe
  Left alloca redzone:     ca
  Right alloca redzone:    cb
==7==ABORTING
