INFO: Running with entropic power schedule (0xFF, 100).
INFO: Seed: 3966593727
INFO: Loaded 1 modules   (38372 inline 8-bit counters): 38372 [0x5b7f34ae9b58, 0x5b7f34af313c), 
INFO: Loaded 1 PC tables (38372 PCs): 38372 [0x5b7f34af3140,0x5b7f34b88f80), 
/out/djxl_fuzzer: Running 1 inputs 1 time(s) each.
Running: /tmp/poc
=================================================================
==7==ERROR: AddressSanitizer: global-buffer-overflow on address 0x5b7f34a120a7 at pc 0x5b7f3491dd95 bp 0x79d5317ff130 sp 0x79d5317ff128
READ of size 16 at 0x5b7f34a120a7 thread T3
SCARINESS: 26 (multi-byte-read-global-buffer-overflow)
    #0 0x5b7f3491dd94 in void jxl::N_AVX3_ZEN4::WriteToOutputStage::StoreUnsignedRow<unsigned char>(jxl::N_AVX3_ZEN4::WriteToOutputStage::Output const&, float const**, unsigned long, unsigned char*, unsigned long, unsigned long) const /src/libjxl/lib/jxl/render_pipeline/stage_write.cc
    #1 0x5b7f3491b1be in jxl::N_AVX3_ZEN4::WriteToOutputStage::OutputBuffers(jxl::N_AVX3_ZEN4::WriteToOutputStage::Output const&, unsigned long, unsigned long, unsigned long, unsigned long, float const**) const /src/libjxl/lib/jxl/render_pipeline/stage_write.cc:282:7
    #2 0x5b7f349194cb in jxl::N_AVX3_ZEN4::WriteToOutputStage::ProcessRow(std::__1::vector<std::__1::vector<float*, std::__1::allocator<float*> >, std::__1::allocator<std::__1::vector<float*, std::__1::allocator<float*> > > > const&, std::__1::vector<std::__1::vector<float*, std::__1::allocator<float*> >, std::__1::allocator<std::__1::vector<float*, std::__1::allocator<float*> > > > const&, unsigned long, unsigned long, unsigned long, unsigned long, unsigned long) const /src/libjxl/lib/jxl/render_pipeline/stage_write.cc:156:7
    #3 0x5b7f347de6cd in jxl::LowMemoryRenderPipeline::RenderRect(unsigned long, std::__1::vector<jxl::Plane<float>, std::__1::allocator<jxl::Plane<float> > >&, jxl::RectT<unsigned long>, jxl::RectT<unsigned long>) /src/libjxl/lib/jxl/render_pipeline/low_memory_render_pipeline.cc:742:19
    #4 0x5b7f347e1c92 in jxl::LowMemoryRenderPipeline::ProcessBuffers(unsigned long, unsigned long) /src/libjxl/lib/jxl/render_pipeline/low_memory_render_pipeline.cc:860:5
    #5 0x5b7f343a89fb in jxl::FrameDecoder::ProcessACGroup(unsigned long, jxl::BitReader* restrict*, unsigned long, unsigned long, bool, bool) /src/libjxl/lib/jxl/dec_frame.cc:547:29
    #6 0x5b7f343b323e in operator() /src/libjxl/lib/jxl/dec_frame.cc:698:5
    #7 0x5b7f343b323e in jxl::ThreadPool::RunCallState<jxl::FrameDecoder::ProcessSections(jxl::FrameDecoder::SectionInfo const*, unsigned long, jxl::FrameDecoder::SectionStatus*)::$_1, jxl::FrameDecoder::ProcessSections(jxl::FrameDecoder::SectionInfo const*, unsigned long, jxl::FrameDecoder::SectionStatus*)::$_2>::CallDataFunc(void*, unsigned int, unsigned long) /src/libjxl/lib/jxl/base/data_parallel.h:94:14
    #8 0x5b7f34950e04 in RunRange /src/libjxl/lib/threads/thread_parallel_runner_internal.cc:139:7
    #9 0x5b7f34950e04 in jpegxl::ThreadParallelRunner::ThreadFunc(jpegxl::ThreadParallelRunner*, int) /src/libjxl/lib/threads/thread_parallel_runner_internal.cc:169:9
    #10 0x5b7f349528a2 in __invoke<void (*)(jpegxl::ThreadParallelRunner *, int), jpegxl::ThreadParallelRunner *, unsigned int> /usr/local/bin/../include/c++/v1/type_traits:3592:23
    #11 0x5b7f349528a2 in __thread_execute<std::__1::unique_ptr<std::__1::__thread_struct, std::__1::default_delete<std::__1::__thread_struct> >, void (*)(jpegxl::ThreadParallelRunner *, int), jpegxl::ThreadParallelRunner *, unsigned int, 2UL, 3UL> /usr/local/bin/../include/c++/v1/thread:281:5
    #12 0x5b7f349528a2 in void* std::__1::__thread_proxy<std::__1::tuple<std::__1::unique_ptr<std::__1::__thread_struct, std::__1::default_delete<std::__1::__thread_struct> >, void (*)(jpegxl::ThreadParallelRunner*, int), jpegxl::ThreadParallelRunner*, unsigned int> >(void*) /usr/local/bin/../include/c++/v1/thread:292:5
    #13 0x79d536887608 in start_thread (/lib/x86_64-linux-gnu/libpthread.so.0+0x8608) (BuildId: c6d0d79d906d62bb768421fc6dada0d5e729f177)
    #14 0x79d536781352 in __clone (/lib/x86_64-linux-gnu/libc.so.6+0x11f352) (BuildId: 87b331c034a6458c64ce09c03939e947212e18ce)

DEDUP_TOKEN: void jxl::N_AVX3_ZEN4::WriteToOutputStage::StoreUnsignedRow<unsigned char>(jxl::N_AVX3_ZEN4::WriteToOutputStage::Output const&, float const**, unsigned long, unsigned char*, unsigned long, unsigned long) const--jxl::N_AVX3_ZEN4::WriteToOutputStage::OutputBuffers(jxl::N_AVX3_ZEN4::WriteToOutputStage::Output const&, unsigned long, unsigned long, unsigned long, unsigned long, float const**) const--jxl::N_AVX3_ZEN4::WriteToOutputStage::ProcessRow(std::__1::vector<std::__1::vector<float*, std::__1::allocator<float*> >, std::__1::allocator<std::__1::vector<float*, std::__1::allocator<float*> > > > const&, std::__1::vector<std::__1::vector<float*, std::__1::allocator<float*> >, std::__1::allocator<std::__1::vector<float*, std::__1::allocator<float*> > > > const&, unsigned long, unsigned long, unsigned long, unsigned long, unsigned long) const
0x5b7f34a120a7 is located 57 bytes to the left of global variable 'jxl::N_AVX3_SPR::kDither' defined in '/src/libjxl/lib/jxl/render_pipeline/stage_write.cc:41:13' (0x5b7f34a120e0) of size 256
0x5b7f34a120a7 is located 7 bytes to the right of global variable 'jxl::N_AVX3_ZEN4::kDither' defined in '/src/libjxl/lib/jxl/render_pipeline/stage_write.cc:41:13' (0x5b7f34a11fa0) of size 256
SUMMARY: AddressSanitizer: global-buffer-overflow /src/libjxl/lib/jxl/render_pipeline/stage_write.cc in void jxl::N_AVX3_ZEN4::WriteToOutputStage::StoreUnsignedRow<unsigned char>(jxl::N_AVX3_ZEN4::WriteToOutputStage::Output const&, float const**, unsigned long, unsigned char*, unsigned long, unsigned long) const
Shadow bytes around the buggy address:
  0x0b706693a3c0: 00 00 00 00 f9 f9 f9 f9 f9 f9 f9 f9 00 00 00 00
  0x0b706693a3d0: 00 00 00 00 00 00 00 00 00 00 00 00 00 00 00 00
  0x0b706693a3e0: 00 00 00 00 00 00 00 00 00 00 00 00 f9 f9 f9 f9
  0x0b706693a3f0: f9 f9 f9 f9 00 00 00 00 00 00 00 00 00 00 00 00
  0x0b706693a400: 00 00 00 00 00 00 00 00 00 00 00 00 00 00 00 00
=>0x0b706693a410: 00 00 00 00[f9]f9 f9 f9 f9 f9 f9 f9 00 00 00 00
  0x0b706693a420: 00 00 00 00 00 00 00 00 00 00 00 00 00 00 00 00
  0x0b706693a430: 00 00 00 00 00 00 00 00 00 00 00 00 f9 f9 f9 f9
  0x0b706693a440: f9 f9 f9 f9 00 00 00 00 00 00 00 00 00 00 00 00
  0x0b706693a450: 00 00 00 00 00 00 00 00 00 00 00 00 00 00 00 00
  0x0b706693a460: 00 00 00 00 00 00 00 00 00 00 00 00 00 00 00 00
Shadow byte legend (one shadow byte represents 8 application bytes):
  Addressable:           00
  Partially addressable: 01 02 03 04 05 06 07 
  Heap left redzone:       fa
  Freed heap region:       fd
  Stack left redzone:      f1
  Stack mid redzone:       f2
  Stack right redzone:     f3
  Stack after return:      f5
  Stack use after scope:   f8
  Global redzone:          f9
  Global init order:       f6
  Poisoned by user:        f7
  Container overflow:      fc
  Array cookie:            ac
  Intra object redzone:    bb
  ASan internal:           fe
  Left alloca redzone:     ca
  Right alloca redzone:    cb
Thread T3 created by T0 here:
    #0 0x5b7f341929ac in pthread_create /src/llvm-project/compiler-rt/lib/asan/asan_interceptors.cpp:208:3
    #1 0x5b7f34952118 in __libcpp_thread_create /usr/local/bin/../include/c++/v1/__threading_support:375:10
    #2 0x5b7f34952118 in thread<void (&)(jpegxl::ThreadParallelRunner *, int), jpegxl::ThreadParallelRunner *, unsigned int &, void> /usr/local/bin/../include/c++/v1/thread:308:16
    #3 0x5b7f34952118 in construct<std::__1::thread, void (&)(jpegxl::ThreadParallelRunner *, int), jpegxl::ThreadParallelRunner *, unsigned int &> /usr/local/bin/../include/c++/v1/__memory/allocator.h:151:28
    #4 0x5b7f34952118 in construct<std::__1::thread, void (&)(jpegxl::ThreadParallelRunner *, int), jpegxl::ThreadParallelRunner *, unsigned int &, void> /usr/local/bin/../include/c++/v1/__memory/allocator_traits.h:290:13
    #5 0x5b7f34952118 in void std::__1::vector<std::__1::thread, std::__1::allocator<std::__1::thread> >::__construct_one_at_end<void (&)(jpegxl::ThreadParallelRunner*, int), jpegxl::ThreadParallelRunner*, unsigned int&>(void (&)(jpegxl::ThreadParallelRunner*, int), jpegxl::ThreadParallelRunner*&&, unsigned int&) /usr/local/bin/../include/c++/v1/vector:787:5
    #6 0x5b7f34951406 in emplace_back<void (&)(jpegxl::ThreadParallelRunner *, int), jpegxl::ThreadParallelRunner *, unsigned int &> /usr/local/bin/../include/c++/v1/vector:1586:9
    #7 0x5b7f34951406 in jpegxl::ThreadParallelRunner::ThreadParallelRunner(int) /src/libjxl/lib/threads/thread_parallel_runner_internal.cc:188:14
    #8 0x5b7f3494fc42 in JxlThreadParallelRunnerCreate /src/libjxl/lib/threads/thread_parallel_runner.cc:80:19
    #9 0x5b7f341e6f7b in JxlThreadParallelRunnerMake /src/libjxl/lib/include/jxl/thread_parallel_runner_cxx.h:59:7
    #10 0x5b7f341e6f7b in DecodeJpegXl /src/libjxl/tools/djxl_fuzzer.cc:74:17
    #11 0x5b7f341e6f7b in TestOneInput /src/libjxl/tools/djxl_fuzzer.cc:554:3
    #12 0x5b7f341e6f7b in LLVMFuzzerTestOneInput /src/libjxl/tools/djxl_fuzzer.cc:564:10
    #13 0x5b7f340b8123 in fuzzer::Fuzzer::ExecuteCallback(unsigned char const*, unsigned long) /src/llvm-project/compiler-rt/lib/fuzzer/FuzzerLoop.cpp:611:15
    #14 0x5b7f340a3882 in fuzzer::RunOneTest(fuzzer::Fuzzer*, char const*, unsigned long) /src/llvm-project/compiler-rt/lib/fuzzer/FuzzerDriver.cpp:324:6
    #15 0x5b7f340a912c in fuzzer::FuzzerDriver(int*, char***, int (*)(unsigned char const*, unsigned long)) /src/llvm-project/compiler-rt/lib/fuzzer/FuzzerDriver.cpp:860:9
    #16 0x5b7f340d2662 in main /src/llvm-project/compiler-rt/lib/fuzzer/FuzzerMain.cpp:20:10
    #17 0x79d536686082 in __libc_start_main (/lib/x86_64-linux-gnu/libc.so.6+0x24082) (BuildId: 87b331c034a6458c64ce09c03939e947212e18ce)

DEDUP_TOKEN: pthread_create--__libcpp_thread_create--thread<void (&)(jpegxl::ThreadParallelRunner *, int), jpegxl::ThreadParallelRunner *, unsigned int &, void>
==7==ABORTING
