INFO: Running with entropic power schedule (0xFF, 100).
INFO: Seed: 138921662
INFO: Loaded 1 modules   (50586 inline 8-bit counters): 50586 [0xa8e6b0, 0xa9ac4a), 
INFO: Loaded 1 PC tables (50586 PCs): 50586 [0x924a70,0x9ea410), 
/out/valid: Running 1 inputs 1 time(s) each.
Running: /tmp/poc
=================================================================
==7==ERROR: AddressSanitizer: heap-use-after-free on address 0x60c000002d50 at pc 0x00000065545b bp 0x7fffa4cbc690 sp 0x7fffa4cbc688
READ of size 8 at 0x60c000002d50 thread T0
SCARINESS: 51 (8-byte-read-heap-use-after-free)
    #0 0x65545a in xmlValidatePopElement /src/libxml2/valid.c:5937:24
    #1 0x6be809 in xmlTextReaderValidatePop /src/libxml2/xmlreader.c:946:29
    #2 0x6bb673 in xmlTextReaderRead /src/libxml2/xmlreader.c:1364:13
    #3 0x56c9e7 in LLVMFuzzerTestOneInput /src/libxml2/fuzz/valid.c:110:20
    #4 0x43def3 in fuzzer::Fuzzer::ExecuteCallback(unsigned char const*, unsigned long) /src/llvm-project/compiler-rt/lib/fuzzer/FuzzerLoop.cpp:611:15
    #5 0x429652 in fuzzer::RunOneTest(fuzzer::Fuzzer*, char const*, unsigned long) /src/llvm-project/compiler-rt/lib/fuzzer/FuzzerDriver.cpp:324:6
    #6 0x42eefc in fuzzer::FuzzerDriver(int*, char***, int (*)(unsigned char const*, unsigned long)) /src/llvm-project/compiler-rt/lib/fuzzer/FuzzerDriver.cpp:860:9
    #7 0x458432 in main /src/llvm-project/compiler-rt/lib/fuzzer/FuzzerMain.cpp:20:10
    #8 0x74793a087082 in __libc_start_main (/lib/x86_64-linux-gnu/libc.so.6+0x24082) (BuildId: 87b331c034a6458c64ce09c03939e947212e18ce)
    #9 0x41f81d in _start (/out/valid+0x41f81d)

DEDUP_TOKEN: xmlValidatePopElement--xmlTextReaderValidatePop--xmlTextReaderRead
0x60c000002d50 is located 16 bytes inside of 120-byte region [0x60c000002d40,0x60c000002db8)
freed by thread T0 here:
    #0 0x52ede2 in free /src/llvm-project/compiler-rt/lib/asan/asan_malloc_linux.cpp:52:3
    #1 0x6bf339 in xmlTextReaderFreeNode /src/libxml2/xmlreader.c:421:2
    #2 0x6bc525 in xmlTextReaderRead /src/libxml2/xmlreader.c:1409:2
    #3 0x56c9e7 in LLVMFuzzerTestOneInput /src/libxml2/fuzz/valid.c:110:20
    #4 0x43def3 in fuzzer::Fuzzer::ExecuteCallback(unsigned char const*, unsigned long) /src/llvm-project/compiler-rt/lib/fuzzer/FuzzerLoop.cpp:611:15
    #5 0x429652 in fuzzer::RunOneTest(fuzzer::Fuzzer*, char const*, unsigned long) /src/llvm-project/compiler-rt/lib/fuzzer/FuzzerDriver.cpp:324:6
    #6 0x42eefc in fuzzer::FuzzerDriver(int*, char***, int (*)(unsigned char const*, unsigned long)) /src/llvm-project/compiler-rt/lib/fuzzer/FuzzerDriver.cpp:860:9
    #7 0x458432 in main /src/llvm-project/compiler-rt/lib/fuzzer/FuzzerMain.cpp:20:10
    #8 0x74793a087082 in __libc_start_main (/lib/x86_64-linux-gnu/libc.so.6+0x24082) (BuildId: 87b331c034a6458c64ce09c03939e947212e18ce)

DEDUP_TOKEN: free--xmlTextReaderFreeNode--xmlTextReaderRead
previously allocated by thread T0 here:
    #0 0x52f086 in __interceptor_malloc /src/llvm-project/compiler-rt/lib/asan/asan_malloc_linux.cpp:69:3
    #1 0x56ccc4 in xmlFuzzMalloc /src/libxml2/fuzz/fuzz.c:81:12
    #2 0x60a655 in xmlNewNodeEatName /src/libxml2/tree.c:2257:24
    #3 0x60a655 in xmlNewDocNodeEatName /src/libxml2/tree.c:2329:11
    #4 0x5f00fe in xmlSAX2StartElement /src/libxml2/SAX2.c:1466:11
    #5 0x6c43eb in xmlTextReaderStartElement /src/libxml2/xmlreader.c:579:2
    #6 0x5b324b in xmlParseStartTag /src/libxml2/parser.c
    #7 0x5c28b2 in xmlParseTryOrFinish /src/libxml2/parser.c:11118:14
    #8 0x5c28b2 in xmlParseChunk /src/libxml2/parser.c:11527:5
    #9 0x6bddfe in xmlTextReaderPushData /src/libxml2/xmlreader.c:769:12
    #10 0x6ba838 in xmlTextReaderRead /src/libxml2/xmlreader.c:1228:12
    #11 0x56c918 in LLVMFuzzerTestOneInput /src/libxml2/fuzz/valid.c:110:20
    #12 0x43def3 in fuzzer::Fuzzer::ExecuteCallback(unsigned char const*, unsigned long) /src/llvm-project/compiler-rt/lib/fuzzer/FuzzerLoop.cpp:611:15
    #13 0x429652 in fuzzer::RunOneTest(fuzzer::Fuzzer*, char const*, unsigned long) /src/llvm-project/compiler-rt/lib/fuzzer/FuzzerDriver.cpp:324:6
    #14 0x42eefc in fuzzer::FuzzerDriver(int*, char***, int (*)(unsigned char const*, unsigned long)) /src/llvm-project/compiler-rt/lib/fuzzer/FuzzerDriver.cpp:860:9
    #15 0x458432 in main /src/llvm-project/compiler-rt/lib/fuzzer/FuzzerMain.cpp:20:10
    #16 0x74793a087082 in __libc_start_main (/lib/x86_64-linux-gnu/libc.so.6+0x24082) (BuildId: 87b331c034a6458c64ce09c03939e947212e18ce)

DEDUP_TOKEN: __interceptor_malloc--xmlFuzzMalloc--xmlNewNodeEatName
SUMMARY: AddressSanitizer: heap-use-after-free /src/libxml2/valid.c:5937:24 in xmlValidatePopElement
Shadow bytes around the buggy address:
  0x0c187fff8550: 00 00 00 00 00 00 00 fa fa fa fa fa fa fa fa fa
  0x0c187fff8560: 00 00 00 00 00 00 00 00 00 00 00 00 00 00 00 fa
  0x0c187fff8570: fa fa fa fa fa fa fa fa fd fd fd fd fd fd fd fd
  0x0c187fff8580: fd fd fd fd fd fd fd fa fa fa fa fa fa fa fa fa
  0x0c187fff8590: fd fd fd fd fd fd fd fd fd fd fd fd fd fd fd fa
=>0x0c187fff85a0: fa fa fa fa fa fa fa fa fd fd[fd]fd fd fd fd fd
  0x0c187fff85b0: fd fd fd fd fd fd fd fa fa fa fa fa fa fa fa fa
  0x0c187fff85c0: fd fd fd fd fd fd fd fd fd fd fd fd fd fd fd fa
  0x0c187fff85d0: fa fa fa fa fa fa fa fa fd fd fd fd fd fd fd fd
  0x0c187fff85e0: fd fd fd fd fd fd fd fa fa fa fa fa fa fa fa fa
  0x0c187fff85f0: fd fd fd fd fd fd fd fd fd fd fd fd fd fd fd fa
Shadow byte legend (one shadow byte represents 8 application bytes):
  Addressable:           00
  Partially addressable: 01 02 03 04 05 06 07 
  Heap left redzone:       fa
  Freed heap region:       fd
  Stack left redzone:      f1
  Stack mid redzone:       f2
  Stack right redzone:     f3
  Stack after return:      f5
  Stack use after scope:   f8
  Global redzone:          f9
  Global init order:       f6
  Poisoned by user:        f7
  Container overflow:      fc
  Array cookie:            ac
  Intra object redzone:    bb
  ASan internal:           fe
  Left alloca redzone:     ca
  Right alloca redzone:    cb
==7==ABORTING
