Running LLVMFuzzerInitialize ...
continue...
Reading 109 bytes from /tmp/poc
=================================================================
==7==ERROR: AddressSanitizer: heap-use-after-free on address 0x604000000658 at pc 0x0000005cc4c2 bp 0x7fff0fd96c70 sp 0x7fff0fd96c68
READ of size 8 at 0x604000000658 thread T0
SCARINESS: 51 (8-byte-read-heap-use-after-free)
    #0 0x5cc4c1 in xmlRemoveID /src/libxml2/valid.c:2745:45
    #1 0x5855ae in xmlFreeProp /src/libxml2/tree.c:2080:6
    #2 0x57f3a0 in xmlFreePropList /src/libxml2/tree.c:2057:9
    #3 0x57f3a0 in xmlFreeNodeList /src/libxml2/tree.c:3681:3
    #4 0x57db97 in xmlFreeNode /src/libxml2/tree.c:3759:2
    #5 0x53d6ba in xmlCtxtParseContent /src/libxml2/parser.c:12051:5
    #6 0x524d68 in xmlCtxtParseEntity /src/libxml2/parser.c:12112:11
    #7 0x523579 in xmlParseReference /src/libxml2/parser.c:7061:19
    #8 0x5357c0 in xmlParseTryOrFinish /src/libxml2/parser.c:11232:7
    #9 0x5357c0 in xmlParseChunk /src/libxml2/parser.c:11527:5
    #10 0x64a92b in xmlTextReaderPushData /src/libxml2/xmlreader.c:769:12
    #11 0x647307 in xmlTextReaderRead /src/libxml2/xmlreader.c:1228:12
    #12 0x4dd2c2 in LLVMFuzzerTestOneInput /src/libxml2/fuzz/xml.c:126:20
    #13 0x4df9ad in ExecuteFilesOnyByOne /src/aflplusplus/utils/aflpp_driver/aflpp_driver.c:255:7
    #14 0x4df7b8 in LLVMFuzzerRunDriver /src/aflplusplus/utils/aflpp_driver/aflpp_driver.c
    #15 0x4df378 in main /src/aflplusplus/utils/aflpp_driver/aflpp_driver.c:300:10
    #16 0x7373ba0ea082 in __libc_start_main (/lib/x86_64-linux-gnu/libc.so.6+0x24082) (BuildId: 87b331c034a6458c64ce09c03939e947212e18ce)
    #17 0x41e59d in _start (/out/xml+0x41e59d)

DEDUP_TOKEN: xmlRemoveID--xmlFreeProp--xmlFreePropList
0x604000000658 is located 8 bytes inside of 48-byte region [0x604000000650,0x604000000680)
freed by thread T0 here:
    #0 0x49f732 in free /src/llvm-project/compiler-rt/lib/asan/asan_malloc_linux.cpp:52:3
    #1 0x5cb8e8 in xmlFreeID /src/libxml2/valid.c:2503:5
    #2 0x5cb8e8 in xmlFreeIDTableEntry /src/libxml2/valid.c:2646:5
    #3 0x4f5cec in xmlHashRemoveEntry3 /src/libxml2/hash.c:1276:9
    #4 0x4f5aec in xmlHashRemoveEntry /src/libxml2/hash.c:1222:12
    #5 0x5cc40d in xmlRemoveID /src/libxml2/valid.c:2745:9
    #6 0x5855ae in xmlFreeProp /src/libxml2/tree.c:2080:6
    #7 0x57f3a0 in xmlFreePropList /src/libxml2/tree.c:2057:9
    #8 0x57f3a0 in xmlFreeNodeList /src/libxml2/tree.c:3681:3
    #9 0x57db97 in xmlFreeNode /src/libxml2/tree.c:3759:2
    #10 0x53d6ba in xmlCtxtParseContent /src/libxml2/parser.c:12051:5
    #11 0x524d68 in xmlCtxtParseEntity /src/libxml2/parser.c:12112:11
    #12 0x523579 in xmlParseReference /src/libxml2/parser.c:7061:19
    #13 0x5357c0 in xmlParseTryOrFinish /src/libxml2/parser.c:11232:7
    #14 0x5357c0 in xmlParseChunk /src/libxml2/parser.c:11527:5
    #15 0x64a92b in xmlTextReaderPushData /src/libxml2/xmlreader.c:769:12
    #16 0x647307 in xmlTextReaderRead /src/libxml2/xmlreader.c:1228:12
    #17 0x4dd2c2 in LLVMFuzzerTestOneInput /src/libxml2/fuzz/xml.c:126:20
    #18 0x4df9ad in ExecuteFilesOnyByOne /src/aflplusplus/utils/aflpp_driver/aflpp_driver.c:255:7

DEDUP_TOKEN: free--xmlFreeID--xmlFreeIDTableEntry
previously allocated by thread T0 here:
    #0 0x49f9d6 in __interceptor_malloc /src/llvm-project/compiler-rt/lib/asan/asan_malloc_linux.cpp:69:3
    #1 0x4dd6fd in xmlFuzzMalloc /src/libxml2/fuzz/fuzz.c:81:12
    #2 0x5cac16 in xmlAddIDSafe /src/libxml2/valid.c:2562:22
    #3 0x5cb42f in xmlAddID /src/libxml2/valid.c:2625:11
    #4 0x571aa9 in xmlSAX2AttributeNs /src/libxml2/SAX2.c
    #5 0x5700aa in xmlSAX2StartElementNs /src/libxml2/SAX2.c:2238:20
    #6 0x651a6c in xmlTextReaderStartElementNs /src/libxml2/xmlreader.c:636:2
    #7 0x5524a8 in xmlParseStartTag2 /src/libxml2/parser.c
    #8 0x52ae1d in xmlParseElementStart /src/libxml2/parser.c:9833:16
    #9 0x529fb3 in xmlParseContentInternal /src/libxml2/parser.c:9700:10
    #10 0x53c43e in xmlParseContent /src/libxml2/parser.c:9738:5
    #11 0x53c43e in xmlCtxtParseContent /src/libxml2/parser.c:11990:5
    #12 0x524d68 in xmlCtxtParseEntity /src/libxml2/parser.c:12112:11
    #13 0x523579 in xmlParseReference /src/libxml2/parser.c:7061:19
    #14 0x5357c0 in xmlParseTryOrFinish /src/libxml2/parser.c:11232:7
    #15 0x5357c0 in xmlParseChunk /src/libxml2/parser.c:11527:5
    #16 0x64a92b in xmlTextReaderPushData /src/libxml2/xmlreader.c:769:12
    #17 0x647307 in xmlTextReaderRead /src/libxml2/xmlreader.c:1228:12
    #18 0x4dd2c2 in LLVMFuzzerTestOneInput /src/libxml2/fuzz/xml.c:126:20
    #19 0x4df9ad in ExecuteFilesOnyByOne /src/aflplusplus/utils/aflpp_driver/aflpp_driver.c:255:7

DEDUP_TOKEN: __interceptor_malloc--xmlFuzzMalloc--xmlAddIDSafe
SUMMARY: AddressSanitizer: heap-use-after-free /src/libxml2/valid.c:2745:45 in xmlRemoveID
Shadow bytes around the buggy address:
  0x0c087fff8070: fa fa fd fd fd fd fd fd fa fa fd fd fd fd fd fa
  0x0c087fff8080: fa fa fd fd fd fd fd fd fa fa fd fd fd fd fd fd
  0x0c087fff8090: fa fa fd fd fd fd fd fd fa fa fd fd fd fd fd fd
  0x0c087fff80a0: fa fa 00 00 00 00 00 fa fa fa 00 00 00 00 00 fa
  0x0c087fff80b0: fa fa 00 00 00 00 00 00 fa fa 00 00 00 00 05 fa
=>0x0c087fff80c0: fa fa 00 00 00 00 00 04 fa fa fd[fd]fd fd fd fd
  0x0c087fff80d0: fa fa 00 00 00 00 00 04 fa fa 00 00 00 00 00 04
  0x0c087fff80e0: fa fa fa fa fa fa fa fa fa fa fa fa fa fa fa fa
  0x0c087fff80f0: fa fa fa fa fa fa fa fa fa fa fa fa fa fa fa fa
  0x0c087fff8100: fa fa fa fa fa fa fa fa fa fa fa fa fa fa fa fa
  0x0c087fff8110: fa fa fa fa fa fa fa fa fa fa fa fa fa fa fa fa
Shadow byte legend (one shadow byte represents 8 application bytes):
  Addressable:           00
  Partially addressable: 01 02 03 04 05 06 07 
  Heap left redzone:       fa
  Freed heap region:       fd
  Stack left redzone:      f1
  Stack mid redzone:       f2
  Stack right redzone:     f3
  Stack after return:      f5
  Stack use after scope:   f8
  Global redzone:          f9
  Global init order:       f6
  Poisoned by user:        f7
  Container overflow:      fc
  Array cookie:            ac
  Intra object redzone:    bb
  ASan internal:           fe
  Left alloca redzone:     ca
  Right alloca redzone:    cb
==7==ABORTING
