Unable to find image 'n132/arvo:66679-vul' locally
66679-vul: Pulling from n132/arvo
7608715873ec: Already exists
649270f74e12: Already exists
45917c593ac2: Already exists
5cf48b4c4f4b: Already exists
6935c611cee5: Already exists
447baab2da02: Already exists
a89cec3c3559: Already exists
3b13fc94f924: Already exists
d04fe0394c59: Already exists
aa7c8ea0b806: Already exists
f0751992edae: Already exists
c92b5801682a: Already exists
b3a6ded346fb: Already exists
d5fb061b1055: Already exists
904575aaf4fe: Already exists
395fb6e7dc1f: Already exists
45a8760d7cee: Already exists
79b8a195c5d6: Already exists
2e3836bec4fb: Already exists
fc8411249e1a: Already exists
7c5d7c04dd80: Already exists
19822db508d9: Already exists
18ab359b623d: Already exists
694ed7759a12: Already exists
3e1d5f5586d6: Already exists
3a18e761efa3: Already exists
0f957a45451b: Already exists
58a1f5ceb97b: Already exists
649415d0bbaa: Already exists
8547b4279f62: Already exists
4f88ac97f97b: Pulling fs layer
ee08c17ff9cb: Pulling fs layer
c89afec51de8: Pulling fs layer
19d83d3e49bd: Pulling fs layer
39c64d60ca6b: Pulling fs layer
732070808277: Pulling fs layer
4f4fb700ef54: Pulling fs layer
624bd426490c: Pulling fs layer
cc81d2466429: Pulling fs layer
d4e259b4a895: Pulling fs layer
732070808277: Waiting
4f4fb700ef54: Waiting
624bd426490c: Waiting
19d83d3e49bd: Waiting
39c64d60ca6b: Waiting
cc81d2466429: Waiting
d4e259b4a895: Waiting
ee08c17ff9cb: Verifying Checksum
ee08c17ff9cb: Download complete
c89afec51de8: Verifying Checksum
c89afec51de8: Download complete
19d83d3e49bd: Verifying Checksum
19d83d3e49bd: Download complete
4f88ac97f97b: Verifying Checksum
4f88ac97f97b: Download complete
4f4fb700ef54: Download complete
732070808277: Verifying Checksum
732070808277: Download complete
4f88ac97f97b: Pull complete
ee08c17ff9cb: Pull complete
39c64d60ca6b: Download complete
624bd426490c: Verifying Checksum
c89afec51de8: Pull complete
19d83d3e49bd: Pull complete
d4e259b4a895: Verifying Checksum
d4e259b4a895: Download complete
39c64d60ca6b: Pull complete
732070808277: Pull complete
4f4fb700ef54: Pull complete
624bd426490c: Pull complete
cc81d2466429: Verifying Checksum
cc81d2466429: Download complete
cc81d2466429: Pull complete
d4e259b4a895: Pull complete
Digest: sha256:11cbdbebc97ba1d46ca50b849a8e880ca648e9383383898b0659f39429df9292
Status: Downloaded newer image for n132/arvo:66679-vul
