INFO: Running with entropic power schedule (0xFF, 100).
INFO: Seed: 141162225
INFO: Loaded 1 modules   (52133 inline 8-bit counters): 52133 [0xab93e0, 0xac5f85), 
INFO: Loaded 1 PC tables (52133 PCs): 52133 [0x945ad0,0xa11520), 
/out/api: Running 1 inputs 1 time(s) each.
Running: /tmp/poc
=================================================================
==7==ERROR: AddressSanitizer: heap-use-after-free on address 0x604000000228 at pc 0x000000634b45 bp 0x7ffffb8f8e90 sp 0x7ffffb8f8e88
READ of size 8 at 0x604000000228 thread T0
SCARINESS: 51 (8-byte-read-heap-use-after-free)
    #0 0x634b44 in xmlCopyPropInternal /src/libxml2/tree.c:3938:46
    #1 0x634cac in xmlCopyProp /src/libxml2/tree.c:4050:9
    #2 0x634cac in xmlCopyPropList /src/libxml2/tree.c:4072:13
    #3 0x6356c7 in xmlStaticCopyNode /src/libxml2/tree.c:4249:27
    #4 0x638195 in xmlCopyNode /src/libxml2/tree.c:4425:11
    #5 0x574a07 in LLVMFuzzerTestOneInput /src/libxml2/fuzz/api.c:1415:24
    #6 0x43def3 in fuzzer::Fuzzer::ExecuteCallback(unsigned char const*, unsigned long) /src/llvm-project/compiler-rt/lib/fuzzer/FuzzerLoop.cpp:611:15
    #7 0x429652 in fuzzer::RunOneTest(fuzzer::Fuzzer*, char const*, unsigned long) /src/llvm-project/compiler-rt/lib/fuzzer/FuzzerDriver.cpp:324:6
    #8 0x42eefc in fuzzer::FuzzerDriver(int*, char***, int (*)(unsigned char const*, unsigned long)) /src/llvm-project/compiler-rt/lib/fuzzer/FuzzerDriver.cpp:860:9
    #9 0x458432 in main /src/llvm-project/compiler-rt/lib/fuzzer/FuzzerMain.cpp:20:10
    #10 0x7833939ae082 in __libc_start_main (/lib/x86_64-linux-gnu/libc.so.6+0x24082) (BuildId: 87b331c034a6458c64ce09c03939e947212e18ce)
    #11 0x41f81d in _start (/out/api+0x41f81d)

DEDUP_TOKEN: xmlCopyPropInternal--xmlCopyProp--xmlCopyPropList
0x604000000228 is located 24 bytes inside of 48-byte region [0x604000000210,0x604000000240)
freed by thread T0 here:
    #0 0x52ede2 in free /src/llvm-project/compiler-rt/lib/asan/asan_malloc_linux.cpp:52:3
    #1 0x627ae7 in xmlFreeNs /src/libxml2/tree.c:794:5
    #2 0x627ae7 in xmlFreeNsList /src/libxml2/tree.c:811:9
    #3 0x627ae7 in xmlFreeNode /src/libxml2/tree.c:3700:13
    #4 0x583794 in dropNode /src/libxml2/fuzz/api.c:654:13
    #5 0x57201e in incNodeIdx /src/libxml2/fuzz/api.c:551:9
    #6 0x57201e in opDup /src/libxml2/fuzz/api.c:900:13
    #7 0x57201e in LLVMFuzzerTestOneInput /src/libxml2/fuzz/api.c:975:17
    #8 0x43def3 in fuzzer::Fuzzer::ExecuteCallback(unsigned char const*, unsigned long) /src/llvm-project/compiler-rt/lib/fuzzer/FuzzerLoop.cpp:611:15
    #9 0x429652 in fuzzer::RunOneTest(fuzzer::Fuzzer*, char const*, unsigned long) /src/llvm-project/compiler-rt/lib/fuzzer/FuzzerDriver.cpp:324:6
    #10 0x42eefc in fuzzer::FuzzerDriver(int*, char***, int (*)(unsigned char const*, unsigned long)) /src/llvm-project/compiler-rt/lib/fuzzer/FuzzerDriver.cpp:860:9
    #11 0x458432 in main /src/llvm-project/compiler-rt/lib/fuzzer/FuzzerMain.cpp:20:10
    #12 0x7833939ae082 in __libc_start_main (/lib/x86_64-linux-gnu/libc.so.6+0x24082) (BuildId: 87b331c034a6458c64ce09c03939e947212e18ce)

DEDUP_TOKEN: free--xmlFreeNs--xmlFreeNsList
previously allocated by thread T0 here:
    #0 0x52f086 in __interceptor_malloc /src/llvm-project/compiler-rt/lib/asan/asan_malloc_linux.cpp:69:3
    #1 0x5839a4 in xmlFuzzMalloc /src/libxml2/fuzz/fuzz.c:81:12
    #2 0x6254bc in xmlNewNs /src/libxml2/tree.c:719:22
    #3 0x56d7ff in LLVMFuzzerTestOneInput /src/libxml2/fuzz/api.c:2065:22
    #4 0x43def3 in fuzzer::Fuzzer::ExecuteCallback(unsigned char const*, unsigned long) /src/llvm-project/compiler-rt/lib/fuzzer/FuzzerLoop.cpp:611:15
    #5 0x429652 in fuzzer::RunOneTest(fuzzer::Fuzzer*, char const*, unsigned long) /src/llvm-project/compiler-rt/lib/fuzzer/FuzzerDriver.cpp:324:6
    #6 0x42eefc in fuzzer::FuzzerDriver(int*, char***, int (*)(unsigned char const*, unsigned long)) /src/llvm-project/compiler-rt/lib/fuzzer/FuzzerDriver.cpp:860:9
    #7 0x458432 in main /src/llvm-project/compiler-rt/lib/fuzzer/FuzzerMain.cpp:20:10
    #8 0x7833939ae082 in __libc_start_main (/lib/x86_64-linux-gnu/libc.so.6+0x24082) (BuildId: 87b331c034a6458c64ce09c03939e947212e18ce)

DEDUP_TOKEN: __interceptor_malloc--xmlFuzzMalloc--xmlNewNs
SUMMARY: AddressSanitizer: heap-use-after-free /src/libxml2/tree.c:3938:46 in xmlCopyPropInternal
Shadow bytes around the buggy address:
  0x0c087fff7ff0: 00 00 00 00 00 00 00 00 00 00 00 00 00 00 00 00
  0x0c087fff8000: fa fa fd fd fd fd fd fd fa fa 00 00 00 00 00 03
  0x0c087fff8010: fa fa fd fd fd fd fd fa fa fa 00 00 00 00 02 fa
  0x0c087fff8020: fa fa 00 00 00 00 00 00 fa fa 00 00 00 00 00 00
  0x0c087fff8030: fa fa 00 00 00 00 06 fa fa fa 00 00 00 00 00 02
=>0x0c087fff8040: fa fa fd fd fd[fd]fd fd fa fa fd fd fd fd fd fd
  0x0c087fff8050: fa fa 00 00 00 00 00 00 fa fa 00 00 00 00 00 00
  0x0c087fff8060: fa fa fd fd fd fd fd fa fa fa fd fd fd fd fd fd
  0x0c087fff8070: fa fa 00 00 00 00 00 00 fa fa 00 00 00 00 05 fa
  0x0c087fff8080: fa fa 00 00 00 00 00 00 fa fa 00 00 00 00 00 00
  0x0c087fff8090: fa fa 00 00 00 00 00 00 fa fa fa fa fa fa fa fa
Shadow byte legend (one shadow byte represents 8 application bytes):
  Addressable:           00
  Partially addressable: 01 02 03 04 05 06 07 
  Heap left redzone:       fa
  Freed heap region:       fd
  Stack left redzone:      f1
  Stack mid redzone:       f2
  Stack right redzone:     f3
  Stack after return:      f5
  Stack use after scope:   f8
  Global redzone:          f9
  Global init order:       f6
  Poisoned by user:        f7
  Container overflow:      fc
  Array cookie:            ac
  Intra object redzone:    bb
  ASan internal:           fe
  Left alloca redzone:     ca
  Right alloca redzone:    cb
==7==ABORTING
