Running LLVMFuzzerInitialize ...
continue...
Reading 15 bytes from /tmp/poc
=================================================================
==7==ERROR: AddressSanitizer: heap-use-after-free on address 0x60c0000002a8 at pc 0x0000004fe244 bp 0x7fff433d94a0 sp 0x7fff433d9498
READ of size 8 at 0x60c0000002a8 thread T0
SCARINESS: 51 (8-byte-read-heap-use-after-free)
    #0 0x4fe243 in nodeGetTree /src/libxml2/fuzz/api.c:603:17
    #1 0x4fe243 in dropNode /src/libxml2/fuzz/api.c:644:13
    #2 0x4fa9b9 in LLVMFuzzerTestOneInput /src/libxml2/fuzz/api.c:3488:9
    #3 0x5007ed in ExecuteFilesOnyByOne /src/aflplusplus/utils/aflpp_driver/aflpp_driver.c:255:7
    #4 0x5005e8 in LLVMFuzzerRunDriver /src/aflplusplus/utils/aflpp_driver/aflpp_driver.c
    #5 0x50019d in main /src/aflplusplus/utils/aflpp_driver/aflpp_driver.c:311:10
    #6 0x7b97df2b1082 in __libc_start_main (/lib/x86_64-linux-gnu/libc.so.6+0x24082) (BuildId: 87b331c034a6458c64ce09c03939e947212e18ce)
    #7 0x41e59d in _start (/out/api+0x41e59d)

DEDUP_TOKEN: nodeGetTree--dropNode--LLVMFuzzerTestOneInput
0x60c0000002a8 is located 40 bytes inside of 120-byte region [0x60c000000280,0x60c0000002f8)
freed by thread T0 here:
    #0 0x49f732 in free /src/llvm-project/compiler-rt/lib/asan/asan_malloc_linux.cpp:52:3
    #1 0x5ab0e0 in xmlFreeNodeList /src/libxml2/tree.c:3636:6
    #2 0x5bf7fb in xmlSetNsProp /src/libxml2/tree.c:6883:6
    #3 0x5c5e94 in xmlSetProp /src/libxml2/tree.c
    #4 0x4f5c6f in LLVMFuzzerTestOneInput /src/libxml2/fuzz/api.c:1957:24
    #5 0x5007ed in ExecuteFilesOnyByOne /src/aflplusplus/utils/aflpp_driver/aflpp_driver.c:255:7

DEDUP_TOKEN: free--xmlFreeNodeList--xmlSetNsProp
previously allocated by thread T0 here:
    #0 0x49f9d6 in __interceptor_malloc /src/llvm-project/compiler-rt/lib/asan/asan_malloc_linux.cpp:69:3
    #1 0x4fe45d in xmlFuzzMalloc /src/libxml2/fuzz/fuzz.c:81:12
    #2 0x5adb1f in xmlNewText /src/libxml2/tree.c:2275:24
    #3 0x5adb1f in xmlNewDocText /src/libxml2/tree.c:2495:11
    #4 0x5adb1f in xmlNewPropInternal /src/libxml2/tree.c:1689:25
    #5 0x5bf685 in xmlSetNsProp /src/libxml2/tree.c:6909:12
    #6 0x5c5e94 in xmlSetProp /src/libxml2/tree.c
    #7 0x4f5c6f in LLVMFuzzerTestOneInput /src/libxml2/fuzz/api.c:1957:24
    #8 0x5007ed in ExecuteFilesOnyByOne /src/aflplusplus/utils/aflpp_driver/aflpp_driver.c:255:7

DEDUP_TOKEN: __interceptor_malloc--xmlFuzzMalloc--xmlNewText
SUMMARY: AddressSanitizer: heap-use-after-free /src/libxml2/fuzz/api.c:603:17 in nodeGetTree
Shadow bytes around the buggy address:
  0x0c187fff8000: fa fa fa fa fa fa fa fa 00 00 00 00 00 00 00 00
  0x0c187fff8010: 00 00 00 00 00 00 00 fa fa fa fa fa fa fa fa fa
  0x0c187fff8020: 00 00 00 00 00 00 00 00 00 00 00 00 00 00 00 fa
  0x0c187fff8030: fa fa fa fa fa fa fa fa 00 00 00 00 00 00 00 00
  0x0c187fff8040: 00 00 00 00 00 00 00 fa fa fa fa fa fa fa fa fa
=>0x0c187fff8050: fd fd fd fd fd[fd]fd fd fd fd fd fd fd fd fd fa
  0x0c187fff8060: fa fa fa fa fa fa fa fa 00 00 00 00 00 00 00 00
  0x0c187fff8070: 00 00 00 00 00 00 00 fa fa fa fa fa fa fa fa fa
  0x0c187fff8080: fa fa fa fa fa fa fa fa fa fa fa fa fa fa fa fa
  0x0c187fff8090: fa fa fa fa fa fa fa fa fa fa fa fa fa fa fa fa
  0x0c187fff80a0: fa fa fa fa fa fa fa fa fa fa fa fa fa fa fa fa
Shadow byte legend (one shadow byte represents 8 application bytes):
  Addressable:           00
  Partially addressable: 01 02 03 04 05 06 07 
  Heap left redzone:       fa
  Freed heap region:       fd
  Stack left redzone:      f1
  Stack mid redzone:       f2
  Stack right redzone:     f3
  Stack after return:      f5
  Stack use after scope:   f8
  Global redzone:          f9
  Global init order:       f6
  Poisoned by user:        f7
  Container overflow:      fc
  Array cookie:            ac
  Intra object redzone:    bb
  ASan internal:           fe
  Left alloca redzone:     ca
  Right alloca redzone:    cb
==7==ABORTING
