Unable to find image 'n132/arvo:67791-vul' locally
67791-vul: Pulling from n132/arvo
7608715873ec: Already exists
e58219a0fcda: Pulling fs layer
1d2a317d9391: Pulling fs layer
80135338b3d9: Pulling fs layer
9ce9f8f0d355: Pulling fs layer
40a15a09239a: Pulling fs layer
477b6eb7bd7b: Pulling fs layer
74e493b1aa20: Pulling fs layer
7c5ff0585d73: Pulling fs layer
9ce9f8f0d355: Waiting
40a15a09239a: Waiting
31461b2c49af: Pulling fs layer
74e493b1aa20: Waiting
477b6eb7bd7b: Waiting
320b528a7a44: Pulling fs layer
e58219a0fcda: Waiting
1d2a317d9391: Waiting
b7dd1a5450a7: Pulling fs layer
31461b2c49af: Waiting
80135338b3d9: Waiting
320b528a7a44: Waiting
f32d2afdd2be: Pulling fs layer
b7dd1a5450a7: Waiting
a970d4e8d32d: Pulling fs layer
f32d2afdd2be: Waiting
160b4238b8ae: Pulling fs layer
c04f5ff8477b: Pulling fs layer
a970d4e8d32d: Waiting
a53717bf7e06: Pulling fs layer
160b4238b8ae: Waiting
21eb0b5fffc3: Pulling fs layer
2a5e0accc092: Pulling fs layer
c04f5ff8477b: Waiting
b11a5b8e766e: Pulling fs layer
7c5ff0585d73: Waiting
21eb0b5fffc3: Waiting
49a6ced00644: Pulling fs layer
b11a5b8e766e: Waiting
5b923e986824: Pulling fs layer
2a5e0accc092: Waiting
49a6ced00644: Waiting
fd8514f60ef9: Pulling fs layer
7db635688510: Pulling fs layer
5b923e986824: Waiting
9bf9d9403d4b: Pulling fs layer
fd8514f60ef9: Waiting
8a7bd37ae54b: Pulling fs layer
7db635688510: Waiting
cb83bbc99d39: Pulling fs layer
9bf9d9403d4b: Waiting
a4212869af56: Pulling fs layer
cb83bbc99d39: Waiting
8a7bd37ae54b: Waiting
68ca89a09360: Pulling fs layer
a4212869af56: Waiting
3cf61e483d03: Pulling fs layer
68ca89a09360: Waiting
45fb716361d4: Pulling fs layer
12ee6035b420: Pulling fs layer
3cf61e483d03: Waiting
dab3b928ba17: Pulling fs layer
8967a375ad09: Pulling fs layer
45fb716361d4: Waiting
17bd90ca63f8: Pulling fs layer
4f4fb700ef54: Pulling fs layer
12ee6035b420: Waiting
10c0e3d77a0d: Pulling fs layer
17bd90ca63f8: Waiting
4f4aa63a3868: Pulling fs layer
10c0e3d77a0d: Waiting
bbf6f5152683: Pulling fs layer
4f4aa63a3868: Waiting
b5db08c3ca0c: Pulling fs layer
bbf6f5152683: Waiting
8967a375ad09: Waiting
d8e541455a36: Pulling fs layer
3acaae86dba2: Pulling fs layer
d8e541455a36: Waiting
3acaae86dba2: Waiting
e58219a0fcda: Download complete
1d2a317d9391: Verifying Checksum
1d2a317d9391: Download complete
e58219a0fcda: Pull complete
1d2a317d9391: Pull complete
80135338b3d9: Download complete
9ce9f8f0d355: Verifying Checksum
9ce9f8f0d355: Download complete
80135338b3d9: Pull complete
40a15a09239a: Verifying Checksum
40a15a09239a: Download complete
9ce9f8f0d355: Pull complete
40a15a09239a: Pull complete
74e493b1aa20: Download complete
7c5ff0585d73: Verifying Checksum
7c5ff0585d73: Download complete
31461b2c49af: Verifying Checksum
31461b2c49af: Download complete
477b6eb7bd7b: Verifying Checksum
477b6eb7bd7b: Download complete
b7dd1a5450a7: Verifying Checksum
b7dd1a5450a7: Download complete
f32d2afdd2be: Verifying Checksum
f32d2afdd2be: Download complete
477b6eb7bd7b: Pull complete
74e493b1aa20: Pull complete
7c5ff0585d73: Pull complete
a970d4e8d32d: Verifying Checksum
a970d4e8d32d: Download complete
160b4238b8ae: Download complete
31461b2c49af: Pull complete
320b528a7a44: Verifying Checksum
320b528a7a44: Download complete
c04f5ff8477b: Verifying Checksum
c04f5ff8477b: Download complete
320b528a7a44: Pull complete
b7dd1a5450a7: Pull complete
f32d2afdd2be: Pull complete
a970d4e8d32d: Pull complete
160b4238b8ae: Pull complete
a53717bf7e06: Verifying Checksum
a53717bf7e06: Download complete
c04f5ff8477b: Pull complete
21eb0b5fffc3: Verifying Checksum
21eb0b5fffc3: Download complete
a53717bf7e06: Pull complete
21eb0b5fffc3: Pull complete
2a5e0accc092: Verifying Checksum
2a5e0accc092: Download complete
b11a5b8e766e: Verifying Checksum
b11a5b8e766e: Download complete
2a5e0accc092: Pull complete
b11a5b8e766e: Pull complete
49a6ced00644: Verifying Checksum
49a6ced00644: Download complete
49a6ced00644: Pull complete
5b923e986824: Verifying Checksum
5b923e986824: Download complete
5b923e986824: Pull complete
fd8514f60ef9: Verifying Checksum
fd8514f60ef9: Download complete
fd8514f60ef9: Pull complete
7db635688510: Verifying Checksum
7db635688510: Download complete
7db635688510: Pull complete
9bf9d9403d4b: Download complete
9bf9d9403d4b: Pull complete
8a7bd37ae54b: Download complete
8a7bd37ae54b: Pull complete
a4212869af56: Verifying Checksum
a4212869af56: Download complete
cb83bbc99d39: Verifying Checksum
cb83bbc99d39: Download complete
cb83bbc99d39: Pull complete
a4212869af56: Pull complete
68ca89a09360: Verifying Checksum
68ca89a09360: Download complete
68ca89a09360: Pull complete
3cf61e483d03: Verifying Checksum
3cf61e483d03: Download complete
3cf61e483d03: Pull complete
12ee6035b420: Verifying Checksum
12ee6035b420: Download complete
45fb716361d4: Verifying Checksum
45fb716361d4: Download complete
dab3b928ba17: Verifying Checksum
dab3b928ba17: Download complete
45fb716361d4: Pull complete
12ee6035b420: Pull complete
17bd90ca63f8: Verifying Checksum
17bd90ca63f8: Download complete
dab3b928ba17: Pull complete
8967a375ad09: Verifying Checksum
8967a375ad09: Download complete
4f4fb700ef54: Verifying Checksum
4f4fb700ef54: Download complete
8967a375ad09: Pull complete
17bd90ca63f8: Pull complete
4f4fb700ef54: Pull complete
4f4aa63a3868: Verifying Checksum
4f4aa63a3868: Download complete
10c0e3d77a0d: Verifying Checksum
10c0e3d77a0d: Download complete
10c0e3d77a0d: Pull complete
4f4aa63a3868: Pull complete
bbf6f5152683: Verifying Checksum
bbf6f5152683: Download complete
b5db08c3ca0c: Verifying Checksum
b5db08c3ca0c: Download complete
bbf6f5152683: Pull complete
b5db08c3ca0c: Pull complete
3acaae86dba2: Verifying Checksum
3acaae86dba2: Download complete
d8e541455a36: Verifying Checksum
d8e541455a36: Download complete
d8e541455a36: Pull complete
3acaae86dba2: Pull complete
Digest: sha256:f4565a8ab7be473b89ea764912a72aaa5617cf8a9bd6a14b799c8539db714c0d
Status: Downloaded newer image for n132/arvo:67791-vul
