INFO: Seed: 2568872269
INFO: Loaded 1 modules   (74411 inline 8-bit counters): 74411 [0x1353f08, 0x13661b3), 
INFO: Loaded 1 PC tables (74411 PCs): 74411 [0x13661b8,0x1488c68), 
/out/coder_PTIF_fuzzer: Running 1 inputs 1 time(s) each.
Running: /tmp/poc
=================================================================
==7==ERROR: AddressSanitizer: attempting double-free on 0x631000000800 in thread T0:
SCARINESS: 42 (double-free)
    #0 0x4eabd8 in __interceptor_cfree.localalias.1 /src/llvm/projects/compiler-rt/lib/asan/asan_malloc_linux.cc:86
    #1 0x5af315 in Magick::BlobRef::~BlobRef() /src/graphicsmagick/Magick++/lib/BlobRef.cpp:47:7
    #2 0x5ae1cb in Magick::Blob::~Blob() /src/graphicsmagick/Magick++/lib/Blob.cpp:55:7
    #3 0x52a71c in LLVMFuzzerTestOneInput /src/graphicsmagick/fuzzing/coder_fuzzer.cc:33:1
    #4 0x5540dc in fuzzer::Fuzzer::ExecuteCallback(unsigned char const*, unsigned long) /src/libfuzzer/FuzzerLoop.cpp:520:13
    #5 0x52b6da in fuzzer::RunOneTest(fuzzer::Fuzzer*, char const*, unsigned long) /src/libfuzzer/FuzzerDriver.cpp:280:6
    #6 0x536f2b in fuzzer::FuzzerDriver(int*, char***, int (*)(unsigned char const*, unsigned long)) /src/libfuzzer/FuzzerDriver.cpp:701:9
    #7 0x52ad7c in main /src/libfuzzer/FuzzerMain.cpp:20:10
    #8 0x7afd946bf83f in __libc_start_main (/lib/x86_64-linux-gnu/libc.so.6+0x2083f)
    #9 0x41dd88 in _start (/out/coder_PTIF_fuzzer+0x41dd88)

DEDUP_TOKEN: __interceptor_cfree.localalias.1--Magick::BlobRef::~BlobRef()--Magick::Blob::~Blob()
0x631000000800 is located 0 bytes inside of 65535-byte region [0x631000000800,0x6310000107ff)
freed by thread T0 here:
    #0 0x4eb1fe in realloc /src/llvm/projects/compiler-rt/lib/asan/asan_malloc_linux.cc:117
    #1 0x707d4a in MagickRealloc /src/graphicsmagick/magick/memory.c:494:18
    #2 0x60cd22 in ExtendBlobWriteStream /src/graphicsmagick/magick/blob.c:326:7
    #3 0x60aa29 in WriteBlobStream /src/graphicsmagick/magick/blob.c:353:15
    #4 0x60a3bb in WriteBlob /src/graphicsmagick/magick/blob.c:4999:13
    #5 0xb11793 in TIFFClientOpen /src/libtiff/libtiff/tif_open.c:315:8
    #6 0x96b0ff in WriteTIFFImage /src/graphicsmagick/coders/tiff.c:4061:8
    #7 0x9731a7 in WritePTIFImage /src/graphicsmagick/coders/tiff.c:3809:10
    #8 0x649f56 in WriteImage /src/graphicsmagick/magick/constitute.c:2230:14
    #9 0x6022a9 in ImageToBlob /src/graphicsmagick/magick/blob.c:2232:14
    #10 0x5c208d in Magick::Image::write(Magick::Blob*, std::__1::basic_string<char, std::__1::char_traits<char>, std::__1::allocator<char> > const&) /src/graphicsmagick/Magick++/lib/Image.cpp:2143:16
    #11 0x52a70d in LLVMFuzzerTestOneInput /src/graphicsmagick/fuzzing/coder_fuzzer.cc:28:15
    #12 0x5540dc in fuzzer::Fuzzer::ExecuteCallback(unsigned char const*, unsigned long) /src/libfuzzer/FuzzerLoop.cpp:520:13
    #13 0x52b6da in fuzzer::RunOneTest(fuzzer::Fuzzer*, char const*, unsigned long) /src/libfuzzer/FuzzerDriver.cpp:280:6
    #14 0x536f2b in fuzzer::FuzzerDriver(int*, char***, int (*)(unsigned char const*, unsigned long)) /src/libfuzzer/FuzzerDriver.cpp:701:9
    #15 0x52ad7c in main /src/libfuzzer/FuzzerMain.cpp:20:10
    #16 0x7afd946bf83f in __libc_start_main (/lib/x86_64-linux-gnu/libc.so.6+0x2083f)

DEDUP_TOKEN: realloc--MagickRealloc--ExtendBlobWriteStream
previously allocated by thread T0 here:
    #0 0x4eada7 in malloc /src/llvm/projects/compiler-rt/lib/asan/asan_malloc_linux.cc:98
    #1 0x6021e7 in ImageToBlob /src/graphicsmagick/magick/blob.c:2214:24
    #2 0x5c208d in Magick::Image::write(Magick::Blob*, std::__1::basic_string<char, std::__1::char_traits<char>, std::__1::allocator<char> > const&) /src/graphicsmagick/Magick++/lib/Image.cpp:2143:16
    #3 0x52a70d in LLVMFuzzerTestOneInput /src/graphicsmagick/fuzzing/coder_fuzzer.cc:28:15
    #4 0x5540dc in fuzzer::Fuzzer::ExecuteCallback(unsigned char const*, unsigned long) /src/libfuzzer/FuzzerLoop.cpp:520:13
    #5 0x52b6da in fuzzer::RunOneTest(fuzzer::Fuzzer*, char const*, unsigned long) /src/libfuzzer/FuzzerDriver.cpp:280:6
    #6 0x536f2b in fuzzer::FuzzerDriver(int*, char***, int (*)(unsigned char const*, unsigned long)) /src/libfuzzer/FuzzerDriver.cpp:701:9
    #7 0x52ad7c in main /src/libfuzzer/FuzzerMain.cpp:20:10
    #8 0x7afd946bf83f in __libc_start_main (/lib/x86_64-linux-gnu/libc.so.6+0x2083f)

DEDUP_TOKEN: malloc--ImageToBlob--Magick::Image::write(Magick::Blob*, std::__1::basic_string<char, std::__1::char_traits<char>, std::__1::allocator<char> > const&)
SUMMARY: AddressSanitizer: double-free /src/llvm/projects/compiler-rt/lib/asan/asan_malloc_linux.cc:86 in __interceptor_cfree.localalias.1
==7==ABORTING
