Unable to find image 'n132/arvo:8384-vul' locally
8384-vul: Pulling from n132/arvo
297061f60c36: Already exists
e9ccef17b516: Already exists
dbc33716854d: Already exists
8fe36b178d25: Already exists
686596545a94: Already exists
972ee6324645: Pulling fs layer
f0afc270ead2: Pulling fs layer
718f813aadd2: Pulling fs layer
a1841e490cb8: Pulling fs layer
88032168e6f9: Pulling fs layer
fc387bfdbc63: Pulling fs layer
feea3fcab3d3: Pulling fs layer
38bbcf53d8d0: Pulling fs layer
1b2ef6253c4f: Pulling fs layer
b0ac2a6d5b29: Pulling fs layer
d6a93c1c9df5: Pulling fs layer
60083224e67c: Pulling fs layer
2001c9500431: Pulling fs layer
bebf217fd9a1: Pulling fs layer
7838c74d687a: Pulling fs layer
d2af8883bce5: Pulling fs layer
761e80ae4d5c: Pulling fs layer
230098a3fde6: Pulling fs layer
4efe62295dee: Pulling fs layer
d08d81418be8: Pulling fs layer
72ebd5640081: Pulling fs layer
e9550b9a2ac9: Pulling fs layer
102cb354fc9d: Pulling fs layer
55b56b6520e4: Pulling fs layer
97adb0efe487: Pulling fs layer
186818bc7bb4: Pulling fs layer
33ea0f07308a: Pulling fs layer
e30629af8e64: Pulling fs layer
1a5fd7a4eff3: Pulling fs layer
a15256b9181b: Pulling fs layer
25c7ac9bdd73: Pulling fs layer
4c4e26b4251c: Pulling fs layer
603146437109: Pulling fs layer
4f4fb700ef54: Pulling fs layer
857e8cef3544: Pulling fs layer
f42568aa5142: Pulling fs layer
842ed80be512: Pulling fs layer
4f4fb700ef54: Waiting
857e8cef3544: Waiting
f42568aa5142: Waiting
603146437109: Waiting
d6a93c1c9df5: Verifying Checksum
d6a93c1c9df5: Download complete
718f813aadd2: Verifying Checksum
718f813aadd2: Download complete
f0afc270ead2: Verifying Checksum
f0afc270ead2: Download complete
a15256b9181b: Verifying Checksum
a15256b9181b: Download complete
2001c9500431: Verifying Checksum
2001c9500431: Download complete
e9550b9a2ac9: Verifying Checksum
e9550b9a2ac9: Download complete
88032168e6f9: Verifying Checksum
88032168e6f9: Download complete
186818bc7bb4: Verifying Checksum
186818bc7bb4: Download complete
d08d81418be8: Verifying Checksum
d08d81418be8: Download complete
e30629af8e64: Verifying Checksum
e30629af8e64: Download complete
38bbcf53d8d0: Verifying Checksum
38bbcf53d8d0: Download complete
feea3fcab3d3: Verifying Checksum
feea3fcab3d3: Download complete
230098a3fde6: Verifying Checksum
230098a3fde6: Download complete
102cb354fc9d: Verifying Checksum
102cb354fc9d: Download complete
603146437109: Verifying Checksum
603146437109: Download complete
4f4fb700ef54: Verifying Checksum
4f4fb700ef54: Download complete
842ed80be512: Verifying Checksum
842ed80be512: Download complete
72ebd5640081: Verifying Checksum
72ebd5640081: Download complete
55b56b6520e4: Verifying Checksum
55b56b6520e4: Download complete
4c4e26b4251c: Verifying Checksum
4c4e26b4251c: Download complete
857e8cef3544: Verifying Checksum
857e8cef3544: Download complete
97adb0efe487: Verifying Checksum
97adb0efe487: Download complete
761e80ae4d5c: Verifying Checksum
761e80ae4d5c: Download complete
b0ac2a6d5b29: Verifying Checksum
fc387bfdbc63: Verifying Checksum
fc387bfdbc63: Download complete
4efe62295dee: Verifying Checksum
4efe62295dee: Download complete
d2af8883bce5: Verifying Checksum
d2af8883bce5: Download complete
bebf217fd9a1: Verifying Checksum
bebf217fd9a1: Download complete
60083224e67c: Verifying Checksum
60083224e67c: Download complete
33ea0f07308a: Verifying Checksum
33ea0f07308a: Download complete
1a5fd7a4eff3: Verifying Checksum
1a5fd7a4eff3: Download complete
972ee6324645: Download complete
972ee6324645: Pull complete
f0afc270ead2: Pull complete
718f813aadd2: Pull complete
1b2ef6253c4f: Verifying Checksum
1b2ef6253c4f: Download complete
25c7ac9bdd73: Verifying Checksum
25c7ac9bdd73: Download complete
7838c74d687a: Verifying Checksum
7838c74d687a: Download complete
a1841e490cb8: Verifying Checksum
a1841e490cb8: Download complete
a1841e490cb8: Pull complete
88032168e6f9: Pull complete
fc387bfdbc63: Pull complete
feea3fcab3d3: Pull complete
38bbcf53d8d0: Pull complete
1b2ef6253c4f: Pull complete
b0ac2a6d5b29: Pull complete
d6a93c1c9df5: Pull complete
60083224e67c: Pull complete
2001c9500431: Pull complete
bebf217fd9a1: Pull complete
7838c74d687a: Pull complete
f42568aa5142: Verifying Checksum
f42568aa5142: Download complete
d2af8883bce5: Pull complete
761e80ae4d5c: Pull complete
230098a3fde6: Pull complete
4efe62295dee: Pull complete
d08d81418be8: Pull complete
72ebd5640081: Pull complete
e9550b9a2ac9: Pull complete
102cb354fc9d: Pull complete
55b56b6520e4: Pull complete
97adb0efe487: Pull complete
186818bc7bb4: Pull complete
33ea0f07308a: Pull complete
e30629af8e64: Pull complete
1a5fd7a4eff3: Pull complete
a15256b9181b: Pull complete
25c7ac9bdd73: Pull complete
4c4e26b4251c: Pull complete
603146437109: Pull complete
4f4fb700ef54: Pull complete
857e8cef3544: Pull complete
f42568aa5142: Pull complete
842ed80be512: Pull complete
Digest: sha256:cd1e1957c8ff74f3672bc08f8330f441c1b06f7063860076896f5b08121c5647
Status: Downloaded newer image for n132/arvo:8384-vul
