Unable to find image 'n132/arvo:8596-vul' locally
8596-vul: Pulling from n132/arvo
297061f60c36: Already exists
e9ccef17b516: Already exists
dbc33716854d: Already exists
8fe36b178d25: Already exists
686596545a94: Already exists
1524b83a9ffb: Already exists
a57a1981f1c3: Already exists
869af9d797ab: Already exists
a5ca79036aa0: Already exists
569aee00a013: Already exists
62366290f4a0: Already exists
9981975630fc: Already exists
b0f8b1fd03a7: Already exists
0347aff43da0: Already exists
b8dc3dc7a501: Already exists
7a52e4a0d59b: Already exists
2ec4cd1e71a1: Pulling fs layer
a20c1d7b1333: Pulling fs layer
521c6d58b669: Pulling fs layer
0b0fd625c575: Pulling fs layer
21b15a8a93cd: Pulling fs layer
38a6a0dc4b05: Pulling fs layer
7982a2313ec3: Pulling fs layer
a51a074559ef: Pulling fs layer
b5e2ae9a67be: Pulling fs layer
432510f6d4eb: Pulling fs layer
586413f899fd: Pulling fs layer
749a984f249f: Pulling fs layer
04a2bcbb1e76: Pulling fs layer
8b315dd83b48: Pulling fs layer
40e68d5589e5: Pulling fs layer
26caad112b41: Pulling fs layer
eb2a2cf200f7: Pulling fs layer
de213036ee17: Pulling fs layer
d65e249babf7: Pulling fs layer
e25fed150f30: Pulling fs layer
cf8c297c46c7: Pulling fs layer
fc857e9b4997: Pulling fs layer
4f4fb700ef54: Pulling fs layer
d9b145d8965f: Pulling fs layer
8f842386f72e: Pulling fs layer
9e94b3ccf79c: Pulling fs layer
4f4fb700ef54: Verifying Checksum
4f4fb700ef54: Download complete
d9b145d8965f: Download complete
fc857e9b4997: Verifying Checksum
fc857e9b4997: Download complete
9e94b3ccf79c: Verifying Checksum
9e94b3ccf79c: Download complete
04a2bcbb1e76: Verifying Checksum
04a2bcbb1e76: Download complete
586413f899fd: Verifying Checksum
586413f899fd: Download complete
eb2a2cf200f7: Verifying Checksum
a20c1d7b1333: Verifying Checksum
a20c1d7b1333: Download complete
40e68d5589e5: Verifying Checksum
40e68d5589e5: Download complete
d65e249babf7: Verifying Checksum
d65e249babf7: Download complete
7982a2313ec3: Download complete
749a984f249f: Verifying Checksum
749a984f249f: Download complete
432510f6d4eb: Verifying Checksum
432510f6d4eb: Download complete
b5e2ae9a67be: Download complete
cf8c297c46c7: Verifying Checksum
cf8c297c46c7: Download complete
8b315dd83b48: Verifying Checksum
38a6a0dc4b05: Verifying Checksum
38a6a0dc4b05: Download complete
a51a074559ef: Verifying Checksum
a51a074559ef: Download complete
21b15a8a93cd: Verifying Checksum
21b15a8a93cd: Download complete
521c6d58b669: Verifying Checksum
521c6d58b669: Download complete
de213036ee17: Verifying Checksum
de213036ee17: Download complete
26caad112b41: Verifying Checksum
26caad112b41: Download complete
e25fed150f30: Verifying Checksum
e25fed150f30: Download complete
2ec4cd1e71a1: Verifying Checksum
2ec4cd1e71a1: Download complete
2ec4cd1e71a1: Pull complete
a20c1d7b1333: Pull complete
521c6d58b669: Pull complete
0b0fd625c575: Verifying Checksum
0b0fd625c575: Download complete
0b0fd625c575: Pull complete
21b15a8a93cd: Pull complete
38a6a0dc4b05: Pull complete
7982a2313ec3: Pull complete
a51a074559ef: Pull complete
b5e2ae9a67be: Pull complete
432510f6d4eb: Pull complete
586413f899fd: Pull complete
749a984f249f: Pull complete
04a2bcbb1e76: Pull complete
8b315dd83b48: Pull complete
40e68d5589e5: Pull complete
26caad112b41: Pull complete
eb2a2cf200f7: Pull complete
de213036ee17: Pull complete
d65e249babf7: Pull complete
e25fed150f30: Pull complete
cf8c297c46c7: Pull complete
fc857e9b4997: Pull complete
4f4fb700ef54: Pull complete
d9b145d8965f: Pull complete
8f842386f72e: Verifying Checksum
8f842386f72e: Download complete
8f842386f72e: Pull complete
9e94b3ccf79c: Pull complete
Digest: sha256:92d6ddcb947bc5346e567d904548a587545c20b9193b79ccb2ab59988c93e000
Status: Downloaded newer image for n132/arvo:8596-vul
