INFO: Seed: 3179794057
INFO: Loaded 1 modules   (72039 inline 8-bit counters): 72039 [0x127f800, 0x1291167), 
INFO: Loaded 1 PC tables (72039 PCs): 72039 [0x1291168,0x13aa7d8), 
/out/av1_dec_fuzzer_threaded: Running 1 inputs 1 time(s) each.
Running: /tmp/poc
/src/aom/av1/common/seg_common.h:65:27: runtime error: index -2 out of bounds for type 'unsigned int const[8]'
    #0 0x48ef57 in segfeature_active /src/aom/av1/common/seg_common.h:65:27
    #1 0x48ef57 in read_skip /src/aom/av1/decoder/decodemv.c:439
    #2 0x48ef57 in read_intra_frame_mode_info /src/aom/av1/decoder/decodemv.c:738
    #3 0x48ef57 in av1_read_mode_info /src/aom/av1/decoder/decodemv.c:1585
    #4 0x47c9f9 in decode_mbmi_block /src/aom/av1/decoder/decodeframe.c:329:3
    #5 0x47c9f9 in decode_block /src/aom/av1/decoder/decodeframe.c:1279
    #6 0x47be54 in decode_partition /src/aom/av1/decoder/decodeframe.c:1426:7
    #7 0x47bd2b in decode_partition /src/aom/av1/decoder/decodeframe.c:1417:7
    #8 0x47ac94 in decode_tile_sb_row /src/aom/av1/decoder/decodeframe.c:2487:5
    #9 0x47ac94 in decode_tile /src/aom/av1/decoder/decodeframe.c:2533
    #10 0x47a414 in tile_worker_hook /src/aom/av1/decoder/decodeframe.c:2737:5
    #11 0xbe5067 in execute /src/aom/aom_util/aom_thread.c:135:27
    #12 0xbe5067 in thread_loop /src/aom/aom_util/aom_thread.c:44
    #13 0x7cf272ea86b9 in start_thread (/lib/x86_64-linux-gnu/libpthread.so.0+0x76b9)
    #14 0x7cf2725bc51c in clone (/lib/x86_64-linux-gnu/libc.so.6+0x10751c)

DEDUP_TOKEN: segfeature_active--read_skip--read_intra_frame_mode_info
SUMMARY: UndefinedBehaviorSanitizer: undefined-behavior /src/aom/av1/common/seg_common.h:65:27 in 
