INFO: Seed: 3180217394
INFO: Loaded 1 modules   (72039 inline 8-bit counters): 72039 [0x127f800, 0x1291167), 
INFO: Loaded 1 PC tables (72039 PCs): 72039 [0x1291168,0x13aa7d8), 
/out/av1_dec_fuzzer_threaded: Running 1 inputs 1 time(s) each.
Running: /tmp/poc
/src/aom/av1/common/txb_common.h:675:29: runtime error: index 255 out of bounds for type 'const uint8_t [22]'
    #0 0x4a27ee in get_txb_ctx /src/aom/av1/common/txb_common.h:675:29
    #1 0x4a27ee in av1_read_coeffs_txb_facade /src/aom/av1/decoder/decodetxb.c:326
    #2 0x480391 in predict_and_reconstruct_intra_block /src/aom/av1/decoder/decodeframe.c:169:5
    #3 0x480391 in decode_token_and_recon_block /src/aom/av1/decoder/decodeframe.c:1061
    #4 0x480391 in decode_block /src/aom/av1/decoder/decodeframe.c:1317
    #5 0x47bca0 in decode_partition /src/aom/av1/decoder/decodeframe.c:1411:7
    #6 0x47ac94 in decode_tile_sb_row /src/aom/av1/decoder/decodeframe.c:2487:5
    #7 0x47ac94 in decode_tile /src/aom/av1/decoder/decodeframe.c:2533
    #8 0x47a414 in tile_worker_hook /src/aom/av1/decoder/decodeframe.c:2737:5
    #9 0xbe5067 in execute /src/aom/aom_util/aom_thread.c:135:27
    #10 0xbe5067 in thread_loop /src/aom/aom_util/aom_thread.c:44
    #11 0x7e27d0bb26b9 in start_thread (/lib/x86_64-linux-gnu/libpthread.so.0+0x76b9)
    #12 0x7e27d02c651c in clone (/lib/x86_64-linux-gnu/libc.so.6+0x10751c)

DEDUP_TOKEN: get_txb_ctx--av1_read_coeffs_txb_facade--predict_and_reconstruct_intra_block
SUMMARY: UndefinedBehaviorSanitizer: undefined-behavior /src/aom/av1/common/txb_common.h:675:29 in 
/src/aom/av1/common/txb_common.h:675: runtime error: index 255 out of bounds for type 'const uint8_t [22]'
