INFO: Seed: 3180770450
INFO: Loaded 1 modules   (72039 inline 8-bit counters): 72039 [0x127f800, 0x1291167), 
INFO: Loaded 1 PC tables (72039 PCs): 72039 [0x1291168,0x13aa7d8), 
/out/av1_dec_fuzzer_threaded: Running 1 inputs 1 time(s) each.
Running: /tmp/poc
/src/aom/av1/common/blockd.h:900:25: runtime error: index 255 out of bounds for type 'const TX_SIZE [22]'
    #0 0x4816a8 in av1_get_max_uv_txsize /src/aom/av1/common/blockd.h:900:25
    #1 0x4816a8 in av1_get_tx_size /src/aom/av1/common/blockd.h:909
    #2 0x4816a8 in decode_token_and_recon_block /src/aom/av1/decoder/decodeframe.c:1048
    #3 0x4816a8 in decode_block /src/aom/av1/decoder/decodeframe.c:1317
    #4 0x47bb85 in decode_partition /src/aom/av1/decoder/decodeframe.c:1451:9
    #5 0x47bd46 in decode_partition /src/aom/av1/decoder/decodeframe.c:1418:7
    #6 0x47bd14 in decode_partition /src/aom/av1/decoder/decodeframe.c:1416:7
    #7 0x47ac94 in decode_tile_sb_row /src/aom/av1/decoder/decodeframe.c:2487:5
    #8 0x47ac94 in decode_tile /src/aom/av1/decoder/decodeframe.c:2533
    #9 0x47a414 in tile_worker_hook /src/aom/av1/decoder/decodeframe.c:2737:5
    #10 0xbe4e5d in execute /src/aom/aom_util/aom_thread.c:135:27
    #11 0x4779a7 in decode_tiles_mt /src/aom/av1/decoder/decodeframe.c
    #12 0x4779a7 in av1_decode_tg_tiles_and_wrapup /src/aom/av1/decoder/decodeframe.c:4279
    #13 0x4a489b in read_one_tile_group_obu /src/aom/av1/decoder/obu.c:350:3
    #14 0x4a489b in aom_decode_frame_from_obus /src/aom/av1/decoder/obu.c:754
    #15 0x49cb1e in av1_receive_compressed_data /src/aom/av1/decoder/decoder.c:382:7
    #16 0x4692bd in frame_worker_hook /src/aom/av1/av1_dx_iface.c:332:31
    #17 0xbe4e5d in execute /src/aom/aom_util/aom_thread.c:135:27
    #18 0x466593 in decode_one /src/aom/av1/av1_dx_iface.c:489:3
    #19 0x466593 in decoder_decode /src/aom/av1/av1_dx_iface.c:554
    #20 0x461ff6 in aom_codec_decode /src/aom/aom/src/aom_decoder.c:111:11
    #21 0x4614d2 in LLVMFuzzerTestOneInput /src/av1_dec_fuzzer.cc:52:33
    #22 0x443f60 in fuzzer::Fuzzer::ExecuteCallback(unsigned char const*, unsigned long) /src/libfuzzer/FuzzerLoop.cpp:526:13
    #23 0x43624c in fuzzer::RunOneTest(fuzzer::Fuzzer*, char const*, unsigned long) /src/libfuzzer/FuzzerDriver.cpp:280:6
    #24 0x4399f7 in fuzzer::FuzzerDriver(int*, char***, int (*)(unsigned char const*, unsigned long)) /src/libfuzzer/FuzzerDriver.cpp:707:9
    #25 0x435f58 in main /src/libfuzzer/FuzzerMain.cpp:20:10
    #26 0x754550aab83f in __libc_start_main (/lib/x86_64-linux-gnu/libc.so.6+0x2083f)
    #27 0x40c058 in _start (/out/av1_dec_fuzzer_threaded+0x40c058)

DEDUP_TOKEN: av1_get_max_uv_txsize--av1_get_tx_size--decode_token_and_recon_block
SUMMARY: UndefinedBehaviorSanitizer: undefined-behavior /src/aom/av1/common/blockd.h:900:25 in 
