Unable to find image 'n132/arvo:9215-vul' locally
9215-vul: Pulling from n132/arvo
b234f539f7a1: Pulling fs layer
55172d420b43: Pulling fs layer
5ba5bbeb6b91: Pulling fs layer
43ae2841ad7a: Pulling fs layer
f6c9c6de4190: Pulling fs layer
d49443e67845: Pulling fs layer
7e2c44f34f9f: Pulling fs layer
5f864937eccf: Pulling fs layer
13fc28ae2f09: Pulling fs layer
80b59188c768: Pulling fs layer
a6ceaaeea8eb: Pulling fs layer
bf8bfa283570: Pulling fs layer
32a31ab34227: Pulling fs layer
7ae4931d8d86: Pulling fs layer
5988eb7e7b86: Pulling fs layer
52622d5aac62: Pulling fs layer
ac789a5f4243: Pulling fs layer
bbfa04fc04cd: Pulling fs layer
7b510d5eac36: Pulling fs layer
b0e45a3cd1dc: Pulling fs layer
7b35b37346f2: Pulling fs layer
7e2c44f34f9f: Waiting
985b13ca6eac: Pulling fs layer
80b59188c768: Waiting
03a545391bdd: Pulling fs layer
a6ceaaeea8eb: Waiting
f6c9c6de4190: Waiting
eaf3ed1a9ee9: Pulling fs layer
43ae2841ad7a: Waiting
66a9bed3eeb5: Pulling fs layer
bf8bfa283570: Waiting
8529880406df: Pulling fs layer
d49443e67845: Waiting
13fc28ae2f09: Waiting
7c93bd6e4ac8: Pulling fs layer
32a31ab34227: Waiting
7b510d5eac36: Waiting
5f864937eccf: Waiting
b0e45a3cd1dc: Waiting
98efabafdd0d: Pulling fs layer
efe299559443: Pulling fs layer
5988eb7e7b86: Waiting
7ae4931d8d86: Waiting
7b35b37346f2: Waiting
cbd9155f51ec: Pulling fs layer
52622d5aac62: Waiting
ac789a5f4243: Waiting
df83a13fecbc: Pulling fs layer
36f31e6a2ca5: Pulling fs layer
985b13ca6eac: Waiting
98efabafdd0d: Waiting
66a9bed3eeb5: Waiting
92ae4513283c: Pulling fs layer
8529880406df: Waiting
eaf3ed1a9ee9: Waiting
efe299559443: Waiting
314a6b8d4b34: Pulling fs layer
df83a13fecbc: Waiting
cbd9155f51ec: Waiting
36f31e6a2ca5: Waiting
771e5002490e: Pulling fs layer
7c93bd6e4ac8: Waiting
92ae4513283c: Waiting
2006d53f1b77: Pulling fs layer
314a6b8d4b34: Waiting
6b6c7df9731a: Pulling fs layer
771e5002490e: Waiting
ff5f9b700952: Pulling fs layer
1c1b89afc526: Pulling fs layer
6b6c7df9731a: Waiting
fca3b415646f: Pulling fs layer
df60e85f9ec4: Pulling fs layer
c813b1773528: Pulling fs layer
e94cdba062a8: Pulling fs layer
5b997852cd0d: Pulling fs layer
ff5f9b700952: Waiting
1c1b89afc526: Waiting
432bf35a6ffa: Pulling fs layer
62b4b15ca10f: Pulling fs layer
7ee97cd22c6d: Pulling fs layer
5d69692f4c40: Pulling fs layer
1a643ae701a0: Pulling fs layer
b2040dc127c0: Pulling fs layer
27c54bb7fd3b: Pulling fs layer
9061cc38d805: Pulling fs layer
e94cdba062a8: Waiting
5a8e39bb5136: Pulling fs layer
c813b1773528: Waiting
5b997852cd0d: Waiting
fca3b415646f: Waiting
df60e85f9ec4: Waiting
27c54bb7fd3b: Waiting
5d69692f4c40: Waiting
432bf35a6ffa: Waiting
5a8e39bb5136: Waiting
1a643ae701a0: Waiting
9061cc38d805: Waiting
7ee97cd22c6d: Waiting
62b4b15ca10f: Waiting
b2040dc127c0: Waiting
55172d420b43: Verifying Checksum
55172d420b43: Download complete
5ba5bbeb6b91: Verifying Checksum
5ba5bbeb6b91: Download complete
43ae2841ad7a: Verifying Checksum
43ae2841ad7a: Download complete
f6c9c6de4190: Download complete
b234f539f7a1: Verifying Checksum
b234f539f7a1: Download complete
7e2c44f34f9f: Verifying Checksum
7e2c44f34f9f: Download complete
b234f539f7a1: Pull complete
5f864937eccf: Verifying Checksum
5f864937eccf: Download complete
55172d420b43: Pull complete
5ba5bbeb6b91: Pull complete
43ae2841ad7a: Pull complete
f6c9c6de4190: Pull complete
80b59188c768: Verifying Checksum
80b59188c768: Download complete
d49443e67845: Verifying Checksum
d49443e67845: Download complete
d49443e67845: Pull complete
7e2c44f34f9f: Pull complete
5f864937eccf: Pull complete
bf8bfa283570: Verifying Checksum
bf8bfa283570: Download complete
32a31ab34227: Verifying Checksum
32a31ab34227: Download complete
a6ceaaeea8eb: Verifying Checksum
a6ceaaeea8eb: Download complete
5988eb7e7b86: Verifying Checksum
5988eb7e7b86: Download complete
7ae4931d8d86: Verifying Checksum
7ae4931d8d86: Download complete
52622d5aac62: Verifying Checksum
52622d5aac62: Download complete
bbfa04fc04cd: Verifying Checksum
bbfa04fc04cd: Download complete
13fc28ae2f09: Verifying Checksum
13fc28ae2f09: Download complete
ac789a5f4243: Verifying Checksum
ac789a5f4243: Download complete
7b35b37346f2: Verifying Checksum
7b35b37346f2: Download complete
985b13ca6eac: Verifying Checksum
985b13ca6eac: Download complete
03a545391bdd: Verifying Checksum
03a545391bdd: Download complete
13fc28ae2f09: Pull complete
80b59188c768: Pull complete
b0e45a3cd1dc: Verifying Checksum
b0e45a3cd1dc: Download complete
a6ceaaeea8eb: Pull complete
bf8bfa283570: Pull complete
32a31ab34227: Pull complete
eaf3ed1a9ee9: Verifying Checksum
eaf3ed1a9ee9: Download complete
7ae4931d8d86: Pull complete
7b510d5eac36: Verifying Checksum
7b510d5eac36: Download complete
66a9bed3eeb5: Verifying Checksum
66a9bed3eeb5: Download complete
8529880406df: Verifying Checksum
8529880406df: Download complete
7c93bd6e4ac8: Verifying Checksum
7c93bd6e4ac8: Download complete
5988eb7e7b86: Pull complete
52622d5aac62: Pull complete
98efabafdd0d: Verifying Checksum
98efabafdd0d: Download complete
cbd9155f51ec: Verifying Checksum
cbd9155f51ec: Download complete
efe299559443: Download complete
df83a13fecbc: Verifying Checksum
df83a13fecbc: Download complete
ac789a5f4243: Pull complete
314a6b8d4b34: Verifying Checksum
314a6b8d4b34: Download complete
36f31e6a2ca5: Verifying Checksum
36f31e6a2ca5: Download complete
bbfa04fc04cd: Pull complete
92ae4513283c: Verifying Checksum
92ae4513283c: Download complete
2006d53f1b77: Verifying Checksum
2006d53f1b77: Download complete
771e5002490e: Verifying Checksum
771e5002490e: Download complete
ff5f9b700952: Verifying Checksum
ff5f9b700952: Download complete
1c1b89afc526: Verifying Checksum
1c1b89afc526: Download complete
7b510d5eac36: Pull complete
fca3b415646f: Verifying Checksum
fca3b415646f: Download complete
6b6c7df9731a: Verifying Checksum
6b6c7df9731a: Download complete
c813b1773528: Verifying Checksum
c813b1773528: Download complete
b0e45a3cd1dc: Pull complete
5b997852cd0d: Verifying Checksum
5b997852cd0d: Download complete
df60e85f9ec4: Verifying Checksum
df60e85f9ec4: Download complete
7b35b37346f2: Pull complete
985b13ca6eac: Pull complete
03a545391bdd: Pull complete
eaf3ed1a9ee9: Pull complete
e94cdba062a8: Verifying Checksum
e94cdba062a8: Download complete
66a9bed3eeb5: Pull complete
8529880406df: Pull complete
7c93bd6e4ac8: Pull complete
98efabafdd0d: Pull complete
efe299559443: Pull complete
432bf35a6ffa: Verifying Checksum
432bf35a6ffa: Download complete
cbd9155f51ec: Pull complete
62b4b15ca10f: Verifying Checksum
62b4b15ca10f: Download complete
df83a13fecbc: Pull complete
36f31e6a2ca5: Pull complete
92ae4513283c: Pull complete
314a6b8d4b34: Pull complete
771e5002490e: Pull complete
2006d53f1b77: Pull complete
7ee97cd22c6d: Verifying Checksum
7ee97cd22c6d: Download complete
5d69692f4c40: Verifying Checksum
5d69692f4c40: Download complete
6b6c7df9731a: Pull complete
ff5f9b700952: Pull complete
b2040dc127c0: Verifying Checksum
b2040dc127c0: Download complete
1c1b89afc526: Pull complete
fca3b415646f: Pull complete
27c54bb7fd3b: Verifying Checksum
27c54bb7fd3b: Download complete
df60e85f9ec4: Pull complete
c813b1773528: Pull complete
e94cdba062a8: Pull complete
5b997852cd0d: Pull complete
432bf35a6ffa: Pull complete
62b4b15ca10f: Pull complete
7ee97cd22c6d: Pull complete
5d69692f4c40: Pull complete
5a8e39bb5136: Verifying Checksum
5a8e39bb5136: Download complete
1a643ae701a0: Verifying Checksum
1a643ae701a0: Download complete
1a643ae701a0: Pull complete
b2040dc127c0: Pull complete
27c54bb7fd3b: Pull complete
9061cc38d805: Verifying Checksum
9061cc38d805: Download complete
9061cc38d805: Pull complete
5a8e39bb5136: Pull complete
Digest: sha256:043d45ead8d0b7b149d14adb0ab355e125ddbe9cb5e9cd9b22be57d17f92d673
Status: Downloaded newer image for n132/arvo:9215-vul
