INFO: Seed: 2684487507
INFO: Loaded 1 modules   (62530 inline 8-bit counters): 62530 [0x14a85d0, 0x14b7a12), 
INFO: Loaded 1 PC tables (62530 PCs): 62530 [0x108c7e8,0x1180c08), 
/out/ffmpeg_AV_CODEC_ID_LIBVPX_VP8_fuzzer: Running 1 inputs 1 time(s) each.
Running: /tmp/poc
=================================================================
==7==ERROR: AddressSanitizer: heap-use-after-free on address 0x621000002900 at pc 0x0000004ea5cd bp 0x7ffded62d240 sp 0x7ffded62c9f0
READ of size 377 at 0x621000002900 thread T0
SCARINESS: 54 (multi-byte-read-heap-use-after-free)
    #0 0x4ea5cc in __asan_memcpy /src/llvm/projects/compiler-rt/lib/asan/asan_interceptors_memintrinsics.cc:23
    #1 0x534bfe in av_packet_ref /src/ffmpeg/libavcodec/avpacket.c:614:13
    #2 0x536cb0 in avcodec_send_packet /src/ffmpeg/libavcodec/decode.c:662:15
    #3 0x538315 in compat_decode /src/ffmpeg/libavcodec/decode.c:769:15
    #4 0x52f102 in LLVMFuzzerTestOneInput /src/ffmpeg/tools/target_dec_fuzzer.c:244:23
    #5 0xe6f5bc in fuzzer::Fuzzer::ExecuteCallback(unsigned char const*, unsigned long) /src/libfuzzer/FuzzerLoop.cpp:526:13
    #6 0xe4675a in fuzzer::RunOneTest(fuzzer::Fuzzer*, char const*, unsigned long) /src/libfuzzer/FuzzerDriver.cpp:280:6
    #7 0xe51be1 in fuzzer::FuzzerDriver(int*, char***, int (*)(unsigned char const*, unsigned long)) /src/libfuzzer/FuzzerDriver.cpp:707:9
    #8 0xe45dfc in main /src/libfuzzer/FuzzerMain.cpp:20:10
    #9 0x70e69fe2783f in __libc_start_main (/lib/x86_64-linux-gnu/libc.so.6+0x2083f)
    #10 0x41d908 in _start (/out/ffmpeg_AV_CODEC_ID_LIBVPX_VP8_fuzzer+0x41d908)

DEDUP_TOKEN: __asan_memcpy--av_packet_ref--avcodec_send_packet
0x621000002900 is located 0 bytes inside of 4096-byte region [0x621000002900,0x621000003900)
freed by thread T0 here:
    #0 0x4eb5c8 in __interceptor_cfree.localalias.1 /src/llvm/projects/compiler-rt/lib/asan/asan_malloc_linux.cc:109
    #1 0x52ff73 in FDBRealloc /src/ffmpeg/tools/target_dec_fuzzer.c:107:9
    #2 0x52fd6c in FDBPrepare /src/ffmpeg/tools/target_dec_fuzzer.c:118:5
    #3 0x52ec97 in LLVMFuzzerTestOneInput /src/ffmpeg/tools/target_dec_fuzzer.c:215:9
    #4 0xe6f5bc in fuzzer::Fuzzer::ExecuteCallback(unsigned char const*, unsigned long) /src/libfuzzer/FuzzerLoop.cpp:526:13
    #5 0xe4675a in fuzzer::RunOneTest(fuzzer::Fuzzer*, char const*, unsigned long) /src/libfuzzer/FuzzerDriver.cpp:280:6
    #6 0xe51be1 in fuzzer::FuzzerDriver(int*, char***, int (*)(unsigned char const*, unsigned long)) /src/libfuzzer/FuzzerDriver.cpp:707:9
    #7 0xe45dfc in main /src/libfuzzer/FuzzerMain.cpp:20:10
    #8 0x70e69fe2783f in __libc_start_main (/lib/x86_64-linux-gnu/libc.so.6+0x2083f)

DEDUP_TOKEN: __interceptor_cfree.localalias.1--FDBRealloc--FDBPrepare
previously allocated by thread T0 here:
    #0 0x4ec458 in __interceptor_posix_memalign /src/llvm/projects/compiler-rt/lib/asan/asan_malloc_linux.cc:194
    #1 0x914346 in av_malloc /src/ffmpeg/libavutil/mem.c:87:9
    #2 0x52fce1 in FDBCreate /src/ffmpeg/tools/target_dec_fuzzer.c:96:18
    #3 0x52e9c8 in LLVMFuzzerTestOneInput /src/ffmpeg/tools/target_dec_fuzzer.c:197:5
    #4 0xe6f5bc in fuzzer::Fuzzer::ExecuteCallback(unsigned char const*, unsigned long) /src/libfuzzer/FuzzerLoop.cpp:526:13
    #5 0xe4675a in fuzzer::RunOneTest(fuzzer::Fuzzer*, char const*, unsigned long) /src/libfuzzer/FuzzerDriver.cpp:280:6
    #6 0xe51be1 in fuzzer::FuzzerDriver(int*, char***, int (*)(unsigned char const*, unsigned long)) /src/libfuzzer/FuzzerDriver.cpp:707:9
    #7 0xe45dfc in main /src/libfuzzer/FuzzerMain.cpp:20:10
    #8 0x70e69fe2783f in __libc_start_main (/lib/x86_64-linux-gnu/libc.so.6+0x2083f)

DEDUP_TOKEN: __interceptor_posix_memalign--av_malloc--FDBCreate
SUMMARY: AddressSanitizer: heap-use-after-free /src/llvm/projects/compiler-rt/lib/asan/asan_interceptors_memintrinsics.cc:23 in __asan_memcpy
Shadow bytes around the buggy address:
  0x0c427fff84d0: fa fa fa fa fa fa fa fa fa fa fa fa fa fa fa fa
  0x0c427fff84e0: fa fa fa fa fa fa fa fa fa fa fa fa fa fa fa fa
  0x0c427fff84f0: fa fa fa fa fa fa fa fa fa fa fa fa fa fa fa fa
  0x0c427fff8500: fa fa fa fa fa fa fa fa fa fa fa fa fa fa fa fa
  0x0c427fff8510: fa fa fa fa fa fa fa fa fa fa fa fa fa fa fa fa
=>0x0c427fff8520:[fd]fd fd fd fd fd fd fd fd fd fd fd fd fd fd fd
  0x0c427fff8530: fd fd fd fd fd fd fd fd fd fd fd fd fd fd fd fd
  0x0c427fff8540: fd fd fd fd fd fd fd fd fd fd fd fd fd fd fd fd
  0x0c427fff8550: fd fd fd fd fd fd fd fd fd fd fd fd fd fd fd fd
  0x0c427fff8560: fd fd fd fd fd fd fd fd fd fd fd fd fd fd fd fd
  0x0c427fff8570: fd fd fd fd fd fd fd fd fd fd fd fd fd fd fd fd
Shadow byte legend (one shadow byte represents 8 application bytes):
  Addressable:           00
  Partially addressable: 01 02 03 04 05 06 07 
  Heap left redzone:       fa
  Freed heap region:       fd
  Stack left redzone:      f1
  Stack mid redzone:       f2
  Stack right redzone:     f3
  Stack after return:      f5
  Stack use after scope:   f8
  Global redzone:          f9
  Global init order:       f6
  Poisoned by user:        f7
  Container overflow:      fc
  Array cookie:            ac
  Intra object redzone:    bb
  ASan internal:           fe
  Left alloca redzone:     ca
  Right alloca redzone:    cb
  Shadow gap:              cc
==7==ABORTING
